******************************************************************************
                  TI ARM Linker PC v5.0.4                      
******************************************************************************
>> Linked Thu May 23 22:57:48 2013

OUTPUT FILE NAME:   <blank.out>
ENTRY POINT SYMBOL: "_c_int00"  address: 0000419d


MEMORY CONFIGURATION

         name            origin    length      used     unused   attr    fill
----------------------  --------  ---------  --------  --------  ----  --------
  FLASH                 00000000   00040000  00006305  00039cfb  R  X
  SRAM                  20000000   00008000  00002714  000058ec  RW X


SEGMENT ALLOCATION MAP

run origin  load origin   length   init length attrs members
----------  ----------- ---------- ----------- ----- -------
00000000    00000000    00006308   00006308    r-x
  00000000    00000000    00000360   00000360    r-- .resetVecs
  00000360    00000360    0000533c   0000533c    r-x .text
  0000569c    0000569c    000007f9   000007f9    r-- .const
  00005e98    00005e98    00000470   00000470    r-- .cinit
20000000    20000000    000019c5   00000000    rw-
  20000000    20000000    00000360   00000000    rw- .vecs
  20000360    20000360    00001665   00000000    rw- .bss
200019c8    200019c8    00000d50   0000094f    rw-
  200019c8    200019c8    0000094f   0000094f    rw- .data
  20002318    20002318    00000400   00000000    rw- .stack


SECTION ALLOCATION MAP

 output                                  attributes/
section   page    origin      length       input sections
--------  ----  ----------  ----------   ----------------
.bootVecs 
*          0    00000000    00000008     DSECT
                  00000000    00000008     boot.aem4f : boot.oem4f (.bootVecs)

.resetVecs 
*          0    00000000    00000360     
                  00000000    00000360     app_pem4f.oem4f (.resetVecs)

xdc.meta   0    00000000    000000de     COPY SECTION
                  00000000    000000de     app_pem4f.oem4f (xdc.meta)

xdc.noload 
*          0    00000000    000011ce     COPY SECTION
                  00000000    000011ce     app_pem4f.oem4f (xdc.noload)

.init_array 
*          0    00000000    00000000     UNINITIALIZED

.text      0    00000360    0000533c     
                  00000360    00000424     sysbios.aem4f : BIOS.obj (.text:ti_sysbios_family_arm_m3_Hwi_excDumpRegs__I)
                  00000784    00000414     st7565.obj (.text)
                  00000b98    00000344     ti.targets.arm.rtsarm.aem4f : System.oem4f (.text:xdc_runtime_System_doPrint__I)
                  00000edc    00000314     Graphics_Bmp.obj (.text)
                  000011f0    000002e4     rtsv7M4_T_le_v4SPD16_eabi.lib : trgdrv.obj (.text)
                  000014d4    000001dc     sysbios.aem4f : BIOS.obj (.text:ti_sysbios_family_arm_m3_Hwi_excHandlerMax__I)
                  000016b0    000001d8     driverlib-cm4f.lib : sysctl.obj (.text:SysCtlClockGet)
                  00001888    000001b0     sysbios.aem4f : BIOS.obj (.text:ti_sysbios_knl_Task_sleep__E)
                  00001a38    000001a4     buttons.obj (.text)
                  00001bdc    00000194     main.obj (.text)
                  00001d70    00000168     sysbios.aem4f : BIOS.obj (.text:ti_sysbios_family_arm_m3_Hwi_excBusFault__I)
                  00001ed8    00000154                   : BIOS.obj (.text:ti_sysbios_family_arm_m3_Hwi_excUsageFault__I)
                  0000202c    00000140                   : BIOS.obj (.text:ti_sysbios_family_arm_m3_Hwi_excMemFault__I)
                  0000216c    0000013c     ti.targets.arm.rtsarm.aem4f : Error.oem4f (.text:xdc_runtime_Error_raiseX__F)
                  000022a8    00000138     Boot.aem4f : Boot_sysctl.oem4f (.text:ti_catalog_arm_cortexm4_tiva_ce_Boot_sysCtlClockSetI__I)
                  000023e0    00000134     sysbios.aem4f : m3_Hwi_asm.obj (.text:ti_sysbios_family_arm_m3_Hwi_dispatch__I)
                  00002514    0000012c     ti.targets.arm.rtsarm.aem4f : LoggerBuf.oem4f (.text:xdc_runtime_LoggerBuf_write8__F)
                  00002640    00000128     sysbios.aem4f : BIOS.obj (.text:ti_sysbios_family_arm_lm4_TimestampProvider_get64__E)
                  00002768    00000114                   : BIOS.obj (.text:ti_sysbios_family_arm_lm4_Timer_initDevice__I)
                  0000287c    00000104     ti.targets.arm.rtsarm.aem4f : Core-mem.oem4f (.text:xdc_runtime_Core_createObject__I)
                  00002980    000000fc     sysbios.aem4f : BIOS.obj (.text:ti_sysbios_family_arm_lm4_Timer_start__E)
                  00002a7c    000000f8     ti.targets.arm.rtsarm.aem4f : Startup.oem4f (.text:xdc_runtime_Startup_startMods__I)
                  00002b74    000000f8     app_pem4f.oem4f (.text:xdc_runtime_System_printfExtend__I)
                  00002c6c    000000ec     rtsv7M4_T_le_v4SPD16_eabi.lib : dtor_list.obj (.text)
                  00002d58    000000dc     sysbios.aem4f : BIOS.obj (.text:ti_sysbios_family_arm_m3_Hwi_initNVIC__E)
                  00002e34    000000dc                   : BIOS.obj (.text:ti_sysbios_knl_Task_postInit__I)
                  00002f10    000000d8     Clock.obj (.text)
                  00002fe8    000000d4     ti.targets.arm.rtsarm.aem4f : LoggerBuf.oem4f (.text:xdc_runtime_LoggerBuf_write4__F)
                  000030bc    000000c8     driverlib-cm4f.lib : gpio.obj (.text:GPIOPadConfigSet)
                  00003184    000000b4     sysbios.aem4f : BIOS.obj (.text:ti_sysbios_family_arm_m3_Hwi_excHardFault__I)
                  00003238    000000b4                   : BIOS.obj (.text:ti_sysbios_knl_Task_checkStacks__E)
                  000032ec    000000b0                   : BIOS.obj (.text:ti_sysbios_family_arm_m3_Hwi_excDebugMon__I)
                  0000339c    000000ac                   : BIOS.obj (.text:ti_sysbios_knl_Swi_schedule__I)
                  00003448    000000a4                   : BIOS.obj (.text:ti_sysbios_family_arm_m3_Hwi_Module_startup__F)
                  000034ec    000000a0     auto_init.aem4f : auto_init.oem4f (.text)
                  0000358c    0000009c     rtsv7M4_T_le_v4SPD16_eabi.lib : memcpy_t2.obj (.text)
                  00003628    0000009a     ti.targets.arm.rtsarm.aem4f : Text.oem4f (.text:xdc_runtime_Text_putSite__F)
                  000036c2    00000002     sysbios.aem4f : BIOS.obj (.text:ti_sysbios_BIOS_nullFunc__I)
                  000036c4    00000094     Boot.aem4f : Boot.oem4f (.text:ti_catalog_arm_cortexm4_tiva_ce_Boot_sysCtlClockSet__E)
                  00003758    00000094     ti.targets.arm.rtsarm.aem4f : Text.oem4f (.text:xdc_runtime_Text_putMod__F)
                  000037ec    00000090     sysbios.aem4f : BIOS.obj (.text:ti_sysbios_knl_Task_exit__E)
                  0000387c    00000090                   : BIOS.obj (.text:ti_sysbios_knl_Task_startCore__E)
                  0000390c    0000008c                   : m3_TaskSupport_asm.obj (.text:_ti_sysbios_family_arm_m3_TaskSupport_buildTaskStack)
                  00003998    0000008c     ti.targets.arm.rtsarm.aem4f : HeapMin.oem4f (.text:xdc_runtime_HeapMin_Instance_init__F)
                  00003a24    00000088     sysbios.aem4f : BIOS.obj (.text:ti_sysbios_knl_Task_schedule__I)
                  00003aac    00000084                   : BIOS.obj (.text:ti_sysbios_knl_Task_Module_startup__F)
                  00003b30    00000080     ti.targets.arm.rtsarm.aem4f : LoggerBuf.oem4f (.text:xdc_runtime_LoggerBuf_setFilterLevel__F)
                  00003bb0    00000078     rtsv7M4_T_le_v4SPD16_eabi.lib : memset_t2.obj (.text)
                  00003c28    00000070     ti.targets.arm.rtsarm.aem4f : Memory.oem4f (.text:xdc_runtime_Memory_alloc__F)
                  00003c98    0000006c     sysbios.aem4f : BIOS.obj (.text:ti_sysbios_knl_Clock_workFunc__E)
                  00003d04    0000006c     ti.targets.arm.rtsarm.aem4f : Error.oem4f (.text:xdc_runtime_Error_print__F)
                  00003d70    0000006c                                 : LoggerBuf.oem4f (.text:xdc_runtime_LoggerBuf_getFilterLevel__F)
                  00003ddc    00000066                                 : Core-mem.oem4f (.text:xdc_runtime_Core_deleteObject__I)
                  00003e42    00000002     sysbios.aem4f : BIOS.obj (.text:ti_sysbios_gates_GateHwi_Instance_init__F)
                  00003e44    00000064     driverlib-cm4f.lib : interrupt.obj (.text:IntEnable)
                  00003ea8    00000060     rtsv7M4_T_le_v4SPD16_eabi.lib : trgmsg.obj (.text)
                  00003f08    00000060     sysbios.aem4f : BIOS.obj (.text:ti_sysbios_family_arm_m3_Hwi_dispatchC__I)
                  00003f68    00000060                   : BIOS.obj (.text:ti_sysbios_knl_Swi_run__I)
                  00003fc8    00000060     app_pem4f.oem4f (.text:xdc_runtime_LoggerBuf_Object__create__S)
                  00004028    0000005e     rtsv7M4_T_le_v4SPD16_eabi.lib : copy_decompress_rle.obj (.text)
                  00004086    00000002     sysbios.aem4f : BIOS.obj (.text:ti_sysbios_knl_Clock_logTick__E)
                  00004088    0000005c                   : BIOS.obj (.text:ti_sysbios_family_arm_lm4_Timer_Module_startup__F)
                  000040e4    0000005c                   : BIOS.obj (.text:ti_sysbios_knl_Swi_restoreHwi__E)
                  00004140    0000005b     ti.targets.arm.rtsarm.aem4f : Text.oem4f (.text:xdc_runtime_Text_putLab__F)
                  0000419b    00000001     --HOLE-- [fill = 0]
                  0000419c    00000058     boot.aem4f : boot.oem4f (.text)
                  000041f4    00000058     driverlib-cm4f.lib : sysctl.obj (.text:SysCtlPeripheralEnable)
                  0000424c    00000058     sysbios.aem4f : BIOS.obj (.text:ti_sysbios_knl_Task_unblockI__E)
                  000042a4    00000050     ti.targets.arm.rtsarm.aem4f : Startup.oem4f (.text:xdc_runtime_Startup_exec__F)
                  000042f4    00000050                                 : System.oem4f (.text:xdc_runtime_System_formatNum__I)
                  00004344    00000048     driverlib-cm4f.lib : gpio.obj (.text:GPIOPinConfigure)
                  0000438c    00000048     sysbios.aem4f : BIOS.obj (.text:ti_sysbios_family_arm_m3_Hwi_excReserved__I)
                  000043d4    00000048                   : BIOS.obj (.text:ti_sysbios_knl_Task_allBlockedFunction__I)
                  0000441c    00000048     ti.targets.arm.rtsarm.aem4f : Assert.oem4f (.text:xdc_runtime_Assert_raise__I)
                  00004464    00000048                                 : Core-params.oem4f (.text:xdc_runtime_Core_assignParams__I)
                  000044ac    00000044     driverlib-cm4f.lib : gpio.obj (.text:GPIOIntTypeSet)
                  000044f0    00000044                        : ssi.obj (.text:SSIConfigSetExpClk)
                  00004534    00000044     rtsv7M4_T_le_v4SPD16_eabi.lib : cpy_tbl.obj (.text)
                  00004578    00000044     sysbios.aem4f : BIOS.obj (.text:ti_sysbios_family_arm_lm4_Timer_isrStub__E)
                  000045bc    00000044                   : BIOS.obj (.text:ti_sysbios_family_arm_m3_Hwi_disableInterrupt__E)
                  00004600    00000044                   : BIOS.obj (.text:ti_sysbios_family_arm_m3_Hwi_enableInterrupt__E)
                  00004644    00000044                   : BIOS.obj (.text:ti_sysbios_knl_Swi_post__E)
                  00004688    00000044     ti.targets.arm.rtsarm.aem4f : LoggerBuf.oem4f (.text:xdc_runtime_LoggerBuf_filterOutEvent__I)
                  000046cc    00000044                                 : SysMin.oem4f (.text:xdc_runtime_SysMin_flush__F)
                  00004710    00000040     rtsv7M4_T_le_v4SPD16_eabi.lib : exit.obj (.text)
                  00004750    00000040     sysbios.aem4f : BIOS.obj (.text:ti_sysbios_family_arm_lm4_Timer_startup__E)
                  00004790    00000040                   : BIOS.obj (.text:ti_sysbios_knl_Task_processVitalTaskFlag__I)
                  000047d0    00000040     ti.targets.arm.rtsarm.aem4f : System.oem4f (.text:xdc_runtime_System_atexit__F)
                  00004810    0000003c     sysbios.aem4f : BIOS.obj (.text:ti_sysbios_family_arm_m3_Hwi_excSvCall__I)
                  0000484c    0000003c                   : BIOS.obj (.text:ti_sysbios_knl_Swi_restore__E)
                  00004888    0000003c     ti.targets.arm.rtsarm.aem4f : HeapMin.oem4f (.text:xdc_runtime_HeapMin_alloc__F)
                  000048c4    0000003c                                 : Text.oem4f (.text:xdc_runtime_Text_xprintf__I)
                  00004900    00000038     sysbios.aem4f : BIOS.obj (.text:ti_sysbios_family_arm_m3_Hwi_excNoIsr__I)
                  00004938    00000038                   : BIOS.obj (.text:ti_sysbios_family_arm_m3_Hwi_getStackInfo__E)
                  00004970    00000038                   : BIOS.obj (.text:ti_sysbios_family_arm_m3_TaskSupport_start__E)
                  000049a8    00000038     ti.targets.arm.rtsarm.aem4f : LoggerBuf.oem4f (.text:xdc_runtime_LoggerBuf_Instance_init__F)
                  000049e0    00000038                                 : SysMin.oem4f (.text:xdc_runtime_SysMin_putch__F)
                  00004a18    00000034     sysbios.aem4f : BIOS.obj (.text:ti_sysbios_family_arm_m3_Hwi_excNmi__I)
                  00004a4c    00000034     app_pem4f.oem4f (.text:ti_sysbios_gates_GateHwi_Object__create__S)
                  00004a80    00000034     sysbios.aem4f : BIOS.obj (.text:ti_sysbios_hal_Hwi_checkStack:ti_sysbios_hal_Hwi_checkStack)
                  00004ab4    00000034     app_pem4f.oem4f (.text:xdc_runtime_HeapMin_Object__create__S)
                  00004ae8    00000030     sysbios.aem4f : BIOS.obj (.text:ti_sysbios_BIOS_errorRaiseHook__I)
                  00004b18    00000030     app_pem4f.oem4f (.text:ti_sysbios_BIOS_exitFunc__I)
                  00004b48    00000030     sysbios.aem4f : BIOS.obj (.text:ti_sysbios_family_arm_lm4_Timer_enableTimers__I)
                  00004b78    00000030                   : BIOS.obj (.text:ti_sysbios_family_arm_lm4_Timer_stop__E)
                  00004ba8    00000030                   : BIOS.obj (.text:ti_sysbios_knl_Idle_run__E)
                  00004bd8    00000030     ti.targets.arm.rtsarm.aem4f : Core-label.oem4f (.text:xdc_runtime_Core_assignLabel__I)
                  00004c08    00000030                                 : HeapMin.oem4f (.text:xdc_runtime_HeapMin_free__F)
                  00004c38    00000030                                 : SysMin.oem4f (.text:xdc_runtime_SysMin_abort__F)
                  00004c68    0000002f                                 : Text.oem4f (.text:xdc_runtime_Text_printVisFxn__I)
                  00004c97    00000001     --HOLE-- [fill = 0]
                  00004c98    0000002e     driverlib-cm4f.lib : gpio.obj (.text:GPIODirModeSet)
                  00004cc6    0000002e     app_pem4f.oem4f (.text:malloc)
                  00004cf4    0000002e     sysbios.aem4f : BIOS.obj (.text:ti_sysbios_knl_Task_sleepTimeout__I)
                  00004d22    0000002c                   : BIOS.obj (.text:ti_sysbios_hal_Hwi_initStack:ti_sysbios_hal_Hwi_initStack)
                  00004d4e    00000002     app_pem4f.oem4f (.text:xdc_runtime_Startup_reset__I)
                  00004d50    0000002c     app_pem4f.oem4f (.text:ti_sysbios_knl_Clock_doTick__I)
                  00004d7c    0000002c     sysbios.aem4f : BIOS.obj (.text:ti_sysbios_knl_Task_restore__E)
                  00004da8    0000002c     ti.targets.arm.rtsarm.aem4f : System.oem4f (.text:xdc_runtime_System_rtsExit__I)
                  00004dd4    0000002c                                 : Text.oem4f (.text:xdc_runtime_Text_cordText__F)
                  00004e00    0000002a                                 : System.oem4f (.text:xdc_runtime_System_putchar__I)
                  00004e2a    00000002     --HOLE-- [fill = 0]
                  00004e2c    00000028     driverlib-cm4f.lib : timer.obj (.text:TimerConfigure)
                  00004e54    00000028     sysbios.aem4f : m3_Hwi_asm_switch.obj (.text:_ti_sysbios_family_arm_m3_Hwi_initStacks__E)
                  00004e7c    00000028     ti.targets.arm.rtsarm.aem4f : LoggerBuf.oem4f (.text:xdc_runtime_LoggerBuf_Module_startup__F)
                  00004ea4    00000026                                 : System.oem4f (.text:xdc_runtime_System_avprintf__F)
                  00004eca    00000002     --HOLE-- [fill = 0]
                  00004ecc    00000024     sysbios.aem4f : BIOS.obj (.text:ti_sysbios_knl_Clock_Module_startup__F)
                  00004ef0    00000024                   : BIOS.obj (.text:ti_sysbios_knl_Swi_Module_startup__F)
                  00004f14    00000024                   : BIOS.obj (.text:ti_sysbios_knl_Task_restoreHwi__E)
                  00004f38    00000024     ti.targets.arm.rtsarm.aem4f : System.oem4f (.text:xdc_runtime_System_vprintf__F)
                  00004f5c    00000022     app_pem4f.oem4f (.text:xdc_runtime_SysMin_output__I)
                  00004f7e    00000002     --HOLE-- [fill = 0]
                  00004f80    00000020     sysbios.aem4f : BIOS.obj (.text:ti_sysbios_BIOS_removeRTSLock__I)
                  00004fa0    00000020     app_pem4f.oem4f (.text:ti_sysbios_BIOS_startFunc__I)
                  00004fc0    00000020     app_pem4f.oem4f (.text:ti_sysbios_gates_GateHwi_Object__delete__S)
                  00004fe0    00000020     sysbios.aem4f : BIOS.obj (.text:ti_sysbios_knl_Task_enter__I)
                  00005000    00000020     app_pem4f.oem4f (.text:xdc_runtime_HeapMin_Object__delete__S)
                  00005020    00000020     app_pem4f.oem4f (.text:xdc_runtime_LoggerBuf_Object__delete__S)
                  00005040    00000020     ti.targets.arm.rtsarm.aem4f : LoggerBuf.oem4f (.text:xdc_runtime_LoggerBuf_reset__F)
                  00005060    00000020                                 : Registry.oem4f (.text:xdc_runtime_Registry_findById__F)
                  00005080    00000020                                 : SysMin.oem4f (.text:xdc_runtime_SysMin_Module_startup__F)
                  000050a0    0000001e     sysbios.aem4f : BIOS.obj (.text:ti_sysbios_family_arm_lm4_Timer_write__I)
                  000050be    0000001c                   : BIOS.obj (.text:ti_sysbios_knl_Queue_put__E)
                  000050da    00000002     --HOLE-- [fill = 0]
                  000050dc    0000001c     ti.targets.arm.rtsarm.aem4f : Error.oem4f (.text:xdc_runtime_Error_check__F)
                  000050f8    0000001c                                 : Memory.oem4f (.text:xdc_runtime_Memory_valloc__F)
                  00005114    0000001c                                 : SysMin.oem4f (.text:xdc_runtime_SysMin_exit__F)
                  00005130    0000001a     app_pem4f.oem4f (.text:xdc_runtime_System_aprintf__E)
                  0000514a    0000001a     app_pem4f.oem4f (.text:xdc_runtime_System_printf__E)
                  00005164    00000018     sysbios.aem4f : m3_TaskSupport_asm.obj (.text:_ti_sysbios_family_arm_m3_TaskSupport_swap__E)
                  0000517c    00000018     app_pem4f.oem4f (.text:free)
                  00005194    00000018     rtsv7M4_T_le_v4SPD16_eabi.lib : args_main.obj (.text)
                  000051ac    00000018     app_pem4f.oem4f (.text:ti_sysbios_family_arm_lm4_Timer_Module__startupDone__F)
                  000051c4    00000018     app_pem4f.oem4f (.text:ti_sysbios_family_arm_m3_Hwi_Handle__label__S)
                  000051dc    00000018     app_pem4f.oem4f (.text:ti_sysbios_family_arm_m3_Hwi_Module__startupDone__F)
                  000051f4    00000018     app_pem4f.oem4f (.text:ti_sysbios_gates_GateHwi_Handle__label__S)
                  0000520c    00000018     app_pem4f.oem4f (.text:ti_sysbios_hal_Timer_Module__startupDone__F)
                  00005224    00000018     app_pem4f.oem4f (.text:ti_sysbios_knl_Swi_Handle__label__S)
                  0000523c    00000018     app_pem4f.oem4f (.text:ti_sysbios_knl_Task_Handle__label__S)
                  00005254    00000018     app_pem4f.oem4f (.text:xdc_runtime_HeapMin_Handle__label__S)
                  0000526c    00000018     app_pem4f.oem4f (.text:xdc_runtime_LoggerBuf_Handle__label__S)
                  00005284    00000018     ti.targets.arm.rtsarm.aem4f : Text.oem4f (.text:xdc_runtime_Text_ropeText__F)
                  0000529c    00000014     rtsv7M4_T_le_v4SPD16_eabi.lib : _lock.obj (.text)
                  000052b0    00000014                                   : strlen.obj (.text)
                  000052c4    00000014     sysbios.aem4f : BIOS.obj (.text:ti_sysbios_family_arm_m3_Hwi_switchFromBootStack__E)
                  000052d8    00000014     app_pem4f.oem4f (.text:ti_sysbios_knl_Swi_Object__get__S)
                  000052ec    00000014     ti.targets.arm.rtsarm.aem4f : LoggerBuf.oem4f (.text:xdc_runtime_LoggerBuf_Instance_finalize__F)
                  00005300    00000014     app_pem4f.oem4f (.text:xdc_runtime_LoggerBuf_Object__get__S)
                  00005314    00000014     ti.targets.arm.rtsarm.aem4f : LoggerBuf.oem4f (.text:xdc_runtime_LoggerBuf_write2__F)
                  00005328    00000014                                 : System.oem4f (.text:xdc_runtime_System_abort__F)
                  0000533c    00000012     driverlib-cm4f.lib : gpio.obj (.text:GPIOPinTypeGPIOOutput)
                  0000534e    00000012                        : gpio.obj (.text:GPIOPinTypeSSI)
                  00005360    00000012                        : timer.obj (.text:TimerLoadSet)
                  00005372    00000012     rtsv7M4_T_le_v4SPD16_eabi.lib : copy_zero_init.obj (.text:decompress:ZI)
                  00005384    00000012     sysbios.aem4f : BIOS.obj (.text:ti_sysbios_hal_Hwi_Module_startup__F)
                  00005396    00000012                   : BIOS.obj (.text:ti_sysbios_hal_Timer_Module_startup__F)
                  000053a8    00000012     ti.targets.arm.rtsarm.aem4f : LoggerBuf.oem4f (.text:xdc_runtime_LoggerBuf_write1__F)
                  000053ba    00000012     app_pem4f.oem4f (.text:xdc_runtime_Startup_exec__I)
                  000053cc    00000010     sysbios.aem4f : m3_TaskSupport_asm.obj (.text:_ti_sysbios_family_arm_m3_TaskSupport_glue)
                  000053dc    00000010                   : m3_Hwi_asm_switch.obj (.text:_ti_sysbios_family_xxx_Hwi_switchToIsrStack)
                  000053ec    00000010     rtsv7M4_T_le_v4SPD16_eabi.lib : strcpy.obj (.text)
                  000053fc    00000010     sysbios.aem4f : BIOS.obj (.text:ti_sysbios_BIOS_setThreadType__E)
                  0000540c    00000010                   : BIOS.obj (.text:ti_sysbios_BIOS_start__E)
                  0000541c    00000010                   : BIOS.obj (.text:ti_sysbios_family_arm_lm4_TimestampProvider_rolloverFunc__E)
                  0000542c    00000010                   : BIOS.obj (.text:ti_sysbios_family_arm_m3_Hwi_excHandler__I)
                  0000543c    00000010                   : BIOS.obj (.text:ti_sysbios_knl_Swi_disable__E)
                  0000544c    00000010     app_pem4f.oem4f (.text:ti_sysbios_knl_Task_Object__get__S)
                  0000545c    00000010     sysbios.aem4f : BIOS.obj (.text:ti_sysbios_knl_Task_disable__E)
                  0000546c    00000010     ti.targets.arm.rtsarm.aem4f : Gate.oem4f (.text:xdc_runtime_Gate_leaveSystem__F)
                  0000547c    00000010                                 : LoggerBuf.oem4f (.text:xdc_runtime_LoggerBuf_write0__F)
                  0000548c    00000010                                 : Memory.oem4f (.text:xdc_runtime_Memory_free__F)
                  0000549c    00000010                                 : SysMin.oem4f (.text:xdc_runtime_SysMin_ready__F)
                  000054ac    00000010                                 : System.oem4f (.text:xdc_runtime_System_vsnprintf__F)
                  000054bc    0000000e     driverlib-cm4f.lib : timer.obj (.text:TimerEnable)
                  000054ca    0000000e     rtsv7M4_T_le_v4SPD16_eabi.lib : copy_decompress_none.obj (.text:decompress:none)
                  000054d8    0000000e     sysbios.aem4f : BIOS.obj (.text:ti_sysbios_family_arm_m3_TaskSupport_checkStack__E)
                  000054e6    0000000e                   : BIOS.obj (.text:ti_sysbios_knl_Queue_empty__E)
                  000054f4    0000000c     app_pem4f.oem4f (.text:.bootCodeSection:ti_catalog_arm_cortexm4_tiva_ce_Boot_init__I)
                  00005500    0000000c     driverlib-cm4f.lib : gpio.obj (.text:GPIOPinIntEnable)
                  0000550c    0000000c     sysbios.aem4f : m3_Hwi_asm_switch.obj (.text:_ti_sysbios_family_xxx_Hwi_switchToTaskStack)
                  00005518    0000000c                   : BIOS.obj (.text:ti_sysbios_family_arm_lm4_Timer_masterDisable__I)
                  00005524    0000000c                   : BIOS.obj (.text:ti_sysbios_family_arm_lm4_TimestampProvider_startTimer__E)
                  00005530    0000000c                   : BIOS.obj (.text:ti_sysbios_gates_GateHwi_enter__E)
                  0000553c    0000000c     app_pem4f.oem4f (.text:ti_sysbios_knl_Queue_Object__get__S)
                  00005548    0000000c     ti.targets.arm.rtsarm.aem4f : Error.oem4f (.text:xdc_runtime_Error_init__F)
                  00005554    0000000c                                 : Gate.oem4f (.text:xdc_runtime_Gate_enterSystem__F)
                  00005560    0000000c                                 : HeapMin.oem4f (.text:xdc_runtime_HeapMin_getStats__F)
                  0000556c    0000000c                                 : Memory.oem4f (.text:xdc_runtime_Memory_calloc__F)
                  00005578    0000000c                                 : Memory.oem4f (.text:xdc_runtime_Memory_getMaxDefaultTypeAlign__F)
                  00005584    0000000c                                 : System.oem4f (.text:xdc_runtime_System_exit__F)
                  00005590    0000000c                                 : System.oem4f (.text:xdc_runtime_System_lastFxn__I)
                  0000559c    0000000a     driverlib-cm4f.lib : gpio.obj (.text:GPIOPinWrite)
                  000055a6    0000000a                        : ssi.obj (.text:SSIDataPut)
                  000055b0    0000000a                        : ssi.obj (.text:SSIEnable)
                  000055ba    0000000a     app_pem4f.oem4f (.text:xdc_runtime_IHeap_alloc)
                  000055c4    0000000a     app_pem4f.oem4f (.text:xdc_runtime_IHeap_free)
                  000055ce    0000000a     ti.targets.arm.rtsarm.aem4f : LoggerBuf.oem4f (.text:xdc_runtime_LoggerBuf_disable__F)
                  000055d8    0000000a                                 : LoggerBuf.oem4f (.text:xdc_runtime_LoggerBuf_enable__F)
                  000055e2    00000008     driverlib-cm4f.lib : ssi.obj (.text:SSIBusy)
                  000055ea    00000008                        : timer.obj (.text:TimerIntEnable)
                  000055f2    00000008     sysbios.aem4f : BIOS.obj (.text:ti_sysbios_family_arm_m3_Hwi_doSwiRestore__I)
                  000055fa    00000008                   : BIOS.obj (.text:ti_sysbios_family_arm_m3_Hwi_startup__E)
                  00005602    00000008                   : BIOS.obj (.text:ti_sysbios_knl_Idle_loop__E)
                  0000560a    00000008     app_pem4f.oem4f (.text:xdc_runtime_Text_visitRope__I)
                  00005612    00000006     driverlib-cm4f.lib : gpio.obj (.text:GPIOPinIntClear)
                  00005618    00000006     ti.targets.arm.rtsarm.aem4f : xdc_noinit.oem4f (.text:__xdc__init)
                  0000561e    00000006     rtsv7M4_T_le_v4SPD16_eabi.lib : copy_decompress_rle.obj (.text:decompress:rle24)
                  00005624    00000006     Boot.aem4f : Boot_sysctl.oem4f (.text:ti_catalog_arm_cortexm4_tiva_ce_Boot_sysCtlDelayI__I)
                  0000562a    00000006     sysbios.aem4f : BIOS.obj (.text:ti_sysbios_family_arm_lm4_TimestampProvider_Module_startup__F)
                  00005630    00000006                   : BIOS.obj (.text:ti_sysbios_family_arm_m3_Hwi_doTaskRestore__I)
                  00005636    00000006                   : BIOS.obj (.text:ti_sysbios_gates_GateHwi_leave__E)
                  0000563c    00000006                   : BIOS.obj (.text:ti_sysbios_knl_Swi_startup__E)
                  00005642    00000006     ti.targets.arm.rtsarm.aem4f : System.oem4f (.text:xdc_runtime_System_Module_startup__F)
                  00005648    00000004     driverlib-cm4f.lib : timer.obj (.text:TimerIntClear)
                  0000564c    00000004     sysbios.aem4f : BIOS.obj (.text:ti_sysbios_family_arm_lm4_Timer_getPeriod__E)
                  00005650    00000004                   : BIOS.obj (.text:ti_sysbios_family_arm_lm4_Timer_masterEnable__I)
                  00005654    00000004     app_pem4f.oem4f (.text:ti_sysbios_family_arm_m3_TaskSupport_Module__startupDone__S)
                  00005658    00000004     sysbios.aem4f : BIOS.obj (.text:ti_sysbios_gates_GateHwi_query__F)
                  0000565c    00000004     app_pem4f.oem4f (.text:ti_sysbios_hal_Hwi_HwiProxy_Module__startupDone__S)
                  00005660    00000004     app_pem4f.oem4f (.text:ti_sysbios_hal_Timer_TimerProxy_Module__startupDone__S)
                  00005664    00000004     app_pem4f.oem4f (.text:ti_sysbios_hal_Timer_TimerProxy_getPeriod__E)
                  00005668    00000004     app_pem4f.oem4f (.text:ti_sysbios_knl_Task_SupportProxy_Module__startupDone__S)
                  0000566c    00000004     sysbios.aem4f : BIOS.obj (.text:ti_sysbios_knl_Task_startup__E)
                  00005670    00000004     ti.targets.arm.rtsarm.aem4f : Error.oem4f (.text:xdc_runtime_Error_getSite__F)
                  00005674    00000004                                 : HeapMin.oem4f (.text:xdc_runtime_HeapMin_isBlocking__F)
                  00005678    00000004     app_pem4f.oem4f (.text:xdc_runtime_LoggerBuf_Module_GateProxy_enter__E)
                  0000567c    00000004     app_pem4f.oem4f (.text:xdc_runtime_LoggerBuf_Module_GateProxy_leave__E)
                  00005680    00000004     app_pem4f.oem4f (.text:xdc_runtime_Memory_HeapProxy_alloc__E)
                  00005684    00000004     app_pem4f.oem4f (.text:xdc_runtime_Memory_HeapProxy_free__E)
                  00005688    00000004     app_pem4f.oem4f (.text:xdc_runtime_System_Module_GateProxy_enter__E)
                  0000568c    00000004     app_pem4f.oem4f (.text:xdc_runtime_System_Module_GateProxy_leave__E)
                  00005690    00000004     ti.targets.arm.rtsarm.aem4f : System.oem4f (.text:xdc_runtime_System_aprintf_va__F)
                  00005694    00000004                                 : System.oem4f (.text:xdc_runtime_System_printf_va__F)
                  00005698    00000004     app_pem4f.oem4f (.text:xdc_runtime_System_vsnprintf__E)

.const     0    0000569c    000007f9     
                  0000569c    000001b6     Font.obj (.const:.string:MyFont)
                  00005852    00000002     --HOLE-- [fill = 0]
                  00005854    000000d8     app_pem4f.oem4f (.const:ti_sysbios_family_arm_m3_Hwi_priorities__A)
                  0000592c    00000078     driverlib-cm4f.lib : gpio.obj (.const:g_pulGPIOBaseAddrs)
                  000059a4    00000070                        : interrupt.obj (.const)
                  00005a14    0000006c                        : sysctl.obj (.const:g_pulXtals)
                  00005a80    00000048     app_pem4f.oem4f (.const:.string)
                  00005ac8    00000040     driverlib-cm4f.lib : sysctl.obj (.const)
                  00005b08    0000003c     app_pem4f.oem4f (.const:xdc_runtime_LoggerBuf_Module__FXNS__C)
                  00005b44    0000002c     app_pem4f.oem4f (.const:xdc_runtime_Startup_sfxnTab__A)
                  00005b70    00000028     app_pem4f.oem4f (.const:xdc_runtime_HeapMin_Module__FXNS__C)
                  00005b98    00000024     app_pem4f.oem4f (.const:ti_sysbios_gates_GateHwi_Module__FXNS__C)
                  00005bbc    00000024     app_pem4f.oem4f (.const:xdc_runtime_LoggerBuf_Object__PARAMS__C)
                  00005be0    00000020     app_pem4f.oem4f (.const:ti_sysbios_gates_GateHwi_Object__DESC__C)
                  00005c00    00000020     app_pem4f.oem4f (.const:xdc_runtime_HeapMin_Object__DESC__C)
                  00005c20    00000020     app_pem4f.oem4f (.const:xdc_runtime_HeapMin_Object__PARAMS__C)
                  00005c40    00000020     app_pem4f.oem4f (.const:xdc_runtime_LoggerBuf_Object__DESC__C)
                  00005c60    00000018     app_pem4f.oem4f (.const:ti_sysbios_gates_GateHwi_Object__PARAMS__C)
                  00005c78    00000018     app_pem4f.oem4f (.const:ti_sysbios_knl_Task_hooks__A)
                  00005c90    00000016     app_pem4f.oem4f (.const:xdc_runtime_Startup_sfxnRts__A)
                  00005ca6    00000002     --HOLE-- [fill = 0]
                  00005ca8    00000011     ti.targets.arm.rtsarm.aem4f : System.oem4f (.const)
                  00005cb9    00000003     --HOLE-- [fill = 0]
                  00005cbc    00000010     app_pem4f.oem4f (.const:xdc_runtime_Startup_firstFxns__A)
                  00005ccc    00000008     app_pem4f.oem4f (.const:ti_sysbios_family_arm_m3_Hwi_excHookFuncs__A)
                  00005cd4    00000008     app_pem4f.oem4f (.const:ti_sysbios_knl_Idle_coreList__C)
                  00005cdc    00000008     app_pem4f.oem4f (.const:ti_sysbios_knl_Idle_funcList__C)
                  00005ce4    00000008     app_pem4f.oem4f (.const:ti_sysbios_knl_Task_hooks__C)
                  00005cec    00000008     app_pem4f.oem4f (.const:xdc_runtime_Startup_firstFxns__C)
                  00005cf4    00000008     app_pem4f.oem4f (.const:xdc_runtime_Startup_lastFxns__A)
                  00005cfc    00000008     app_pem4f.oem4f (.const:xdc_runtime_Startup_lastFxns__C)
                  00005d04    00000004     app_pem4f.oem4f (.const:ti_catalog_arm_cortexm4_tiva_ce_Boot_A_mustUseEnhancedClockMode__C)
                  00005d08    00000004     app_pem4f.oem4f (.const:ti_catalog_arm_cortexm4_tiva_ce_Boot_Module__diagsEnabled__C)
                  00005d0c    00000004     app_pem4f.oem4f (.const:ti_catalog_arm_cortexm4_tiva_ce_Boot_Module__diagsIncluded__C)
                  00005d10    00000004     app_pem4f.oem4f (.const:ti_catalog_arm_cortexm4_tiva_ce_Boot_Module__diagsMask__C)
                  00005d14    00000004     app_pem4f.oem4f (.const:ti_sysbios_BIOS_installedErrorHook__C)
                  00005d18    00000004     app_pem4f.oem4f (.const:ti_sysbios_family_arm_lm4_Timer_numTimerDevices__C)
                  00005d1c    00000004     app_pem4f.oem4f (.const:ti_sysbios_family_arm_lm4_Timer_startupNeeded__C)
                  00005d20    00000004     app_pem4f.oem4f (.const:ti_sysbios_family_arm_m3_Hwi_E_NMI__C)
                  00005d24    00000004     app_pem4f.oem4f (.const:ti_sysbios_family_arm_m3_Hwi_E_busFault__C)
                  00005d28    00000004     app_pem4f.oem4f (.const:ti_sysbios_family_arm_m3_Hwi_E_debugMon__C)
                  00005d2c    00000004     app_pem4f.oem4f (.const:ti_sysbios_family_arm_m3_Hwi_E_hardFault__C)
                  00005d30    00000004     app_pem4f.oem4f (.const:ti_sysbios_family_arm_m3_Hwi_E_memFault__C)
                  00005d34    00000004     app_pem4f.oem4f (.const:ti_sysbios_family_arm_m3_Hwi_E_noIsr__C)
                  00005d38    00000004     app_pem4f.oem4f (.const:ti_sysbios_family_arm_m3_Hwi_E_reserved__C)
                  00005d3c    00000004     app_pem4f.oem4f (.const:ti_sysbios_family_arm_m3_Hwi_E_svCall__C)
                  00005d40    00000004     app_pem4f.oem4f (.const:ti_sysbios_family_arm_m3_Hwi_E_usageFault__C)
                  00005d44    00000004     app_pem4f.oem4f (.const:ti_sysbios_family_arm_m3_Hwi_NUM_INTERRUPTS__C)
                  00005d48    00000004     app_pem4f.oem4f (.const:ti_sysbios_family_arm_m3_Hwi_ccr__C)
                  00005d4c    00000004     app_pem4f.oem4f (.const:ti_sysbios_family_arm_m3_Hwi_dispatchTable__C)
                  00005d50    00000004     app_pem4f.oem4f (.const:ti_sysbios_family_arm_m3_Hwi_excHandlerFunc__C)
                  00005d54    00000004     app_pem4f.oem4f (.const:ti_sysbios_family_arm_m3_Hwi_excHookFuncs__C)
                  00005d58    00000004     app_pem4f.oem4f (.const:ti_sysbios_family_arm_m3_Hwi_priGroup__C)
                  00005d5c    00000004     app_pem4f.oem4f (.const:ti_sysbios_family_arm_m3_Hwi_priorities__C)
                  00005d60    00000004     app_pem4f.oem4f (.const:ti_sysbios_hal_Hwi_E_stackOverflow__C)
                  00005d64    00000004     app_pem4f.oem4f (.const:ti_sysbios_knl_Clock_Module_State_clockQ__O)
                  00005d68    00000004     app_pem4f.oem4f (.const:ti_sysbios_knl_Idle_coreList__A)
                  00005d6c    00000004     app_pem4f.oem4f (.const:ti_sysbios_knl_Idle_funcList__A)
                  00005d70    00000004     app_pem4f.oem4f (.const:ti_sysbios_knl_Swi_Object__count__C)
                  00005d74    00000004     app_pem4f.oem4f (.const:ti_sysbios_knl_Task_A_badTimeout__C)
                  00005d78    00000004     app_pem4f.oem4f (.const:ti_sysbios_knl_Task_A_sleepTaskDisabled__C)
                  00005d7c    00000004     app_pem4f.oem4f (.const:ti_sysbios_knl_Task_E_spOutOfBounds__C)
                  00005d80    00000004     app_pem4f.oem4f (.const:ti_sysbios_knl_Task_E_stackOverflow__C)
                  00005d84    00000004     app_pem4f.oem4f (.const:ti_sysbios_knl_Task_Module_State_inactiveQ__O)
                  00005d88    00000004     app_pem4f.oem4f (.const:ti_sysbios_knl_Task_Module__diagsEnabled__C)
                  00005d8c    00000004     app_pem4f.oem4f (.const:ti_sysbios_knl_Task_Module__diagsIncluded__C)
                  00005d90    00000004     app_pem4f.oem4f (.const:ti_sysbios_knl_Task_Module__diagsMask__C)
                  00005d94    00000004     app_pem4f.oem4f (.const:ti_sysbios_knl_Task_Object__count__C)
                  00005d98    00000004     app_pem4f.oem4f (.const:ti_sysbios_knl_Task_allBlockedFunc__C)
                  00005d9c    00000004     app_pem4f.oem4f (.const:ti_sysbios_knl_Task_numConstructedTasks__C)
                  00005da0    00000004     app_pem4f.oem4f (.const:xdc_runtime_Assert_E_assertFailed__C)
                  00005da4    00000004     app_pem4f.oem4f (.const:xdc_runtime_Core_A_initializedParams__C)
                  00005da8    00000004     app_pem4f.oem4f (.const:xdc_runtime_Core_Module__diagsEnabled__C)
                  00005dac    00000004     app_pem4f.oem4f (.const:xdc_runtime_Core_Module__diagsIncluded__C)
                  00005db0    00000004     app_pem4f.oem4f (.const:xdc_runtime_Core_Module__diagsMask__C)
                  00005db4    00000004     app_pem4f.oem4f (.const:xdc_runtime_Error_E_memory__C)
                  00005db8    00000004     app_pem4f.oem4f (.const:xdc_runtime_Error_Module__diagsEnabled__C)
                  00005dbc    00000004     app_pem4f.oem4f (.const:xdc_runtime_Error_Module__diagsIncluded__C)
                  00005dc0    00000004     app_pem4f.oem4f (.const:xdc_runtime_Error_Module__diagsMask__C)
                  00005dc4    00000004     app_pem4f.oem4f (.const:xdc_runtime_Error_Module__loggerFxn8__C)
                  00005dc8    00000004     app_pem4f.oem4f (.const:xdc_runtime_Error_Module__loggerObj__C)
                  00005dcc    00000004     app_pem4f.oem4f (.const:xdc_runtime_Error_raiseHook__C)
                  00005dd0    00000004     app_pem4f.oem4f (.const:xdc_runtime_HeapMin_A_zeroSize__C)
                  00005dd4    00000004     app_pem4f.oem4f (.const:xdc_runtime_HeapMin_E_freeError__C)
                  00005dd8    00000004     app_pem4f.oem4f (.const:xdc_runtime_HeapMin_Module__diagsEnabled__C)
                  00005ddc    00000004     app_pem4f.oem4f (.const:xdc_runtime_HeapMin_Module__diagsIncluded__C)
                  00005de0    00000004     app_pem4f.oem4f (.const:xdc_runtime_HeapMin_Module__diagsMask__C)
                  00005de4    00000004     app_pem4f.oem4f (.const:xdc_runtime_IFilterLogger_Interface__BASE__C)
                  00005de8    00000004     app_pem4f.oem4f (.const:xdc_runtime_IGateProvider_Interface__BASE__C)
                  00005dec    00000004     app_pem4f.oem4f (.const:xdc_runtime_IHeap_Interface__BASE__C)
                  00005df0    00000004     app_pem4f.oem4f (.const:xdc_runtime_ILogger_Interface__BASE__C)
                  00005df4    00000004     app_pem4f.oem4f (.const:xdc_runtime_IModule_Interface__BASE__C)
                  00005df8    00000004     app_pem4f.oem4f (.const:xdc_runtime_Log_L_error__C)
                  00005dfc    00000004     app_pem4f.oem4f (.const:xdc_runtime_LoggerBuf_E_badLevel__C)
                  00005e00    00000004     app_pem4f.oem4f (.const:xdc_runtime_LoggerBuf_Module__gateObj__C)
                  00005e04    00000004     app_pem4f.oem4f (.const:xdc_runtime_LoggerBuf_Object__count__C)
                  00005e08    00000004     app_pem4f.oem4f (.const:xdc_runtime_LoggerBuf_statusLogger__C)
                  00005e0c    00000004     app_pem4f.oem4f (.const:xdc_runtime_Memory_defaultHeapInstance__C)
                  00005e10    00000004     app_pem4f.oem4f (.const:xdc_runtime_Startup_execImpl__C)
                  00005e14    00000004     app_pem4f.oem4f (.const:xdc_runtime_Startup_maxPasses__C)
                  00005e18    00000004     app_pem4f.oem4f (.const:xdc_runtime_Startup_sfxnRts__C)
                  00005e1c    00000004     app_pem4f.oem4f (.const:xdc_runtime_Startup_sfxnTab__C)
                  00005e20    00000004     app_pem4f.oem4f (.const:xdc_runtime_SysMin_bufSize__C)
                  00005e24    00000004     app_pem4f.oem4f (.const:xdc_runtime_SysMin_outputFunc__C)
                  00005e28    00000004     app_pem4f.oem4f (.const:xdc_runtime_System_Module__gateObj__C)
                  00005e2c    00000004     app_pem4f.oem4f (.const:xdc_runtime_System_extendFxn__C)
                  00005e30    00000004     app_pem4f.oem4f (.const:xdc_runtime_System_maxAtexitHandlers__C)
                  00005e34    00000004     app_pem4f.oem4f (.const:xdc_runtime_Text_charTab__C)
                  00005e38    00000004     app_pem4f.oem4f (.const:xdc_runtime_Text_nameEmpty__C)
                  00005e3c    00000004     app_pem4f.oem4f (.const:xdc_runtime_Text_nameStatic__C)
                  00005e40    00000004     app_pem4f.oem4f (.const:xdc_runtime_Text_nameUnknown__C)
                  00005e44    00000004     app_pem4f.oem4f (.const:xdc_runtime_Text_visitRopeFxn__C)
                  00005e48    00000002     app_pem4f.oem4f (.const:ti_catalog_arm_cortexm4_tiva_ce_Boot_Module__id__C)
                  00005e4a    00000002     --HOLE-- [fill = 0]
                  00005e4c    00000002     app_pem4f.oem4f (.const:ti_sysbios_family_arm_lm4_TimestampProvider_useClockTimer__C)
                  00005e4e    00000002     --HOLE-- [fill = 0]
                  00005e50    00000002     app_pem4f.oem4f (.const:ti_sysbios_family_arm_m3_Hwi_Module__id__C)
                  00005e52    00000002     --HOLE-- [fill = 0]
                  00005e54    00000002     app_pem4f.oem4f (.const:ti_sysbios_hal_Hwi_Module__id__C)
                  00005e56    00000002     --HOLE-- [fill = 0]
                  00005e58    00000002     app_pem4f.oem4f (.const:ti_sysbios_knl_Task_Module__id__C)
                  00005e5a    00000002     --HOLE-- [fill = 0]
                  00005e5c    00000002     app_pem4f.oem4f (.const:ti_sysbios_knl_Task_initStackFlag__C)
                  00005e5e    00000002     --HOLE-- [fill = 0]
                  00005e60    00000002     app_pem4f.oem4f (.const:xdc_runtime_Core_Module__id__C)
                  00005e62    00000002     --HOLE-- [fill = 0]
                  00005e64    00000002     app_pem4f.oem4f (.const:xdc_runtime_Error_Module__loggerDefined__C)
                  00005e66    00000002     --HOLE-- [fill = 0]
                  00005e68    00000002     app_pem4f.oem4f (.const:xdc_runtime_Error_maxDepth__C)
                  00005e6a    00000002     --HOLE-- [fill = 0]
                  00005e6c    00000002     app_pem4f.oem4f (.const:xdc_runtime_HeapMin_Module__id__C)
                  00005e6e    00000002     --HOLE-- [fill = 0]
                  00005e70    00000002     app_pem4f.oem4f (.const:xdc_runtime_HeapMin_freeError__C)
                  00005e72    00000002     --HOLE-- [fill = 0]
                  00005e74    00000002     app_pem4f.oem4f (.const:xdc_runtime_LoggerBuf_Module__id__C)
                  00005e76    00000002     --HOLE-- [fill = 0]
                  00005e78    00000002     app_pem4f.oem4f (.const:xdc_runtime_LoggerBuf_filterByLevel__C)
                  00005e7a    00000002     --HOLE-- [fill = 0]
                  00005e7c    00000002     app_pem4f.oem4f (.const:xdc_runtime_Memory_Module__id__C)
                  00005e7e    00000002     --HOLE-- [fill = 0]
                  00005e80    00000002     app_pem4f.oem4f (.const:xdc_runtime_SysMin_flushAtExit__C)
                  00005e82    00000002     --HOLE-- [fill = 0]
                  00005e84    00000002     app_pem4f.oem4f (.const:xdc_runtime_Text_charCnt__C)
                  00005e86    00000002     --HOLE-- [fill = 0]
                  00005e88    00000002     app_pem4f.oem4f (.const:xdc_runtime_Text_isLoaded__C)
                  00005e8a    00000002     --HOLE-- [fill = 0]
                  00005e8c    00000002     app_pem4f.oem4f (.const:xdc_runtime_Text_registryModsLastId__C)
                  00005e8e    00000002     --HOLE-- [fill = 0]
                  00005e90    00000002     app_pem4f.oem4f (.const:xdc_runtime_Text_unnamedModsLastId__C)
                  00005e92    00000002     --HOLE-- [fill = 0]
                  00005e94    00000001     app_pem4f.oem4f (.const:xdc_runtime_Error_policy__C)

.cinit     0    00005e98    00000470     
                  00005e98    0000043c     (.cinit..data.load) [load image, compression = rle]
                  000062d4    0000000c     (__TI_handler_table)
                  000062e0    00000008     (.cinit..bss.load) [load image, compression = zero_init]
                  000062e8    00000008     (.cinit..vecs.load) [load image, compression = zero_init]
                  000062f0    00000018     (__TI_cinit_table)

.vecs      0    20000000    00000360     UNINITIALIZED
                  20000000    00000360     app_pem4f.oem4f (.vecs)

.bss       0    20000360    00001665     UNINITIALIZED
                  20000360    00001000     app_pem4f.oem4f (.bss:taskStackSection)
                  20001360    00000400     st7565.obj (.bss:glcd_buffer)
                  20001760    00000120     rtsv7M4_T_le_v4SPD16_eabi.lib : trgmsg.obj (.bss:__CIOBUF_)
                  20001880    00000080     app_pem4f.oem4f (.bss:xdc_runtime_LoggerBuf_Instance_State_0_entryArr__A)
                  20001900    00000080     app_pem4f.oem4f (.bss:xdc_runtime_SysMin_Module_State_0_outbuf__A)
                  20001980    00000030     app_pem4f.oem4f (.bss)
                  200019b0    0000000c     Graphics_Bmp.obj (.bss)
                  200019bc    00000008     rtsv7M4_T_le_v4SPD16_eabi.lib : trgdrv.obj (.bss)
                  200019c4    00000001     st7565.obj (.bss)

.data      0    200019c8    0000094f     
                  200019c8    00000360     app_pem4f.oem4f (.data:ti_sysbios_family_arm_m3_Hwi_Module_State_0_dispatchTable__A)
                  20001d28    00000160     app_pem4f.oem4f (.data)
                  20001e88    00000130     app_pem4f.oem4f (.data:ti_sysbios_knl_Task_Object__table__V)
                  20001fb8    00000080     app_pem4f.oem4f (.data:ti_sysbios_knl_Swi_Module_State_0_readyQ__A)
                  20002038    00000080     app_pem4f.oem4f (.data:ti_sysbios_knl_Task_Module_State_0_readyQ__A)
                  200020b8    00000070     app_pem4f.oem4f (.data:ti_sysbios_family_arm_lm4_Timer_Object__table__V)
                  20002128    00000060     app_pem4f.oem4f (.data:ti_sysbios_family_arm_m3_Hwi_Object__table__V)
                  20002188    00000054     app_pem4f.oem4f (.data:ti_sysbios_family_arm_m3_Hwi_Module__state__V)
                  200021dc    00000044     app_pem4f.oem4f (.data:ti_sysbios_knl_Task_Module__state__V)
                  20002220    00000030     app_pem4f.oem4f (.data:ti_sysbios_family_arm_lm4_Timer_Module_State_0_device__A)
                  20002250    00000030     app_pem4f.oem4f (.data:ti_sysbios_knl_Swi_Object__table__V)
                  20002280    00000028     app_pem4f.oem4f (.data:ti_sysbios_knl_Clock_Module__state__V)
                  200022a8    00000024     st7565.obj (.data)
                  200022cc    00000024     app_pem4f.oem4f (.data:xdc_runtime_LoggerBuf_Object__table__V)
                  200022f0    00000008     rtsv7M4_T_le_v4SPD16_eabi.lib : _lock.obj (.data)
                  200022f8    00000008                                   : exit.obj (.data)
                  20002300    00000006     buttons.obj (.data)
                  20002306    00000002     --HOLE--
                  20002308    00000004     rtsv7M4_T_le_v4SPD16_eabi.lib : dtor_list.obj (.data)
                  2000230c    00000004                                   : stkdepth_vars.obj (.data)
                  20002310    00000003     Clock.obj (.data)
                  20002313    00000001     --HOLE--
                  20002314    00000003     main.obj (.data)

.stack     0    20002318    00000400     UNINITIALIZED
                  20002318    00000400     --HOLE--


LINKER GENERATED COPY TABLES

__TI_cinit_table @ 000062f0 records: 3, size/record: 8, table size: 24
	.data: load addr=00005e98, load size=0000043c bytes, run addr=200019c8, run size=0000094f bytes, compression=rle
	.bss: load addr=000062e0, load size=00000008 bytes, run addr=20000360, run size=00001665 bytes, compression=zero_init
	.vecs: load addr=000062e8, load size=00000008 bytes, run addr=20000000, run size=00000360 bytes, compression=zero_init


LINKER GENERATED HANDLER TABLE

__TI_handler_table @ 000062d4 records: 3, size/record: 4, table size: 12
	index: 0, handler: __TI_zero_init
	index: 1, handler: __TI_decompress_rle24
	index: 2, handler: __TI_decompress_none


GLOBAL SYMBOLS: SORTED ALPHABETICALLY BY Name 

address    name
--------   ----
00001a39   ButtonISR
00001b3f   ButtonTask
00001af1   ButtonsInit
00001a47   ButtonsPoll
00004711   C$$EXIT
00003ed3   C$$IO$$
00002f11   ClockInit
00004c99   GPIODirModeSet
000044ad   GPIOIntTypeSet
000030bd   GPIOPadConfigSet
00004345   GPIOPinConfigure
00005613   GPIOPinIntClear
00005501   GPIOPinIntEnable
0000533d   GPIOPinTypeGPIOOutput
0000534f   GPIOPinTypeSSI
0000559d   GPIOPinWrite
000010cd   GlcdDispTime
00001487   HOSTclock
0000144d   HOSTclose
0000140f   HOSTgetenv
000013b3   HOSTlseek
00001363   HOSTopen
00001315   HOSTread
000012b5   HOSTrename
00001279   HOSTtime
0000123f   HOSTunlink
000011f1   HOSTwrite
00003e45   IntEnable
20002316   LastState
00005041   LoggerBuf_instanceStartup
0000569c   MyFont
UNDEFED    SHT$$INIT_ARRAY$$Base
UNDEFED    SHT$$INIT_ARRAY$$Limit
000055e3   SSIBusy
000044f1   SSIConfigSetExpClk
000055a7   SSIDataPut
000055b1   SSIEnable
20002314   StateInfo
000016b1   SysCtlClockGet
000041f5   SysCtlPeripheralEnable
20001f6c   TSK_idle
00002fa1   TimeGet
20002300   TimeOfDay
00002fb7   TimeSet
00002f51   Timer0IntHandler
00004e2d   TimerConfigure
000054bd   TimerEnable
00005649   TimerIntClear
000055eb   TimerIntEnable
00005361   TimerLoadSet
00001c13   UiTask
00000000   __ASM__
20001760   __CIOBUF_
00000057   __ISA__
0000006a   __PLAT__
20002718   __STACK_END
00000400   __STACK_SIZE
20002518   __STACK_TOP
00000090   __TARG__
000062f0   __TI_CINIT_Base
00006308   __TI_CINIT_Limit
000062d4   __TI_Handler_Table_Base
000062e0   __TI_Handler_Table_Limit
00000001   __TI_args_main
000034ed   __TI_auto_init
000054cb   __TI_decompress_none
0000561f   __TI_decompress_rle24
00000000   __TI_static_base__
00005373   __TI_zero_init
000000b6   __TRDR__
00002cc3   __aeabi_atexit
00003bb1   __aeabi_memclr
00003bb1   __aeabi_memclr4
00003bb1   __aeabi_memclr8
0000358d   __aeabi_memcpy
0000358d   __aeabi_memcpy4
0000358d   __aeabi_memcpy8
00003bb3   __aeabi_memset
00003bb3   __aeabi_memset4
00003bb3   __aeabi_memset8
ffffffff   __binit__
ffffffff   __c_args__
00002cb1   __cxa_atexit
00002c6d   __cxa_finalize
00002cab   __cxa_ia64_exit
20002318   __stack
00005619   __xdc__init
20001e84   __xdc__init__addr
00005195   _args_main
0000419d   _c_int00
200022f8   _cleanup_ptr
200022fc   _dtors_ptr
200022f0   _lock
000052ab   _nop
000052a3   _register_lock
0000529d   _register_unlock
200022f4   _unlock
00004715   abort
00002cb5   atexit
ffffffff   binit
00004535   copy_in
00000f91   draw_char_bmp
00000edd   draw_text_bmp
0000471d   exit
0000517d   free
0000083b   glcd_blank
20001360   glcd_buffer
00000a41   glcd_command
00000b3b   glcd_contrast
00000a01   glcd_data
200019c4   glcd_dirty_pages
00000a81   glcd_flip_screen
200022a8   glcd_flipped
00000935   glcd_init
00000ab5   glcd_inverse_screen
00000785   glcd_pixel
000008b5   glcd_refresh
00000ad5   glcd_test_card
00001ccb   main
2000230c   main_func_sp
00004cc7   malloc
0000358d   memcpy
00003bb9   memset
200022ac   pagemap
00003ed7   readmsg
000053ed   strcpy
000052b1   strlen
00001bdd   taskFxn
00005d04   ti_catalog_arm_cortexm4_tiva_ce_Boot_A_mustUseEnhancedClockMode__C
00005d08   ti_catalog_arm_cortexm4_tiva_ce_Boot_Module__diagsEnabled__C
00005d0c   ti_catalog_arm_cortexm4_tiva_ce_Boot_Module__diagsIncluded__C
00005d10   ti_catalog_arm_cortexm4_tiva_ce_Boot_Module__diagsMask__C
00005e48   ti_catalog_arm_cortexm4_tiva_ce_Boot_Module__id__C
000054f5   ti_catalog_arm_cortexm4_tiva_ce_Boot_init__I
000022a9   ti_catalog_arm_cortexm4_tiva_ce_Boot_sysCtlClockSetI__I
000036c5   ti_catalog_arm_cortexm4_tiva_ce_Boot_sysCtlClockSet__E
00005625   ti_catalog_arm_cortexm4_tiva_ce_Boot_sysCtlDelayI__I
20001d28   ti_sysbios_BIOS_Module__state__V
00004ae9   ti_sysbios_BIOS_errorRaiseHook__I
00004b19   ti_sysbios_BIOS_exitFunc__I
00005d14   ti_sysbios_BIOS_installedErrorHook__C
000036c3   ti_sysbios_BIOS_nullFunc__I
00004f81   ti_sysbios_BIOS_removeRTSLock__I
000053fd   ti_sysbios_BIOS_setThreadType__E
00004fa1   ti_sysbios_BIOS_startFunc__I
0000540d   ti_sysbios_BIOS_start__E
20002220   ti_sysbios_family_arm_lm4_Timer_Module_State_0_device__A
20001d50   ti_sysbios_family_arm_lm4_Timer_Module_State_0_handles__A
20001d48   ti_sysbios_family_arm_lm4_Timer_Module__root__V
000051ad   ti_sysbios_family_arm_lm4_Timer_Module__startupDone__F
000051ad   ti_sysbios_family_arm_lm4_Timer_Module__startupDone__S
20001d68   ti_sysbios_family_arm_lm4_Timer_Module__state__V
00004089   ti_sysbios_family_arm_lm4_Timer_Module_startup__E
00004089   ti_sysbios_family_arm_lm4_Timer_Module_startup__F
200020b8   ti_sysbios_family_arm_lm4_Timer_Object__table__V
00004b49   ti_sysbios_family_arm_lm4_Timer_enableTimers__I
0000564d   ti_sysbios_family_arm_lm4_Timer_getPeriod__E
00002769   ti_sysbios_family_arm_lm4_Timer_initDevice__I
00004579   ti_sysbios_family_arm_lm4_Timer_isrStub__E
00005519   ti_sysbios_family_arm_lm4_Timer_masterDisable__I
00005651   ti_sysbios_family_arm_lm4_Timer_masterEnable__I
00005d18   ti_sysbios_family_arm_lm4_Timer_numTimerDevices__C
00002981   ti_sysbios_family_arm_lm4_Timer_start__E
00005d1c   ti_sysbios_family_arm_lm4_Timer_startupNeeded__C
00004751   ti_sysbios_family_arm_lm4_Timer_startup__E
00004b79   ti_sysbios_family_arm_lm4_Timer_stop__E
000050a1   ti_sysbios_family_arm_lm4_Timer_write__I
20001d74   ti_sysbios_family_arm_lm4_TimestampProvider_Module__state__V
0000562b   ti_sysbios_family_arm_lm4_TimestampProvider_Module_startup__E
0000562b   ti_sysbios_family_arm_lm4_TimestampProvider_Module_startup__F
00002641   ti_sysbios_family_arm_lm4_TimestampProvider_get64__E
0000541d   ti_sysbios_family_arm_lm4_TimestampProvider_rolloverFunc__E
00005525   ti_sysbios_family_arm_lm4_TimestampProvider_startTimer__E
00005e4c   ti_sysbios_family_arm_lm4_TimestampProvider_useClockTimer__C
00005d20   ti_sysbios_family_arm_m3_Hwi_E_NMI__C
00005d24   ti_sysbios_family_arm_m3_Hwi_E_busFault__C
00005d28   ti_sysbios_family_arm_m3_Hwi_E_debugMon__C
00005d2c   ti_sysbios_family_arm_m3_Hwi_E_hardFault__C
00005d30   ti_sysbios_family_arm_m3_Hwi_E_memFault__C
00005d34   ti_sysbios_family_arm_m3_Hwi_E_noIsr__C
00005d38   ti_sysbios_family_arm_m3_Hwi_E_reserved__C
00005d3c   ti_sysbios_family_arm_m3_Hwi_E_svCall__C
00005d40   ti_sysbios_family_arm_m3_Hwi_E_usageFault__C
000051c5   ti_sysbios_family_arm_m3_Hwi_Handle__label__S
200019c8   ti_sysbios_family_arm_m3_Hwi_Module_State_0_dispatchTable__A
20001d84   ti_sysbios_family_arm_m3_Hwi_Module_State_0_excActive__A
20001d88   ti_sysbios_family_arm_m3_Hwi_Module_State_0_excContext__A
20001d8c   ti_sysbios_family_arm_m3_Hwi_Module_State_0_excStack__A
00005e50   ti_sysbios_family_arm_m3_Hwi_Module__id__C
20001d7c   ti_sysbios_family_arm_m3_Hwi_Module__root__V
000051dd   ti_sysbios_family_arm_m3_Hwi_Module__startupDone__F
000051dd   ti_sysbios_family_arm_m3_Hwi_Module__startupDone__S
20002188   ti_sysbios_family_arm_m3_Hwi_Module__state__V
00003449   ti_sysbios_family_arm_m3_Hwi_Module_startup__E
00003449   ti_sysbios_family_arm_m3_Hwi_Module_startup__F
00005d44   ti_sysbios_family_arm_m3_Hwi_NUM_INTERRUPTS__C
20002128   ti_sysbios_family_arm_m3_Hwi_Object__table__V
00005d48   ti_sysbios_family_arm_m3_Hwi_ccr__C
000045bd   ti_sysbios_family_arm_m3_Hwi_disableInterrupt__E
00003f09   ti_sysbios_family_arm_m3_Hwi_dispatchC__I
00005d4c   ti_sysbios_family_arm_m3_Hwi_dispatchTable__C
000023e1   ti_sysbios_family_arm_m3_Hwi_dispatch__I
000055f3   ti_sysbios_family_arm_m3_Hwi_doSwiRestore__I
00005631   ti_sysbios_family_arm_m3_Hwi_doTaskRestore__I
00004601   ti_sysbios_family_arm_m3_Hwi_enableInterrupt__E
00001d71   ti_sysbios_family_arm_m3_Hwi_excBusFault__I
000032ed   ti_sysbios_family_arm_m3_Hwi_excDebugMon__I
00000361   ti_sysbios_family_arm_m3_Hwi_excDumpRegs__I
000024f5   ti_sysbios_family_arm_m3_Hwi_excHandlerAsm__I
00005d50   ti_sysbios_family_arm_m3_Hwi_excHandlerFunc__C
000014d5   ti_sysbios_family_arm_m3_Hwi_excHandlerMax__I
0000542d   ti_sysbios_family_arm_m3_Hwi_excHandler__I
00003185   ti_sysbios_family_arm_m3_Hwi_excHardFault__I
00005ccc   ti_sysbios_family_arm_m3_Hwi_excHookFuncs__A
00005d54   ti_sysbios_family_arm_m3_Hwi_excHookFuncs__C
0000202d   ti_sysbios_family_arm_m3_Hwi_excMemFault__I
00004a19   ti_sysbios_family_arm_m3_Hwi_excNmi__I
00004901   ti_sysbios_family_arm_m3_Hwi_excNoIsr__I
0000438d   ti_sysbios_family_arm_m3_Hwi_excReserved__I
00004811   ti_sysbios_family_arm_m3_Hwi_excSvCall__I
00001ed9   ti_sysbios_family_arm_m3_Hwi_excUsageFault__I
00004939   ti_sysbios_family_arm_m3_Hwi_getStackInfo__E
00002d59   ti_sysbios_family_arm_m3_Hwi_initNVIC__E
00004e55   ti_sysbios_family_arm_m3_Hwi_initStacks__E
e000e000   ti_sysbios_family_arm_m3_Hwi_nvic
000024b7   ti_sysbios_family_arm_m3_Hwi_pendSV__I
00005d58   ti_sysbios_family_arm_m3_Hwi_priGroup__C
00005854   ti_sysbios_family_arm_m3_Hwi_priorities__A
00005d5c   ti_sysbios_family_arm_m3_Hwi_priorities__C
20000000   ti_sysbios_family_arm_m3_Hwi_ramVectors
00000000   ti_sysbios_family_arm_m3_Hwi_resetVectors
000024db   ti_sysbios_family_arm_m3_Hwi_return
000055fb   ti_sysbios_family_arm_m3_Hwi_startup__E
000052c5   ti_sysbios_family_arm_m3_Hwi_switchFromBootStack__E
00005655   ti_sysbios_family_arm_m3_TaskSupport_Module__startupDone__S
0000390d   ti_sysbios_family_arm_m3_TaskSupport_buildTaskStack
000054d9   ti_sysbios_family_arm_m3_TaskSupport_checkStack__E
000053cd   ti_sysbios_family_arm_m3_TaskSupport_glue
00004971   ti_sysbios_family_arm_m3_TaskSupport_start__E
00005165   ti_sysbios_family_arm_m3_TaskSupport_swap__E
000053dd   ti_sysbios_family_xxx_Hwi_switchToIsrStack
0000550d   ti_sysbios_family_xxx_Hwi_switchToTaskStack
000051f5   ti_sysbios_gates_GateHwi_Handle__label__S
00003e43   ti_sysbios_gates_GateHwi_Instance_init__F
00005b98   ti_sysbios_gates_GateHwi_Module__FXNS__C
20001d90   ti_sysbios_gates_GateHwi_Module__root__V
00005be0   ti_sysbios_gates_GateHwi_Object__DESC__C
00005c60   ti_sysbios_gates_GateHwi_Object__PARAMS__C
00004a4d   ti_sysbios_gates_GateHwi_Object__create__S
00004fc1   ti_sysbios_gates_GateHwi_Object__delete__S
20001d98   ti_sysbios_gates_GateHwi_Object__table__V
00005531   ti_sysbios_gates_GateHwi_enter__E
00005637   ti_sysbios_gates_GateHwi_leave__E
00005659   ti_sysbios_gates_GateHwi_query__E
00005659   ti_sysbios_gates_GateHwi_query__F
20001d9c   ti_sysbios_gates_GateMutexPri_Module__root__V
00005d60   ti_sysbios_hal_Hwi_E_stackOverflow__C
0000565d   ti_sysbios_hal_Hwi_HwiProxy_Module__startupDone__S
000045bd   ti_sysbios_hal_Hwi_HwiProxy_disableInterrupt__E
00004601   ti_sysbios_hal_Hwi_HwiProxy_enableInterrupt__E
00004939   ti_sysbios_hal_Hwi_HwiProxy_getStackInfo__E
000055fb   ti_sysbios_hal_Hwi_HwiProxy_startup__E
000052c5   ti_sysbios_hal_Hwi_HwiProxy_switchFromBootStack__E
00005e54   ti_sysbios_hal_Hwi_Module__id__C
20001da4   ti_sysbios_hal_Hwi_Module__root__V
00005385   ti_sysbios_hal_Hwi_Module_startup__E
00005385   ti_sysbios_hal_Hwi_Module_startup__F
20001dac   ti_sysbios_hal_Hwi_Object__table__V
00004a81   ti_sysbios_hal_Hwi_checkStack
000045bd   ti_sysbios_hal_Hwi_disableInterrupt__E
00004601   ti_sysbios_hal_Hwi_enableInterrupt__E
00004939   ti_sysbios_hal_Hwi_getStackInfo__E
00004d23   ti_sysbios_hal_Hwi_initStack
000055fb   ti_sysbios_hal_Hwi_startup__E
000052c5   ti_sysbios_hal_Hwi_switchFromBootStack__E
20001dbc   ti_sysbios_hal_Timer_Module__root__V
0000520d   ti_sysbios_hal_Timer_Module__startupDone__F
0000520d   ti_sysbios_hal_Timer_Module__startupDone__S
00005397   ti_sysbios_hal_Timer_Module_startup__E
00005397   ti_sysbios_hal_Timer_Module_startup__F
20001dc4   ti_sysbios_hal_Timer_Object__table__V
00005661   ti_sysbios_hal_Timer_TimerProxy_Module__startupDone__S
00005665   ti_sysbios_hal_Timer_TimerProxy_getPeriod__E
00004751   ti_sysbios_hal_Timer_TimerProxy_startup__E
00004751   ti_sysbios_hal_Timer_startup__E
00005d64   ti_sysbios_knl_Clock_Module_State_clockQ__O
20001dcc   ti_sysbios_knl_Clock_Module__root__V
20002280   ti_sysbios_knl_Clock_Module__state__V
00004ecd   ti_sysbios_knl_Clock_Module_startup__E
00004ecd   ti_sysbios_knl_Clock_Module_startup__F
00004d51   ti_sysbios_knl_Clock_doTick__I
00004087   ti_sysbios_knl_Clock_logTick__E
00003c99   ti_sysbios_knl_Clock_workFunc__E
00005d68   ti_sysbios_knl_Idle_coreList__A
00005cd4   ti_sysbios_knl_Idle_coreList__C
00005d6c   ti_sysbios_knl_Idle_funcList__A
00005cdc   ti_sysbios_knl_Idle_funcList__C
00005603   ti_sysbios_knl_Idle_loop__E
00004ba9   ti_sysbios_knl_Idle_run__E
20001dd4   ti_sysbios_knl_Queue_Module__root__V
0000553d   ti_sysbios_knl_Queue_Object__get__S
000054e7   ti_sysbios_knl_Queue_empty__E
000050bf   ti_sysbios_knl_Queue_put__E
00005225   ti_sysbios_knl_Swi_Handle__label__S
20001fb8   ti_sysbios_knl_Swi_Module_State_0_readyQ__A
20001ddc   ti_sysbios_knl_Swi_Module__root__V
20001de4   ti_sysbios_knl_Swi_Module__state__V
00004ef1   ti_sysbios_knl_Swi_Module_startup__E
00004ef1   ti_sysbios_knl_Swi_Module_startup__F
00005d70   ti_sysbios_knl_Swi_Object__count__C
000052d9   ti_sysbios_knl_Swi_Object__get__S
20002250   ti_sysbios_knl_Swi_Object__table__V
0000543d   ti_sysbios_knl_Swi_disable__E
00004645   ti_sysbios_knl_Swi_post__E
000040e5   ti_sysbios_knl_Swi_restoreHwi__E
0000484d   ti_sysbios_knl_Swi_restore__E
00003f69   ti_sysbios_knl_Swi_run__I
0000339d   ti_sysbios_knl_Swi_schedule__I
0000563d   ti_sysbios_knl_Swi_startup__E
00005d74   ti_sysbios_knl_Task_A_badTimeout__C
00005d78   ti_sysbios_knl_Task_A_sleepTaskDisabled__C
00005d7c   ti_sysbios_knl_Task_E_spOutOfBounds__C
00005d80   ti_sysbios_knl_Task_E_stackOverflow__C
0000523d   ti_sysbios_knl_Task_Handle__label__S
20001980   ti_sysbios_knl_Task_Instance_State_0_hookEnv__A
20000360   ti_sysbios_knl_Task_Instance_State_0_stack__A
20001984   ti_sysbios_knl_Task_Instance_State_1_hookEnv__A
20000760   ti_sysbios_knl_Task_Instance_State_1_stack__A
20001988   ti_sysbios_knl_Task_Instance_State_2_hookEnv__A
20000b60   ti_sysbios_knl_Task_Instance_State_2_stack__A
2000198c   ti_sysbios_knl_Task_Instance_State_3_hookEnv__A
20000f60   ti_sysbios_knl_Task_Instance_State_3_stack__A
20001e08   ti_sysbios_knl_Task_Module_State_0_idleTask__A
20002038   ti_sysbios_knl_Task_Module_State_0_readyQ__A
00005d84   ti_sysbios_knl_Task_Module_State_inactiveQ__O
00005d88   ti_sysbios_knl_Task_Module__diagsEnabled__C
00005d8c   ti_sysbios_knl_Task_Module__diagsIncluded__C
00005d90   ti_sysbios_knl_Task_Module__diagsMask__C
00005e58   ti_sysbios_knl_Task_Module__id__C
20001e00   ti_sysbios_knl_Task_Module__root__V
200021dc   ti_sysbios_knl_Task_Module__state__V
00003aad   ti_sysbios_knl_Task_Module_startup__E
00003aad   ti_sysbios_knl_Task_Module_startup__F
00005d94   ti_sysbios_knl_Task_Object__count__C
0000544d   ti_sysbios_knl_Task_Object__get__S
20001e88   ti_sysbios_knl_Task_Object__table__V
00005669   ti_sysbios_knl_Task_SupportProxy_Module__startupDone__S
000054d9   ti_sysbios_knl_Task_SupportProxy_checkStack__E
00004971   ti_sysbios_knl_Task_SupportProxy_start__E
00005165   ti_sysbios_knl_Task_SupportProxy_swap__E
00005d98   ti_sysbios_knl_Task_allBlockedFunc__C
000043d5   ti_sysbios_knl_Task_allBlockedFunction__I
00003239   ti_sysbios_knl_Task_checkStacks__E
0000545d   ti_sysbios_knl_Task_disable__E
00004fe1   ti_sysbios_knl_Task_enter__I
000037ed   ti_sysbios_knl_Task_exit__E
00005c78   ti_sysbios_knl_Task_hooks__A
00005ce4   ti_sysbios_knl_Task_hooks__C
00005e5c   ti_sysbios_knl_Task_initStackFlag__C
00005d9c   ti_sysbios_knl_Task_numConstructedTasks__C
00002e35   ti_sysbios_knl_Task_postInit__I
00004791   ti_sysbios_knl_Task_processVitalTaskFlag__I
00004f15   ti_sysbios_knl_Task_restoreHwi__E
00004d7d   ti_sysbios_knl_Task_restore__E
00003a25   ti_sysbios_knl_Task_schedule__I
00004cf5   ti_sysbios_knl_Task_sleepTimeout__I
00001889   ti_sysbios_knl_Task_sleep__E
0000387d   ti_sysbios_knl_Task_startCore__E
0000566d   ti_sysbios_knl_Task_startup__E
00005171   ti_sysbios_knl_Task_swapReturn
0000424d   ti_sysbios_knl_Task_unblockI__E
200019b0   time_string
00003ea9   writemsg
00005da0   xdc_runtime_Assert_E_assertFailed__C
0000441d   xdc_runtime_Assert_raise__I
00005da4   xdc_runtime_Core_A_initializedParams__C
00005da8   xdc_runtime_Core_Module__diagsEnabled__C
00005dac   xdc_runtime_Core_Module__diagsIncluded__C
00005db0   xdc_runtime_Core_Module__diagsMask__C
00005e60   xdc_runtime_Core_Module__id__C
00004bd9   xdc_runtime_Core_assignLabel__I
00004465   xdc_runtime_Core_assignParams__I
0000287d   xdc_runtime_Core_createObject__I
00003ddd   xdc_runtime_Core_deleteObject__I
00005db4   xdc_runtime_Error_E_memory__C
00005db8   xdc_runtime_Error_Module__diagsEnabled__C
00005dbc   xdc_runtime_Error_Module__diagsIncluded__C
00005dc0   xdc_runtime_Error_Module__diagsMask__C
00005e64   xdc_runtime_Error_Module__loggerDefined__C
00005dc4   xdc_runtime_Error_Module__loggerFxn8__C
00005dc8   xdc_runtime_Error_Module__loggerObj__C
20001e0c   xdc_runtime_Error_Module__state__V
000050dd   xdc_runtime_Error_check__E
000050dd   xdc_runtime_Error_check__F
00005671   xdc_runtime_Error_getSite__E
00005671   xdc_runtime_Error_getSite__F
00005549   xdc_runtime_Error_init__E
00005549   xdc_runtime_Error_init__F
00005e68   xdc_runtime_Error_maxDepth__C
00005e94   xdc_runtime_Error_policy__C
00003d05   xdc_runtime_Error_print__E
00003d05   xdc_runtime_Error_print__F
00005dcc   xdc_runtime_Error_raiseHook__C
0000216d   xdc_runtime_Error_raiseX__E
0000216d   xdc_runtime_Error_raiseX__F
20001e10   xdc_runtime_GateNull_Module__root__V
00005555   xdc_runtime_Gate_enterSystem__E
00005555   xdc_runtime_Gate_enterSystem__F
0000546d   xdc_runtime_Gate_leaveSystem__E
0000546d   xdc_runtime_Gate_leaveSystem__F
00005dd0   xdc_runtime_HeapMin_A_zeroSize__C
00005dd4   xdc_runtime_HeapMin_E_freeError__C
00005255   xdc_runtime_HeapMin_Handle__label__S
20001990   xdc_runtime_HeapMin_Instance_State_0_buf__A
00003999   xdc_runtime_HeapMin_Instance_init__F
00005b70   xdc_runtime_HeapMin_Module__FXNS__C
00005dd8   xdc_runtime_HeapMin_Module__diagsEnabled__C
00005ddc   xdc_runtime_HeapMin_Module__diagsIncluded__C
00005de0   xdc_runtime_HeapMin_Module__diagsMask__C
00005e6c   xdc_runtime_HeapMin_Module__id__C
20001e18   xdc_runtime_HeapMin_Module__root__V
00005c00   xdc_runtime_HeapMin_Object__DESC__C
00005c20   xdc_runtime_HeapMin_Object__PARAMS__C
00004ab5   xdc_runtime_HeapMin_Object__create__S
00005001   xdc_runtime_HeapMin_Object__delete__S
20001e20   xdc_runtime_HeapMin_Object__table__V
00004889   xdc_runtime_HeapMin_alloc__E
00004889   xdc_runtime_HeapMin_alloc__F
00005e70   xdc_runtime_HeapMin_freeError__C
00004c09   xdc_runtime_HeapMin_free__E
00004c09   xdc_runtime_HeapMin_free__F
00005561   xdc_runtime_HeapMin_getStats__E
00005561   xdc_runtime_HeapMin_getStats__F
00005675   xdc_runtime_HeapMin_isBlocking__E
00005675   xdc_runtime_HeapMin_isBlocking__F
00005de4   xdc_runtime_IFilterLogger_Interface__BASE__C
00005de8   xdc_runtime_IGateProvider_Interface__BASE__C
00005dec   xdc_runtime_IHeap_Interface__BASE__C
00005df0   xdc_runtime_ILogger_Interface__BASE__C
00005df4   xdc_runtime_IModule_Interface__BASE__C
00005df8   xdc_runtime_Log_L_error__C
00005dfc   xdc_runtime_LoggerBuf_E_badLevel__C
0000526d   xdc_runtime_LoggerBuf_Handle__label__S
20001880   xdc_runtime_LoggerBuf_Instance_State_0_entryArr__A
000052ed   xdc_runtime_LoggerBuf_Instance_finalize__F
000049a9   xdc_runtime_LoggerBuf_Instance_init__F
00005679   xdc_runtime_LoggerBuf_Module_GateProxy_enter__E
0000567d   xdc_runtime_LoggerBuf_Module_GateProxy_leave__E
00005659   xdc_runtime_LoggerBuf_Module_GateProxy_query__E
00005b08   xdc_runtime_LoggerBuf_Module__FXNS__C
00005e00   xdc_runtime_LoggerBuf_Module__gateObj__C
00005e74   xdc_runtime_LoggerBuf_Module__id__C
20001e30   xdc_runtime_LoggerBuf_Module__root__V
20001e38   xdc_runtime_LoggerBuf_Module__state__V
00004e7d   xdc_runtime_LoggerBuf_Module_startup__E
00004e7d   xdc_runtime_LoggerBuf_Module_startup__F
00005c40   xdc_runtime_LoggerBuf_Object__DESC__C
00005bbc   xdc_runtime_LoggerBuf_Object__PARAMS__C
00005e04   xdc_runtime_LoggerBuf_Object__count__C
00003fc9   xdc_runtime_LoggerBuf_Object__create__S
00005021   xdc_runtime_LoggerBuf_Object__delete__S
00005301   xdc_runtime_LoggerBuf_Object__get__S
200022cc   xdc_runtime_LoggerBuf_Object__table__V
00002641   xdc_runtime_LoggerBuf_TimestampProxy_get64__E
000055cf   xdc_runtime_LoggerBuf_disable__E
000055cf   xdc_runtime_LoggerBuf_disable__F
000055d9   xdc_runtime_LoggerBuf_enable__E
000055d9   xdc_runtime_LoggerBuf_enable__F
00005e78   xdc_runtime_LoggerBuf_filterByLevel__C
00004689   xdc_runtime_LoggerBuf_filterOutEvent__I
00003d71   xdc_runtime_LoggerBuf_getFilterLevel__E
00003d71   xdc_runtime_LoggerBuf_getFilterLevel__F
00005041   xdc_runtime_LoggerBuf_reset__E
00005041   xdc_runtime_LoggerBuf_reset__F
00003b31   xdc_runtime_LoggerBuf_setFilterLevel__E
00003b31   xdc_runtime_LoggerBuf_setFilterLevel__F
00005e08   xdc_runtime_LoggerBuf_statusLogger__C
0000547d   xdc_runtime_LoggerBuf_write0__E
0000547d   xdc_runtime_LoggerBuf_write0__F
000053a9   xdc_runtime_LoggerBuf_write1__E
000053a9   xdc_runtime_LoggerBuf_write1__F
00005315   xdc_runtime_LoggerBuf_write2__E
00005315   xdc_runtime_LoggerBuf_write2__F
00002fe9   xdc_runtime_LoggerBuf_write4__E
00002fe9   xdc_runtime_LoggerBuf_write4__F
00002515   xdc_runtime_LoggerBuf_write8__E
00002515   xdc_runtime_LoggerBuf_write8__F
00005659   xdc_runtime_Main_Module_GateProxy_query__E
00005681   xdc_runtime_Memory_HeapProxy_alloc__E
00005685   xdc_runtime_Memory_HeapProxy_free__E
00005e7c   xdc_runtime_Memory_Module__id__C
20001e40   xdc_runtime_Memory_Module__state__V
00003c29   xdc_runtime_Memory_alloc__E
00003c29   xdc_runtime_Memory_alloc__F
0000556d   xdc_runtime_Memory_calloc__E
0000556d   xdc_runtime_Memory_calloc__F
00005e0c   xdc_runtime_Memory_defaultHeapInstance__C
0000548d   xdc_runtime_Memory_free__E
0000548d   xdc_runtime_Memory_free__F
00005579   xdc_runtime_Memory_getMaxDefaultTypeAlign__E
00005579   xdc_runtime_Memory_getMaxDefaultTypeAlign__F
000050f9   xdc_runtime_Memory_valloc__E
000050f9   xdc_runtime_Memory_valloc__F
20001e44   xdc_runtime_Registry_Module__state__V
00005061   xdc_runtime_Registry_findById__E
00005061   xdc_runtime_Registry_findById__F
20001e4c   xdc_runtime_Startup_Module__state__V
00000001   xdc_runtime_Startup__EXECFXN__C
00000001   xdc_runtime_Startup__RESETFXN__C
00005e10   xdc_runtime_Startup_execImpl__C
000042a5   xdc_runtime_Startup_exec__E
000042a5   xdc_runtime_Startup_exec__F
000053bb   xdc_runtime_Startup_exec__I
00005cbc   xdc_runtime_Startup_firstFxns__A
00005cec   xdc_runtime_Startup_firstFxns__C
00005cf4   xdc_runtime_Startup_lastFxns__A
00005cfc   xdc_runtime_Startup_lastFxns__C
00005e14   xdc_runtime_Startup_maxPasses__C
00004d4f   xdc_runtime_Startup_reset__I
00005c90   xdc_runtime_Startup_sfxnRts__A
00005e18   xdc_runtime_Startup_sfxnRts__C
00005b44   xdc_runtime_Startup_sfxnTab__A
00005e1c   xdc_runtime_Startup_sfxnTab__C
00002a7d   xdc_runtime_Startup_startMods__I
20001900   xdc_runtime_SysMin_Module_State_0_outbuf__A
20001e54   xdc_runtime_SysMin_Module__state__V
00005081   xdc_runtime_SysMin_Module_startup__E
00005081   xdc_runtime_SysMin_Module_startup__F
00004c39   xdc_runtime_SysMin_abort__E
00004c39   xdc_runtime_SysMin_abort__F
00005e20   xdc_runtime_SysMin_bufSize__C
00005115   xdc_runtime_SysMin_exit__E
00005115   xdc_runtime_SysMin_exit__F
00005e80   xdc_runtime_SysMin_flushAtExit__C
000046cd   xdc_runtime_SysMin_flush__E
000046cd   xdc_runtime_SysMin_flush__F
00005e24   xdc_runtime_SysMin_outputFunc__C
00004f5d   xdc_runtime_SysMin_output__I
000049e1   xdc_runtime_SysMin_putch__E
000049e1   xdc_runtime_SysMin_putch__F
0000549d   xdc_runtime_SysMin_ready__E
0000549d   xdc_runtime_SysMin_ready__F
00005689   xdc_runtime_System_Module_GateProxy_enter__E
0000568d   xdc_runtime_System_Module_GateProxy_leave__E
00005659   xdc_runtime_System_Module_GateProxy_query__E
20001e60   xdc_runtime_System_Module_State_0_atexitHandlers__A
00005e28   xdc_runtime_System_Module__gateObj__C
20001e70   xdc_runtime_System_Module__state__V
00005643   xdc_runtime_System_Module_startup__E
00005643   xdc_runtime_System_Module_startup__F
00004c39   xdc_runtime_System_SupportProxy_abort__E
00005115   xdc_runtime_System_SupportProxy_exit__E
000046cd   xdc_runtime_System_SupportProxy_flush__E
000049e1   xdc_runtime_System_SupportProxy_putch__E
0000549d   xdc_runtime_System_SupportProxy_ready__E
00005329   xdc_runtime_System_abort__E
00005329   xdc_runtime_System_abort__F
00005131   xdc_runtime_System_aprintf__E
00005691   xdc_runtime_System_aprintf_va__F
000047d1   xdc_runtime_System_atexit__E
000047d1   xdc_runtime_System_atexit__F
00004ea5   xdc_runtime_System_avprintf__F
00000b99   xdc_runtime_System_doPrint__I
00005585   xdc_runtime_System_exit__E
00005585   xdc_runtime_System_exit__F
00005e2c   xdc_runtime_System_extendFxn__C
000046cd   xdc_runtime_System_flush__E
000046cd   xdc_runtime_System_flush__F
000042f5   xdc_runtime_System_formatNum__I
00005591   xdc_runtime_System_lastFxn__I
00005e30   xdc_runtime_System_maxAtexitHandlers__C
00002b75   xdc_runtime_System_printfExtend__I
0000514b   xdc_runtime_System_printf__E
00005695   xdc_runtime_System_printf_va__F
00004e01   xdc_runtime_System_putchar__I
00004da9   xdc_runtime_System_rtsExit__I
00004f39   xdc_runtime_System_vprintf__F
00005699   xdc_runtime_System_vsnprintf__E
000054ad   xdc_runtime_System_vsnprintf__F
20001e7c   xdc_runtime_Text_Module__state__V
00005e84   xdc_runtime_Text_charCnt__C
00000000   xdc_runtime_Text_charTab__A
00005e34   xdc_runtime_Text_charTab__C
00004dd5   xdc_runtime_Text_cordText__E
00004dd5   xdc_runtime_Text_cordText__F
00005e88   xdc_runtime_Text_isLoaded__C
00005e38   xdc_runtime_Text_nameEmpty__C
00005e3c   xdc_runtime_Text_nameStatic__C
00005e40   xdc_runtime_Text_nameUnknown__C
000011be   xdc_runtime_Text_nodeTab__A
00004c69   xdc_runtime_Text_printVisFxn__I
00004141   xdc_runtime_Text_putLab__E
00004141   xdc_runtime_Text_putLab__F
00003759   xdc_runtime_Text_putMod__E
00003759   xdc_runtime_Text_putMod__F
00003629   xdc_runtime_Text_putSite__E
00003629   xdc_runtime_Text_putSite__F
00005e8c   xdc_runtime_Text_registryModsLastId__C
00005285   xdc_runtime_Text_ropeText__E
00005285   xdc_runtime_Text_ropeText__F
00005e90   xdc_runtime_Text_unnamedModsLastId__C
00005e44   xdc_runtime_Text_visitRopeFxn__C
0000560b   xdc_runtime_Text_visitRope__I
000048c5   xdc_runtime_Text_xprintf__I


GLOBAL SYMBOLS: SORTED BY Symbol Address 

address    name
--------   ----
00000000   __ASM__
00000000   __TI_static_base__
00000000   ti_sysbios_family_arm_m3_Hwi_resetVectors
00000000   xdc_runtime_Text_charTab__A
00000001   __TI_args_main
00000001   xdc_runtime_Startup__EXECFXN__C
00000001   xdc_runtime_Startup__RESETFXN__C
00000057   __ISA__
0000006a   __PLAT__
00000090   __TARG__
000000b6   __TRDR__
00000361   ti_sysbios_family_arm_m3_Hwi_excDumpRegs__I
00000400   __STACK_SIZE
00000785   glcd_pixel
0000083b   glcd_blank
000008b5   glcd_refresh
00000935   glcd_init
00000a01   glcd_data
00000a41   glcd_command
00000a81   glcd_flip_screen
00000ab5   glcd_inverse_screen
00000ad5   glcd_test_card
00000b3b   glcd_contrast
00000b99   xdc_runtime_System_doPrint__I
00000edd   draw_text_bmp
00000f91   draw_char_bmp
000010cd   GlcdDispTime
000011be   xdc_runtime_Text_nodeTab__A
000011f1   HOSTwrite
0000123f   HOSTunlink
00001279   HOSTtime
000012b5   HOSTrename
00001315   HOSTread
00001363   HOSTopen
000013b3   HOSTlseek
0000140f   HOSTgetenv
0000144d   HOSTclose
00001487   HOSTclock
000014d5   ti_sysbios_family_arm_m3_Hwi_excHandlerMax__I
000016b1   SysCtlClockGet
00001889   ti_sysbios_knl_Task_sleep__E
00001a39   ButtonISR
00001a47   ButtonsPoll
00001af1   ButtonsInit
00001b3f   ButtonTask
00001bdd   taskFxn
00001c13   UiTask
00001ccb   main
00001d71   ti_sysbios_family_arm_m3_Hwi_excBusFault__I
00001ed9   ti_sysbios_family_arm_m3_Hwi_excUsageFault__I
0000202d   ti_sysbios_family_arm_m3_Hwi_excMemFault__I
0000216d   xdc_runtime_Error_raiseX__E
0000216d   xdc_runtime_Error_raiseX__F
000022a9   ti_catalog_arm_cortexm4_tiva_ce_Boot_sysCtlClockSetI__I
000023e1   ti_sysbios_family_arm_m3_Hwi_dispatch__I
000024b7   ti_sysbios_family_arm_m3_Hwi_pendSV__I
000024db   ti_sysbios_family_arm_m3_Hwi_return
000024f5   ti_sysbios_family_arm_m3_Hwi_excHandlerAsm__I
00002515   xdc_runtime_LoggerBuf_write8__E
00002515   xdc_runtime_LoggerBuf_write8__F
00002641   ti_sysbios_family_arm_lm4_TimestampProvider_get64__E
[...]
00004939   ti_sysbios_hal_Hwi_getStackInfo__E
00004971   ti_sysbios_family_arm_m3_TaskSupport_start__E
00004971   ti_sysbios_knl_Task_SupportProxy_start__E
000049a9   xdc_runtime_LoggerBuf_Instance_init__F
000049e1   xdc_runtime_SysMin_putch__E
000049e1   xdc_runtime_SysMin_putch__F
000049e1   xdc_runtime_System_SupportProxy_putch__E
00004a19   ti_sysbios_family_arm_m3_Hwi_excNmi__I
00004a4d   ti_sysbios_gates_GateHwi_Object__create__S
00004a81   ti_sysbios_hal_Hwi_checkStack
00004ab5   xdc_runtime_HeapMin_Object__create__S
00004ae9   ti_sysbios_BIOS_errorRaiseHook__I
00004b19   ti_sysbios_BIOS_exitFunc__I
00004b49   ti_sysbios_family_arm_lm4_Timer_enableTimers__I
00004b79   ti_sysbios_family_arm_lm4_Timer_stop__E
00004ba9   ti_sysbios_knl_Idle_run__E
00004bd9   xdc_runtime_Core_assignLabel__I
00004c09   xdc_runtime_HeapMin_free__E
00004c09   xdc_runtime_HeapMin_free__F
00004c39   xdc_runtime_SysMin_abort__E
00004c39   xdc_runtime_SysMin_abort__F
00004c39   xdc_runtime_System_SupportProxy_abort__E
00004c69   xdc_runtime_Text_printVisFxn__I
00004c99   GPIODirModeSet
00004cc7   malloc
00004cf5   ti_sysbios_knl_Task_sleepTimeout__I
00004d23   ti_sysbios_hal_Hwi_initStack
00004d4f   xdc_runtime_Startup_reset__I
00004d51   ti_sysbios_knl_Clock_doTick__I
00004d7d   ti_sysbios_knl_Task_restore__E
00004da9   xdc_runtime_System_rtsExit__I
00004dd5   xdc_runtime_Text_cordText__E
00004dd5   xdc_runtime_Text_cordText__F
00004e01   xdc_runtime_System_putchar__I
00004e2d   TimerConfigure
00004e55   ti_sysbios_family_arm_m3_Hwi_initStacks__E
00004e7d   xdc_runtime_LoggerBuf_Module_startup__E
00004e7d   xdc_runtime_LoggerBuf_Module_startup__F
00004ea5   xdc_runtime_System_avprintf__F
00004ecd   ti_sysbios_knl_Clock_Module_startup__E
00004ecd   ti_sysbios_knl_Clock_Module_startup__F
00004ef1   ti_sysbios_knl_Swi_Module_startup__E
00004ef1   ti_sysbios_knl_Swi_Module_startup__F
00004f15   ti_sysbios_knl_Task_restoreHwi__E
00004f39   xdc_runtime_System_vprintf__F
00004f5d   xdc_runtime_SysMin_output__I
00004f81   ti_sysbios_BIOS_removeRTSLock__I
00004fa1   ti_sysbios_BIOS_startFunc__I
00004fc1   ti_sysbios_gates_GateHwi_Object__delete__S
00004fe1   ti_sysbios_knl_Task_enter__I
00005001   xdc_runtime_HeapMin_Object__delete__S
00005021   xdc_runtime_LoggerBuf_Object__delete__S
00005041   LoggerBuf_instanceStartup
00005041   xdc_runtime_LoggerBuf_reset__E
00005041   xdc_runtime_LoggerBuf_reset__F
00005061   xdc_runtime_Registry_findById__E
00005061   xdc_runtime_Registry_findById__F
00005081   xdc_runtime_SysMin_Module_startup__E
00005081   xdc_runtime_SysMin_Module_startup__F
000050a1   ti_sysbios_family_arm_lm4_Timer_write__I
000050bf   ti_sysbios_knl_Queue_put__E
000050dd   xdc_runtime_Error_check__E
000050dd   xdc_runtime_Error_check__F
000050f9   xdc_runtime_Memory_valloc__E
000050f9   xdc_runtime_Memory_valloc__F
00005115   xdc_runtime_SysMin_exit__E
00005115   xdc_runtime_SysMin_exit__F
00005115   xdc_runtime_System_SupportProxy_exit__E
00005131   xdc_runtime_System_aprintf__E
0000514b   xdc_runtime_System_printf__E
00005165   ti_sysbios_family_arm_m3_TaskSupport_swap__E
00005165   ti_sysbios_knl_Task_SupportProxy_swap__E
00005171   ti_sysbios_knl_Task_swapReturn
0000517d   free
00005195   _args_main
000051ad   ti_sysbios_family_arm_lm4_Timer_Module__startupDone__F
000051ad   ti_sysbios_family_arm_lm4_Timer_Module__startupDone__S
000051c5   ti_sysbios_family_arm_m3_Hwi_Handle__label__S
000051dd   ti_sysbios_family_arm_m3_Hwi_Module__startupDone__F
000051dd   ti_sysbios_family_arm_m3_Hwi_Module__startupDone__S
000051f5   ti_sysbios_gates_GateHwi_Handle__label__S
0000520d   ti_sysbios_hal_Timer_Module__startupDone__F
0000520d   ti_sysbios_hal_Timer_Module__startupDone__S
00005225   ti_sysbios_knl_Swi_Handle__label__S
0000523d   ti_sysbios_knl_Task_Handle__label__S
00005255   xdc_runtime_HeapMin_Handle__label__S
0000526d   xdc_runtime_LoggerBuf_Handle__label__S
00005285   xdc_runtime_Text_ropeText__E
00005285   xdc_runtime_Text_ropeText__F
0000529d   _register_unlock
000052a3   _register_lock
000052ab   _nop
000052b1   strlen
000052c5   ti_sysbios_family_arm_m3_Hwi_switchFromBootStack__E
000052c5   ti_sysbios_hal_Hwi_HwiProxy_switchFromBootStack__E
000052c5   ti_sysbios_hal_Hwi_switchFromBootStack__E
000052d9   ti_sysbios_knl_Swi_Object__get__S
000052ed   xdc_runtime_LoggerBuf_Instance_finalize__F
00005301   xdc_runtime_LoggerBuf_Object__get__S
00005315   xdc_runtime_LoggerBuf_write2__E
00005315   xdc_runtime_LoggerBuf_write2__F
00005329   xdc_runtime_System_abort__E
00005329   xdc_runtime_System_abort__F
0000533d   GPIOPinTypeGPIOOutput
0000534f   GPIOPinTypeSSI
00005361   TimerLoadSet
00005373   __TI_zero_init
00005385   ti_sysbios_hal_Hwi_Module_startup__E
00005385   ti_sysbios_hal_Hwi_Module_startup__F
00005397   ti_sysbios_hal_Timer_Module_startup__E
00005397   ti_sysbios_hal_Timer_Module_startup__F
000053a9   xdc_runtime_LoggerBuf_write1__E
000053a9   xdc_runtime_LoggerBuf_write1__F
000053bb   xdc_runtime_Startup_exec__I
000053cd   ti_sysbios_family_arm_m3_TaskSupport_glue
000053dd   ti_sysbios_family_xxx_Hwi_switchToIsrStack
000053ed   strcpy
000053fd   ti_sysbios_BIOS_setThreadType__E
0000540d   ti_sysbios_BIOS_start__E
0000541d   ti_sysbios_family_arm_lm4_TimestampProvider_rolloverFunc__E
0000542d   ti_sysbios_family_arm_m3_Hwi_excHandler__I
0000543d   ti_sysbios_knl_Swi_disable__E
0000544d   ti_sysbios_knl_Task_Object__get__S
0000545d   ti_sysbios_knl_Task_disable__E
0000546d   xdc_runtime_Gate_leaveSystem__E
0000546d   xdc_runtime_Gate_leaveSystem__F
0000547d   xdc_runtime_LoggerBuf_write0__E
0000547d   xdc_runtime_LoggerBuf_write0__F
0000548d   xdc_runtime_Memory_free__E
0000548d   xdc_runtime_Memory_free__F
0000549d   xdc_runtime_SysMin_ready__E
0000549d   xdc_runtime_SysMin_ready__F
0000549d   xdc_runtime_System_SupportProxy_ready__E
000054ad   xdc_runtime_System_vsnprintf__F
000054bd   TimerEnable
000054cb   __TI_decompress_none
000054d9   ti_sysbios_family_arm_m3_TaskSupport_checkStack__E
000054d9   ti_sysbios_knl_Task_SupportProxy_checkStack__E
000054e7   ti_sysbios_knl_Queue_empty__E
000054f5   ti_catalog_arm_cortexm4_tiva_ce_Boot_init__I
00005501   GPIOPinIntEnable
0000550d   ti_sysbios_family_xxx_Hwi_switchToTaskStack
00005519   ti_sysbios_family_arm_lm4_Timer_masterDisable__I
00005525   ti_sysbios_family_arm_lm4_TimestampProvider_startTimer__E
00005531   ti_sysbios_gates_GateHwi_enter__E
0000553d   ti_sysbios_knl_Queue_Object__get__S
00005549   xdc_runtime_Error_init__E
00005549   xdc_runtime_Error_init__F
00005555   xdc_runtime_Gate_enterSystem__E
00005555   xdc_runtime_Gate_enterSystem__F
00005561   xdc_runtime_HeapMin_getStats__E
00005561   xdc_runtime_HeapMin_getStats__F
0000556d   xdc_runtime_Memory_calloc__E
0000556d   xdc_runtime_Memory_calloc__F
00005579   xdc_runtime_Memory_getMaxDefaultTypeAlign__E
00005579   xdc_runtime_Memory_getMaxDefaultTypeAlign__F
00005585   xdc_runtime_System_exit__E
00005585   xdc_runtime_System_exit__F
00005591   xdc_runtime_System_lastFxn__I
0000559d   GPIOPinWrite
000055a7   SSIDataPut
000055b1   SSIEnable
000055cf   xdc_runtime_LoggerBuf_disable__E
000055cf   xdc_runtime_LoggerBuf_disable__F
000055d9   xdc_runtime_LoggerBuf_enable__E
000055d9   xdc_runtime_LoggerBuf_enable__F
000055e3   SSIBusy
000055eb   TimerIntEnable
000055f3   ti_sysbios_family_arm_m3_Hwi_doSwiRestore__I
000055fb   ti_sysbios_family_arm_m3_Hwi_startup__E
000055fb   ti_sysbios_hal_Hwi_HwiProxy_startup__E
000055fb   ti_sysbios_hal_Hwi_startup__E
00005603   ti_sysbios_knl_Idle_loop__E
0000560b   xdc_runtime_Text_visitRope__I
00005613   GPIOPinIntClear
00005619   __xdc__init
0000561f   __TI_decompress_rle24
00005625   ti_catalog_arm_cortexm4_tiva_ce_Boot_sysCtlDelayI__I
0000562b   ti_sysbios_family_arm_lm4_TimestampProvider_Module_startup__E
0000562b   ti_sysbios_family_arm_lm4_TimestampProvider_Module_startup__F
00005631   ti_sysbios_family_arm_m3_Hwi_doTaskRestore__I
00005637   ti_sysbios_gates_GateHwi_leave__E
0000563d   ti_sysbios_knl_Swi_startup__E
00005643   xdc_runtime_System_Module_startup__E
00005643   xdc_runtime_System_Module_startup__F
00005649   TimerIntClear
0000564d   ti_sysbios_family_arm_lm4_Timer_getPeriod__E
00005651   ti_sysbios_family_arm_lm4_Timer_masterEnable__I
00005655   ti_sysbios_family_arm_m3_TaskSupport_Module__startupDone__S
00005659   ti_sysbios_gates_GateHwi_query__E
00005659   ti_sysbios_gates_GateHwi_query__F
00005659   xdc_runtime_LoggerBuf_Module_GateProxy_query__E
00005659   xdc_runtime_Main_Module_GateProxy_query__E
00005659   xdc_runtime_System_Module_GateProxy_query__E
0000565d   ti_sysbios_hal_Hwi_HwiProxy_Module__startupDone__S
00005661   ti_sysbios_hal_Timer_TimerProxy_Module__startupDone__S
00005665   ti_sysbios_hal_Timer_TimerProxy_getPeriod__E
00005669   ti_sysbios_knl_Task_SupportProxy_Module__startupDone__S
0000566d   ti_sysbios_knl_Task_startup__E
00005671   xdc_runtime_Error_getSite__E
00005671   xdc_runtime_Error_getSite__F
00005675   xdc_runtime_HeapMin_isBlocking__E
00005675   xdc_runtime_HeapMin_isBlocking__F
00005679   xdc_runtime_LoggerBuf_Module_GateProxy_enter__E
0000567d   xdc_runtime_LoggerBuf_Module_GateProxy_leave__E
00005681   xdc_runtime_Memory_HeapProxy_alloc__E
00005685   xdc_runtime_Memory_HeapProxy_free__E
00005689   xdc_runtime_System_Module_GateProxy_enter__E
0000568d   xdc_runtime_System_Module_GateProxy_leave__E
00005691   xdc_runtime_System_aprintf_va__F
00005695   xdc_runtime_System_printf_va__F
00005699   xdc_runtime_System_vsnprintf__E
0000569c   MyFont
00005854   ti_sysbios_family_arm_m3_Hwi_priorities__A
00005b08   xdc_runtime_LoggerBuf_Module__FXNS__C
00005b44   xdc_runtime_Startup_sfxnTab__A
00005b70   xdc_runtime_HeapMin_Module__FXNS__C
00005b98   ti_sysbios_gates_GateHwi_Module__FXNS__C
00005bbc   xdc_runtime_LoggerBuf_Object__PARAMS__C
00005be0   ti_sysbios_gates_GateHwi_Object__DESC__C
00005c00   xdc_runtime_HeapMin_Object__DESC__C
00005c20   xdc_runtime_HeapMin_Object__PARAMS__C
00005c40   xdc_runtime_LoggerBuf_Object__DESC__C
00005c60   ti_sysbios_gates_GateHwi_Object__PARAMS__C
00005c78   ti_sysbios_knl_Task_hooks__A
00005c90   xdc_runtime_Startup_sfxnRts__A
00005cbc   xdc_runtime_Startup_firstFxns__A
00005ccc   ti_sysbios_family_arm_m3_Hwi_excHookFuncs__A
00005cd4   ti_sysbios_knl_Idle_coreList__C
00005cdc   ti_sysbios_knl_Idle_funcList__C
00005ce4   ti_sysbios_knl_Task_hooks__C
00005cec   xdc_runtime_Startup_firstFxns__C
00005cf4   xdc_runtime_Startup_lastFxns__A
00005cfc   xdc_runtime_Startup_lastFxns__C
00005d04   ti_catalog_arm_cortexm4_tiva_ce_Boot_A_mustUseEnhancedClockMode__C
00005d08   ti_catalog_arm_cortexm4_tiva_ce_Boot_Module__diagsEnabled__C
00005d0c   ti_catalog_arm_cortexm4_tiva_ce_Boot_Module__diagsIncluded__C
00005d10   ti_catalog_arm_cortexm4_tiva_ce_Boot_Module__diagsMask__C
00005d14   ti_sysbios_BIOS_installedErrorHook__C
00005d18   ti_sysbios_family_arm_lm4_Timer_numTimerDevices__C
00005d1c   ti_sysbios_family_arm_lm4_Timer_startupNeeded__C
00005d20   ti_sysbios_family_arm_m3_Hwi_E_NMI__C
00005d24   ti_sysbios_family_arm_m3_Hwi_E_busFault__C
00005d28   ti_sysbios_family_arm_m3_Hwi_E_debugMon__C
00005d2c   ti_sysbios_family_arm_m3_Hwi_E_hardFault__C
00005d30   ti_sysbios_family_arm_m3_Hwi_E_memFault__C
00005d34   ti_sysbios_family_arm_m3_Hwi_E_noIsr__C
00005d38   ti_sysbios_family_arm_m3_Hwi_E_reserved__C
00005d3c   ti_sysbios_family_arm_m3_Hwi_E_svCall__C
00005d40   ti_sysbios_family_arm_m3_Hwi_E_usageFault__C
00005d44   ti_sysbios_family_arm_m3_Hwi_NUM_INTERRUPTS__C
00005d48   ti_sysbios_family_arm_m3_Hwi_ccr__C
00005d4c   ti_sysbios_family_arm_m3_Hwi_dispatchTable__C
00005d50   ti_sysbios_family_arm_m3_Hwi_excHandlerFunc__C
00005d54   ti_sysbios_family_arm_m3_Hwi_excHookFuncs__C
00005d58   ti_sysbios_family_arm_m3_Hwi_priGroup__C
00005d5c   ti_sysbios_family_arm_m3_Hwi_priorities__C
00005d60   ti_sysbios_hal_Hwi_E_stackOverflow__C
00005d64   ti_sysbios_knl_Clock_Module_State_clockQ__O
00005d68   ti_sysbios_knl_Idle_coreList__A
00005d6c   ti_sysbios_knl_Idle_funcList__A
00005d70   ti_sysbios_knl_Swi_Object__count__C
00005d74   ti_sysbios_knl_Task_A_badTimeout__C
00005d78   ti_sysbios_knl_Task_A_sleepTaskDisabled__C
00005d7c   ti_sysbios_knl_Task_E_spOutOfBounds__C
00005d80   ti_sysbios_knl_Task_E_stackOverflow__C
00005d84   ti_sysbios_knl_Task_Module_State_inactiveQ__O
00005d88   ti_sysbios_knl_Task_Module__diagsEnabled__C
00005d8c   ti_sysbios_knl_Task_Module__diagsIncluded__C
00005d90   ti_sysbios_knl_Task_Module__diagsMask__C
00005d94   ti_sysbios_knl_Task_Object__count__C
00005d98   ti_sysbios_knl_Task_allBlockedFunc__C
00005d9c   ti_sysbios_knl_Task_numConstructedTasks__C
00005da0   xdc_runtime_Assert_E_assertFailed__C
00005da4   xdc_runtime_Core_A_initializedParams__C
00005da8   xdc_runtime_Core_Module__diagsEnabled__C
00005dac   xdc_runtime_Core_Module__diagsIncluded__C
00005db0   xdc_runtime_Core_Module__diagsMask__C
00005db4   xdc_runtime_Error_E_memory__C
00005db8   xdc_runtime_Error_Module__diagsEnabled__C
00005dbc   xdc_runtime_Error_Module__diagsIncluded__C
00005dc0   xdc_runtime_Error_Module__diagsMask__C
00005dc4   xdc_runtime_Error_Module__loggerFxn8__C
00005dc8   xdc_runtime_Error_Module__loggerObj__C
00005dcc   xdc_runtime_Error_raiseHook__C
00005dd0   xdc_runtime_HeapMin_A_zeroSize__C
00005dd4   xdc_runtime_HeapMin_E_freeError__C
00005dd8   xdc_runtime_HeapMin_Module__diagsEnabled__C
00005ddc   xdc_runtime_HeapMin_Module__diagsIncluded__C
00005de0   xdc_runtime_HeapMin_Module__diagsMask__C
00005de4   xdc_runtime_IFilterLogger_Interface__BASE__C
00005de8   xdc_runtime_IGateProvider_Interface__BASE__C
00005dec   xdc_runtime_IHeap_Interface__BASE__C
00005df0   xdc_runtime_ILogger_Interface__BASE__C
00005df4   xdc_runtime_IModule_Interface__BASE__C
00005df8   xdc_runtime_Log_L_error__C
00005dfc   xdc_runtime_LoggerBuf_E_badLevel__C
00005e00   xdc_runtime_LoggerBuf_Module__gateObj__C
00005e04   xdc_runtime_LoggerBuf_Object__count__C
00005e08   xdc_runtime_LoggerBuf_statusLogger__C
00005e0c   xdc_runtime_Memory_defaultHeapInstance__C
00005e10   xdc_runtime_Startup_execImpl__C
00005e14   xdc_runtime_Startup_maxPasses__C
00005e18   xdc_runtime_Startup_sfxnRts__C
00005e1c   xdc_runtime_Startup_sfxnTab__C
00005e20   xdc_runtime_SysMin_bufSize__C
00005e24   xdc_runtime_SysMin_outputFunc__C
00005e28   xdc_runtime_System_Module__gateObj__C
00005e2c   xdc_runtime_System_extendFxn__C
00005e30   xdc_runtime_System_maxAtexitHandlers__C
00005e34   xdc_runtime_Text_charTab__C
00005e38   xdc_runtime_Text_nameEmpty__C
00005e3c   xdc_runtime_Text_nameStatic__C
00005e40   xdc_runtime_Text_nameUnknown__C
00005e44   xdc_runtime_Text_visitRopeFxn__C
00005e48   ti_catalog_arm_cortexm4_tiva_ce_Boot_Module__id__C
00005e4c   ti_sysbios_family_arm_lm4_TimestampProvider_useClockTimer__C
00005e50   ti_sysbios_family_arm_m3_Hwi_Module__id__C
00005e54   ti_sysbios_hal_Hwi_Module__id__C
00005e58   ti_sysbios_knl_Task_Module__id__C
00005e5c   ti_sysbios_knl_Task_initStackFlag__C
00005e60   xdc_runtime_Core_Module__id__C
00005e64   xdc_runtime_Error_Module__loggerDefined__C
00005e68   xdc_runtime_Error_maxDepth__C
00005e6c   xdc_runtime_HeapMin_Module__id__C
00005e70   xdc_runtime_HeapMin_freeError__C
00005e74   xdc_runtime_LoggerBuf_Module__id__C
00005e78   xdc_runtime_LoggerBuf_filterByLevel__C
00005e7c   xdc_runtime_Memory_Module__id__C
00005e80   xdc_runtime_SysMin_flushAtExit__C
00005e84   xdc_runtime_Text_charCnt__C
00005e88   xdc_runtime_Text_isLoaded__C
00005e8c   xdc_runtime_Text_registryModsLastId__C
00005e90   xdc_runtime_Text_unnamedModsLastId__C
00005e94   xdc_runtime_Error_policy__C
000062d4   __TI_Handler_Table_Base
000062e0   __TI_Handler_Table_Limit
000062f0   __TI_CINIT_Base
00006308   __TI_CINIT_Limit
20000000   ti_sysbios_family_arm_m3_Hwi_ramVectors
20000360   ti_sysbios_knl_Task_Instance_State_0_stack__A
20000760   ti_sysbios_knl_Task_Instance_State_1_stack__A
20000b60   ti_sysbios_knl_Task_Instance_State_2_stack__A
20000f60   ti_sysbios_knl_Task_Instance_State_3_stack__A
20001360   glcd_buffer
20001760   __CIOBUF_
20001880   xdc_runtime_LoggerBuf_Instance_State_0_entryArr__A
20001900   xdc_runtime_SysMin_Module_State_0_outbuf__A
20001980   ti_sysbios_knl_Task_Instance_State_0_hookEnv__A
20001984   ti_sysbios_knl_Task_Instance_State_1_hookEnv__A
20001988   ti_sysbios_knl_Task_Instance_State_2_hookEnv__A
2000198c   ti_sysbios_knl_Task_Instance_State_3_hookEnv__A
20001990   xdc_runtime_HeapMin_Instance_State_0_buf__A
200019b0   time_string
200019c4   glcd_dirty_pages
200019c8   ti_sysbios_family_arm_m3_Hwi_Module_State_0_dispatchTable__A
20001d28   ti_sysbios_BIOS_Module__state__V
20001d48   ti_sysbios_family_arm_lm4_Timer_Module__root__V
20001d50   ti_sysbios_family_arm_lm4_Timer_Module_State_0_handles__A
20001d68   ti_sysbios_family_arm_lm4_Timer_Module__state__V
20001d74   ti_sysbios_family_arm_lm4_TimestampProvider_Module__state__V
20001d7c   ti_sysbios_family_arm_m3_Hwi_Module__root__V
20001d84   ti_sysbios_family_arm_m3_Hwi_Module_State_0_excActive__A
20001d88   ti_sysbios_family_arm_m3_Hwi_Module_State_0_excContext__A
20001d8c   ti_sysbios_family_arm_m3_Hwi_Module_State_0_excStack__A
20001d90   ti_sysbios_gates_GateHwi_Module__root__V
20001d98   ti_sysbios_gates_GateHwi_Object__table__V
20001d9c   ti_sysbios_gates_GateMutexPri_Module__root__V
20001da4   ti_sysbios_hal_Hwi_Module__root__V
20001dac   ti_sysbios_hal_Hwi_Object__table__V
20001dbc   ti_sysbios_hal_Timer_Module__root__V
20001dc4   ti_sysbios_hal_Timer_Object__table__V
20001dcc   ti_sysbios_knl_Clock_Module__root__V
20001dd4   ti_sysbios_knl_Queue_Module__root__V
20001ddc   ti_sysbios_knl_Swi_Module__root__V
20001de4   ti_sysbios_knl_Swi_Module__state__V
20001e00   ti_sysbios_knl_Task_Module__root__V
20001e08   ti_sysbios_knl_Task_Module_State_0_idleTask__A
20001e0c   xdc_runtime_Error_Module__state__V
20001e10   xdc_runtime_GateNull_Module__root__V
20001e18   xdc_runtime_HeapMin_Module__root__V
20001e20   xdc_runtime_HeapMin_Object__table__V
20001e30   xdc_runtime_LoggerBuf_Module__root__V
20001e38   xdc_runtime_LoggerBuf_Module__state__V
20001e40   xdc_runtime_Memory_Module__state__V
20001e44   xdc_runtime_Registry_Module__state__V
20001e4c   xdc_runtime_Startup_Module__state__V
20001e54   xdc_runtime_SysMin_Module__state__V
20001e60   xdc_runtime_System_Module_State_0_atexitHandlers__A
20001e70   xdc_runtime_System_Module__state__V
20001e7c   xdc_runtime_Text_Module__state__V
20001e84   __xdc__init__addr
20001e88   ti_sysbios_knl_Task_Object__table__V
20001f6c   TSK_idle
20001fb8   ti_sysbios_knl_Swi_Module_State_0_readyQ__A
20002038   ti_sysbios_knl_Task_Module_State_0_readyQ__A
200020b8   ti_sysbios_family_arm_lm4_Timer_Object__table__V
20002128   ti_sysbios_family_arm_m3_Hwi_Object__table__V
20002188   ti_sysbios_family_arm_m3_Hwi_Module__state__V
200021dc   ti_sysbios_knl_Task_Module__state__V
20002220   ti_sysbios_family_arm_lm4_Timer_Module_State_0_device__A
20002250   ti_sysbios_knl_Swi_Object__table__V
20002280   ti_sysbios_knl_Clock_Module__state__V
200022a8   glcd_flipped
200022ac   pagemap
200022cc   xdc_runtime_LoggerBuf_Object__table__V
200022f0   _lock
200022f4   _unlock
200022f8   _cleanup_ptr
200022fc   _dtors_ptr
20002300   TimeOfDay
2000230c   main_func_sp
20002314   StateInfo
20002316   LastState
20002318   __stack
20002518   __STACK_TOP
20002718   __STACK_END
e000e000   ti_sysbios_family_arm_m3_Hwi_nvic
ffffffff   __binit__
ffffffff   __c_args__
ffffffff   binit
UNDEFED    SHT$$INIT_ARRAY$$Base
UNDEFED    SHT$$INIT_ARRAY$$Limit

[604 symbols]
