******************************************************************************
                  TI ARM Linker PC v5.0.4                      
******************************************************************************
>> Linked Mon May 27 17:40:16 2013

OUTPUT FILE NAME:   <Grocery.out>
ENTRY POINT SYMBOL: "_c_int00"  address: 00004aad


MEMORY CONFIGURATION

         name            origin    length      used     unused   attr    fill
----------------------  --------  ---------  --------  --------  ----  --------
  FLASH                 00000000   00040000  00006eaf  00039151  R  X
  SRAM                  20000000   00008000  00002bd7  00005429  RW X


SEGMENT ALLOCATION MAP

run origin  load origin   length   init length attrs members
----------  ----------- ---------- ----------- ----- -------
00000000    00000000    00006eb8   00006eb8    r-x
  00000000    00000000    00000360   00000360    r-- .resetVecs
  00000360    00000360    00005cd2   00005cd2    r-x .text
  00006034    00006034    00000995   00000995    r-- .const
  000069d0    000069d0    000004e8   000004e8    r-- .cinit
20000000    20000000    00001ddc   00000000    rw-
  20000000    20000000    00000360   00000000    rw- .vecs
  20000360    20000360    00001a7c   00000000    rw- .bss
20001ddc    20001ddc    00000dfc   000009fb    rw-
  20001ddc    20001ddc    000009fb   000009fb    rw- .data
  200027d8    200027d8    00000400   00000000    rw- .stack


SECTION ALLOCATION MAP

 output                                  attributes/
section   page    origin      length       input sections
--------  ----  ----------  ----------   ----------------
.bootVecs 
*          0    00000000    00000008     DSECT
                  00000000    00000008     boot.aem4f : boot.oem4f (.bootVecs)

.resetVecs 
*          0    00000000    00000360     
                  00000000    00000360     app_pem4f.oem4f (.resetVecs)

xdc.meta   0    00000000    000000d9     COPY SECTION
                  00000000    000000d9     app_pem4f.oem4f (xdc.meta)

xdc.noload 
*          0    00000000    00001242     COPY SECTION
                  00000000    00001242     app_pem4f.oem4f (xdc.noload)

.init_array 
*          0    00000000    00000000     UNINITIALIZED

.text      0    00000360    00005cd2     
                  00000360    00000520     Ps2Keyboard.obj (.text)
                  00000880    00000424     sysbios.aem4f : BIOS.obj (.text:ti_sysbios_family_arm_m3_Hwi_excDumpRegs__I)
                  00000ca4    0000041c     st7565.obj (.text)
                  000010c0    00000344     ti.targets.arm.rtsarm.aem4f : System.oem4f (.text:xdc_runtime_System_doPrint__I)
                  00001404    00000314     Graphics_Bmp.obj (.text)
                  00001718    000002e4     rtsv7M4_T_le_v4SPD16_eabi.lib : trgdrv.obj (.text)
                  000019fc    00000268     main.obj (.text)
                  00001c64    00000238     sysbios.aem4f : BIOS.obj (.text:ti_sysbios_knl_Semaphore_pend__E)
                  00001e9c    000001dc                   : BIOS.obj (.text:ti_sysbios_family_arm_m3_Hwi_excHandlerMax__I)
                  00002078    000001d8     driverlib-cm4f.lib : sysctl.obj (.text:SysCtlClockGet)
                  00002250    000001b8     buttons.obj (.text)
                  00002408    0000018c     sysbios.aem4f : BIOS.obj (.text:ti_sysbios_knl_Task_sleep__E)
                  00002594    00000168                   : BIOS.obj (.text:ti_sysbios_family_arm_m3_Hwi_excBusFault__I)
                  000026fc    00000154                   : BIOS.obj (.text:ti_sysbios_family_arm_m3_Hwi_excUsageFault__I)
                  00002850    00000140                   : BIOS.obj (.text:ti_sysbios_family_arm_m3_Hwi_excMemFault__I)
                  00002990    0000013c     ti.targets.arm.rtsarm.aem4f : Error.oem4f (.text:xdc_runtime_Error_raiseX__F)
                  00002acc    00000138     Boot.aem4f : Boot_sysctl.oem4f (.text:ti_catalog_arm_cortexm4_tiva_ce_Boot_sysCtlClockSetI__I)
                  00002c04    00000134     sysbios.aem4f : m3_Hwi_asm.obj (.text:ti_sysbios_family_arm_m3_Hwi_dispatch__I)
                  00002d38    0000012c     ti.targets.arm.rtsarm.aem4f : LoggerBuf.oem4f (.text:xdc_runtime_LoggerBuf_write8__F)
                  00002e64    00000128     sysbios.aem4f : BIOS.obj (.text:ti_sysbios_family_arm_lm4_TimestampProvider_get64__E)
                  00002f8c    00000114                   : BIOS.obj (.text:ti_sysbios_family_arm_lm4_Timer_initDevice__I)
                  000030a0    00000104     ti.targets.arm.rtsarm.aem4f : Core-mem.oem4f (.text:xdc_runtime_Core_createObject__I)
                  000031a4    000000fc     sysbios.aem4f : BIOS.obj (.text:ti_sysbios_family_arm_lm4_Timer_start__E)
                  000032a0    000000f8     ti.targets.arm.rtsarm.aem4f : Startup.oem4f (.text:xdc_runtime_Startup_startMods__I)
                  00003398    000000f8     app_pem4f.oem4f (.text:xdc_runtime_System_printfExtend__I)
                  00003490    000000ec     rtsv7M4_T_le_v4SPD16_eabi.lib : dtor_list.obj (.text)
                  0000357c    000000ec     sysbios.aem4f : BIOS.obj (.text:ti_sysbios_knl_Semaphore_post__E)
                  00003668    000000dc                   : BIOS.obj (.text:ti_sysbios_family_arm_m3_Hwi_initNVIC__E)
                  00003744    000000dc                   : BIOS.obj (.text:ti_sysbios_knl_Task_postInit__I)
                  00003820    000000d8     Clock.obj (.text)
                  000038f8    000000d4     ti.targets.arm.rtsarm.aem4f : LoggerBuf.oem4f (.text:xdc_runtime_LoggerBuf_write4__F)
                  000039cc    000000c8     driverlib-cm4f.lib : gpio.obj (.text:GPIOPadConfigSet)
                  00003a94    000000b4     sysbios.aem4f : BIOS.obj (.text:ti_sysbios_family_arm_m3_Hwi_excHardFault__I)
                  00003b48    000000b4                   : BIOS.obj (.text:ti_sysbios_knl_Task_checkStacks__E)
                  00003bfc    000000b0                   : BIOS.obj (.text:ti_sysbios_family_arm_m3_Hwi_excDebugMon__I)
                  00003cac    000000ac                   : BIOS.obj (.text:ti_sysbios_knl_Swi_schedule__I)
                  00003d58    000000a4                   : BIOS.obj (.text:ti_sysbios_family_arm_m3_Hwi_Module_startup__F)
                  00003dfc    000000a0     auto_init.aem4f : auto_init.oem4f (.text)
                  00003e9c    0000009c     rtsv7M4_T_le_v4SPD16_eabi.lib : memcpy_t2.obj (.text)
                  00003f38    0000009a     ti.targets.arm.rtsarm.aem4f : Text.oem4f (.text:xdc_runtime_Text_putSite__F)
                  00003fd2    00000002     sysbios.aem4f : BIOS.obj (.text:ti_sysbios_BIOS_nullFunc__I)
                  00003fd4    00000094     Boot.aem4f : Boot.oem4f (.text:ti_catalog_arm_cortexm4_tiva_ce_Boot_sysCtlClockSet__E)
                  00004068    00000094     ti.targets.arm.rtsarm.aem4f : Text.oem4f (.text:xdc_runtime_Text_putMod__F)
                  000040fc    00000090     sysbios.aem4f : BIOS.obj (.text:ti_sysbios_knl_Task_exit__E)
                  0000418c    00000090                   : BIOS.obj (.text:ti_sysbios_knl_Task_startCore__E)
                  0000421c    0000008c                   : m3_TaskSupport_asm.obj (.text:_ti_sysbios_family_arm_m3_TaskSupport_buildTaskStack)
                  000042a8    0000008c     ti.targets.arm.rtsarm.aem4f : HeapMin.oem4f (.text:xdc_runtime_HeapMin_Instance_init__F)
                  00004334    00000088     sysbios.aem4f : BIOS.obj (.text:ti_sysbios_knl_Task_schedule__I)
                  000043bc    00000084                   : BIOS.obj (.text:ti_sysbios_knl_Task_Module_startup__F)
                  00004440    00000080     ti.targets.arm.rtsarm.aem4f : LoggerBuf.oem4f (.text:xdc_runtime_LoggerBuf_setFilterLevel__F)
                  000044c0    00000078     rtsv7M4_T_le_v4SPD16_eabi.lib : memset_t2.obj (.text)
                  00004538    00000070     ti.targets.arm.rtsarm.aem4f : Memory.oem4f (.text:xdc_runtime_Memory_alloc__F)
                  000045a8    0000006c     sysbios.aem4f : BIOS.obj (.text:ti_sysbios_knl_Clock_workFunc__E)
                  00004614    0000006c     ti.targets.arm.rtsarm.aem4f : Error.oem4f (.text:xdc_runtime_Error_print__F)
                  00004680    0000006c                                 : LoggerBuf.oem4f (.text:xdc_runtime_LoggerBuf_getFilterLevel__F)
                  000046ec    00000066                                 : Core-mem.oem4f (.text:xdc_runtime_Core_deleteObject__I)
                  00004752    00000002     sysbios.aem4f : BIOS.obj (.text:ti_sysbios_gates_GateHwi_Instance_init__F)
                  00004754    00000064     driverlib-cm4f.lib : interrupt.obj (.text:IntEnable)
                  000047b8    00000060     rtsv7M4_T_le_v4SPD16_eabi.lib : trgmsg.obj (.text)
                  00004818    00000060     sysbios.aem4f : BIOS.obj (.text:ti_sysbios_family_arm_m3_Hwi_dispatchC__I)
                  00004878    00000060                   : BIOS.obj (.text:ti_sysbios_knl_Swi_run__I)
                  000048d8    00000060     app_pem4f.oem4f (.text:xdc_runtime_LoggerBuf_Object__create__S)
                  00004938    0000005e     rtsv7M4_T_le_v4SPD16_eabi.lib : copy_decompress_rle.obj (.text)
                  00004996    00000002     sysbios.aem4f : BIOS.obj (.text:ti_sysbios_knl_Clock_logTick__E)
                  00004998    0000005c                   : BIOS.obj (.text:ti_sysbios_family_arm_lm4_Timer_Module_startup__F)
                  000049f4    0000005c                   : BIOS.obj (.text:ti_sysbios_knl_Swi_restoreHwi__E)
                  00004a50    0000005b     ti.targets.arm.rtsarm.aem4f : Text.oem4f (.text:xdc_runtime_Text_putLab__F)
                  00004aab    00000001     --HOLE-- [fill = 0]
                  00004aac    00000058     boot.aem4f : boot.oem4f (.text)
                  00004b04    00000058     driverlib-cm4f.lib : sysctl.obj (.text:SysCtlPeripheralEnable)
                  00004b5c    00000058     sysbios.aem4f : BIOS.obj (.text:ti_sysbios_knl_Task_unblockI__E)
                  00004bb4    00000050     ti.targets.arm.rtsarm.aem4f : Startup.oem4f (.text:xdc_runtime_Startup_exec__F)
                  00004c04    00000050                                 : System.oem4f (.text:xdc_runtime_System_formatNum__I)
                  00004c54    00000048     driverlib-cm4f.lib : gpio.obj (.text:GPIOPinConfigure)
                  00004c9c    00000048     sysbios.aem4f : BIOS.obj (.text:ti_sysbios_family_arm_m3_Hwi_excReserved__I)
                  00004ce4    00000048                   : BIOS.obj (.text:ti_sysbios_knl_Task_allBlockedFunction__I)
                  00004d2c    00000048     ti.targets.arm.rtsarm.aem4f : Assert.oem4f (.text:xdc_runtime_Assert_raise__I)
                  00004d74    00000048                                 : Core-params.oem4f (.text:xdc_runtime_Core_assignParams__I)
                  00004dbc    00000044     driverlib-cm4f.lib : gpio.obj (.text:GPIOIntTypeSet)
                  00004e00    00000044                        : ssi.obj (.text:SSIConfigSetExpClk)
                  00004e44    00000044     rtsv7M4_T_le_v4SPD16_eabi.lib : cpy_tbl.obj (.text)
                  00004e88    00000044     sysbios.aem4f : BIOS.obj (.text:ti_sysbios_family_arm_lm4_Timer_isrStub__E)
                  00004ecc    00000044                   : BIOS.obj (.text:ti_sysbios_family_arm_m3_Hwi_disableInterrupt__E)
                  00004f10    00000044                   : BIOS.obj (.text:ti_sysbios_family_arm_m3_Hwi_enableInterrupt__E)
                  00004f54    00000044                   : BIOS.obj (.text:ti_sysbios_knl_Swi_post__E)
                  00004f98    00000044     ti.targets.arm.rtsarm.aem4f : LoggerBuf.oem4f (.text:xdc_runtime_LoggerBuf_filterOutEvent__I)
                  00004fdc    00000044                                 : SysMin.oem4f (.text:xdc_runtime_SysMin_flush__F)
                  00005020    00000040     rtsv7M4_T_le_v4SPD16_eabi.lib : exit.obj (.text)
                  00005060    00000040     sysbios.aem4f : BIOS.obj (.text:ti_sysbios_family_arm_lm4_Timer_startup__E)
                  000050a0    00000040                   : BIOS.obj (.text:ti_sysbios_knl_Semaphore_pendTimeout__I)
                  000050e0    00000040                   : BIOS.obj (.text:ti_sysbios_knl_Task_processVitalTaskFlag__I)
                  00005120    00000040     ti.targets.arm.rtsarm.aem4f : System.oem4f (.text:xdc_runtime_System_atexit__F)
                  00005160    0000003c     sysbios.aem4f : BIOS.obj (.text:ti_sysbios_family_arm_m3_Hwi_excSvCall__I)
                  0000519c    0000003c                   : BIOS.obj (.text:ti_sysbios_knl_Swi_restore__E)
                  000051d8    0000003c     ti.targets.arm.rtsarm.aem4f : HeapMin.oem4f (.text:xdc_runtime_HeapMin_alloc__F)
                  00005214    0000003c                                 : Text.oem4f (.text:xdc_runtime_Text_xprintf__I)
                  00005250    00000038     sysbios.aem4f : BIOS.obj (.text:ti_sysbios_family_arm_m3_Hwi_excNoIsr__I)
                  00005288    00000038                   : BIOS.obj (.text:ti_sysbios_family_arm_m3_Hwi_getStackInfo__E)
                  000052c0    00000038                   : BIOS.obj (.text:ti_sysbios_family_arm_m3_TaskSupport_start__E)
                  000052f8    00000038     ti.targets.arm.rtsarm.aem4f : LoggerBuf.oem4f (.text:xdc_runtime_LoggerBuf_Instance_init__F)
                  00005330    00000038                                 : SysMin.oem4f (.text:xdc_runtime_SysMin_putch__F)
                  00005368    00000034     sysbios.aem4f : BIOS.obj (.text:ti_sysbios_family_arm_m3_Hwi_excNmi__I)
                  0000539c    00000034     app_pem4f.oem4f (.text:ti_sysbios_gates_GateHwi_Object__create__S)
                  000053d0    00000034     sysbios.aem4f : BIOS.obj (.text:ti_sysbios_hal_Hwi_checkStack:ti_sysbios_hal_Hwi_checkStack)
                  00005404    00000034     app_pem4f.oem4f (.text:xdc_runtime_HeapMin_Object__create__S)
                  00005438    00000030     sysbios.aem4f : BIOS.obj (.text:ti_sysbios_BIOS_errorRaiseHook__I)
                  00005468    00000030     app_pem4f.oem4f (.text:ti_sysbios_BIOS_exitFunc__I)
                  00005498    00000030     sysbios.aem4f : BIOS.obj (.text:ti_sysbios_family_arm_lm4_Timer_enableTimers__I)
                  000054c8    00000030                   : BIOS.obj (.text:ti_sysbios_family_arm_lm4_Timer_stop__E)
                  000054f8    00000030                   : BIOS.obj (.text:ti_sysbios_knl_Idle_run__E)
                  00005528    00000030     ti.targets.arm.rtsarm.aem4f : Core-label.oem4f (.text:xdc_runtime_Core_assignLabel__I)
                  00005558    00000030                                 : HeapMin.oem4f (.text:xdc_runtime_HeapMin_free__F)
                  00005588    00000030                                 : SysMin.oem4f (.text:xdc_runtime_SysMin_abort__F)
                  000055b8    0000002f                                 : Text.oem4f (.text:xdc_runtime_Text_printVisFxn__I)
                  000055e7    00000001     --HOLE-- [fill = 0]
                  000055e8    0000002e     driverlib-cm4f.lib : gpio.obj (.text:GPIODirModeSet)
                  00005616    0000002e     app_pem4f.oem4f (.text:malloc)
                  00005644    0000002e     sysbios.aem4f : BIOS.obj (.text:ti_sysbios_knl_Task_sleepTimeout__I)
                  00005672    0000002c                   : BIOS.obj (.text:ti_sysbios_hal_Hwi_initStack:ti_sysbios_hal_Hwi_initStack)
                  0000569e    00000002     app_pem4f.oem4f (.text:xdc_runtime_Startup_reset__I)
                  000056a0    0000002c     app_pem4f.oem4f (.text:ti_sysbios_knl_Clock_doTick__I)
                  000056cc    0000002c     sysbios.aem4f : BIOS.obj (.text:ti_sysbios_knl_Task_restore__E)
                  000056f8    0000002c     ti.targets.arm.rtsarm.aem4f : System.oem4f (.text:xdc_runtime_System_rtsExit__I)
                  00005724    0000002c                                 : Text.oem4f (.text:xdc_runtime_Text_cordText__F)
                  00005750    0000002a                                 : System.oem4f (.text:xdc_runtime_System_putchar__I)
                  0000577a    00000002     --HOLE-- [fill = 0]
                  0000577c    00000028     driverlib-cm4f.lib : timer.obj (.text:TimerConfigure)
                  000057a4    00000028     sysbios.aem4f : m3_Hwi_asm_switch.obj (.text:_ti_sysbios_family_arm_m3_Hwi_initStacks__E)
                  000057cc    00000028                   : BIOS.obj (.text:ti_sysbios_knl_Clock_addI__E)
                  000057f4    00000028     ti.targets.arm.rtsarm.aem4f : LoggerBuf.oem4f (.text:xdc_runtime_LoggerBuf_Module_startup__F)
                  0000581c    00000026                                 : System.oem4f (.text:xdc_runtime_System_avprintf__F)
                  00005842    00000002     --HOLE-- [fill = 0]
                  00005844    00000024     sysbios.aem4f : BIOS.obj (.text:ti_sysbios_knl_Clock_Module_startup__F)
                  00005868    00000024                   : BIOS.obj (.text:ti_sysbios_knl_Swi_Module_startup__F)
                  0000588c    00000024                   : BIOS.obj (.text:ti_sysbios_knl_Task_restoreHwi__E)
                  000058b0    00000024     ti.targets.arm.rtsarm.aem4f : System.oem4f (.text:xdc_runtime_System_vprintf__F)
                  000058d4    00000022     app_pem4f.oem4f (.text:xdc_runtime_SysMin_output__I)
                  000058f6    00000002     --HOLE-- [fill = 0]
                  000058f8    00000020     sysbios.aem4f : BIOS.obj (.text:ti_sysbios_BIOS_removeRTSLock__I)
                  00005918    00000020     app_pem4f.oem4f (.text:ti_sysbios_BIOS_startFunc__I)
                  00005938    00000020     app_pem4f.oem4f (.text:ti_sysbios_gates_GateHwi_Object__delete__S)
                  00005958    00000020     sysbios.aem4f : BIOS.obj (.text:ti_sysbios_knl_Task_enter__I)
                  00005978    00000020     app_pem4f.oem4f (.text:xdc_runtime_HeapMin_Object__delete__S)
                  00005998    00000020     app_pem4f.oem4f (.text:xdc_runtime_LoggerBuf_Object__delete__S)
                  000059b8    00000020     ti.targets.arm.rtsarm.aem4f : LoggerBuf.oem4f (.text:xdc_runtime_LoggerBuf_reset__F)
                  000059d8    00000020                                 : Registry.oem4f (.text:xdc_runtime_Registry_findById__F)
                  000059f8    00000020                                 : SysMin.oem4f (.text:xdc_runtime_SysMin_Module_startup__F)
                  00005a18    0000001e     sysbios.aem4f : BIOS.obj (.text:ti_sysbios_family_arm_lm4_Timer_write__I)
                  00005a36    0000001c                   : BIOS.obj (.text:ti_sysbios_knl_Queue_put__E)
                  00005a52    00000002     --HOLE-- [fill = 0]
                  00005a54    0000001c     ti.targets.arm.rtsarm.aem4f : Error.oem4f (.text:xdc_runtime_Error_check__F)
                  00005a70    0000001c                                 : Memory.oem4f (.text:xdc_runtime_Memory_valloc__F)
                  00005a8c    0000001c                                 : SysMin.oem4f (.text:xdc_runtime_SysMin_exit__F)
                  00005aa8    0000001a     app_pem4f.oem4f (.text:xdc_runtime_System_aprintf__E)
                  00005ac2    0000001a     app_pem4f.oem4f (.text:xdc_runtime_System_printf__E)
                  00005adc    00000018     sysbios.aem4f : m3_TaskSupport_asm.obj (.text:_ti_sysbios_family_arm_m3_TaskSupport_swap__E)
                  00005af4    00000018     app_pem4f.oem4f (.text:free)
                  00005b0c    00000018     rtsv7M4_T_le_v4SPD16_eabi.lib : args_main.obj (.text)
                  00005b24    00000018     app_pem4f.oem4f (.text:ti_sysbios_family_arm_lm4_Timer_Module__startupDone__F)
                  00005b3c    00000018     app_pem4f.oem4f (.text:ti_sysbios_family_arm_m3_Hwi_Handle__label__S)
                  00005b54    00000018     app_pem4f.oem4f (.text:ti_sysbios_family_arm_m3_Hwi_Module__startupDone__F)
                  00005b6c    00000018     app_pem4f.oem4f (.text:ti_sysbios_gates_GateHwi_Handle__label__S)
                  00005b84    00000018     app_pem4f.oem4f (.text:ti_sysbios_hal_Timer_Module__startupDone__F)
                  00005b9c    00000018     app_pem4f.oem4f (.text:ti_sysbios_knl_Swi_Handle__label__S)
                  00005bb4    00000018     app_pem4f.oem4f (.text:ti_sysbios_knl_Task_Handle__label__S)
                  00005bcc    00000018     app_pem4f.oem4f (.text:xdc_runtime_HeapMin_Handle__label__S)
                  00005be4    00000018     app_pem4f.oem4f (.text:xdc_runtime_LoggerBuf_Handle__label__S)
                  00005bfc    00000018     ti.targets.arm.rtsarm.aem4f : Text.oem4f (.text:xdc_runtime_Text_ropeText__F)
                  00005c14    00000014     rtsv7M4_T_le_v4SPD16_eabi.lib : _lock.obj (.text)
                  00005c28    00000014                                   : strlen.obj (.text)
                  00005c3c    00000014     sysbios.aem4f : BIOS.obj (.text:ti_sysbios_family_arm_m3_Hwi_switchFromBootStack__E)
                  00005c50    00000014     app_pem4f.oem4f (.text:ti_sysbios_knl_Swi_Object__get__S)
                  00005c64    00000014     ti.targets.arm.rtsarm.aem4f : LoggerBuf.oem4f (.text:xdc_runtime_LoggerBuf_Instance_finalize__F)
                  00005c78    00000014     app_pem4f.oem4f (.text:xdc_runtime_LoggerBuf_Object__get__S)
                  00005c8c    00000014     ti.targets.arm.rtsarm.aem4f : LoggerBuf.oem4f (.text:xdc_runtime_LoggerBuf_write2__F)
                  00005ca0    00000014                                 : System.oem4f (.text:xdc_runtime_System_abort__F)
                  00005cb4    00000012     driverlib-cm4f.lib : gpio.obj (.text:GPIOPinTypeGPIOInput)
                  00005cc6    00000012                        : gpio.obj (.text:GPIOPinTypeGPIOOutput)
                  00005cd8    00000012                        : gpio.obj (.text:GPIOPinTypeSSI)
                  00005cea    00000012                        : timer.obj (.text:TimerLoadSet)
                  00005cfc    00000012     rtsv7M4_T_le_v4SPD16_eabi.lib : copy_zero_init.obj (.text:decompress:ZI)
                  00005d0e    00000012     sysbios.aem4f : BIOS.obj (.text:ti_sysbios_hal_Hwi_Module_startup__F)
                  00005d20    00000012                   : BIOS.obj (.text:ti_sysbios_hal_Timer_Module_startup__F)
                  00005d32    00000012     ti.targets.arm.rtsarm.aem4f : LoggerBuf.oem4f (.text:xdc_runtime_LoggerBuf_write1__F)
                  00005d44    00000012     app_pem4f.oem4f (.text:xdc_runtime_Startup_exec__I)
                  00005d56    00000010     sysbios.aem4f : m3_TaskSupport_asm.obj (.text:_ti_sysbios_family_arm_m3_TaskSupport_glue)
                  00005d66    00000010                   : m3_Hwi_asm_switch.obj (.text:_ti_sysbios_family_xxx_Hwi_switchToIsrStack)
                  00005d76    00000010     rtsv7M4_T_le_v4SPD16_eabi.lib : strcpy.obj (.text)
                  00005d86    00000002     --HOLE-- [fill = 0]
                  00005d88    00000010     sysbios.aem4f : BIOS.obj (.text:ti_sysbios_BIOS_setThreadType__E)
                  00005d98    00000010                   : BIOS.obj (.text:ti_sysbios_BIOS_start__E)
                  00005da8    00000010                   : BIOS.obj (.text:ti_sysbios_family_arm_lm4_TimestampProvider_rolloverFunc__E)
                  00005db8    00000010                   : BIOS.obj (.text:ti_sysbios_family_arm_m3_Hwi_excHandler__I)
                  00005dc8    00000010                   : BIOS.obj (.text:ti_sysbios_knl_Swi_disable__E)
                  00005dd8    00000010     app_pem4f.oem4f (.text:ti_sysbios_knl_Task_Object__get__S)
                  00005de8    00000010     sysbios.aem4f : BIOS.obj (.text:ti_sysbios_knl_Task_disable__E)
                  00005df8    00000010     ti.targets.arm.rtsarm.aem4f : Gate.oem4f (.text:xdc_runtime_Gate_leaveSystem__F)
                  00005e08    00000010                                 : LoggerBuf.oem4f (.text:xdc_runtime_LoggerBuf_write0__F)
                  00005e18    00000010                                 : Memory.oem4f (.text:xdc_runtime_Memory_free__F)
                  00005e28    00000010                                 : SysMin.oem4f (.text:xdc_runtime_SysMin_ready__F)
                  00005e38    00000010                                 : System.oem4f (.text:xdc_runtime_System_vsnprintf__F)
                  00005e48    0000000e     driverlib-cm4f.lib : timer.obj (.text:TimerEnable)
                  00005e56    0000000e     rtsv7M4_T_le_v4SPD16_eabi.lib : copy_decompress_none.obj (.text:decompress:none)
                  00005e64    0000000e     sysbios.aem4f : BIOS.obj (.text:ti_sysbios_family_arm_m3_TaskSupport_checkStack__E)
                  00005e72    0000000e                   : BIOS.obj (.text:ti_sysbios_knl_Queue_empty__E)
                  00005e80    0000000c     app_pem4f.oem4f (.text:.bootCodeSection:ti_catalog_arm_cortexm4_tiva_ce_Boot_init__I)
                  00005e8c    0000000c     driverlib-cm4f.lib : gpio.obj (.text:GPIOPinIntEnable)
                  00005e98    0000000c     sysbios.aem4f : m3_Hwi_asm_switch.obj (.text:_ti_sysbios_family_xxx_Hwi_switchToTaskStack)
                  00005ea4    0000000c                   : BIOS.obj (.text:ti_sysbios_family_arm_lm4_Timer_masterDisable__I)
                  00005eb0    0000000c                   : BIOS.obj (.text:ti_sysbios_family_arm_lm4_TimestampProvider_startTimer__E)
                  00005ebc    0000000c                   : BIOS.obj (.text:ti_sysbios_gates_GateHwi_enter__E)
                  00005ec8    0000000c     app_pem4f.oem4f (.text:ti_sysbios_knl_Queue_Object__get__S)
                  00005ed4    0000000c     ti.targets.arm.rtsarm.aem4f : Error.oem4f (.text:xdc_runtime_Error_init__F)
                  00005ee0    0000000c                                 : Gate.oem4f (.text:xdc_runtime_Gate_enterSystem__F)
                  00005eec    0000000c                                 : HeapMin.oem4f (.text:xdc_runtime_HeapMin_getStats__F)
                  00005ef8    0000000c                                 : Memory.oem4f (.text:xdc_runtime_Memory_calloc__F)
                  00005f04    0000000c                                 : Memory.oem4f (.text:xdc_runtime_Memory_getMaxDefaultTypeAlign__F)
                  00005f10    0000000c                                 : System.oem4f (.text:xdc_runtime_System_exit__F)
                  00005f1c    0000000c                                 : System.oem4f (.text:xdc_runtime_System_lastFxn__I)
                  00005f28    0000000a     driverlib-cm4f.lib : gpio.obj (.text:GPIOPinRead)
                  00005f32    0000000a                        : gpio.obj (.text:GPIOPinWrite)
                  00005f3c    0000000a                        : ssi.obj (.text:SSIDataPut)
                  00005f46    0000000a                        : ssi.obj (.text:SSIEnable)
                  00005f50    0000000a     app_pem4f.oem4f (.text:xdc_runtime_IHeap_alloc)
                  00005f5a    0000000a     app_pem4f.oem4f (.text:xdc_runtime_IHeap_free)
                  00005f64    0000000a     ti.targets.arm.rtsarm.aem4f : LoggerBuf.oem4f (.text:xdc_runtime_LoggerBuf_disable__F)
                  00005f6e    0000000a                                 : LoggerBuf.oem4f (.text:xdc_runtime_LoggerBuf_enable__F)
                  00005f78    00000008     driverlib-cm4f.lib : ssi.obj (.text:SSIBusy)
                  00005f80    00000008                        : timer.obj (.text:TimerIntEnable)
                  00005f88    00000008     sysbios.aem4f : BIOS.obj (.text:ti_sysbios_family_arm_m3_Hwi_doSwiRestore__I)
                  00005f90    00000008                   : BIOS.obj (.text:ti_sysbios_family_arm_m3_Hwi_startup__E)
                  00005f98    00000008                   : BIOS.obj (.text:ti_sysbios_knl_Idle_loop__E)
                  00005fa0    00000008     app_pem4f.oem4f (.text:xdc_runtime_Text_visitRope__I)
                  00005fa8    00000006     driverlib-cm4f.lib : gpio.obj (.text:GPIOPinIntClear)
                  00005fae    00000006     ti.targets.arm.rtsarm.aem4f : xdc_noinit.oem4f (.text:__xdc__init)
                  00005fb4    00000006     rtsv7M4_T_le_v4SPD16_eabi.lib : copy_decompress_rle.obj (.text:decompress:rle24)
                  00005fba    00000006     Boot.aem4f : Boot_sysctl.oem4f (.text:ti_catalog_arm_cortexm4_tiva_ce_Boot_sysCtlDelayI__I)
                  00005fc0    00000006     sysbios.aem4f : BIOS.obj (.text:ti_sysbios_family_arm_lm4_TimestampProvider_Module_startup__F)
                  00005fc6    00000006                   : BIOS.obj (.text:ti_sysbios_family_arm_m3_Hwi_doTaskRestore__I)
                  00005fcc    00000006                   : BIOS.obj (.text:ti_sysbios_gates_GateHwi_leave__E)
                  00005fd2    00000006                   : BIOS.obj (.text:ti_sysbios_knl_Swi_startup__E)
                  00005fd8    00000006     ti.targets.arm.rtsarm.aem4f : System.oem4f (.text:xdc_runtime_System_Module_startup__F)
                  00005fde    00000004     driverlib-cm4f.lib : timer.obj (.text:TimerIntClear)
                  00005fe2    00000004     sysbios.aem4f : BIOS.obj (.text:ti_sysbios_family_arm_lm4_Timer_getPeriod__E)
                  00005fe6    00000004                   : BIOS.obj (.text:ti_sysbios_family_arm_lm4_Timer_masterEnable__I)
                  00005fea    00000004     app_pem4f.oem4f (.text:ti_sysbios_family_arm_m3_TaskSupport_Module__startupDone__S)
                  00005fee    00000004     sysbios.aem4f : BIOS.obj (.text:ti_sysbios_gates_GateHwi_query__F)
                  00005ff2    00000004     app_pem4f.oem4f (.text:ti_sysbios_hal_Hwi_HwiProxy_Module__startupDone__S)
                  00005ff6    00000004     app_pem4f.oem4f (.text:ti_sysbios_hal_Timer_TimerProxy_Module__startupDone__S)
                  00005ffa    00000004     app_pem4f.oem4f (.text:ti_sysbios_hal_Timer_TimerProxy_getPeriod__E)
                  00005ffe    00000004     app_pem4f.oem4f (.text:ti_sysbios_knl_Task_SupportProxy_Module__startupDone__S)
                  00006002    00000004     sysbios.aem4f : BIOS.obj (.text:ti_sysbios_knl_Task_startup__E)
                  00006006    00000004     ti.targets.arm.rtsarm.aem4f : Error.oem4f (.text:xdc_runtime_Error_getSite__F)
                  0000600a    00000004                                 : HeapMin.oem4f (.text:xdc_runtime_HeapMin_isBlocking__F)
                  0000600e    00000004     app_pem4f.oem4f (.text:xdc_runtime_LoggerBuf_Module_GateProxy_enter__E)
                  00006012    00000004     app_pem4f.oem4f (.text:xdc_runtime_LoggerBuf_Module_GateProxy_leave__E)
                  00006016    00000004     app_pem4f.oem4f (.text:xdc_runtime_Memory_HeapProxy_alloc__E)
                  0000601a    00000004     app_pem4f.oem4f (.text:xdc_runtime_Memory_HeapProxy_free__E)
                  0000601e    00000004     app_pem4f.oem4f (.text:xdc_runtime_System_Module_GateProxy_enter__E)
                  00006022    00000004     app_pem4f.oem4f (.text:xdc_runtime_System_Module_GateProxy_leave__E)
                  00006026    00000004     ti.targets.arm.rtsarm.aem4f : System.oem4f (.text:xdc_runtime_System_aprintf_va__F)
                  0000602a    00000004                                 : System.oem4f (.text:xdc_runtime_System_printf_va__F)
                  0000602e    00000004     app_pem4f.oem4f (.text:xdc_runtime_System_vsnprintf__E)

.const     0    00006034    00000995     
                  00006034    000001b6     Font.obj (.const:.string:MyFont)
                  000061ea    00000002     --HOLE-- [fill = 0]
                  000061ec    000000d8     app_pem4f.oem4f (.const:ti_sysbios_family_arm_m3_Hwi_priorities__A)
                  000062c4    000000ac     scancodes.obj (.const:shifted)
                  00006370    000000ac     scancodes.obj (.const:unshifted)
                  0000641c    00000078     driverlib-cm4f.lib : gpio.obj (.const:g_pulGPIOBaseAddrs)
                  00006494    00000070                        : interrupt.obj (.const)
                  00006504    0000006c                        : sysctl.obj (.const:g_pulXtals)
                  00006570    00000048     app_pem4f.oem4f (.const:.string)
                  000065b8    00000040     driverlib-cm4f.lib : sysctl.obj (.const)
                  000065f8    0000003c     app_pem4f.oem4f (.const:xdc_runtime_LoggerBuf_Module__FXNS__C)
                  00006634    0000002c     app_pem4f.oem4f (.const:xdc_runtime_Startup_sfxnTab__A)
                  00006660    00000028     app_pem4f.oem4f (.const:xdc_runtime_HeapMin_Module__FXNS__C)
                  00006688    00000024     app_pem4f.oem4f (.const)
                  000066ac    00000024     app_pem4f.oem4f (.const:ti_sysbios_gates_GateHwi_Module__FXNS__C)
                  000066d0    00000024     app_pem4f.oem4f (.const:xdc_runtime_LoggerBuf_Object__PARAMS__C)
                  000066f4    00000020     app_pem4f.oem4f (.const:ti_sysbios_gates_GateHwi_Object__DESC__C)
                  00006714    00000020     app_pem4f.oem4f (.const:xdc_runtime_HeapMin_Object__DESC__C)
                  00006734    00000020     app_pem4f.oem4f (.const:xdc_runtime_HeapMin_Object__PARAMS__C)
                  00006754    00000020     app_pem4f.oem4f (.const:xdc_runtime_LoggerBuf_Object__DESC__C)
                  00006774    00000018     app_pem4f.oem4f (.const:ti_sysbios_gates_GateHwi_Object__PARAMS__C)
                  0000678c    00000018     app_pem4f.oem4f (.const:ti_sysbios_knl_Task_hooks__A)
                  000067a4    00000016     app_pem4f.oem4f (.const:xdc_runtime_Startup_sfxnRts__A)
                  000067ba    00000002     --HOLE-- [fill = 0]
                  000067bc    00000011     ti.targets.arm.rtsarm.aem4f : System.oem4f (.const)
                  000067cd    00000003     --HOLE-- [fill = 0]
                  000067d0    00000010     app_pem4f.oem4f (.const:xdc_runtime_Startup_firstFxns__A)
                  000067e0    00000008     app_pem4f.oem4f (.const:ti_sysbios_family_arm_m3_Hwi_excHookFuncs__A)
                  000067e8    00000008     app_pem4f.oem4f (.const:ti_sysbios_knl_Idle_coreList__C)
                  000067f0    00000008     app_pem4f.oem4f (.const:ti_sysbios_knl_Idle_funcList__C)
                  000067f8    00000008     app_pem4f.oem4f (.const:ti_sysbios_knl_Task_hooks__C)
                  00006800    00000008     app_pem4f.oem4f (.const:xdc_runtime_Startup_firstFxns__C)
                  00006808    00000008     app_pem4f.oem4f (.const:xdc_runtime_Startup_lastFxns__A)
                  00006810    00000008     app_pem4f.oem4f (.const:xdc_runtime_Startup_lastFxns__C)
                  00006818    00000004     app_pem4f.oem4f (.const:ti_catalog_arm_cortexm4_tiva_ce_Boot_A_mustUseEnhancedClockMode__C)
                  0000681c    00000004     app_pem4f.oem4f (.const:ti_catalog_arm_cortexm4_tiva_ce_Boot_Module__diagsEnabled__C)
                  00006820    00000004     app_pem4f.oem4f (.const:ti_catalog_arm_cortexm4_tiva_ce_Boot_Module__diagsIncluded__C)
                  00006824    00000004     app_pem4f.oem4f (.const:ti_catalog_arm_cortexm4_tiva_ce_Boot_Module__diagsMask__C)
                  00006828    00000004     app_pem4f.oem4f (.const:ti_sysbios_BIOS_installedErrorHook__C)
                  0000682c    00000004     app_pem4f.oem4f (.const:ti_sysbios_family_arm_lm4_Timer_numTimerDevices__C)
                  00006830    00000004     app_pem4f.oem4f (.const:ti_sysbios_family_arm_lm4_Timer_startupNeeded__C)
                  00006834    00000004     app_pem4f.oem4f (.const:ti_sysbios_family_arm_m3_Hwi_E_NMI__C)
                  00006838    00000004     app_pem4f.oem4f (.const:ti_sysbios_family_arm_m3_Hwi_E_busFault__C)
                  0000683c    00000004     app_pem4f.oem4f (.const:ti_sysbios_family_arm_m3_Hwi_E_debugMon__C)
                  00006840    00000004     app_pem4f.oem4f (.const:ti_sysbios_family_arm_m3_Hwi_E_hardFault__C)
                  00006844    00000004     app_pem4f.oem4f (.const:ti_sysbios_family_arm_m3_Hwi_E_memFault__C)
                  00006848    00000004     app_pem4f.oem4f (.const:ti_sysbios_family_arm_m3_Hwi_E_noIsr__C)
                  0000684c    00000004     app_pem4f.oem4f (.const:ti_sysbios_family_arm_m3_Hwi_E_reserved__C)
                  00006850    00000004     app_pem4f.oem4f (.const:ti_sysbios_family_arm_m3_Hwi_E_svCall__C)
                  00006854    00000004     app_pem4f.oem4f (.const:ti_sysbios_family_arm_m3_Hwi_E_usageFault__C)
                  00006858    00000004     app_pem4f.oem4f (.const:ti_sysbios_family_arm_m3_Hwi_NUM_INTERRUPTS__C)
                  0000685c    00000004     app_pem4f.oem4f (.const:ti_sysbios_family_arm_m3_Hwi_ccr__C)
                  00006860    00000004     app_pem4f.oem4f (.const:ti_sysbios_family_arm_m3_Hwi_dispatchTable__C)
                  00006864    00000004     app_pem4f.oem4f (.const:ti_sysbios_family_arm_m3_Hwi_excHandlerFunc__C)
                  00006868    00000004     app_pem4f.oem4f (.const:ti_sysbios_family_arm_m3_Hwi_excHookFuncs__C)
                  0000686c    00000004     app_pem4f.oem4f (.const:ti_sysbios_family_arm_m3_Hwi_priGroup__C)
                  00006870    00000004     app_pem4f.oem4f (.const:ti_sysbios_family_arm_m3_Hwi_priorities__C)
                  00006874    00000004     app_pem4f.oem4f (.const:ti_sysbios_hal_Hwi_E_stackOverflow__C)
                  00006878    00000004     app_pem4f.oem4f (.const:ti_sysbios_knl_Clock_Module_State_clockQ__O)
                  0000687c    00000004     app_pem4f.oem4f (.const:ti_sysbios_knl_Idle_coreList__A)
                  00006880    00000004     app_pem4f.oem4f (.const:ti_sysbios_knl_Idle_funcList__A)
                  00006884    00000004     app_pem4f.oem4f (.const:ti_sysbios_knl_Semaphore_A_badContext__C)
                  00006888    00000004     app_pem4f.oem4f (.const:ti_sysbios_knl_Semaphore_A_overflow__C)
                  0000688c    00000004     app_pem4f.oem4f (.const:ti_sysbios_knl_Semaphore_A_pendTaskDisabled__C)
                  00006890    00000004     app_pem4f.oem4f (.const:ti_sysbios_knl_Semaphore_Instance_State_pendQ__O)
                  00006894    00000004     app_pem4f.oem4f (.const:ti_sysbios_knl_Semaphore_Module__diagsEnabled__C)
                  00006898    00000004     app_pem4f.oem4f (.const:ti_sysbios_knl_Semaphore_Module__diagsIncluded__C)
                  0000689c    00000004     app_pem4f.oem4f (.const:ti_sysbios_knl_Semaphore_Module__diagsMask__C)
                  000068a0    00000004     app_pem4f.oem4f (.const:ti_sysbios_knl_Swi_Object__count__C)
                  000068a4    00000004     app_pem4f.oem4f (.const:ti_sysbios_knl_Task_A_badTimeout__C)
                  000068a8    00000004     app_pem4f.oem4f (.const:ti_sysbios_knl_Task_A_sleepTaskDisabled__C)
                  000068ac    00000004     app_pem4f.oem4f (.const:ti_sysbios_knl_Task_E_spOutOfBounds__C)
                  000068b0    00000004     app_pem4f.oem4f (.const:ti_sysbios_knl_Task_E_stackOverflow__C)
                  000068b4    00000004     app_pem4f.oem4f (.const:ti_sysbios_knl_Task_Module_State_inactiveQ__O)
                  000068b8    00000004     app_pem4f.oem4f (.const:ti_sysbios_knl_Task_Module__diagsEnabled__C)
                  000068bc    00000004     app_pem4f.oem4f (.const:ti_sysbios_knl_Task_Module__diagsIncluded__C)
                  000068c0    00000004     app_pem4f.oem4f (.const:ti_sysbios_knl_Task_Module__diagsMask__C)
                  000068c4    00000004     app_pem4f.oem4f (.const:ti_sysbios_knl_Task_Object__count__C)
                  000068c8    00000004     app_pem4f.oem4f (.const:ti_sysbios_knl_Task_allBlockedFunc__C)
                  000068cc    00000004     app_pem4f.oem4f (.const:ti_sysbios_knl_Task_numConstructedTasks__C)
                  000068d0    00000004     app_pem4f.oem4f (.const:xdc_runtime_Assert_E_assertFailed__C)
                  000068d4    00000004     app_pem4f.oem4f (.const:xdc_runtime_Core_A_initializedParams__C)
                  000068d8    00000004     app_pem4f.oem4f (.const:xdc_runtime_Core_Module__diagsEnabled__C)
                  000068dc    00000004     app_pem4f.oem4f (.const:xdc_runtime_Core_Module__diagsIncluded__C)
                  000068e0    00000004     app_pem4f.oem4f (.const:xdc_runtime_Core_Module__diagsMask__C)
                  000068e4    00000004     app_pem4f.oem4f (.const:xdc_runtime_Error_E_memory__C)
                  000068e8    00000004     app_pem4f.oem4f (.const:xdc_runtime_Error_Module__diagsEnabled__C)
                  000068ec    00000004     app_pem4f.oem4f (.const:xdc_runtime_Error_Module__diagsIncluded__C)
                  000068f0    00000004     app_pem4f.oem4f (.const:xdc_runtime_Error_Module__diagsMask__C)
                  000068f4    00000004     app_pem4f.oem4f (.const:xdc_runtime_Error_Module__loggerFxn8__C)
                  000068f8    00000004     app_pem4f.oem4f (.const:xdc_runtime_Error_Module__loggerObj__C)
                  000068fc    00000004     app_pem4f.oem4f (.const:xdc_runtime_Error_raiseHook__C)
                  00006900    00000004     app_pem4f.oem4f (.const:xdc_runtime_HeapMin_A_zeroSize__C)
                  00006904    00000004     app_pem4f.oem4f (.const:xdc_runtime_HeapMin_E_freeError__C)
                  00006908    00000004     app_pem4f.oem4f (.const:xdc_runtime_HeapMin_Module__diagsEnabled__C)
                  0000690c    00000004     app_pem4f.oem4f (.const:xdc_runtime_HeapMin_Module__diagsIncluded__C)
                  00006910    00000004     app_pem4f.oem4f (.const:xdc_runtime_HeapMin_Module__diagsMask__C)
                  00006914    00000004     app_pem4f.oem4f (.const:xdc_runtime_IFilterLogger_Interface__BASE__C)
                  00006918    00000004     app_pem4f.oem4f (.const:xdc_runtime_IGateProvider_Interface__BASE__C)
                  0000691c    00000004     app_pem4f.oem4f (.const:xdc_runtime_IHeap_Interface__BASE__C)
                  00006920    00000004     app_pem4f.oem4f (.const:xdc_runtime_ILogger_Interface__BASE__C)
                  00006924    00000004     app_pem4f.oem4f (.const:xdc_runtime_IModule_Interface__BASE__C)
                  00006928    00000004     app_pem4f.oem4f (.const:xdc_runtime_Log_L_error__C)
                  0000692c    00000004     app_pem4f.oem4f (.const:xdc_runtime_LoggerBuf_E_badLevel__C)
                  00006930    00000004     app_pem4f.oem4f (.const:xdc_runtime_LoggerBuf_Module__gateObj__C)
                  00006934    00000004     app_pem4f.oem4f (.const:xdc_runtime_LoggerBuf_Object__count__C)
                  00006938    00000004     app_pem4f.oem4f (.const:xdc_runtime_LoggerBuf_statusLogger__C)
                  0000693c    00000004     app_pem4f.oem4f (.const:xdc_runtime_Memory_defaultHeapInstance__C)
                  00006940    00000004     app_pem4f.oem4f (.const:xdc_runtime_Startup_execImpl__C)
                  00006944    00000004     app_pem4f.oem4f (.const:xdc_runtime_Startup_maxPasses__C)
                  00006948    00000004     app_pem4f.oem4f (.const:xdc_runtime_Startup_sfxnRts__C)
                  0000694c    00000004     app_pem4f.oem4f (.const:xdc_runtime_Startup_sfxnTab__C)
                  00006950    00000004     app_pem4f.oem4f (.const:xdc_runtime_SysMin_bufSize__C)
                  00006954    00000004     app_pem4f.oem4f (.const:xdc_runtime_SysMin_outputFunc__C)
                  00006958    00000004     app_pem4f.oem4f (.const:xdc_runtime_System_Module__gateObj__C)
                  0000695c    00000004     app_pem4f.oem4f (.const:xdc_runtime_System_extendFxn__C)
                  00006960    00000004     app_pem4f.oem4f (.const:xdc_runtime_System_maxAtexitHandlers__C)
                  00006964    00000004     app_pem4f.oem4f (.const:xdc_runtime_Text_charTab__C)
                  00006968    00000004     app_pem4f.oem4f (.const:xdc_runtime_Text_nameEmpty__C)
                  0000696c    00000004     app_pem4f.oem4f (.const:xdc_runtime_Text_nameStatic__C)
                  00006970    00000004     app_pem4f.oem4f (.const:xdc_runtime_Text_nameUnknown__C)
                  00006974    00000004     app_pem4f.oem4f (.const:xdc_runtime_Text_visitRopeFxn__C)
                  00006978    00000002     app_pem4f.oem4f (.const:ti_catalog_arm_cortexm4_tiva_ce_Boot_Module__id__C)
                  0000697a    00000002     --HOLE-- [fill = 0]
                  0000697c    00000002     app_pem4f.oem4f (.const:ti_sysbios_family_arm_lm4_TimestampProvider_useClockTimer__C)
                  0000697e    00000002     --HOLE-- [fill = 0]
                  00006980    00000002     app_pem4f.oem4f (.const:ti_sysbios_family_arm_m3_Hwi_Module__id__C)
                  00006982    00000002     --HOLE-- [fill = 0]
                  00006984    00000002     app_pem4f.oem4f (.const:ti_sysbios_hal_Hwi_Module__id__C)
                  00006986    00000002     --HOLE-- [fill = 0]
                  00006988    00000002     app_pem4f.oem4f (.const:ti_sysbios_knl_Semaphore_Module__id__C)
                  0000698a    00000002     --HOLE-- [fill = 0]
                  0000698c    00000002     app_pem4f.oem4f (.const:ti_sysbios_knl_Task_Module__id__C)
                  0000698e    00000002     --HOLE-- [fill = 0]
                  00006990    00000002     app_pem4f.oem4f (.const:ti_sysbios_knl_Task_initStackFlag__C)
                  00006992    00000002     --HOLE-- [fill = 0]
                  00006994    00000002     app_pem4f.oem4f (.const:xdc_runtime_Core_Module__id__C)
                  00006996    00000002     --HOLE-- [fill = 0]
                  00006998    00000002     app_pem4f.oem4f (.const:xdc_runtime_Error_Module__loggerDefined__C)
                  0000699a    00000002     --HOLE-- [fill = 0]
                  0000699c    00000002     app_pem4f.oem4f (.const:xdc_runtime_Error_maxDepth__C)
                  0000699e    00000002     --HOLE-- [fill = 0]
                  000069a0    00000002     app_pem4f.oem4f (.const:xdc_runtime_HeapMin_Module__id__C)
                  000069a2    00000002     --HOLE-- [fill = 0]
                  000069a4    00000002     app_pem4f.oem4f (.const:xdc_runtime_HeapMin_freeError__C)
                  000069a6    00000002     --HOLE-- [fill = 0]
                  000069a8    00000002     app_pem4f.oem4f (.const:xdc_runtime_LoggerBuf_Module__id__C)
                  000069aa    00000002     --HOLE-- [fill = 0]
                  000069ac    00000002     app_pem4f.oem4f (.const:xdc_runtime_LoggerBuf_filterByLevel__C)
                  000069ae    00000002     --HOLE-- [fill = 0]
                  000069b0    00000002     app_pem4f.oem4f (.const:xdc_runtime_Memory_Module__id__C)
                  000069b2    00000002     --HOLE-- [fill = 0]
                  000069b4    00000002     app_pem4f.oem4f (.const:xdc_runtime_SysMin_flushAtExit__C)
                  000069b6    00000002     --HOLE-- [fill = 0]
                  000069b8    00000002     app_pem4f.oem4f (.const:xdc_runtime_Text_charCnt__C)
                  000069ba    00000002     --HOLE-- [fill = 0]
                  000069bc    00000002     app_pem4f.oem4f (.const:xdc_runtime_Text_isLoaded__C)
                  000069be    00000002     --HOLE-- [fill = 0]
                  000069c0    00000002     app_pem4f.oem4f (.const:xdc_runtime_Text_registryModsLastId__C)
                  000069c2    00000002     --HOLE-- [fill = 0]
                  000069c4    00000002     app_pem4f.oem4f (.const:xdc_runtime_Text_unnamedModsLastId__C)
                  000069c6    00000002     --HOLE-- [fill = 0]
                  000069c8    00000001     app_pem4f.oem4f (.const:xdc_runtime_Error_policy__C)

.cinit     0    000069d0    000004e8     
                  000069d0    000004ad     (.cinit..data.load) [load image, compression = rle]
                  00006e7d    00000003     --HOLE-- [fill = 0]
                  00006e80    0000000c     (__TI_handler_table)
                  00006e8c    00000004     --HOLE-- [fill = 0]
                  00006e90    00000008     (.cinit..bss.load) [load image, compression = zero_init]
                  00006e98    00000008     (.cinit..vecs.load) [load image, compression = zero_init]
                  00006ea0    00000018     (__TI_cinit_table)

.vecs      0    20000000    00000360     UNINITIALIZED
                  20000000    00000360     app_pem4f.oem4f (.vecs)

.bss       0    20000360    00001a7c     UNINITIALIZED
                  20000360    00001400     app_pem4f.oem4f (.bss:taskStackSection)
                  20001760    00000400     st7565.obj (.bss:glcd_buffer)
                  20001b60    00000120     rtsv7M4_T_le_v4SPD16_eabi.lib : trgmsg.obj (.bss:__CIOBUF_)
                  20001c80    00000080     app_pem4f.oem4f (.bss:xdc_runtime_LoggerBuf_Instance_State_0_entryArr__A)
                  20001d00    00000080     app_pem4f.oem4f (.bss:xdc_runtime_SysMin_Module_State_0_outbuf__A)
                  20001d80    00000038     app_pem4f.oem4f (.bss)
                  20001db8    0000000f     Ps2Keyboard.obj (.bss)
                  20001dc7    0000000c     Graphics_Bmp.obj (.bss)
                  20001dd3    00000008     rtsv7M4_T_le_v4SPD16_eabi.lib : trgdrv.obj (.bss)
                  20001ddb    00000001     st7565.obj (.bss)

.data      0    20001ddc    000009fb     
                  20001ddc    00000360     app_pem4f.oem4f (.data:ti_sysbios_family_arm_m3_Hwi_Module_State_0_dispatchTable__A)
                  2000213c    0000017c     app_pem4f.oem4f (.data:ti_sysbios_knl_Task_Object__table__V)
                  200022b8    00000170     app_pem4f.oem4f (.data)
                  20002428    00000080     app_pem4f.oem4f (.data:ti_sysbios_knl_Swi_Module_State_0_readyQ__A)
                  200024a8    00000080     app_pem4f.oem4f (.data:ti_sysbios_knl_Task_Module_State_0_readyQ__A)
                  20002528    00000078     app_pem4f.oem4f (.data:ti_sysbios_family_arm_m3_Hwi_Object__table__V)
                  200025a0    00000070     app_pem4f.oem4f (.data:ti_sysbios_family_arm_lm4_Timer_Object__table__V)
                  20002610    00000054     app_pem4f.oem4f (.data:ti_sysbios_family_arm_m3_Hwi_Module__state__V)
                  20002664    00000044     app_pem4f.oem4f (.data:ti_sysbios_knl_Task_Module__state__V)
                  200026a8    00000030     app_pem4f.oem4f (.data:ti_sysbios_family_arm_lm4_Timer_Module_State_0_device__A)
                  200026d8    00000030     app_pem4f.oem4f (.data:ti_sysbios_knl_Swi_Object__table__V)
                  20002708    00000028     app_pem4f.oem4f (.data:ti_sysbios_knl_Clock_Module__state__V)
                  20002730    00000028     app_pem4f.oem4f (.data:ti_sysbios_knl_Semaphore_Object__table__V)
                  20002758    00000024     st7565.obj (.data)
                  2000277c    00000024     app_pem4f.oem4f (.data:xdc_runtime_LoggerBuf_Object__table__V)
                  200027a0    0000000d     Ps2Keyboard.obj (.data)
                  200027ad    00000003     --HOLE--
                  200027b0    00000008     rtsv7M4_T_le_v4SPD16_eabi.lib : _lock.obj (.data)
                  200027b8    00000008                                   : exit.obj (.data)
                  200027c0    00000006     buttons.obj (.data)
                  200027c6    00000002     --HOLE--
                  200027c8    00000004     rtsv7M4_T_le_v4SPD16_eabi.lib : dtor_list.obj (.data)
                  200027cc    00000004                                   : stkdepth_vars.obj (.data)
                  200027d0    00000003     Clock.obj (.data)
                  200027d3    00000001     --HOLE--
                  200027d4    00000003     main.obj (.data)

.stack     0    200027d8    00000400     UNINITIALIZED
                  200027d8    00000400     --HOLE--


LINKER GENERATED COPY TABLES

__TI_cinit_table @ 00006ea0 records: 3, size/record: 8, table size: 24
	.data: load addr=000069d0, load size=000004ad bytes, run addr=20001ddc, run size=000009fb bytes, compression=rle
	.bss: load addr=00006e90, load size=00000008 bytes, run addr=20000360, run size=00001a7c bytes, compression=zero_init
	.vecs: load addr=00006e98, load size=00000008 bytes, run addr=20000000, run size=00000360 bytes, compression=zero_init


LINKER GENERATED HANDLER TABLE

__TI_handler_table @ 00006e80 records: 3, size/record: 4, table size: 12
	index: 0, handler: __TI_zero_init
	index: 1, handler: __TI_decompress_rle24
	index: 2, handler: __TI_decompress_none


GLOBAL SYMBOLS: SORTED ALPHABETICALLY BY Name 

address    name
--------   ----
00006694   ButTask
00002251   ButtonISR
00002357   ButtonTask
00002309   ButtonsInit
0000225f   ButtonsPoll
000007c1   Byte_Reverse
00005021   C$$EXIT
000047e3   C$$IO$$
00006698   Clock
00003821   ClockInit
200027a4   Data
000066a8   DataSem
00000445   Decode
00000361   FSSIntHandler
000055e9   GPIODirModeSet
00004dbd   GPIOIntTypeSet
000039cd   GPIOPadConfigSet
00004c55   GPIOPinConfigure
00005fa9   GPIOPinIntClear
00005e8d   GPIOPinIntEnable
00005f29   GPIOPinRead
00005cb5   GPIOPinTypeGPIOInput
00005cc7   GPIOPinTypeGPIOOutput
00005cd9   GPIOPinTypeSSI
00005f33   GPIOPinWrite
000006f9   GetKey
000015f5   GlcdDispTime
000019af   HOSTclock
00001975   HOSTclose
00001937   HOSTgetenv
000018db   HOSTlseek
0000188b   HOSTopen
0000183d   HOSTread
000017dd   HOSTrename
000017a1   HOSTtime
00001767   HOSTunlink
00001719   HOSTwrite
00004755   IntEnable
20001dbc   KeyBuf
200027a8   KeyBuffer
20001dc0   KeyIn
20001dc1   KeyOut
00000749   KeyPend
20001dc2   KeyRead
00000839   KeyScan
0000669c   KeySem
00000789   KeyTask
00000403   KeyboardInit
000066a4   KeyboardTask
200027d6   LastState
000059b9   LoggerBuf_instanceStartup
00006034   MyFont
000006b5   PutKeyBuf
UNDEFED    SHT$$INIT_ARRAY$$Base
UNDEFED    SHT$$INIT_ARRAY$$Limit
00005f79   SSIBusy
00004e01   SSIConfigSetExpClk
00005f3d   SSIDataPut
00005f47   SSIEnable
200027d4   StateInfo
00002079   SysCtlClockGet
00004b05   SysCtlPeripheralEnable
2000226c   TSK_idle
000038b1   TimeGet
200027c0   TimeOfDay
000038c7   TimeSet
00003861   Timer0IntHandler
0000577d   TimerConfigure
00005e49   TimerEnable
00005fdf   TimerIntClear
00005f81   TimerIntEnable
00005ceb   TimerLoadSet
00006690   UI
00001a1f   UiTask
00000000   __ASM__
20001b60   __CIOBUF_
00000052   __ISA__
00000065   __PLAT__
20002bd8   __STACK_END
00000400   __STACK_SIZE
200029d8   __STACK_TOP
0000008b   __TARG__
00006ea0   __TI_CINIT_Base
00006eb8   __TI_CINIT_Limit
00006e80   __TI_Handler_Table_Base
00006e8c   __TI_Handler_Table_Limit
00000001   __TI_args_main
00003dfd   __TI_auto_init
00005e57   __TI_decompress_none
00005fb5   __TI_decompress_rle24
00000000   __TI_static_base__
00005cfd   __TI_zero_init
000000b1   __TRDR__
000034e7   __aeabi_atexit
000044c1   __aeabi_memclr
000044c1   __aeabi_memclr4
000044c1   __aeabi_memclr8
00003e9d   __aeabi_memcpy
00003e9d   __aeabi_memcpy4
00003e9d   __aeabi_memcpy8
000044c3   __aeabi_memset
000044c3   __aeabi_memset4
000044c3   __aeabi_memset8
ffffffff   __binit__
ffffffff   __c_args__
000034d5   __cxa_atexit
00003491   __cxa_finalize
000034cf   __cxa_ia64_exit
200027d8   __stack
00005faf   __xdc__init
20002424   __xdc__init__addr
00005b0d   _args_main
00004aad   _c_int00
200027b8   _cleanup_ptr
200027bc   _dtors_ptr
200027b0   _lock
00005c23   _nop
00005c1b   _register_lock
00005c15   _register_unlock
200027b4   _unlock
00005025   abort
000034d9   atexit
ffffffff   binit
200027a9   bitcount
20001dc3   clkstat
00004e45   copy_in
20001dc6   data
20001dc4   datstat
000014b9   draw_char_bmp
00001405   draw_text_bmp
0000502d   exit
00005af5   free
00000d5b   glcd_blank
20001760   glcd_buffer
00000f69   glcd_command
00001063   glcd_contrast
00000f29   glcd_data
20001ddb   glcd_dirty_pages
00000fa9   glcd_flip_screen
20002758   glcd_flipped
00000e55   glcd_init
00000fdd   glcd_inverse_screen
00000ca5   glcd_pixel
00000dd5   glcd_refresh
00000ffd   glcd_test_card
0000668c   hwi0
000066a0   hwi2
00001bdf   main
200027cc   main_func_sp
00005617   malloc
00003e9d   memcpy
000044c9   memset
2000275c   pagemap
20001dc5   paritystat
000047e7   readmsg
000062c4   shifted
00005d77   strcpy
00005c29   strlen
000019fd   taskFxn
200027a0   temp_count
20001db8   temp_count_string
00006688   testTask
00006818   ti_catalog_arm_cortexm4_tiva_ce_Boot_A_mustUseEnhancedClockMode__C
0000681c   ti_catalog_arm_cortexm4_tiva_ce_Boot_Module__diagsEnabled__C
00006820   ti_catalog_arm_cortexm4_tiva_ce_Boot_Module__diagsIncluded__C
00006824   ti_catalog_arm_cortexm4_tiva_ce_Boot_Module__diagsMask__C
00006978   ti_catalog_arm_cortexm4_tiva_ce_Boot_Module__id__C
00005e81   ti_catalog_arm_cortexm4_tiva_ce_Boot_init__I
00002acd   ti_catalog_arm_cortexm4_tiva_ce_Boot_sysCtlClockSetI__I
00003fd5   ti_catalog_arm_cortexm4_tiva_ce_Boot_sysCtlClockSet__E
00005fbb   ti_catalog_arm_cortexm4_tiva_ce_Boot_sysCtlDelayI__I
200022b8   ti_sysbios_BIOS_Module__state__V
00005439   ti_sysbios_BIOS_errorRaiseHook__I
00005469   ti_sysbios_BIOS_exitFunc__I
00006828   ti_sysbios_BIOS_installedErrorHook__C
00003fd3   ti_sysbios_BIOS_nullFunc__I
000058f9   ti_sysbios_BIOS_removeRTSLock__I
00005d89   ti_sysbios_BIOS_setThreadType__E
00005919   ti_sysbios_BIOS_startFunc__I
00005d99   ti_sysbios_BIOS_start__E
200026a8   ti_sysbios_family_arm_lm4_Timer_Module_State_0_device__A
200022e0   ti_sysbios_family_arm_lm4_Timer_Module_State_0_handles__A
200022d8   ti_sysbios_family_arm_lm4_Timer_Module__root__V
00005b25   ti_sysbios_family_arm_lm4_Timer_Module__startupDone__F
00005b25   ti_sysbios_family_arm_lm4_Timer_Module__startupDone__S
200022f8   ti_sysbios_family_arm_lm4_Timer_Module__state__V
00004999   ti_sysbios_family_arm_lm4_Timer_Module_startup__E
00004999   ti_sysbios_family_arm_lm4_Timer_Module_startup__F
200025a0   ti_sysbios_family_arm_lm4_Timer_Object__table__V
00005499   ti_sysbios_family_arm_lm4_Timer_enableTimers__I
00005fe3   ti_sysbios_family_arm_lm4_Timer_getPeriod__E
00002f8d   ti_sysbios_family_arm_lm4_Timer_initDevice__I
00004e89   ti_sysbios_family_arm_lm4_Timer_isrStub__E
00005ea5   ti_sysbios_family_arm_lm4_Timer_masterDisable__I
00005fe7   ti_sysbios_family_arm_lm4_Timer_masterEnable__I
0000682c   ti_sysbios_family_arm_lm4_Timer_numTimerDevices__C
000031a5   ti_sysbios_family_arm_lm4_Timer_start__E
00006830   ti_sysbios_family_arm_lm4_Timer_startupNeeded__C
00005061   ti_sysbios_family_arm_lm4_Timer_startup__E
000054c9   ti_sysbios_family_arm_lm4_Timer_stop__E
00005a19   ti_sysbios_family_arm_lm4_Timer_write__I
20002304   ti_sysbios_family_arm_lm4_TimestampProvider_Module__state__V
00005fc1   ti_sysbios_family_arm_lm4_TimestampProvider_Module_startup__E
00005fc1   ti_sysbios_family_arm_lm4_TimestampProvider_Module_startup__F
00002e65   ti_sysbios_family_arm_lm4_TimestampProvider_get64__E
00005da9   ti_sysbios_family_arm_lm4_TimestampProvider_rolloverFunc__E
00005eb1   ti_sysbios_family_arm_lm4_TimestampProvider_startTimer__E
0000697c   ti_sysbios_family_arm_lm4_TimestampProvider_useClockTimer__C
00006834   ti_sysbios_family_arm_m3_Hwi_E_NMI__C
00006838   ti_sysbios_family_arm_m3_Hwi_E_busFault__C
0000683c   ti_sysbios_family_arm_m3_Hwi_E_debugMon__C
00006840   ti_sysbios_family_arm_m3_Hwi_E_hardFault__C
00006844   ti_sysbios_family_arm_m3_Hwi_E_memFault__C
00006848   ti_sysbios_family_arm_m3_Hwi_E_noIsr__C
0000684c   ti_sysbios_family_arm_m3_Hwi_E_reserved__C
00006850   ti_sysbios_family_arm_m3_Hwi_E_svCall__C
00006854   ti_sysbios_family_arm_m3_Hwi_E_usageFault__C
00005b3d   ti_sysbios_family_arm_m3_Hwi_Handle__label__S
20001ddc   ti_sysbios_family_arm_m3_Hwi_Module_State_0_dispatchTable__A
20002314   ti_sysbios_family_arm_m3_Hwi_Module_State_0_excActive__A
20002318   ti_sysbios_family_arm_m3_Hwi_Module_State_0_excContext__A
2000231c   ti_sysbios_family_arm_m3_Hwi_Module_State_0_excStack__A
00006980   ti_sysbios_family_arm_m3_Hwi_Module__id__C
2000230c   ti_sysbios_family_arm_m3_Hwi_Module__root__V
00005b55   ti_sysbios_family_arm_m3_Hwi_Module__startupDone__F
00005b55   ti_sysbios_family_arm_m3_Hwi_Module__startupDone__S
20002610   ti_sysbios_family_arm_m3_Hwi_Module__state__V
00003d59   ti_sysbios_family_arm_m3_Hwi_Module_startup__E
00003d59   ti_sysbios_family_arm_m3_Hwi_Module_startup__F
00006858   ti_sysbios_family_arm_m3_Hwi_NUM_INTERRUPTS__C
20002528   ti_sysbios_family_arm_m3_Hwi_Object__table__V
0000685c   ti_sysbios_family_arm_m3_Hwi_ccr__C
00004ecd   ti_sysbios_family_arm_m3_Hwi_disableInterrupt__E
00004819   ti_sysbios_family_arm_m3_Hwi_dispatchC__I
00006860   ti_sysbios_family_arm_m3_Hwi_dispatchTable__C
00002c05   ti_sysbios_family_arm_m3_Hwi_dispatch__I
00005f89   ti_sysbios_family_arm_m3_Hwi_doSwiRestore__I
00005fc7   ti_sysbios_family_arm_m3_Hwi_doTaskRestore__I
00004f11   ti_sysbios_family_arm_m3_Hwi_enableInterrupt__E
00002595   ti_sysbios_family_arm_m3_Hwi_excBusFault__I
00003bfd   ti_sysbios_family_arm_m3_Hwi_excDebugMon__I
00000881   ti_sysbios_family_arm_m3_Hwi_excDumpRegs__I
00002d19   ti_sysbios_family_arm_m3_Hwi_excHandlerAsm__I
00006864   ti_sysbios_family_arm_m3_Hwi_excHandlerFunc__C
00001e9d   ti_sysbios_family_arm_m3_Hwi_excHandlerMax__I
00005db9   ti_sysbios_family_arm_m3_Hwi_excHandler__I
00003a95   ti_sysbios_family_arm_m3_Hwi_excHardFault__I
000067e0   ti_sysbios_family_arm_m3_Hwi_excHookFuncs__A
00006868   ti_sysbios_family_arm_m3_Hwi_excHookFuncs__C
00002851   ti_sysbios_family_arm_m3_Hwi_excMemFault__I
00005369   ti_sysbios_family_arm_m3_Hwi_excNmi__I
00005251   ti_sysbios_family_arm_m3_Hwi_excNoIsr__I
00004c9d   ti_sysbios_family_arm_m3_Hwi_excReserved__I
00005161   ti_sysbios_family_arm_m3_Hwi_excSvCall__I
000026fd   ti_sysbios_family_arm_m3_Hwi_excUsageFault__I
00005289   ti_sysbios_family_arm_m3_Hwi_getStackInfo__E
00003669   ti_sysbios_family_arm_m3_Hwi_initNVIC__E
000057a5   ti_sysbios_family_arm_m3_Hwi_initStacks__E
e000e000   ti_sysbios_family_arm_m3_Hwi_nvic
00002cdb   ti_sysbios_family_arm_m3_Hwi_pendSV__I
0000686c   ti_sysbios_family_arm_m3_Hwi_priGroup__C
000061ec   ti_sysbios_family_arm_m3_Hwi_priorities__A
00006870   ti_sysbios_family_arm_m3_Hwi_priorities__C
20000000   ti_sysbios_family_arm_m3_Hwi_ramVectors
00000000   ti_sysbios_family_arm_m3_Hwi_resetVectors
00002cff   ti_sysbios_family_arm_m3_Hwi_return
00005f91   ti_sysbios_family_arm_m3_Hwi_startup__E
00005c3d   ti_sysbios_family_arm_m3_Hwi_switchFromBootStack__E
00005feb   ti_sysbios_family_arm_m3_TaskSupport_Module__startupDone__S
0000421d   ti_sysbios_family_arm_m3_TaskSupport_buildTaskStack
00005e65   ti_sysbios_family_arm_m3_TaskSupport_checkStack__E
00005d57   ti_sysbios_family_arm_m3_TaskSupport_glue
000052c1   ti_sysbios_family_arm_m3_TaskSupport_start__E
00005add   ti_sysbios_family_arm_m3_TaskSupport_swap__E
00005d67   ti_sysbios_family_xxx_Hwi_switchToIsrStack
00005e99   ti_sysbios_family_xxx_Hwi_switchToTaskStack
00005b6d   ti_sysbios_gates_GateHwi_Handle__label__S
00004753   ti_sysbios_gates_GateHwi_Instance_init__F
000066ac   ti_sysbios_gates_GateHwi_Module__FXNS__C
20002320   ti_sysbios_gates_GateHwi_Module__root__V
000066f4   ti_sysbios_gates_GateHwi_Object__DESC__C
00006774   ti_sysbios_gates_GateHwi_Object__PARAMS__C
0000539d   ti_sysbios_gates_GateHwi_Object__create__S
00005939   ti_sysbios_gates_GateHwi_Object__delete__S
20002328   ti_sysbios_gates_GateHwi_Object__table__V
00005ebd   ti_sysbios_gates_GateHwi_enter__E
00005fcd   ti_sysbios_gates_GateHwi_leave__E
00005fef   ti_sysbios_gates_GateHwi_query__E
00005fef   ti_sysbios_gates_GateHwi_query__F
2000232c   ti_sysbios_gates_GateMutexPri_Module__root__V
00006874   ti_sysbios_hal_Hwi_E_stackOverflow__C
00005ff3   ti_sysbios_hal_Hwi_HwiProxy_Module__startupDone__S
00004ecd   ti_sysbios_hal_Hwi_HwiProxy_disableInterrupt__E
00004f11   ti_sysbios_hal_Hwi_HwiProxy_enableInterrupt__E
00005289   ti_sysbios_hal_Hwi_HwiProxy_getStackInfo__E
00005f91   ti_sysbios_hal_Hwi_HwiProxy_startup__E
00005c3d   ti_sysbios_hal_Hwi_HwiProxy_switchFromBootStack__E
00006984   ti_sysbios_hal_Hwi_Module__id__C
20002334   ti_sysbios_hal_Hwi_Module__root__V
00005d0f   ti_sysbios_hal_Hwi_Module_startup__E
00005d0f   ti_sysbios_hal_Hwi_Module_startup__F
2000233c   ti_sysbios_hal_Hwi_Object__table__V
000053d1   ti_sysbios_hal_Hwi_checkStack
00004ecd   ti_sysbios_hal_Hwi_disableInterrupt__E
00004f11   ti_sysbios_hal_Hwi_enableInterrupt__E
00005289   ti_sysbios_hal_Hwi_getStackInfo__E
00005673   ti_sysbios_hal_Hwi_initStack
00005f91   ti_sysbios_hal_Hwi_startup__E
00005c3d   ti_sysbios_hal_Hwi_switchFromBootStack__E
20002354   ti_sysbios_hal_Timer_Module__root__V
00005b85   ti_sysbios_hal_Timer_Module__startupDone__F
00005b85   ti_sysbios_hal_Timer_Module__startupDone__S
00005d21   ti_sysbios_hal_Timer_Module_startup__E
00005d21   ti_sysbios_hal_Timer_Module_startup__F
2000235c   ti_sysbios_hal_Timer_Object__table__V
00005ff7   ti_sysbios_hal_Timer_TimerProxy_Module__startupDone__S
00005ffb   ti_sysbios_hal_Timer_TimerProxy_getPeriod__E
00005061   ti_sysbios_hal_Timer_TimerProxy_startup__E
00005061   ti_sysbios_hal_Timer_startup__E
00006878   ti_sysbios_knl_Clock_Module_State_clockQ__O
20002364   ti_sysbios_knl_Clock_Module__root__V
20002708   ti_sysbios_knl_Clock_Module__state__V
00005845   ti_sysbios_knl_Clock_Module_startup__E
00005845   ti_sysbios_knl_Clock_Module_startup__F
000057cd   ti_sysbios_knl_Clock_addI__E
000056a1   ti_sysbios_knl_Clock_doTick__I
00004997   ti_sysbios_knl_Clock_logTick__E
000045a9   ti_sysbios_knl_Clock_workFunc__E
0000687c   ti_sysbios_knl_Idle_coreList__A
000067e8   ti_sysbios_knl_Idle_coreList__C
00006880   ti_sysbios_knl_Idle_funcList__A
000067f0   ti_sysbios_knl_Idle_funcList__C
00005f99   ti_sysbios_knl_Idle_loop__E
000054f9   ti_sysbios_knl_Idle_run__E
2000236c   ti_sysbios_knl_Queue_Module__root__V
00005ec9   ti_sysbios_knl_Queue_Object__get__S
00005e73   ti_sysbios_knl_Queue_empty__E
00005a37   ti_sysbios_knl_Queue_put__E
00006884   ti_sysbios_knl_Semaphore_A_badContext__C
00006888   ti_sysbios_knl_Semaphore_A_overflow__C
0000688c   ti_sysbios_knl_Semaphore_A_pendTaskDisabled__C
00006890   ti_sysbios_knl_Semaphore_Instance_State_pendQ__O
00006894   ti_sysbios_knl_Semaphore_Module__diagsEnabled__C
00006898   ti_sysbios_knl_Semaphore_Module__diagsIncluded__C
0000689c   ti_sysbios_knl_Semaphore_Module__diagsMask__C
00006988   ti_sysbios_knl_Semaphore_Module__id__C
20002374   ti_sysbios_knl_Semaphore_Module__root__V
20002730   ti_sysbios_knl_Semaphore_Object__table__V
000050a1   ti_sysbios_knl_Semaphore_pendTimeout__I
00001c65   ti_sysbios_knl_Semaphore_pend__E
0000357d   ti_sysbios_knl_Semaphore_post__E
00005b9d   ti_sysbios_knl_Swi_Handle__label__S
20002428   ti_sysbios_knl_Swi_Module_State_0_readyQ__A
2000237c   ti_sysbios_knl_Swi_Module__root__V
20002384   ti_sysbios_knl_Swi_Module__state__V
00005869   ti_sysbios_knl_Swi_Module_startup__E
00005869   ti_sysbios_knl_Swi_Module_startup__F
000068a0   ti_sysbios_knl_Swi_Object__count__C
00005c51   ti_sysbios_knl_Swi_Object__get__S
200026d8   ti_sysbios_knl_Swi_Object__table__V
00005dc9   ti_sysbios_knl_Swi_disable__E
00004f55   ti_sysbios_knl_Swi_post__E
000049f5   ti_sysbios_knl_Swi_restoreHwi__E
0000519d   ti_sysbios_knl_Swi_restore__E
00004879   ti_sysbios_knl_Swi_run__I
00003cad   ti_sysbios_knl_Swi_schedule__I
00005fd3   ti_sysbios_knl_Swi_startup__E
000068a4   ti_sysbios_knl_Task_A_badTimeout__C
000068a8   ti_sysbios_knl_Task_A_sleepTaskDisabled__C
000068ac   ti_sysbios_knl_Task_E_spOutOfBounds__C
000068b0   ti_sysbios_knl_Task_E_stackOverflow__C
00005bb5   ti_sysbios_knl_Task_Handle__label__S
20001d80   ti_sysbios_knl_Task_Instance_State_0_hookEnv__A
20000360   ti_sysbios_knl_Task_Instance_State_0_stack__A
20001d84   ti_sysbios_knl_Task_Instance_State_1_hookEnv__A
20000760   ti_sysbios_knl_Task_Instance_State_1_stack__A
20001d88   ti_sysbios_knl_Task_Instance_State_2_hookEnv__A
20000b60   ti_sysbios_knl_Task_Instance_State_2_stack__A
20001d8c   ti_sysbios_knl_Task_Instance_State_3_hookEnv__A
20000f60   ti_sysbios_knl_Task_Instance_State_3_stack__A
20001d90   ti_sysbios_knl_Task_Instance_State_4_hookEnv__A
20001360   ti_sysbios_knl_Task_Instance_State_4_stack__A
200023a8   ti_sysbios_knl_Task_Module_State_0_idleTask__A
200024a8   ti_sysbios_knl_Task_Module_State_0_readyQ__A
000068b4   ti_sysbios_knl_Task_Module_State_inactiveQ__O
000068b8   ti_sysbios_knl_Task_Module__diagsEnabled__C
000068bc   ti_sysbios_knl_Task_Module__diagsIncluded__C
000068c0   ti_sysbios_knl_Task_Module__diagsMask__C
0000698c   ti_sysbios_knl_Task_Module__id__C
200023a0   ti_sysbios_knl_Task_Module__root__V
20002664   ti_sysbios_knl_Task_Module__state__V
000043bd   ti_sysbios_knl_Task_Module_startup__E
000043bd   ti_sysbios_knl_Task_Module_startup__F
000068c4   ti_sysbios_knl_Task_Object__count__C
00005dd9   ti_sysbios_knl_Task_Object__get__S
2000213c   ti_sysbios_knl_Task_Object__table__V
00005fff   ti_sysbios_knl_Task_SupportProxy_Module__startupDone__S
00005e65   ti_sysbios_knl_Task_SupportProxy_checkStack__E
000052c1   ti_sysbios_knl_Task_SupportProxy_start__E
00005add   ti_sysbios_knl_Task_SupportProxy_swap__E
000068c8   ti_sysbios_knl_Task_allBlockedFunc__C
00004ce5   ti_sysbios_knl_Task_allBlockedFunction__I
00003b49   ti_sysbios_knl_Task_checkStacks__E
00005de9   ti_sysbios_knl_Task_disable__E
00005959   ti_sysbios_knl_Task_enter__I
000040fd   ti_sysbios_knl_Task_exit__E
0000678c   ti_sysbios_knl_Task_hooks__A
000067f8   ti_sysbios_knl_Task_hooks__C
00006990   ti_sysbios_knl_Task_initStackFlag__C
000068cc   ti_sysbios_knl_Task_numConstructedTasks__C
00003745   ti_sysbios_knl_Task_postInit__I
000050e1   ti_sysbios_knl_Task_processVitalTaskFlag__I
0000588d   ti_sysbios_knl_Task_restoreHwi__E
000056cd   ti_sysbios_knl_Task_restore__E
00004335   ti_sysbios_knl_Task_schedule__I
00005645   ti_sysbios_knl_Task_sleepTimeout__I
00002409   ti_sysbios_knl_Task_sleep__E
0000418d   ti_sysbios_knl_Task_startCore__E
00006003   ti_sysbios_knl_Task_startup__E
00005ae9   ti_sysbios_knl_Task_swapReturn
00004b5d   ti_sysbios_knl_Task_unblockI__E
20001dc7   time_string
00006370   unshifted
000047b9   writemsg
000068d0   xdc_runtime_Assert_E_assertFailed__C
00004d2d   xdc_runtime_Assert_raise__I
000068d4   xdc_runtime_Core_A_initializedParams__C
000068d8   xdc_runtime_Core_Module__diagsEnabled__C
000068dc   xdc_runtime_Core_Module__diagsIncluded__C
000068e0   xdc_runtime_Core_Module__diagsMask__C
00006994   xdc_runtime_Core_Module__id__C
00005529   xdc_runtime_Core_assignLabel__I
00004d75   xdc_runtime_Core_assignParams__I
000030a1   xdc_runtime_Core_createObject__I
000046ed   xdc_runtime_Core_deleteObject__I
000068e4   xdc_runtime_Error_E_memory__C
000068e8   xdc_runtime_Error_Module__diagsEnabled__C
000068ec   xdc_runtime_Error_Module__diagsIncluded__C
000068f0   xdc_runtime_Error_Module__diagsMask__C
00006998   xdc_runtime_Error_Module__loggerDefined__C
000068f4   xdc_runtime_Error_Module__loggerFxn8__C
000068f8   xdc_runtime_Error_Module__loggerObj__C
200023ac   xdc_runtime_Error_Module__state__V
00005a55   xdc_runtime_Error_check__E
00005a55   xdc_runtime_Error_check__F
00006007   xdc_runtime_Error_getSite__E
00006007   xdc_runtime_Error_getSite__F
00005ed5   xdc_runtime_Error_init__E
00005ed5   xdc_runtime_Error_init__F
0000699c   xdc_runtime_Error_maxDepth__C
000069c8   xdc_runtime_Error_policy__C
00004615   xdc_runtime_Error_print__E
00004615   xdc_runtime_Error_print__F
000068fc   xdc_runtime_Error_raiseHook__C
00002991   xdc_runtime_Error_raiseX__E
00002991   xdc_runtime_Error_raiseX__F
200023b0   xdc_runtime_GateNull_Module__root__V
00005ee1   xdc_runtime_Gate_enterSystem__E
00005ee1   xdc_runtime_Gate_enterSystem__F
00005df9   xdc_runtime_Gate_leaveSystem__E
00005df9   xdc_runtime_Gate_leaveSystem__F
00006900   xdc_runtime_HeapMin_A_zeroSize__C
00006904   xdc_runtime_HeapMin_E_freeError__C
00005bcd   xdc_runtime_HeapMin_Handle__label__S
20001d98   xdc_runtime_HeapMin_Instance_State_0_buf__A
000042a9   xdc_runtime_HeapMin_Instance_init__F
00006660   xdc_runtime_HeapMin_Module__FXNS__C
00006908   xdc_runtime_HeapMin_Module__diagsEnabled__C
0000690c   xdc_runtime_HeapMin_Module__diagsIncluded__C
00006910   xdc_runtime_HeapMin_Module__diagsMask__C
000069a0   xdc_runtime_HeapMin_Module__id__C
200023b8   xdc_runtime_HeapMin_Module__root__V
00006714   xdc_runtime_HeapMin_Object__DESC__C
00006734   xdc_runtime_HeapMin_Object__PARAMS__C
00005405   xdc_runtime_HeapMin_Object__create__S
00005979   xdc_runtime_HeapMin_Object__delete__S
200023c0   xdc_runtime_HeapMin_Object__table__V
000051d9   xdc_runtime_HeapMin_alloc__E
000051d9   xdc_runtime_HeapMin_alloc__F
000069a4   xdc_runtime_HeapMin_freeError__C
00005559   xdc_runtime_HeapMin_free__E
00005559   xdc_runtime_HeapMin_free__F
00005eed   xdc_runtime_HeapMin_getStats__E
00005eed   xdc_runtime_HeapMin_getStats__F
0000600b   xdc_runtime_HeapMin_isBlocking__E
0000600b   xdc_runtime_HeapMin_isBlocking__F
00006914   xdc_runtime_IFilterLogger_Interface__BASE__C
00006918   xdc_runtime_IGateProvider_Interface__BASE__C
0000691c   xdc_runtime_IHeap_Interface__BASE__C
00006920   xdc_runtime_ILogger_Interface__BASE__C
00006924   xdc_runtime_IModule_Interface__BASE__C
00006928   xdc_runtime_Log_L_error__C
0000692c   xdc_runtime_LoggerBuf_E_badLevel__C
00005be5   xdc_runtime_LoggerBuf_Handle__label__S
20001c80   xdc_runtime_LoggerBuf_Instance_State_0_entryArr__A
00005c65   xdc_runtime_LoggerBuf_Instance_finalize__F
000052f9   xdc_runtime_LoggerBuf_Instance_init__F
0000600f   xdc_runtime_LoggerBuf_Module_GateProxy_enter__E
00006013   xdc_runtime_LoggerBuf_Module_GateProxy_leave__E
00005fef   xdc_runtime_LoggerBuf_Module_GateProxy_query__E
000065f8   xdc_runtime_LoggerBuf_Module__FXNS__C
00006930   xdc_runtime_LoggerBuf_Module__gateObj__C
000069a8   xdc_runtime_LoggerBuf_Module__id__C
200023d0   xdc_runtime_LoggerBuf_Module__root__V
200023d8   xdc_runtime_LoggerBuf_Module__state__V
000057f5   xdc_runtime_LoggerBuf_Module_startup__E
000057f5   xdc_runtime_LoggerBuf_Module_startup__F
00006754   xdc_runtime_LoggerBuf_Object__DESC__C
000066d0   xdc_runtime_LoggerBuf_Object__PARAMS__C
00006934   xdc_runtime_LoggerBuf_Object__count__C
000048d9   xdc_runtime_LoggerBuf_Object__create__S
00005999   xdc_runtime_LoggerBuf_Object__delete__S
00005c79   xdc_runtime_LoggerBuf_Object__get__S
2000277c   xdc_runtime_LoggerBuf_Object__table__V
00002e65   xdc_runtime_LoggerBuf_TimestampProxy_get64__E
00005f65   xdc_runtime_LoggerBuf_disable__E
00005f65   xdc_runtime_LoggerBuf_disable__F
00005f6f   xdc_runtime_LoggerBuf_enable__E
00005f6f   xdc_runtime_LoggerBuf_enable__F
000069ac   xdc_runtime_LoggerBuf_filterByLevel__C
00004f99   xdc_runtime_LoggerBuf_filterOutEvent__I
00004681   xdc_runtime_LoggerBuf_getFilterLevel__E
00004681   xdc_runtime_LoggerBuf_getFilterLevel__F
000059b9   xdc_runtime_LoggerBuf_reset__E
000059b9   xdc_runtime_LoggerBuf_reset__F
00004441   xdc_runtime_LoggerBuf_setFilterLevel__E
00004441   xdc_runtime_LoggerBuf_setFilterLevel__F
00006938   xdc_runtime_LoggerBuf_statusLogger__C
00005e09   xdc_runtime_LoggerBuf_write0__E
00005e09   xdc_runtime_LoggerBuf_write0__F
00005d33   xdc_runtime_LoggerBuf_write1__E
00005d33   xdc_runtime_LoggerBuf_write1__F
00005c8d   xdc_runtime_LoggerBuf_write2__E
00005c8d   xdc_runtime_LoggerBuf_write2__F
000038f9   xdc_runtime_LoggerBuf_write4__E
000038f9   xdc_runtime_LoggerBuf_write4__F
00002d39   xdc_runtime_LoggerBuf_write8__E
00002d39   xdc_runtime_LoggerBuf_write8__F
00005fef   xdc_runtime_Main_Module_GateProxy_query__E
00006017   xdc_runtime_Memory_HeapProxy_alloc__E
0000601b   xdc_runtime_Memory_HeapProxy_free__E
000069b0   xdc_runtime_Memory_Module__id__C
200023e0   xdc_runtime_Memory_Module__state__V
00004539   xdc_runtime_Memory_alloc__E
00004539   xdc_runtime_Memory_alloc__F
00005ef9   xdc_runtime_Memory_calloc__E
00005ef9   xdc_runtime_Memory_calloc__F
0000693c   xdc_runtime_Memory_defaultHeapInstance__C
00005e19   xdc_runtime_Memory_free__E
00005e19   xdc_runtime_Memory_free__F
00005f05   xdc_runtime_Memory_getMaxDefaultTypeAlign__E
00005f05   xdc_runtime_Memory_getMaxDefaultTypeAlign__F
00005a71   xdc_runtime_Memory_valloc__E
00005a71   xdc_runtime_Memory_valloc__F
200023e4   xdc_runtime_Registry_Module__state__V
000059d9   xdc_runtime_Registry_findById__E
000059d9   xdc_runtime_Registry_findById__F
200023ec   xdc_runtime_Startup_Module__state__V
00000001   xdc_runtime_Startup__EXECFXN__C
00000001   xdc_runtime_Startup__RESETFXN__C
00006940   xdc_runtime_Startup_execImpl__C
00004bb5   xdc_runtime_Startup_exec__E
00004bb5   xdc_runtime_Startup_exec__F
00005d45   xdc_runtime_Startup_exec__I
000067d0   xdc_runtime_Startup_firstFxns__A
00006800   xdc_runtime_Startup_firstFxns__C
00006808   xdc_runtime_Startup_lastFxns__A
00006810   xdc_runtime_Startup_lastFxns__C
00006944   xdc_runtime_Startup_maxPasses__C
0000569f   xdc_runtime_Startup_reset__I
000067a4   xdc_runtime_Startup_sfxnRts__A
00006948   xdc_runtime_Startup_sfxnRts__C
00006634   xdc_runtime_Startup_sfxnTab__A
0000694c   xdc_runtime_Startup_sfxnTab__C
000032a1   xdc_runtime_Startup_startMods__I
20001d00   xdc_runtime_SysMin_Module_State_0_outbuf__A
200023f4   xdc_runtime_SysMin_Module__state__V
000059f9   xdc_runtime_SysMin_Module_startup__E
000059f9   xdc_runtime_SysMin_Module_startup__F
00005589   xdc_runtime_SysMin_abort__E
00005589   xdc_runtime_SysMin_abort__F
00006950   xdc_runtime_SysMin_bufSize__C
00005a8d   xdc_runtime_SysMin_exit__E
00005a8d   xdc_runtime_SysMin_exit__F
000069b4   xdc_runtime_SysMin_flushAtExit__C
00004fdd   xdc_runtime_SysMin_flush__E
00004fdd   xdc_runtime_SysMin_flush__F
00006954   xdc_runtime_SysMin_outputFunc__C
000058d5   xdc_runtime_SysMin_output__I
00005331   xdc_runtime_SysMin_putch__E
00005331   xdc_runtime_SysMin_putch__F
00005e29   xdc_runtime_SysMin_ready__E
00005e29   xdc_runtime_SysMin_ready__F
0000601f   xdc_runtime_System_Module_GateProxy_enter__E
00006023   xdc_runtime_System_Module_GateProxy_leave__E
00005fef   xdc_runtime_System_Module_GateProxy_query__E
20002400   xdc_runtime_System_Module_State_0_atexitHandlers__A
00006958   xdc_runtime_System_Module__gateObj__C
20002410   xdc_runtime_System_Module__state__V
00005fd9   xdc_runtime_System_Module_startup__E
00005fd9   xdc_runtime_System_Module_startup__F
00005589   xdc_runtime_System_SupportProxy_abort__E
00005a8d   xdc_runtime_System_SupportProxy_exit__E
00004fdd   xdc_runtime_System_SupportProxy_flush__E
00005331   xdc_runtime_System_SupportProxy_putch__E
00005e29   xdc_runtime_System_SupportProxy_ready__E
00005ca1   xdc_runtime_System_abort__E
00005ca1   xdc_runtime_System_abort__F
00005aa9   xdc_runtime_System_aprintf__E
00006027   xdc_runtime_System_aprintf_va__F
00005121   xdc_runtime_System_atexit__E
[...]
0000569f   xdc_runtime_Startup_reset__I
000056a1   ti_sysbios_knl_Clock_doTick__I
000056cd   ti_sysbios_knl_Task_restore__E
000056f9   xdc_runtime_System_rtsExit__I
00005725   xdc_runtime_Text_cordText__E
00005725   xdc_runtime_Text_cordText__F
00005751   xdc_runtime_System_putchar__I
0000577d   TimerConfigure
000057a5   ti_sysbios_family_arm_m3_Hwi_initStacks__E
000057cd   ti_sysbios_knl_Clock_addI__E
000057f5   xdc_runtime_LoggerBuf_Module_startup__E
000057f5   xdc_runtime_LoggerBuf_Module_startup__F
0000581d   xdc_runtime_System_avprintf__F
00005845   ti_sysbios_knl_Clock_Module_startup__E
00005845   ti_sysbios_knl_Clock_Module_startup__F
00005869   ti_sysbios_knl_Swi_Module_startup__E
00005869   ti_sysbios_knl_Swi_Module_startup__F
0000588d   ti_sysbios_knl_Task_restoreHwi__E
000058b1   xdc_runtime_System_vprintf__F
000058d5   xdc_runtime_SysMin_output__I
000058f9   ti_sysbios_BIOS_removeRTSLock__I
00005919   ti_sysbios_BIOS_startFunc__I
00005939   ti_sysbios_gates_GateHwi_Object__delete__S
00005959   ti_sysbios_knl_Task_enter__I
00005979   xdc_runtime_HeapMin_Object__delete__S
00005999   xdc_runtime_LoggerBuf_Object__delete__S
000059b9   LoggerBuf_instanceStartup
000059b9   xdc_runtime_LoggerBuf_reset__E
000059b9   xdc_runtime_LoggerBuf_reset__F
000059d9   xdc_runtime_Registry_findById__E
000059d9   xdc_runtime_Registry_findById__F
000059f9   xdc_runtime_SysMin_Module_startup__E
000059f9   xdc_runtime_SysMin_Module_startup__F
00005a19   ti_sysbios_family_arm_lm4_Timer_write__I
00005a37   ti_sysbios_knl_Queue_put__E
00005a55   xdc_runtime_Error_check__E
00005a55   xdc_runtime_Error_check__F
00005a71   xdc_runtime_Memory_valloc__E
00005a71   xdc_runtime_Memory_valloc__F
00005a8d   xdc_runtime_SysMin_exit__E
00005a8d   xdc_runtime_SysMin_exit__F
00005a8d   xdc_runtime_System_SupportProxy_exit__E
00005aa9   xdc_runtime_System_aprintf__E
00005ac3   xdc_runtime_System_printf__E
00005add   ti_sysbios_family_arm_m3_TaskSupport_swap__E
00005add   ti_sysbios_knl_Task_SupportProxy_swap__E
00005ae9   ti_sysbios_knl_Task_swapReturn
00005af5   free
00005b0d   _args_main
00005b25   ti_sysbios_family_arm_lm4_Timer_Module__startupDone__F
00005b25   ti_sysbios_family_arm_lm4_Timer_Module__startupDone__S
00005b3d   ti_sysbios_family_arm_m3_Hwi_Handle__label__S
00005b55   ti_sysbios_family_arm_m3_Hwi_Module__startupDone__F
00005b55   ti_sysbios_family_arm_m3_Hwi_Module__startupDone__S
00005b6d   ti_sysbios_gates_GateHwi_Handle__label__S
00005b85   ti_sysbios_hal_Timer_Module__startupDone__F
00005b85   ti_sysbios_hal_Timer_Module__startupDone__S
00005b9d   ti_sysbios_knl_Swi_Handle__label__S
00005bb5   ti_sysbios_knl_Task_Handle__label__S
00005bcd   xdc_runtime_HeapMin_Handle__label__S
00005be5   xdc_runtime_LoggerBuf_Handle__label__S
00005bfd   xdc_runtime_Text_ropeText__E
00005bfd   xdc_runtime_Text_ropeText__F
00005c15   _register_unlock
00005c1b   _register_lock
00005c23   _nop
00005c29   strlen
00005c3d   ti_sysbios_family_arm_m3_Hwi_switchFromBootStack__E
00005c3d   ti_sysbios_hal_Hwi_HwiProxy_switchFromBootStack__E
00005c3d   ti_sysbios_hal_Hwi_switchFromBootStack__E
00005c51   ti_sysbios_knl_Swi_Object__get__S
00005c65   xdc_runtime_LoggerBuf_Instance_finalize__F
00005c79   xdc_runtime_LoggerBuf_Object__get__S
00005c8d   xdc_runtime_LoggerBuf_write2__E
00005c8d   xdc_runtime_LoggerBuf_write2__F
00005ca1   xdc_runtime_System_abort__E
00005ca1   xdc_runtime_System_abort__F
00005cb5   GPIOPinTypeGPIOInput
00005cc7   GPIOPinTypeGPIOOutput
00005cd9   GPIOPinTypeSSI
00005ceb   TimerLoadSet
00005cfd   __TI_zero_init
00005d0f   ti_sysbios_hal_Hwi_Module_startup__E
00005d0f   ti_sysbios_hal_Hwi_Module_startup__F
00005d21   ti_sysbios_hal_Timer_Module_startup__E
00005d21   ti_sysbios_hal_Timer_Module_startup__F
00005d33   xdc_runtime_LoggerBuf_write1__E
00005d33   xdc_runtime_LoggerBuf_write1__F
00005d45   xdc_runtime_Startup_exec__I
00005d57   ti_sysbios_family_arm_m3_TaskSupport_glue
00005d67   ti_sysbios_family_xxx_Hwi_switchToIsrStack
00005d77   strcpy
00005d89   ti_sysbios_BIOS_setThreadType__E
00005d99   ti_sysbios_BIOS_start__E
00005da9   ti_sysbios_family_arm_lm4_TimestampProvider_rolloverFunc__E
00005db9   ti_sysbios_family_arm_m3_Hwi_excHandler__I
00005dc9   ti_sysbios_knl_Swi_disable__E
00005dd9   ti_sysbios_knl_Task_Object__get__S
00005de9   ti_sysbios_knl_Task_disable__E
00005df9   xdc_runtime_Gate_leaveSystem__E
00005df9   xdc_runtime_Gate_leaveSystem__F
00005e09   xdc_runtime_LoggerBuf_write0__E
00005e09   xdc_runtime_LoggerBuf_write0__F
00005e19   xdc_runtime_Memory_free__E
00005e19   xdc_runtime_Memory_free__F
00005e29   xdc_runtime_SysMin_ready__E
00005e29   xdc_runtime_SysMin_ready__F
00005e29   xdc_runtime_System_SupportProxy_ready__E
00005e39   xdc_runtime_System_vsnprintf__F
00005e49   TimerEnable
00005e57   __TI_decompress_none
00005e65   ti_sysbios_family_arm_m3_TaskSupport_checkStack__E
00005e65   ti_sysbios_knl_Task_SupportProxy_checkStack__E
00005e73   ti_sysbios_knl_Queue_empty__E
00005e81   ti_catalog_arm_cortexm4_tiva_ce_Boot_init__I
00005e8d   GPIOPinIntEnable
00005e99   ti_sysbios_family_xxx_Hwi_switchToTaskStack
00005ea5   ti_sysbios_family_arm_lm4_Timer_masterDisable__I
00005eb1   ti_sysbios_family_arm_lm4_TimestampProvider_startTimer__E
00005ebd   ti_sysbios_gates_GateHwi_enter__E
00005ec9   ti_sysbios_knl_Queue_Object__get__S
00005ed5   xdc_runtime_Error_init__E
00005ed5   xdc_runtime_Error_init__F
00005ee1   xdc_runtime_Gate_enterSystem__E
00005ee1   xdc_runtime_Gate_enterSystem__F
00005eed   xdc_runtime_HeapMin_getStats__E
00005eed   xdc_runtime_HeapMin_getStats__F
00005ef9   xdc_runtime_Memory_calloc__E
00005ef9   xdc_runtime_Memory_calloc__F
00005f05   xdc_runtime_Memory_getMaxDefaultTypeAlign__E
00005f05   xdc_runtime_Memory_getMaxDefaultTypeAlign__F
00005f11   xdc_runtime_System_exit__E
00005f11   xdc_runtime_System_exit__F
00005f1d   xdc_runtime_System_lastFxn__I
00005f29   GPIOPinRead
00005f33   GPIOPinWrite
00005f3d   SSIDataPut
00005f47   SSIEnable
00005f65   xdc_runtime_LoggerBuf_disable__E
00005f65   xdc_runtime_LoggerBuf_disable__F
00005f6f   xdc_runtime_LoggerBuf_enable__E
00005f6f   xdc_runtime_LoggerBuf_enable__F
00005f79   SSIBusy
00005f81   TimerIntEnable
00005f89   ti_sysbios_family_arm_m3_Hwi_doSwiRestore__I
00005f91   ti_sysbios_family_arm_m3_Hwi_startup__E
00005f91   ti_sysbios_hal_Hwi_HwiProxy_startup__E
00005f91   ti_sysbios_hal_Hwi_startup__E
00005f99   ti_sysbios_knl_Idle_loop__E
00005fa1   xdc_runtime_Text_visitRope__I
00005fa9   GPIOPinIntClear
00005faf   __xdc__init
00005fb5   __TI_decompress_rle24
00005fbb   ti_catalog_arm_cortexm4_tiva_ce_Boot_sysCtlDelayI__I
00005fc1   ti_sysbios_family_arm_lm4_TimestampProvider_Module_startup__E
00005fc1   ti_sysbios_family_arm_lm4_TimestampProvider_Module_startup__F
00005fc7   ti_sysbios_family_arm_m3_Hwi_doTaskRestore__I
00005fcd   ti_sysbios_gates_GateHwi_leave__E
00005fd3   ti_sysbios_knl_Swi_startup__E
00005fd9   xdc_runtime_System_Module_startup__E
00005fd9   xdc_runtime_System_Module_startup__F
00005fdf   TimerIntClear
00005fe3   ti_sysbios_family_arm_lm4_Timer_getPeriod__E
00005fe7   ti_sysbios_family_arm_lm4_Timer_masterEnable__I
00005feb   ti_sysbios_family_arm_m3_TaskSupport_Module__startupDone__S
00005fef   ti_sysbios_gates_GateHwi_query__E
00005fef   ti_sysbios_gates_GateHwi_query__F
00005fef   xdc_runtime_LoggerBuf_Module_GateProxy_query__E
00005fef   xdc_runtime_Main_Module_GateProxy_query__E
00005fef   xdc_runtime_System_Module_GateProxy_query__E
00005ff3   ti_sysbios_hal_Hwi_HwiProxy_Module__startupDone__S
00005ff7   ti_sysbios_hal_Timer_TimerProxy_Module__startupDone__S
00005ffb   ti_sysbios_hal_Timer_TimerProxy_getPeriod__E
00005fff   ti_sysbios_knl_Task_SupportProxy_Module__startupDone__S
00006003   ti_sysbios_knl_Task_startup__E
00006007   xdc_runtime_Error_getSite__E
00006007   xdc_runtime_Error_getSite__F
0000600b   xdc_runtime_HeapMin_isBlocking__E
0000600b   xdc_runtime_HeapMin_isBlocking__F
0000600f   xdc_runtime_LoggerBuf_Module_GateProxy_enter__E
00006013   xdc_runtime_LoggerBuf_Module_GateProxy_leave__E
00006017   xdc_runtime_Memory_HeapProxy_alloc__E
0000601b   xdc_runtime_Memory_HeapProxy_free__E
0000601f   xdc_runtime_System_Module_GateProxy_enter__E
00006023   xdc_runtime_System_Module_GateProxy_leave__E
00006027   xdc_runtime_System_aprintf_va__F
0000602b   xdc_runtime_System_printf_va__F
0000602f   xdc_runtime_System_vsnprintf__E
00006034   MyFont
000061ec   ti_sysbios_family_arm_m3_Hwi_priorities__A
000062c4   shifted
00006370   unshifted
000065f8   xdc_runtime_LoggerBuf_Module__FXNS__C
00006634   xdc_runtime_Startup_sfxnTab__A
00006660   xdc_runtime_HeapMin_Module__FXNS__C
00006688   testTask
0000668c   hwi0
00006690   UI
00006694   ButTask
00006698   Clock
0000669c   KeySem
000066a0   hwi2
000066a4   KeyboardTask
000066a8   DataSem
000066ac   ti_sysbios_gates_GateHwi_Module__FXNS__C
000066d0   xdc_runtime_LoggerBuf_Object__PARAMS__C
000066f4   ti_sysbios_gates_GateHwi_Object__DESC__C
00006714   xdc_runtime_HeapMin_Object__DESC__C
00006734   xdc_runtime_HeapMin_Object__PARAMS__C
00006754   xdc_runtime_LoggerBuf_Object__DESC__C
00006774   ti_sysbios_gates_GateHwi_Object__PARAMS__C
0000678c   ti_sysbios_knl_Task_hooks__A
000067a4   xdc_runtime_Startup_sfxnRts__A
000067d0   xdc_runtime_Startup_firstFxns__A
000067e0   ti_sysbios_family_arm_m3_Hwi_excHookFuncs__A
000067e8   ti_sysbios_knl_Idle_coreList__C
000067f0   ti_sysbios_knl_Idle_funcList__C
000067f8   ti_sysbios_knl_Task_hooks__C
00006800   xdc_runtime_Startup_firstFxns__C
00006808   xdc_runtime_Startup_lastFxns__A
00006810   xdc_runtime_Startup_lastFxns__C
00006818   ti_catalog_arm_cortexm4_tiva_ce_Boot_A_mustUseEnhancedClockMode__C
0000681c   ti_catalog_arm_cortexm4_tiva_ce_Boot_Module__diagsEnabled__C
00006820   ti_catalog_arm_cortexm4_tiva_ce_Boot_Module__diagsIncluded__C
00006824   ti_catalog_arm_cortexm4_tiva_ce_Boot_Module__diagsMask__C
00006828   ti_sysbios_BIOS_installedErrorHook__C
0000682c   ti_sysbios_family_arm_lm4_Timer_numTimerDevices__C
00006830   ti_sysbios_family_arm_lm4_Timer_startupNeeded__C
00006834   ti_sysbios_family_arm_m3_Hwi_E_NMI__C
00006838   ti_sysbios_family_arm_m3_Hwi_E_busFault__C
0000683c   ti_sysbios_family_arm_m3_Hwi_E_debugMon__C
00006840   ti_sysbios_family_arm_m3_Hwi_E_hardFault__C
00006844   ti_sysbios_family_arm_m3_Hwi_E_memFault__C
00006848   ti_sysbios_family_arm_m3_Hwi_E_noIsr__C
0000684c   ti_sysbios_family_arm_m3_Hwi_E_reserved__C
00006850   ti_sysbios_family_arm_m3_Hwi_E_svCall__C
00006854   ti_sysbios_family_arm_m3_Hwi_E_usageFault__C
00006858   ti_sysbios_family_arm_m3_Hwi_NUM_INTERRUPTS__C
0000685c   ti_sysbios_family_arm_m3_Hwi_ccr__C
00006860   ti_sysbios_family_arm_m3_Hwi_dispatchTable__C
00006864   ti_sysbios_family_arm_m3_Hwi_excHandlerFunc__C
00006868   ti_sysbios_family_arm_m3_Hwi_excHookFuncs__C
0000686c   ti_sysbios_family_arm_m3_Hwi_priGroup__C
00006870   ti_sysbios_family_arm_m3_Hwi_priorities__C
00006874   ti_sysbios_hal_Hwi_E_stackOverflow__C
00006878   ti_sysbios_knl_Clock_Module_State_clockQ__O
0000687c   ti_sysbios_knl_Idle_coreList__A
00006880   ti_sysbios_knl_Idle_funcList__A
00006884   ti_sysbios_knl_Semaphore_A_badContext__C
00006888   ti_sysbios_knl_Semaphore_A_overflow__C
0000688c   ti_sysbios_knl_Semaphore_A_pendTaskDisabled__C
00006890   ti_sysbios_knl_Semaphore_Instance_State_pendQ__O
00006894   ti_sysbios_knl_Semaphore_Module__diagsEnabled__C
00006898   ti_sysbios_knl_Semaphore_Module__diagsIncluded__C
0000689c   ti_sysbios_knl_Semaphore_Module__diagsMask__C
000068a0   ti_sysbios_knl_Swi_Object__count__C
000068a4   ti_sysbios_knl_Task_A_badTimeout__C
000068a8   ti_sysbios_knl_Task_A_sleepTaskDisabled__C
000068ac   ti_sysbios_knl_Task_E_spOutOfBounds__C
000068b0   ti_sysbios_knl_Task_E_stackOverflow__C
000068b4   ti_sysbios_knl_Task_Module_State_inactiveQ__O
000068b8   ti_sysbios_knl_Task_Module__diagsEnabled__C
000068bc   ti_sysbios_knl_Task_Module__diagsIncluded__C
000068c0   ti_sysbios_knl_Task_Module__diagsMask__C
000068c4   ti_sysbios_knl_Task_Object__count__C
000068c8   ti_sysbios_knl_Task_allBlockedFunc__C
000068cc   ti_sysbios_knl_Task_numConstructedTasks__C
000068d0   xdc_runtime_Assert_E_assertFailed__C
000068d4   xdc_runtime_Core_A_initializedParams__C
000068d8   xdc_runtime_Core_Module__diagsEnabled__C
000068dc   xdc_runtime_Core_Module__diagsIncluded__C
000068e0   xdc_runtime_Core_Module__diagsMask__C
000068e4   xdc_runtime_Error_E_memory__C
000068e8   xdc_runtime_Error_Module__diagsEnabled__C
000068ec   xdc_runtime_Error_Module__diagsIncluded__C
000068f0   xdc_runtime_Error_Module__diagsMask__C
000068f4   xdc_runtime_Error_Module__loggerFxn8__C
000068f8   xdc_runtime_Error_Module__loggerObj__C
000068fc   xdc_runtime_Error_raiseHook__C
00006900   xdc_runtime_HeapMin_A_zeroSize__C
00006904   xdc_runtime_HeapMin_E_freeError__C
00006908   xdc_runtime_HeapMin_Module__diagsEnabled__C
0000690c   xdc_runtime_HeapMin_Module__diagsIncluded__C
00006910   xdc_runtime_HeapMin_Module__diagsMask__C
00006914   xdc_runtime_IFilterLogger_Interface__BASE__C
00006918   xdc_runtime_IGateProvider_Interface__BASE__C
0000691c   xdc_runtime_IHeap_Interface__BASE__C
00006920   xdc_runtime_ILogger_Interface__BASE__C
00006924   xdc_runtime_IModule_Interface__BASE__C
00006928   xdc_runtime_Log_L_error__C
0000692c   xdc_runtime_LoggerBuf_E_badLevel__C
00006930   xdc_runtime_LoggerBuf_Module__gateObj__C
00006934   xdc_runtime_LoggerBuf_Object__count__C
00006938   xdc_runtime_LoggerBuf_statusLogger__C
0000693c   xdc_runtime_Memory_defaultHeapInstance__C
00006940   xdc_runtime_Startup_execImpl__C
00006944   xdc_runtime_Startup_maxPasses__C
00006948   xdc_runtime_Startup_sfxnRts__C
0000694c   xdc_runtime_Startup_sfxnTab__C
00006950   xdc_runtime_SysMin_bufSize__C
00006954   xdc_runtime_SysMin_outputFunc__C
00006958   xdc_runtime_System_Module__gateObj__C
0000695c   xdc_runtime_System_extendFxn__C
00006960   xdc_runtime_System_maxAtexitHandlers__C
00006964   xdc_runtime_Text_charTab__C
00006968   xdc_runtime_Text_nameEmpty__C
0000696c   xdc_runtime_Text_nameStatic__C
00006970   xdc_runtime_Text_nameUnknown__C
00006974   xdc_runtime_Text_visitRopeFxn__C
00006978   ti_catalog_arm_cortexm4_tiva_ce_Boot_Module__id__C
0000697c   ti_sysbios_family_arm_lm4_TimestampProvider_useClockTimer__C
00006980   ti_sysbios_family_arm_m3_Hwi_Module__id__C
00006984   ti_sysbios_hal_Hwi_Module__id__C
00006988   ti_sysbios_knl_Semaphore_Module__id__C
0000698c   ti_sysbios_knl_Task_Module__id__C
00006990   ti_sysbios_knl_Task_initStackFlag__C
00006994   xdc_runtime_Core_Module__id__C
00006998   xdc_runtime_Error_Module__loggerDefined__C
0000699c   xdc_runtime_Error_maxDepth__C
000069a0   xdc_runtime_HeapMin_Module__id__C
000069a4   xdc_runtime_HeapMin_freeError__C
000069a8   xdc_runtime_LoggerBuf_Module__id__C
000069ac   xdc_runtime_LoggerBuf_filterByLevel__C
000069b0   xdc_runtime_Memory_Module__id__C
000069b4   xdc_runtime_SysMin_flushAtExit__C
000069b8   xdc_runtime_Text_charCnt__C
000069bc   xdc_runtime_Text_isLoaded__C
000069c0   xdc_runtime_Text_registryModsLastId__C
000069c4   xdc_runtime_Text_unnamedModsLastId__C
000069c8   xdc_runtime_Error_policy__C
00006e80   __TI_Handler_Table_Base
00006e8c   __TI_Handler_Table_Limit
00006ea0   __TI_CINIT_Base
00006eb8   __TI_CINIT_Limit
20000000   ti_sysbios_family_arm_m3_Hwi_ramVectors
20000360   ti_sysbios_knl_Task_Instance_State_0_stack__A
20000760   ti_sysbios_knl_Task_Instance_State_1_stack__A
20000b60   ti_sysbios_knl_Task_Instance_State_2_stack__A
20000f60   ti_sysbios_knl_Task_Instance_State_3_stack__A
20001360   ti_sysbios_knl_Task_Instance_State_4_stack__A
20001760   glcd_buffer
20001b60   __CIOBUF_
20001c80   xdc_runtime_LoggerBuf_Instance_State_0_entryArr__A
20001d00   xdc_runtime_SysMin_Module_State_0_outbuf__A
20001d80   ti_sysbios_knl_Task_Instance_State_0_hookEnv__A
20001d84   ti_sysbios_knl_Task_Instance_State_1_hookEnv__A
20001d88   ti_sysbios_knl_Task_Instance_State_2_hookEnv__A
20001d8c   ti_sysbios_knl_Task_Instance_State_3_hookEnv__A
20001d90   ti_sysbios_knl_Task_Instance_State_4_hookEnv__A
20001d98   xdc_runtime_HeapMin_Instance_State_0_buf__A
20001db8   temp_count_string
20001dbc   KeyBuf
20001dc0   KeyIn
20001dc1   KeyOut
20001dc2   KeyRead
20001dc3   clkstat
20001dc4   datstat
20001dc5   paritystat
20001dc6   data
20001dc7   time_string
20001ddb   glcd_dirty_pages
20001ddc   ti_sysbios_family_arm_m3_Hwi_Module_State_0_dispatchTable__A
2000213c   ti_sysbios_knl_Task_Object__table__V
2000226c   TSK_idle
200022b8   ti_sysbios_BIOS_Module__state__V
200022d8   ti_sysbios_family_arm_lm4_Timer_Module__root__V
200022e0   ti_sysbios_family_arm_lm4_Timer_Module_State_0_handles__A
200022f8   ti_sysbios_family_arm_lm4_Timer_Module__state__V
20002304   ti_sysbios_family_arm_lm4_TimestampProvider_Module__state__V
2000230c   ti_sysbios_family_arm_m3_Hwi_Module__root__V
20002314   ti_sysbios_family_arm_m3_Hwi_Module_State_0_excActive__A
20002318   ti_sysbios_family_arm_m3_Hwi_Module_State_0_excContext__A
2000231c   ti_sysbios_family_arm_m3_Hwi_Module_State_0_excStack__A
20002320   ti_sysbios_gates_GateHwi_Module__root__V
20002328   ti_sysbios_gates_GateHwi_Object__table__V
2000232c   ti_sysbios_gates_GateMutexPri_Module__root__V
20002334   ti_sysbios_hal_Hwi_Module__root__V
2000233c   ti_sysbios_hal_Hwi_Object__table__V
20002354   ti_sysbios_hal_Timer_Module__root__V
2000235c   ti_sysbios_hal_Timer_Object__table__V
20002364   ti_sysbios_knl_Clock_Module__root__V
2000236c   ti_sysbios_knl_Queue_Module__root__V
20002374   ti_sysbios_knl_Semaphore_Module__root__V
2000237c   ti_sysbios_knl_Swi_Module__root__V
20002384   ti_sysbios_knl_Swi_Module__state__V
200023a0   ti_sysbios_knl_Task_Module__root__V
200023a8   ti_sysbios_knl_Task_Module_State_0_idleTask__A
200023ac   xdc_runtime_Error_Module__state__V
200023b0   xdc_runtime_GateNull_Module__root__V
200023b8   xdc_runtime_HeapMin_Module__root__V
200023c0   xdc_runtime_HeapMin_Object__table__V
200023d0   xdc_runtime_LoggerBuf_Module__root__V
200023d8   xdc_runtime_LoggerBuf_Module__state__V
200023e0   xdc_runtime_Memory_Module__state__V
200023e4   xdc_runtime_Registry_Module__state__V
200023ec   xdc_runtime_Startup_Module__state__V
200023f4   xdc_runtime_SysMin_Module__state__V
20002400   xdc_runtime_System_Module_State_0_atexitHandlers__A
20002410   xdc_runtime_System_Module__state__V
2000241c   xdc_runtime_Text_Module__state__V
20002424   __xdc__init__addr
20002428   ti_sysbios_knl_Swi_Module_State_0_readyQ__A
200024a8   ti_sysbios_knl_Task_Module_State_0_readyQ__A
20002528   ti_sysbios_family_arm_m3_Hwi_Object__table__V
200025a0   ti_sysbios_family_arm_lm4_Timer_Object__table__V
20002610   ti_sysbios_family_arm_m3_Hwi_Module__state__V
20002664   ti_sysbios_knl_Task_Module__state__V
200026a8   ti_sysbios_family_arm_lm4_Timer_Module_State_0_device__A
200026d8   ti_sysbios_knl_Swi_Object__table__V
20002708   ti_sysbios_knl_Clock_Module__state__V
20002730   ti_sysbios_knl_Semaphore_Object__table__V
20002758   glcd_flipped
2000275c   pagemap
2000277c   xdc_runtime_LoggerBuf_Object__table__V
200027a0   temp_count
200027a4   Data
200027a8   KeyBuffer
200027a9   bitcount
200027b0   _lock
200027b4   _unlock
200027b8   _cleanup_ptr
200027bc   _dtors_ptr
200027c0   TimeOfDay
200027cc   main_func_sp
200027d4   StateInfo
200027d6   LastState
200027d8   __stack
200029d8   __STACK_TOP
20002bd8   __STACK_END
e000e000   ti_sysbios_family_arm_m3_Hwi_nvic
ffffffff   __binit__
ffffffff   __c_args__
ffffffff   binit
UNDEFED    SHT$$INIT_ARRAY$$Base
UNDEFED    SHT$$INIT_ARRAY$$Limit

[655 symbols]
