******************************************************************************
                  TI ARM Linker PC v5.0.4                      
******************************************************************************
>> Linked Mon May 27 11:23:11 2013

OUTPUT FILE NAME:   <Grocery.out>
ENTRY POINT SYMBOL: "_c_int00"  address: 00004a59


MEMORY CONFIGURATION

         name            origin    length      used     unused   attr    fill
----------------------  --------  ---------  --------  --------  ----  --------
  FLASH                 00000000   00040000  00006e67  00039199  R  X
  SRAM                  20000000   00008000  00002bd7  00005429  RW X


SEGMENT ALLOCATION MAP

run origin  load origin   length   init length attrs members
----------  ----------- ---------- ----------- ----- -------
00000000    00000000    00006e70   00006e70    r-x
  00000000    00000000    00000360   00000360    r-- .resetVecs
  00000360    00000360    00005c7e   00005c7e    r-x .text
  00005fe0    00005fe0    000009a1   000009a1    r-- .const
  00006988    00006988    000004e8   000004e8    r-- .cinit
20000000    20000000    00001ddc   00000000    rw-
  20000000    20000000    00000360   00000000    rw- .vecs
  20000360    20000360    00001a7c   00000000    rw- .bss
20001ddc    20001ddc    00000dfc   000009fb    rw-
  20001ddc    20001ddc    000009fb   000009fb    rw- .data
  200027d8    200027d8    00000400   00000000    rw- .stack


SECTION ALLOCATION MAP

 output                                  attributes/
section   page    origin      length       input sections
--------  ----  ----------  ----------   ----------------
.bootVecs 
*          0    00000000    00000008     DSECT
                  00000000    00000008     boot.aem4f : boot.oem4f (.bootVecs)

.resetVecs 
*          0    00000000    00000360     
                  00000000    00000360     app_pem4f.oem4f (.resetVecs)

xdc.meta   0    00000000    000000d9     COPY SECTION
                  00000000    000000d9     app_pem4f.oem4f (xdc.meta)

xdc.noload 
*          0    00000000    00001242     COPY SECTION
                  00000000    00001242     app_pem4f.oem4f (xdc.noload)

.init_array 
*          0    00000000    00000000     UNINITIALIZED

.text      0    00000360    00005c7e     
                  00000360    00000530     Ps2Keyboard.obj (.text)
                  00000890    00000424     sysbios.aem4f : BIOS.obj (.text:ti_sysbios_family_arm_m3_Hwi_excDumpRegs__I)
                  00000cb4    0000041c     st7565.obj (.text)
                  000010d0    00000344     ti.targets.arm.rtsarm.aem4f : System.oem4f (.text:xdc_runtime_System_doPrint__I)
                  00001414    00000314     Graphics_Bmp.obj (.text)
                  00001728    000002e4     rtsv7M4_T_le_v4SPD16_eabi.lib : trgdrv.obj (.text)
                  00001a0c    00000238     sysbios.aem4f : BIOS.obj (.text:ti_sysbios_knl_Semaphore_pend__E)
                  00001c44    00000218     main.obj (.text)
                  00001e5c    000001dc     sysbios.aem4f : BIOS.obj (.text:ti_sysbios_family_arm_m3_Hwi_excHandlerMax__I)
                  00002038    000001d8     driverlib-cm4f.lib : sysctl.obj (.text:SysCtlClockGet)
                  00002210    000001a4     buttons.obj (.text)
                  000023b4    0000018c     sysbios.aem4f : BIOS.obj (.text:ti_sysbios_knl_Task_sleep__E)
                  00002540    00000168                   : BIOS.obj (.text:ti_sysbios_family_arm_m3_Hwi_excBusFault__I)
                  000026a8    00000154                   : BIOS.obj (.text:ti_sysbios_family_arm_m3_Hwi_excUsageFault__I)
                  000027fc    00000140                   : BIOS.obj (.text:ti_sysbios_family_arm_m3_Hwi_excMemFault__I)
                  0000293c    0000013c     ti.targets.arm.rtsarm.aem4f : Error.oem4f (.text:xdc_runtime_Error_raiseX__F)
                  00002a78    00000138     Boot.aem4f : Boot_sysctl.oem4f (.text:ti_catalog_arm_cortexm4_tiva_ce_Boot_sysCtlClockSetI__I)
                  00002bb0    00000134     sysbios.aem4f : m3_Hwi_asm.obj (.text:ti_sysbios_family_arm_m3_Hwi_dispatch__I)
                  00002ce4    0000012c     ti.targets.arm.rtsarm.aem4f : LoggerBuf.oem4f (.text:xdc_runtime_LoggerBuf_write8__F)
                  00002e10    00000128     sysbios.aem4f : BIOS.obj (.text:ti_sysbios_family_arm_lm4_TimestampProvider_get64__E)
                  00002f38    00000114                   : BIOS.obj (.text:ti_sysbios_family_arm_lm4_Timer_initDevice__I)
                  0000304c    00000104     ti.targets.arm.rtsarm.aem4f : Core-mem.oem4f (.text:xdc_runtime_Core_createObject__I)
                  00003150    000000fc     sysbios.aem4f : BIOS.obj (.text:ti_sysbios_family_arm_lm4_Timer_start__E)
                  0000324c    000000f8     ti.targets.arm.rtsarm.aem4f : Startup.oem4f (.text:xdc_runtime_Startup_startMods__I)
                  00003344    000000f8     app_pem4f.oem4f (.text:xdc_runtime_System_printfExtend__I)
                  0000343c    000000ec     rtsv7M4_T_le_v4SPD16_eabi.lib : dtor_list.obj (.text)
                  00003528    000000ec     sysbios.aem4f : BIOS.obj (.text:ti_sysbios_knl_Semaphore_post__E)
                  00003614    000000dc                   : BIOS.obj (.text:ti_sysbios_family_arm_m3_Hwi_initNVIC__E)
                  000036f0    000000dc                   : BIOS.obj (.text:ti_sysbios_knl_Task_postInit__I)
                  000037cc    000000d8     Clock.obj (.text)
                  000038a4    000000d4     ti.targets.arm.rtsarm.aem4f : LoggerBuf.oem4f (.text:xdc_runtime_LoggerBuf_write4__F)
                  00003978    000000c8     driverlib-cm4f.lib : gpio.obj (.text:GPIOPadConfigSet)
                  00003a40    000000b4     sysbios.aem4f : BIOS.obj (.text:ti_sysbios_family_arm_m3_Hwi_excHardFault__I)
                  00003af4    000000b4                   : BIOS.obj (.text:ti_sysbios_knl_Task_checkStacks__E)
                  00003ba8    000000b0                   : BIOS.obj (.text:ti_sysbios_family_arm_m3_Hwi_excDebugMon__I)
                  00003c58    000000ac                   : BIOS.obj (.text:ti_sysbios_knl_Swi_schedule__I)
                  00003d04    000000a4                   : BIOS.obj (.text:ti_sysbios_family_arm_m3_Hwi_Module_startup__F)
                  00003da8    000000a0     auto_init.aem4f : auto_init.oem4f (.text)
                  00003e48    0000009c     rtsv7M4_T_le_v4SPD16_eabi.lib : memcpy_t2.obj (.text)
                  00003ee4    0000009a     ti.targets.arm.rtsarm.aem4f : Text.oem4f (.text:xdc_runtime_Text_putSite__F)
                  00003f7e    00000002     sysbios.aem4f : BIOS.obj (.text:ti_sysbios_BIOS_nullFunc__I)
                  00003f80    00000094     Boot.aem4f : Boot.oem4f (.text:ti_catalog_arm_cortexm4_tiva_ce_Boot_sysCtlClockSet__E)
                  00004014    00000094     ti.targets.arm.rtsarm.aem4f : Text.oem4f (.text:xdc_runtime_Text_putMod__F)
                  000040a8    00000090     sysbios.aem4f : BIOS.obj (.text:ti_sysbios_knl_Task_exit__E)
                  00004138    00000090                   : BIOS.obj (.text:ti_sysbios_knl_Task_startCore__E)
                  000041c8    0000008c                   : m3_TaskSupport_asm.obj (.text:_ti_sysbios_family_arm_m3_TaskSupport_buildTaskStack)
                  00004254    0000008c     ti.targets.arm.rtsarm.aem4f : HeapMin.oem4f (.text:xdc_runtime_HeapMin_Instance_init__F)
                  000042e0    00000088     sysbios.aem4f : BIOS.obj (.text:ti_sysbios_knl_Task_schedule__I)
                  00004368    00000084                   : BIOS.obj (.text:ti_sysbios_knl_Task_Module_startup__F)
                  000043ec    00000080     ti.targets.arm.rtsarm.aem4f : LoggerBuf.oem4f (.text:xdc_runtime_LoggerBuf_setFilterLevel__F)
                  0000446c    00000078     rtsv7M4_T_le_v4SPD16_eabi.lib : memset_t2.obj (.text)
                  000044e4    00000070     ti.targets.arm.rtsarm.aem4f : Memory.oem4f (.text:xdc_runtime_Memory_alloc__F)
                  00004554    0000006c     sysbios.aem4f : BIOS.obj (.text:ti_sysbios_knl_Clock_workFunc__E)
                  000045c0    0000006c     ti.targets.arm.rtsarm.aem4f : Error.oem4f (.text:xdc_runtime_Error_print__F)
                  0000462c    0000006c                                 : LoggerBuf.oem4f (.text:xdc_runtime_LoggerBuf_getFilterLevel__F)
                  00004698    00000066                                 : Core-mem.oem4f (.text:xdc_runtime_Core_deleteObject__I)
                  000046fe    00000002     sysbios.aem4f : BIOS.obj (.text:ti_sysbios_gates_GateHwi_Instance_init__F)
                  00004700    00000064     driverlib-cm4f.lib : interrupt.obj (.text:IntEnable)
                  00004764    00000060     rtsv7M4_T_le_v4SPD16_eabi.lib : trgmsg.obj (.text)
                  000047c4    00000060     sysbios.aem4f : BIOS.obj (.text:ti_sysbios_family_arm_m3_Hwi_dispatchC__I)
                  00004824    00000060                   : BIOS.obj (.text:ti_sysbios_knl_Swi_run__I)
                  00004884    00000060     app_pem4f.oem4f (.text:xdc_runtime_LoggerBuf_Object__create__S)
                  000048e4    0000005e     rtsv7M4_T_le_v4SPD16_eabi.lib : copy_decompress_rle.obj (.text)
                  00004942    00000002     sysbios.aem4f : BIOS.obj (.text:ti_sysbios_knl_Clock_logTick__E)
                  00004944    0000005c                   : BIOS.obj (.text:ti_sysbios_family_arm_lm4_Timer_Module_startup__F)
                  000049a0    0000005c                   : BIOS.obj (.text:ti_sysbios_knl_Swi_restoreHwi__E)
                  000049fc    0000005b     ti.targets.arm.rtsarm.aem4f : Text.oem4f (.text:xdc_runtime_Text_putLab__F)
                  00004a57    00000001     --HOLE-- [fill = 0]
                  00004a58    00000058     boot.aem4f : boot.oem4f (.text)
                  00004ab0    00000058     driverlib-cm4f.lib : sysctl.obj (.text:SysCtlPeripheralEnable)
                  00004b08    00000058     sysbios.aem4f : BIOS.obj (.text:ti_sysbios_knl_Task_unblockI__E)
                  00004b60    00000050     ti.targets.arm.rtsarm.aem4f : Startup.oem4f (.text:xdc_runtime_Startup_exec__F)
                  00004bb0    00000050                                 : System.oem4f (.text:xdc_runtime_System_formatNum__I)
                  00004c00    00000048     driverlib-cm4f.lib : gpio.obj (.text:GPIOPinConfigure)
                  00004c48    00000048     sysbios.aem4f : BIOS.obj (.text:ti_sysbios_family_arm_m3_Hwi_excReserved__I)
                  00004c90    00000048                   : BIOS.obj (.text:ti_sysbios_knl_Task_allBlockedFunction__I)
                  00004cd8    00000048     ti.targets.arm.rtsarm.aem4f : Assert.oem4f (.text:xdc_runtime_Assert_raise__I)
                  00004d20    00000048                                 : Core-params.oem4f (.text:xdc_runtime_Core_assignParams__I)
                  00004d68    00000044     driverlib-cm4f.lib : gpio.obj (.text:GPIOIntTypeSet)
                  00004dac    00000044                        : ssi.obj (.text:SSIConfigSetExpClk)
                  00004df0    00000044     rtsv7M4_T_le_v4SPD16_eabi.lib : cpy_tbl.obj (.text)
                  00004e34    00000044     sysbios.aem4f : BIOS.obj (.text:ti_sysbios_family_arm_lm4_Timer_isrStub__E)
                  00004e78    00000044                   : BIOS.obj (.text:ti_sysbios_family_arm_m3_Hwi_disableInterrupt__E)
                  00004ebc    00000044                   : BIOS.obj (.text:ti_sysbios_family_arm_m3_Hwi_enableInterrupt__E)
                  00004f00    00000044                   : BIOS.obj (.text:ti_sysbios_knl_Swi_post__E)
                  00004f44    00000044     ti.targets.arm.rtsarm.aem4f : LoggerBuf.oem4f (.text:xdc_runtime_LoggerBuf_filterOutEvent__I)
                  00004f88    00000044                                 : SysMin.oem4f (.text:xdc_runtime_SysMin_flush__F)
                  00004fcc    00000040     rtsv7M4_T_le_v4SPD16_eabi.lib : exit.obj (.text)
                  0000500c    00000040     sysbios.aem4f : BIOS.obj (.text:ti_sysbios_family_arm_lm4_Timer_startup__E)
                  0000504c    00000040                   : BIOS.obj (.text:ti_sysbios_knl_Semaphore_pendTimeout__I)
                  0000508c    00000040                   : BIOS.obj (.text:ti_sysbios_knl_Task_processVitalTaskFlag__I)
                  000050cc    00000040     ti.targets.arm.rtsarm.aem4f : System.oem4f (.text:xdc_runtime_System_atexit__F)
                  0000510c    0000003c     sysbios.aem4f : BIOS.obj (.text:ti_sysbios_family_arm_m3_Hwi_excSvCall__I)
                  00005148    0000003c                   : BIOS.obj (.text:ti_sysbios_knl_Swi_restore__E)
                  00005184    0000003c     ti.targets.arm.rtsarm.aem4f : HeapMin.oem4f (.text:xdc_runtime_HeapMin_alloc__F)
                  000051c0    0000003c                                 : Text.oem4f (.text:xdc_runtime_Text_xprintf__I)
                  000051fc    00000038     sysbios.aem4f : BIOS.obj (.text:ti_sysbios_family_arm_m3_Hwi_excNoIsr__I)
                  00005234    00000038                   : BIOS.obj (.text:ti_sysbios_family_arm_m3_Hwi_getStackInfo__E)
                  0000526c    00000038                   : BIOS.obj (.text:ti_sysbios_family_arm_m3_TaskSupport_start__E)
                  000052a4    00000038     ti.targets.arm.rtsarm.aem4f : LoggerBuf.oem4f (.text:xdc_runtime_LoggerBuf_Instance_init__F)
                  000052dc    00000038                                 : SysMin.oem4f (.text:xdc_runtime_SysMin_putch__F)
                  00005314    00000034     sysbios.aem4f : BIOS.obj (.text:ti_sysbios_family_arm_m3_Hwi_excNmi__I)
                  00005348    00000034     app_pem4f.oem4f (.text:ti_sysbios_gates_GateHwi_Object__create__S)
                  0000537c    00000034     sysbios.aem4f : BIOS.obj (.text:ti_sysbios_hal_Hwi_checkStack:ti_sysbios_hal_Hwi_checkStack)
                  000053b0    00000034     app_pem4f.oem4f (.text:xdc_runtime_HeapMin_Object__create__S)
                  000053e4    00000030     sysbios.aem4f : BIOS.obj (.text:ti_sysbios_BIOS_errorRaiseHook__I)
                  00005414    00000030     app_pem4f.oem4f (.text:ti_sysbios_BIOS_exitFunc__I)
                  00005444    00000030     sysbios.aem4f : BIOS.obj (.text:ti_sysbios_family_arm_lm4_Timer_enableTimers__I)
                  00005474    00000030                   : BIOS.obj (.text:ti_sysbios_family_arm_lm4_Timer_stop__E)
                  000054a4    00000030                   : BIOS.obj (.text:ti_sysbios_knl_Idle_run__E)
                  000054d4    00000030     ti.targets.arm.rtsarm.aem4f : Core-label.oem4f (.text:xdc_runtime_Core_assignLabel__I)
                  00005504    00000030                                 : HeapMin.oem4f (.text:xdc_runtime_HeapMin_free__F)
                  00005534    00000030                                 : SysMin.oem4f (.text:xdc_runtime_SysMin_abort__F)
                  00005564    0000002f                                 : Text.oem4f (.text:xdc_runtime_Text_printVisFxn__I)
                  00005593    00000001     --HOLE-- [fill = 0]
                  00005594    0000002e     driverlib-cm4f.lib : gpio.obj (.text:GPIODirModeSet)
                  000055c2    0000002e     app_pem4f.oem4f (.text:malloc)
                  000055f0    0000002e     sysbios.aem4f : BIOS.obj (.text:ti_sysbios_knl_Task_sleepTimeout__I)
                  0000561e    0000002c                   : BIOS.obj (.text:ti_sysbios_hal_Hwi_initStack:ti_sysbios_hal_Hwi_initStack)
                  0000564a    00000002     app_pem4f.oem4f (.text:xdc_runtime_Startup_reset__I)
                  0000564c    0000002c     app_pem4f.oem4f (.text:ti_sysbios_knl_Clock_doTick__I)
                  00005678    0000002c     sysbios.aem4f : BIOS.obj (.text:ti_sysbios_knl_Task_restore__E)
                  000056a4    0000002c     ti.targets.arm.rtsarm.aem4f : System.oem4f (.text:xdc_runtime_System_rtsExit__I)
                  000056d0    0000002c                                 : Text.oem4f (.text:xdc_runtime_Text_cordText__F)
                  000056fc    0000002a                                 : System.oem4f (.text:xdc_runtime_System_putchar__I)
                  00005726    00000002     --HOLE-- [fill = 0]
                  00005728    00000028     driverlib-cm4f.lib : timer.obj (.text:TimerConfigure)
                  00005750    00000028     sysbios.aem4f : m3_Hwi_asm_switch.obj (.text:_ti_sysbios_family_arm_m3_Hwi_initStacks__E)
                  00005778    00000028                   : BIOS.obj (.text:ti_sysbios_knl_Clock_addI__E)
                  000057a0    00000028     ti.targets.arm.rtsarm.aem4f : LoggerBuf.oem4f (.text:xdc_runtime_LoggerBuf_Module_startup__F)
                  000057c8    00000026                                 : System.oem4f (.text:xdc_runtime_System_avprintf__F)
                  000057ee    00000002     --HOLE-- [fill = 0]
                  000057f0    00000024     sysbios.aem4f : BIOS.obj (.text:ti_sysbios_knl_Clock_Module_startup__F)
                  00005814    00000024                   : BIOS.obj (.text:ti_sysbios_knl_Swi_Module_startup__F)
                  00005838    00000024                   : BIOS.obj (.text:ti_sysbios_knl_Task_restoreHwi__E)
                  0000585c    00000024     ti.targets.arm.rtsarm.aem4f : System.oem4f (.text:xdc_runtime_System_vprintf__F)
                  00005880    00000022     app_pem4f.oem4f (.text:xdc_runtime_SysMin_output__I)
                  000058a2    00000002     --HOLE-- [fill = 0]
                  000058a4    00000020     sysbios.aem4f : BIOS.obj (.text:ti_sysbios_BIOS_removeRTSLock__I)
                  000058c4    00000020     app_pem4f.oem4f (.text:ti_sysbios_BIOS_startFunc__I)
                  000058e4    00000020     app_pem4f.oem4f (.text:ti_sysbios_gates_GateHwi_Object__delete__S)
                  00005904    00000020     sysbios.aem4f : BIOS.obj (.text:ti_sysbios_knl_Task_enter__I)
                  00005924    00000020     app_pem4f.oem4f (.text:xdc_runtime_HeapMin_Object__delete__S)
                  00005944    00000020     app_pem4f.oem4f (.text:xdc_runtime_LoggerBuf_Object__delete__S)
                  00005964    00000020     ti.targets.arm.rtsarm.aem4f : LoggerBuf.oem4f (.text:xdc_runtime_LoggerBuf_reset__F)
                  00005984    00000020                                 : Registry.oem4f (.text:xdc_runtime_Registry_findById__F)
                  000059a4    00000020                                 : SysMin.oem4f (.text:xdc_runtime_SysMin_Module_startup__F)
                  000059c4    0000001e     sysbios.aem4f : BIOS.obj (.text:ti_sysbios_family_arm_lm4_Timer_write__I)
                  000059e2    0000001c                   : BIOS.obj (.text:ti_sysbios_knl_Queue_put__E)
                  000059fe    00000002     --HOLE-- [fill = 0]
                  00005a00    0000001c     ti.targets.arm.rtsarm.aem4f : Error.oem4f (.text:xdc_runtime_Error_check__F)
                  00005a1c    0000001c                                 : Memory.oem4f (.text:xdc_runtime_Memory_valloc__F)
                  00005a38    0000001c                                 : SysMin.oem4f (.text:xdc_runtime_SysMin_exit__F)
                  00005a54    0000001a     app_pem4f.oem4f (.text:xdc_runtime_System_aprintf__E)
                  00005a6e    0000001a     app_pem4f.oem4f (.text:xdc_runtime_System_printf__E)
                  00005a88    00000018     sysbios.aem4f : m3_TaskSupport_asm.obj (.text:_ti_sysbios_family_arm_m3_TaskSupport_swap__E)
                  00005aa0    00000018     app_pem4f.oem4f (.text:free)
                  00005ab8    00000018     rtsv7M4_T_le_v4SPD16_eabi.lib : args_main.obj (.text)
                  00005ad0    00000018     app_pem4f.oem4f (.text:ti_sysbios_family_arm_lm4_Timer_Module__startupDone__F)
                  00005ae8    00000018     app_pem4f.oem4f (.text:ti_sysbios_family_arm_m3_Hwi_Handle__label__S)
                  00005b00    00000018     app_pem4f.oem4f (.text:ti_sysbios_family_arm_m3_Hwi_Module__startupDone__F)
                  00005b18    00000018     app_pem4f.oem4f (.text:ti_sysbios_gates_GateHwi_Handle__label__S)
                  00005b30    00000018     app_pem4f.oem4f (.text:ti_sysbios_hal_Timer_Module__startupDone__F)
                  00005b48    00000018     app_pem4f.oem4f (.text:ti_sysbios_knl_Swi_Handle__label__S)
                  00005b60    00000018     app_pem4f.oem4f (.text:ti_sysbios_knl_Task_Handle__label__S)
                  00005b78    00000018     app_pem4f.oem4f (.text:xdc_runtime_HeapMin_Handle__label__S)
                  00005b90    00000018     app_pem4f.oem4f (.text:xdc_runtime_LoggerBuf_Handle__label__S)
                  00005ba8    00000018     ti.targets.arm.rtsarm.aem4f : Text.oem4f (.text:xdc_runtime_Text_ropeText__F)
                  00005bc0    00000014     rtsv7M4_T_le_v4SPD16_eabi.lib : _lock.obj (.text)
                  00005bd4    00000014                                   : strlen.obj (.text)
                  00005be8    00000014     sysbios.aem4f : BIOS.obj (.text:ti_sysbios_family_arm_m3_Hwi_switchFromBootStack__E)
                  00005bfc    00000014     app_pem4f.oem4f (.text:ti_sysbios_knl_Swi_Object__get__S)
                  00005c10    00000014     ti.targets.arm.rtsarm.aem4f : LoggerBuf.oem4f (.text:xdc_runtime_LoggerBuf_Instance_finalize__F)
                  00005c24    00000014     app_pem4f.oem4f (.text:xdc_runtime_LoggerBuf_Object__get__S)
                  00005c38    00000014     ti.targets.arm.rtsarm.aem4f : LoggerBuf.oem4f (.text:xdc_runtime_LoggerBuf_write2__F)
                  00005c4c    00000014                                 : System.oem4f (.text:xdc_runtime_System_abort__F)
                  00005c60    00000012     driverlib-cm4f.lib : gpio.obj (.text:GPIOPinTypeGPIOInput)
                  00005c72    00000012                        : gpio.obj (.text:GPIOPinTypeGPIOOutput)
                  00005c84    00000012                        : gpio.obj (.text:GPIOPinTypeSSI)
                  00005c96    00000012                        : timer.obj (.text:TimerLoadSet)
                  00005ca8    00000012     rtsv7M4_T_le_v4SPD16_eabi.lib : copy_zero_init.obj (.text:decompress:ZI)
                  00005cba    00000012     sysbios.aem4f : BIOS.obj (.text:ti_sysbios_hal_Hwi_Module_startup__F)
                  00005ccc    00000012                   : BIOS.obj (.text:ti_sysbios_hal_Timer_Module_startup__F)
                  00005cde    00000012     ti.targets.arm.rtsarm.aem4f : LoggerBuf.oem4f (.text:xdc_runtime_LoggerBuf_write1__F)
                  00005cf0    00000012     app_pem4f.oem4f (.text:xdc_runtime_Startup_exec__I)
                  00005d02    00000010     sysbios.aem4f : m3_TaskSupport_asm.obj (.text:_ti_sysbios_family_arm_m3_TaskSupport_glue)
                  00005d12    00000010                   : m3_Hwi_asm_switch.obj (.text:_ti_sysbios_family_xxx_Hwi_switchToIsrStack)
                  00005d22    00000010     rtsv7M4_T_le_v4SPD16_eabi.lib : strcpy.obj (.text)
                  00005d32    00000002     --HOLE-- [fill = 0]
                  00005d34    00000010     sysbios.aem4f : BIOS.obj (.text:ti_sysbios_BIOS_setThreadType__E)
                  00005d44    00000010                   : BIOS.obj (.text:ti_sysbios_BIOS_start__E)
                  00005d54    00000010                   : BIOS.obj (.text:ti_sysbios_family_arm_lm4_TimestampProvider_rolloverFunc__E)
                  00005d64    00000010                   : BIOS.obj (.text:ti_sysbios_family_arm_m3_Hwi_excHandler__I)
                  00005d74    00000010                   : BIOS.obj (.text:ti_sysbios_knl_Swi_disable__E)
                  00005d84    00000010     app_pem4f.oem4f (.text:ti_sysbios_knl_Task_Object__get__S)
                  00005d94    00000010     sysbios.aem4f : BIOS.obj (.text:ti_sysbios_knl_Task_disable__E)
                  00005da4    00000010     ti.targets.arm.rtsarm.aem4f : Gate.oem4f (.text:xdc_runtime_Gate_leaveSystem__F)
                  00005db4    00000010                                 : LoggerBuf.oem4f (.text:xdc_runtime_LoggerBuf_write0__F)
                  00005dc4    00000010                                 : Memory.oem4f (.text:xdc_runtime_Memory_free__F)
                  00005dd4    00000010                                 : SysMin.oem4f (.text:xdc_runtime_SysMin_ready__F)
                  00005de4    00000010                                 : System.oem4f (.text:xdc_runtime_System_vsnprintf__F)
                  00005df4    0000000e     driverlib-cm4f.lib : timer.obj (.text:TimerEnable)
                  00005e02    0000000e     rtsv7M4_T_le_v4SPD16_eabi.lib : copy_decompress_none.obj (.text:decompress:none)
                  00005e10    0000000e     sysbios.aem4f : BIOS.obj (.text:ti_sysbios_family_arm_m3_TaskSupport_checkStack__E)
                  00005e1e    0000000e                   : BIOS.obj (.text:ti_sysbios_knl_Queue_empty__E)
                  00005e2c    0000000c     app_pem4f.oem4f (.text:.bootCodeSection:ti_catalog_arm_cortexm4_tiva_ce_Boot_init__I)
                  00005e38    0000000c     driverlib-cm4f.lib : gpio.obj (.text:GPIOPinIntEnable)
                  00005e44    0000000c     sysbios.aem4f : m3_Hwi_asm_switch.obj (.text:_ti_sysbios_family_xxx_Hwi_switchToTaskStack)
                  00005e50    0000000c                   : BIOS.obj (.text:ti_sysbios_family_arm_lm4_Timer_masterDisable__I)
                  00005e5c    0000000c                   : BIOS.obj (.text:ti_sysbios_family_arm_lm4_TimestampProvider_startTimer__E)
                  00005e68    0000000c                   : BIOS.obj (.text:ti_sysbios_gates_GateHwi_enter__E)
                  00005e74    0000000c     app_pem4f.oem4f (.text:ti_sysbios_knl_Queue_Object__get__S)
                  00005e80    0000000c     ti.targets.arm.rtsarm.aem4f : Error.oem4f (.text:xdc_runtime_Error_init__F)
                  00005e8c    0000000c                                 : Gate.oem4f (.text:xdc_runtime_Gate_enterSystem__F)
                  00005e98    0000000c                                 : HeapMin.oem4f (.text:xdc_runtime_HeapMin_getStats__F)
                  00005ea4    0000000c                                 : Memory.oem4f (.text:xdc_runtime_Memory_calloc__F)
                  00005eb0    0000000c                                 : Memory.oem4f (.text:xdc_runtime_Memory_getMaxDefaultTypeAlign__F)
                  00005ebc    0000000c                                 : System.oem4f (.text:xdc_runtime_System_exit__F)
                  00005ec8    0000000c                                 : System.oem4f (.text:xdc_runtime_System_lastFxn__I)
                  00005ed4    0000000a     driverlib-cm4f.lib : gpio.obj (.text:GPIOPinRead)
                  00005ede    0000000a                        : gpio.obj (.text:GPIOPinWrite)
                  00005ee8    0000000a                        : ssi.obj (.text:SSIDataPut)
                  00005ef2    0000000a                        : ssi.obj (.text:SSIEnable)
                  00005efc    0000000a     app_pem4f.oem4f (.text:xdc_runtime_IHeap_alloc)
                  00005f06    0000000a     app_pem4f.oem4f (.text:xdc_runtime_IHeap_free)
                  00005f10    0000000a     ti.targets.arm.rtsarm.aem4f : LoggerBuf.oem4f (.text:xdc_runtime_LoggerBuf_disable__F)
                  00005f1a    0000000a                                 : LoggerBuf.oem4f (.text:xdc_runtime_LoggerBuf_enable__F)
                  00005f24    00000008     driverlib-cm4f.lib : ssi.obj (.text:SSIBusy)
                  00005f2c    00000008                        : timer.obj (.text:TimerIntEnable)
                  00005f34    00000008     sysbios.aem4f : BIOS.obj (.text:ti_sysbios_family_arm_m3_Hwi_doSwiRestore__I)
                  00005f3c    00000008                   : BIOS.obj (.text:ti_sysbios_family_arm_m3_Hwi_startup__E)
                  00005f44    00000008                   : BIOS.obj (.text:ti_sysbios_knl_Idle_loop__E)
                  00005f4c    00000008     app_pem4f.oem4f (.text:xdc_runtime_Text_visitRope__I)
                  00005f54    00000006     driverlib-cm4f.lib : gpio.obj (.text:GPIOPinIntClear)
                  00005f5a    00000006     ti.targets.arm.rtsarm.aem4f : xdc_noinit.oem4f (.text:__xdc__init)
                  00005f60    00000006     rtsv7M4_T_le_v4SPD16_eabi.lib : copy_decompress_rle.obj (.text:decompress:rle24)
                  00005f66    00000006     Boot.aem4f : Boot_sysctl.oem4f (.text:ti_catalog_arm_cortexm4_tiva_ce_Boot_sysCtlDelayI__I)
                  00005f6c    00000006     sysbios.aem4f : BIOS.obj (.text:ti_sysbios_family_arm_lm4_TimestampProvider_Module_startup__F)
                  00005f72    00000006                   : BIOS.obj (.text:ti_sysbios_family_arm_m3_Hwi_doTaskRestore__I)
                  00005f78    00000006                   : BIOS.obj (.text:ti_sysbios_gates_GateHwi_leave__E)
                  00005f7e    00000006                   : BIOS.obj (.text:ti_sysbios_knl_Swi_startup__E)
                  00005f84    00000006     ti.targets.arm.rtsarm.aem4f : System.oem4f (.text:xdc_runtime_System_Module_startup__F)
                  00005f8a    00000004     driverlib-cm4f.lib : timer.obj (.text:TimerIntClear)
                  00005f8e    00000004     sysbios.aem4f : BIOS.obj (.text:ti_sysbios_family_arm_lm4_Timer_getPeriod__E)
                  00005f92    00000004                   : BIOS.obj (.text:ti_sysbios_family_arm_lm4_Timer_masterEnable__I)
                  00005f96    00000004     app_pem4f.oem4f (.text:ti_sysbios_family_arm_m3_TaskSupport_Module__startupDone__S)
                  00005f9a    00000004     sysbios.aem4f : BIOS.obj (.text:ti_sysbios_gates_GateHwi_query__F)
                  00005f9e    00000004     app_pem4f.oem4f (.text:ti_sysbios_hal_Hwi_HwiProxy_Module__startupDone__S)
                  00005fa2    00000004     app_pem4f.oem4f (.text:ti_sysbios_hal_Timer_TimerProxy_Module__startupDone__S)
                  00005fa6    00000004     app_pem4f.oem4f (.text:ti_sysbios_hal_Timer_TimerProxy_getPeriod__E)
                  00005faa    00000004     app_pem4f.oem4f (.text:ti_sysbios_knl_Task_SupportProxy_Module__startupDone__S)
                  00005fae    00000004     sysbios.aem4f : BIOS.obj (.text:ti_sysbios_knl_Task_startup__E)
                  00005fb2    00000004     ti.targets.arm.rtsarm.aem4f : Error.oem4f (.text:xdc_runtime_Error_getSite__F)
                  00005fb6    00000004                                 : HeapMin.oem4f (.text:xdc_runtime_HeapMin_isBlocking__F)
                  00005fba    00000004     app_pem4f.oem4f (.text:xdc_runtime_LoggerBuf_Module_GateProxy_enter__E)
                  00005fbe    00000004     app_pem4f.oem4f (.text:xdc_runtime_LoggerBuf_Module_GateProxy_leave__E)
                  00005fc2    00000004     app_pem4f.oem4f (.text:xdc_runtime_Memory_HeapProxy_alloc__E)
                  00005fc6    00000004     app_pem4f.oem4f (.text:xdc_runtime_Memory_HeapProxy_free__E)
                  00005fca    00000004     app_pem4f.oem4f (.text:xdc_runtime_System_Module_GateProxy_enter__E)
                  00005fce    00000004     app_pem4f.oem4f (.text:xdc_runtime_System_Module_GateProxy_leave__E)
                  00005fd2    00000004     ti.targets.arm.rtsarm.aem4f : System.oem4f (.text:xdc_runtime_System_aprintf_va__F)
                  00005fd6    00000004                                 : System.oem4f (.text:xdc_runtime_System_printf_va__F)
                  00005fda    00000004     app_pem4f.oem4f (.text:xdc_runtime_System_vsnprintf__E)

.const     0    00005fe0    000009a1     
                  00005fe0    000001b6     Font.obj (.const:.string:MyFont)
                  00006196    00000002     --HOLE-- [fill = 0]
                  00006198    000000d8     app_pem4f.oem4f (.const:ti_sysbios_family_arm_m3_Hwi_priorities__A)
                  00006270    000000ac     scancodes.obj (.const:shifted)
                  0000631c    000000ac     scancodes.obj (.const:unshifted)
                  000063c8    00000078     driverlib-cm4f.lib : gpio.obj (.const:g_pulGPIOBaseAddrs)
                  00006440    00000070                        : interrupt.obj (.const)
                  000064b0    0000006c                        : sysctl.obj (.const:g_pulXtals)
                  0000651c    00000048     app_pem4f.oem4f (.const:.string)
                  00006564    00000040     driverlib-cm4f.lib : sysctl.obj (.const)
                  000065a4    0000003c     app_pem4f.oem4f (.const:xdc_runtime_LoggerBuf_Module__FXNS__C)
                  000065e0    0000002c     app_pem4f.oem4f (.const:xdc_runtime_Startup_sfxnTab__A)
                  0000660c    00000028     app_pem4f.oem4f (.const:xdc_runtime_HeapMin_Module__FXNS__C)
                  00006634    00000024     app_pem4f.oem4f (.const)
                  00006658    00000024     app_pem4f.oem4f (.const:ti_sysbios_gates_GateHwi_Module__FXNS__C)
                  0000667c    00000024     app_pem4f.oem4f (.const:xdc_runtime_LoggerBuf_Object__PARAMS__C)
                  000066a0    00000020     app_pem4f.oem4f (.const:ti_sysbios_gates_GateHwi_Object__DESC__C)
                  000066c0    00000020     app_pem4f.oem4f (.const:xdc_runtime_HeapMin_Object__DESC__C)
                  000066e0    00000020     app_pem4f.oem4f (.const:xdc_runtime_HeapMin_Object__PARAMS__C)
                  00006700    00000020     app_pem4f.oem4f (.const:xdc_runtime_LoggerBuf_Object__DESC__C)
                  00006720    00000018     app_pem4f.oem4f (.const:ti_sysbios_gates_GateHwi_Object__PARAMS__C)
                  00006738    00000018     app_pem4f.oem4f (.const:ti_sysbios_knl_Task_hooks__A)
                  00006750    00000016     app_pem4f.oem4f (.const:xdc_runtime_Startup_sfxnRts__A)
                  00006766    00000002     --HOLE-- [fill = 0]
                  00006768    00000011     ti.targets.arm.rtsarm.aem4f : System.oem4f (.const)
                  00006779    00000003     --HOLE-- [fill = 0]
                  0000677c    00000010     app_pem4f.oem4f (.const:xdc_runtime_Startup_firstFxns__A)
                  0000678c    0000000c     main.obj (.const:.string)
                  00006798    00000008     app_pem4f.oem4f (.const:ti_sysbios_family_arm_m3_Hwi_excHookFuncs__A)
                  000067a0    00000008     app_pem4f.oem4f (.const:ti_sysbios_knl_Idle_coreList__C)
                  000067a8    00000008     app_pem4f.oem4f (.const:ti_sysbios_knl_Idle_funcList__C)
                  000067b0    00000008     app_pem4f.oem4f (.const:ti_sysbios_knl_Task_hooks__C)
                  000067b8    00000008     app_pem4f.oem4f (.const:xdc_runtime_Startup_firstFxns__C)
                  000067c0    00000008     app_pem4f.oem4f (.const:xdc_runtime_Startup_lastFxns__A)
                  000067c8    00000008     app_pem4f.oem4f (.const:xdc_runtime_Startup_lastFxns__C)
                  000067d0    00000004     app_pem4f.oem4f (.const:ti_catalog_arm_cortexm4_tiva_ce_Boot_A_mustUseEnhancedClockMode__C)
                  000067d4    00000004     app_pem4f.oem4f (.const:ti_catalog_arm_cortexm4_tiva_ce_Boot_Module__diagsEnabled__C)
                  000067d8    00000004     app_pem4f.oem4f (.const:ti_catalog_arm_cortexm4_tiva_ce_Boot_Module__diagsIncluded__C)
                  000067dc    00000004     app_pem4f.oem4f (.const:ti_catalog_arm_cortexm4_tiva_ce_Boot_Module__diagsMask__C)
                  000067e0    00000004     app_pem4f.oem4f (.const:ti_sysbios_BIOS_installedErrorHook__C)
                  000067e4    00000004     app_pem4f.oem4f (.const:ti_sysbios_family_arm_lm4_Timer_numTimerDevices__C)
                  000067e8    00000004     app_pem4f.oem4f (.const:ti_sysbios_family_arm_lm4_Timer_startupNeeded__C)
                  000067ec    00000004     app_pem4f.oem4f (.const:ti_sysbios_family_arm_m3_Hwi_E_NMI__C)
                  000067f0    00000004     app_pem4f.oem4f (.const:ti_sysbios_family_arm_m3_Hwi_E_busFault__C)
                  000067f4    00000004     app_pem4f.oem4f (.const:ti_sysbios_family_arm_m3_Hwi_E_debugMon__C)
                  000067f8    00000004     app_pem4f.oem4f (.const:ti_sysbios_family_arm_m3_Hwi_E_hardFault__C)
                  000067fc    00000004     app_pem4f.oem4f (.const:ti_sysbios_family_arm_m3_Hwi_E_memFault__C)
                  00006800    00000004     app_pem4f.oem4f (.const:ti_sysbios_family_arm_m3_Hwi_E_noIsr__C)
                  00006804    00000004     app_pem4f.oem4f (.const:ti_sysbios_family_arm_m3_Hwi_E_reserved__C)
                  00006808    00000004     app_pem4f.oem4f (.const:ti_sysbios_family_arm_m3_Hwi_E_svCall__C)
                  0000680c    00000004     app_pem4f.oem4f (.const:ti_sysbios_family_arm_m3_Hwi_E_usageFault__C)
                  00006810    00000004     app_pem4f.oem4f (.const:ti_sysbios_family_arm_m3_Hwi_NUM_INTERRUPTS__C)
                  00006814    00000004     app_pem4f.oem4f (.const:ti_sysbios_family_arm_m3_Hwi_ccr__C)
                  00006818    00000004     app_pem4f.oem4f (.const:ti_sysbios_family_arm_m3_Hwi_dispatchTable__C)
                  0000681c    00000004     app_pem4f.oem4f (.const:ti_sysbios_family_arm_m3_Hwi_excHandlerFunc__C)
                  00006820    00000004     app_pem4f.oem4f (.const:ti_sysbios_family_arm_m3_Hwi_excHookFuncs__C)
                  00006824    00000004     app_pem4f.oem4f (.const:ti_sysbios_family_arm_m3_Hwi_priGroup__C)
                  00006828    00000004     app_pem4f.oem4f (.const:ti_sysbios_family_arm_m3_Hwi_priorities__C)
                  0000682c    00000004     app_pem4f.oem4f (.const:ti_sysbios_hal_Hwi_E_stackOverflow__C)
                  00006830    00000004     app_pem4f.oem4f (.const:ti_sysbios_knl_Clock_Module_State_clockQ__O)
                  00006834    00000004     app_pem4f.oem4f (.const:ti_sysbios_knl_Idle_coreList__A)
                  00006838    00000004     app_pem4f.oem4f (.const:ti_sysbios_knl_Idle_funcList__A)
                  0000683c    00000004     app_pem4f.oem4f (.const:ti_sysbios_knl_Semaphore_A_badContext__C)
                  00006840    00000004     app_pem4f.oem4f (.const:ti_sysbios_knl_Semaphore_A_overflow__C)
                  00006844    00000004     app_pem4f.oem4f (.const:ti_sysbios_knl_Semaphore_A_pendTaskDisabled__C)
                  00006848    00000004     app_pem4f.oem4f (.const:ti_sysbios_knl_Semaphore_Instance_State_pendQ__O)
                  0000684c    00000004     app_pem4f.oem4f (.const:ti_sysbios_knl_Semaphore_Module__diagsEnabled__C)
                  00006850    00000004     app_pem4f.oem4f (.const:ti_sysbios_knl_Semaphore_Module__diagsIncluded__C)
                  00006854    00000004     app_pem4f.oem4f (.const:ti_sysbios_knl_Semaphore_Module__diagsMask__C)
                  00006858    00000004     app_pem4f.oem4f (.const:ti_sysbios_knl_Swi_Object__count__C)
                  0000685c    00000004     app_pem4f.oem4f (.const:ti_sysbios_knl_Task_A_badTimeout__C)
                  00006860    00000004     app_pem4f.oem4f (.const:ti_sysbios_knl_Task_A_sleepTaskDisabled__C)
                  00006864    00000004     app_pem4f.oem4f (.const:ti_sysbios_knl_Task_E_spOutOfBounds__C)
                  00006868    00000004     app_pem4f.oem4f (.const:ti_sysbios_knl_Task_E_stackOverflow__C)
                  0000686c    00000004     app_pem4f.oem4f (.const:ti_sysbios_knl_Task_Module_State_inactiveQ__O)
                  00006870    00000004     app_pem4f.oem4f (.const:ti_sysbios_knl_Task_Module__diagsEnabled__C)
                  00006874    00000004     app_pem4f.oem4f (.const:ti_sysbios_knl_Task_Module__diagsIncluded__C)
                  00006878    00000004     app_pem4f.oem4f (.const:ti_sysbios_knl_Task_Module__diagsMask__C)
                  0000687c    00000004     app_pem4f.oem4f (.const:ti_sysbios_knl_Task_Object__count__C)
                  00006880    00000004     app_pem4f.oem4f (.const:ti_sysbios_knl_Task_allBlockedFunc__C)
                  00006884    00000004     app_pem4f.oem4f (.const:ti_sysbios_knl_Task_numConstructedTasks__C)
                  00006888    00000004     app_pem4f.oem4f (.const:xdc_runtime_Assert_E_assertFailed__C)
                  0000688c    00000004     app_pem4f.oem4f (.const:xdc_runtime_Core_A_initializedParams__C)
                  00006890    00000004     app_pem4f.oem4f (.const:xdc_runtime_Core_Module__diagsEnabled__C)
                  00006894    00000004     app_pem4f.oem4f (.const:xdc_runtime_Core_Module__diagsIncluded__C)
                  00006898    00000004     app_pem4f.oem4f (.const:xdc_runtime_Core_Module__diagsMask__C)
                  0000689c    00000004     app_pem4f.oem4f (.const:xdc_runtime_Error_E_memory__C)
                  000068a0    00000004     app_pem4f.oem4f (.const:xdc_runtime_Error_Module__diagsEnabled__C)
                  000068a4    00000004     app_pem4f.oem4f (.const:xdc_runtime_Error_Module__diagsIncluded__C)
                  000068a8    00000004     app_pem4f.oem4f (.const:xdc_runtime_Error_Module__diagsMask__C)
                  000068ac    00000004     app_pem4f.oem4f (.const:xdc_runtime_Error_Module__loggerFxn8__C)
                  000068b0    00000004     app_pem4f.oem4f (.const:xdc_runtime_Error_Module__loggerObj__C)
                  000068b4    00000004     app_pem4f.oem4f (.const:xdc_runtime_Error_raiseHook__C)
                  000068b8    00000004     app_pem4f.oem4f (.const:xdc_runtime_HeapMin_A_zeroSize__C)
                  000068bc    00000004     app_pem4f.oem4f (.const:xdc_runtime_HeapMin_E_freeError__C)
                  000068c0    00000004     app_pem4f.oem4f (.const:xdc_runtime_HeapMin_Module__diagsEnabled__C)
                  000068c4    00000004     app_pem4f.oem4f (.const:xdc_runtime_HeapMin_Module__diagsIncluded__C)
                  000068c8    00000004     app_pem4f.oem4f (.const:xdc_runtime_HeapMin_Module__diagsMask__C)
                  000068cc    00000004     app_pem4f.oem4f (.const:xdc_runtime_IFilterLogger_Interface__BASE__C)
                  000068d0    00000004     app_pem4f.oem4f (.const:xdc_runtime_IGateProvider_Interface__BASE__C)
                  000068d4    00000004     app_pem4f.oem4f (.const:xdc_runtime_IHeap_Interface__BASE__C)
                  000068d8    00000004     app_pem4f.oem4f (.const:xdc_runtime_ILogger_Interface__BASE__C)
                  000068dc    00000004     app_pem4f.oem4f (.const:xdc_runtime_IModule_Interface__BASE__C)
                  000068e0    00000004     app_pem4f.oem4f (.const:xdc_runtime_Log_L_error__C)
                  000068e4    00000004     app_pem4f.oem4f (.const:xdc_runtime_LoggerBuf_E_badLevel__C)
                  000068e8    00000004     app_pem4f.oem4f (.const:xdc_runtime_LoggerBuf_Module__gateObj__C)
                  000068ec    00000004     app_pem4f.oem4f (.const:xdc_runtime_LoggerBuf_Object__count__C)
                  000068f0    00000004     app_pem4f.oem4f (.const:xdc_runtime_LoggerBuf_statusLogger__C)
                  000068f4    00000004     app_pem4f.oem4f (.const:xdc_runtime_Memory_defaultHeapInstance__C)
                  000068f8    00000004     app_pem4f.oem4f (.const:xdc_runtime_Startup_execImpl__C)
                  000068fc    00000004     app_pem4f.oem4f (.const:xdc_runtime_Startup_maxPasses__C)
                  00006900    00000004     app_pem4f.oem4f (.const:xdc_runtime_Startup_sfxnRts__C)
                  00006904    00000004     app_pem4f.oem4f (.const:xdc_runtime_Startup_sfxnTab__C)
                  00006908    00000004     app_pem4f.oem4f (.const:xdc_runtime_SysMin_bufSize__C)
                  0000690c    00000004     app_pem4f.oem4f (.const:xdc_runtime_SysMin_outputFunc__C)
                  00006910    00000004     app_pem4f.oem4f (.const:xdc_runtime_System_Module__gateObj__C)
                  00006914    00000004     app_pem4f.oem4f (.const:xdc_runtime_System_extendFxn__C)
                  00006918    00000004     app_pem4f.oem4f (.const:xdc_runtime_System_maxAtexitHandlers__C)
                  0000691c    00000004     app_pem4f.oem4f (.const:xdc_runtime_Text_charTab__C)
                  00006920    00000004     app_pem4f.oem4f (.const:xdc_runtime_Text_nameEmpty__C)
                  00006924    00000004     app_pem4f.oem4f (.const:xdc_runtime_Text_nameStatic__C)
                  00006928    00000004     app_pem4f.oem4f (.const:xdc_runtime_Text_nameUnknown__C)
                  0000692c    00000004     app_pem4f.oem4f (.const:xdc_runtime_Text_visitRopeFxn__C)
                  00006930    00000002     app_pem4f.oem4f (.const:ti_catalog_arm_cortexm4_tiva_ce_Boot_Module__id__C)
                  00006932    00000002     --HOLE-- [fill = 0]
                  00006934    00000002     app_pem4f.oem4f (.const:ti_sysbios_family_arm_lm4_TimestampProvider_useClockTimer__C)
                  00006936    00000002     --HOLE-- [fill = 0]
                  00006938    00000002     app_pem4f.oem4f (.const:ti_sysbios_family_arm_m3_Hwi_Module__id__C)
                  0000693a    00000002     --HOLE-- [fill = 0]
                  0000693c    00000002     app_pem4f.oem4f (.const:ti_sysbios_hal_Hwi_Module__id__C)
                  0000693e    00000002     --HOLE-- [fill = 0]
                  00006940    00000002     app_pem4f.oem4f (.const:ti_sysbios_knl_Semaphore_Module__id__C)
                  00006942    00000002     --HOLE-- [fill = 0]
                  00006944    00000002     app_pem4f.oem4f (.const:ti_sysbios_knl_Task_Module__id__C)
                  00006946    00000002     --HOLE-- [fill = 0]
                  00006948    00000002     app_pem4f.oem4f (.const:ti_sysbios_knl_Task_initStackFlag__C)
                  0000694a    00000002     --HOLE-- [fill = 0]
                  0000694c    00000002     app_pem4f.oem4f (.const:xdc_runtime_Core_Module__id__C)
                  0000694e    00000002     --HOLE-- [fill = 0]
                  00006950    00000002     app_pem4f.oem4f (.const:xdc_runtime_Error_Module__loggerDefined__C)
                  00006952    00000002     --HOLE-- [fill = 0]
                  00006954    00000002     app_pem4f.oem4f (.const:xdc_runtime_Error_maxDepth__C)
                  00006956    00000002     --HOLE-- [fill = 0]
                  00006958    00000002     app_pem4f.oem4f (.const:xdc_runtime_HeapMin_Module__id__C)
                  0000695a    00000002     --HOLE-- [fill = 0]
                  0000695c    00000002     app_pem4f.oem4f (.const:xdc_runtime_HeapMin_freeError__C)
                  0000695e    00000002     --HOLE-- [fill = 0]
                  00006960    00000002     app_pem4f.oem4f (.const:xdc_runtime_LoggerBuf_Module__id__C)
                  00006962    00000002     --HOLE-- [fill = 0]
                  00006964    00000002     app_pem4f.oem4f (.const:xdc_runtime_LoggerBuf_filterByLevel__C)
                  00006966    00000002     --HOLE-- [fill = 0]
                  00006968    00000002     app_pem4f.oem4f (.const:xdc_runtime_Memory_Module__id__C)
                  0000696a    00000002     --HOLE-- [fill = 0]
                  0000696c    00000002     app_pem4f.oem4f (.const:xdc_runtime_SysMin_flushAtExit__C)
                  0000696e    00000002     --HOLE-- [fill = 0]
                  00006970    00000002     app_pem4f.oem4f (.const:xdc_runtime_Text_charCnt__C)
                  00006972    00000002     --HOLE-- [fill = 0]
                  00006974    00000002     app_pem4f.oem4f (.const:xdc_runtime_Text_isLoaded__C)
                  00006976    00000002     --HOLE-- [fill = 0]
                  00006978    00000002     app_pem4f.oem4f (.const:xdc_runtime_Text_registryModsLastId__C)
                  0000697a    00000002     --HOLE-- [fill = 0]
                  0000697c    00000002     app_pem4f.oem4f (.const:xdc_runtime_Text_unnamedModsLastId__C)
                  0000697e    00000002     --HOLE-- [fill = 0]
                  00006980    00000001     app_pem4f.oem4f (.const:xdc_runtime_Error_policy__C)

.cinit     0    00006988    000004e8     
                  00006988    000004ad     (.cinit..data.load) [load image, compression = rle]
                  00006e35    00000003     --HOLE-- [fill = 0]
                  00006e38    0000000c     (__TI_handler_table)
                  00006e44    00000004     --HOLE-- [fill = 0]
                  00006e48    00000008     (.cinit..bss.load) [load image, compression = zero_init]
                  00006e50    00000008     (.cinit..vecs.load) [load image, compression = zero_init]
                  00006e58    00000018     (__TI_cinit_table)

.vecs      0    20000000    00000360     UNINITIALIZED
                  20000000    00000360     app_pem4f.oem4f (.vecs)

.bss       0    20000360    00001a7c     UNINITIALIZED
                  20000360    00001400     app_pem4f.oem4f (.bss:taskStackSection)
                  20001760    00000400     st7565.obj (.bss:glcd_buffer)
                  20001b60    00000120     rtsv7M4_T_le_v4SPD16_eabi.lib : trgmsg.obj (.bss:__CIOBUF_)
                  20001c80    00000080     app_pem4f.oem4f (.bss:xdc_runtime_LoggerBuf_Instance_State_0_entryArr__A)
                  20001d00    00000080     app_pem4f.oem4f (.bss:xdc_runtime_SysMin_Module_State_0_outbuf__A)
                  20001d80    00000038     app_pem4f.oem4f (.bss)
                  20001db8    0000000f     Ps2Keyboard.obj (.bss)
                  20001dc7    0000000c     Graphics_Bmp.obj (.bss)
                  20001dd3    00000008     rtsv7M4_T_le_v4SPD16_eabi.lib : trgdrv.obj (.bss)
                  20001ddb    00000001     st7565.obj (.bss)

.data      0    20001ddc    000009fb     
                  20001ddc    00000360     app_pem4f.oem4f (.data:ti_sysbios_family_arm_m3_Hwi_Module_State_0_dispatchTable__A)
                  2000213c    0000017c     app_pem4f.oem4f (.data:ti_sysbios_knl_Task_Object__table__V)
                  200022b8    00000170     app_pem4f.oem4f (.data)
                  20002428    00000080     app_pem4f.oem4f (.data:ti_sysbios_knl_Swi_Module_State_0_readyQ__A)
                  200024a8    00000080     app_pem4f.oem4f (.data:ti_sysbios_knl_Task_Module_State_0_readyQ__A)
                  20002528    00000078     app_pem4f.oem4f (.data:ti_sysbios_family_arm_m3_Hwi_Object__table__V)
                  200025a0    00000070     app_pem4f.oem4f (.data:ti_sysbios_family_arm_lm4_Timer_Object__table__V)
                  20002610    00000054     app_pem4f.oem4f (.data:ti_sysbios_family_arm_m3_Hwi_Module__state__V)
                  20002664    00000044     app_pem4f.oem4f (.data:ti_sysbios_knl_Task_Module__state__V)
                  200026a8    00000030     app_pem4f.oem4f (.data:ti_sysbios_family_arm_lm4_Timer_Module_State_0_device__A)
                  200026d8    00000030     app_pem4f.oem4f (.data:ti_sysbios_knl_Swi_Object__table__V)
                  20002708    00000028     app_pem4f.oem4f (.data:ti_sysbios_knl_Clock_Module__state__V)
                  20002730    00000028     app_pem4f.oem4f (.data:ti_sysbios_knl_Semaphore_Object__table__V)
                  20002758    00000024     st7565.obj (.data)
                  2000277c    00000024     app_pem4f.oem4f (.data:xdc_runtime_LoggerBuf_Object__table__V)
                  200027a0    0000000d     Ps2Keyboard.obj (.data)
                  200027ad    00000003     --HOLE--
                  200027b0    00000008     rtsv7M4_T_le_v4SPD16_eabi.lib : _lock.obj (.data)
                  200027b8    00000008                                   : exit.obj (.data)
                  200027c0    00000006     buttons.obj (.data)
                  200027c6    00000002     --HOLE--
                  200027c8    00000004     rtsv7M4_T_le_v4SPD16_eabi.lib : dtor_list.obj (.data)
                  200027cc    00000004                                   : stkdepth_vars.obj (.data)
                  200027d0    00000003     Clock.obj (.data)
                  200027d3    00000001     --HOLE--
                  200027d4    00000003     main.obj (.data)

.stack     0    200027d8    00000400     UNINITIALIZED
                  200027d8    00000400     --HOLE--


LINKER GENERATED COPY TABLES

__TI_cinit_table @ 00006e58 records: 3, size/record: 8, table size: 24
	.data: load addr=00006988, load size=000004ad bytes, run addr=20001ddc, run size=000009fb bytes, compression=rle
	.bss: load addr=00006e48, load size=00000008 bytes, run addr=20000360, run size=00001a7c bytes, compression=zero_init
	.vecs: load addr=00006e50, load size=00000008 bytes, run addr=20000000, run size=00000360 bytes, compression=zero_init


LINKER GENERATED HANDLER TABLE

__TI_handler_table @ 00006e38 records: 3, size/record: 4, table size: 12
	index: 0, handler: __TI_zero_init
	index: 1, handler: __TI_decompress_rle24
	index: 2, handler: __TI_decompress_none


GLOBAL SYMBOLS: SORTED ALPHABETICALLY BY Name 

address    name
--------   ----
00006640   ButTask
00002211   ButtonISR
00002317   ButtonTask
000022c9   ButtonsInit
0000221f   ButtonsPoll
000007c1   Byte_Reverse
00004fcd   C$$EXIT
0000478f   C$$IO$$
00006644   Clock
000037cd   ClockInit
200027a4   Data
00006654   DataSem
00000445   Decode
00000361   FSSIntHandler
00005595   GPIODirModeSet
00004d69   GPIOIntTypeSet
00003979   GPIOPadConfigSet
00004c01   GPIOPinConfigure
00005f55   GPIOPinIntClear
00005e39   GPIOPinIntEnable
00005ed5   GPIOPinRead
00005c61   GPIOPinTypeGPIOInput
00005c73   GPIOPinTypeGPIOOutput
00005c85   GPIOPinTypeSSI
00005edf   GPIOPinWrite
000006f9   GetKey
00001605   GlcdDispTime
000019bf   HOSTclock
00001985   HOSTclose
00001947   HOSTgetenv
000018eb   HOSTlseek
0000189b   HOSTopen
0000184d   HOSTread
000017ed   HOSTrename
000017b1   HOSTtime
00001777   HOSTunlink
00001729   HOSTwrite
00004701   IntEnable
20001dbc   KeyBuf
200027a8   KeyBuffer
20001dc0   KeyIn
20001dc1   KeyOut
00000749   KeyPend
20001dc2   KeyRead
00000839   KeyScan
00006648   KeySem
00000789   KeyTask
00000403   KeyboardInit
00006650   KeyboardTask
200027d6   LastState
00005965   LoggerBuf_instanceStartup
00005fe0   MyFont
000006b5   PutKeyBuf
UNDEFED    SHT$$INIT_ARRAY$$Base
UNDEFED    SHT$$INIT_ARRAY$$Limit
00005f25   SSIBusy
00004dad   SSIConfigSetExpClk
00005ee9   SSIDataPut
00005ef3   SSIEnable
200027d4   StateInfo
00002039   SysCtlClockGet
00004ab1   SysCtlPeripheralEnable
2000226c   TSK_idle
0000385d   TimeGet
200027c0   TimeOfDay
00003873   TimeSet
0000380d   Timer0IntHandler
00005729   TimerConfigure
00005df5   TimerEnable
00005f8b   TimerIntClear
00005f2d   TimerIntEnable
00005c97   TimerLoadSet
0000663c   UI
00001c67   UiTask
00000000   __ASM__
20001b60   __CIOBUF_
00000052   __ISA__
00000065   __PLAT__
20002bd8   __STACK_END
00000400   __STACK_SIZE
200029d8   __STACK_TOP
0000008b   __TARG__
00006e58   __TI_CINIT_Base
00006e70   __TI_CINIT_Limit
00006e38   __TI_Handler_Table_Base
00006e44   __TI_Handler_Table_Limit
00000001   __TI_args_main
00003da9   __TI_auto_init
00005e03   __TI_decompress_none
00005f61   __TI_decompress_rle24
00000000   __TI_static_base__
00005ca9   __TI_zero_init
000000b1   __TRDR__
00003493   __aeabi_atexit
0000446d   __aeabi_memclr
0000446d   __aeabi_memclr4
0000446d   __aeabi_memclr8
00003e49   __aeabi_memcpy
00003e49   __aeabi_memcpy4
00003e49   __aeabi_memcpy8
0000446f   __aeabi_memset
0000446f   __aeabi_memset4
0000446f   __aeabi_memset8
ffffffff   __binit__
ffffffff   __c_args__
00003481   __cxa_atexit
0000343d   __cxa_finalize
0000347b   __cxa_ia64_exit
200027d8   __stack
00005f5b   __xdc__init
20002424   __xdc__init__addr
00005ab9   _args_main
00004a59   _c_int00
200027b8   _cleanup_ptr
200027bc   _dtors_ptr
200027b0   _lock
00005bcf   _nop
00005bc7   _register_lock
00005bc1   _register_unlock
200027b4   _unlock
00004fd1   abort
00003485   atexit
ffffffff   binit
200027a9   bitcount
20001dc3   clkstat
00004df1   copy_in
20001dc6   data
20001dc4   datstat
000014c9   draw_char_bmp
00001415   draw_text_bmp
00004fd9   exit
00005aa1   free
00000d6b   glcd_blank
20001760   glcd_buffer
00000f79   glcd_command
00001073   glcd_contrast
00000f39   glcd_data
20001ddb   glcd_dirty_pages
00000fb9   glcd_flip_screen
20002758   glcd_flipped
00000e65   glcd_init
00000fed   glcd_inverse_screen
00000cb5   glcd_pixel
00000de5   glcd_refresh
0000100d   glcd_test_card
00006638   hwi0
0000664c   hwi2
00001dd5   main
200027cc   main_func_sp
000055c3   malloc
00003e49   memcpy
00004475   memset
2000275c   pagemap
20001dc5   paritystat
00004793   readmsg
00006270   shifted
00005d23   strcpy
00005bd5   strlen
00001c45   taskFxn
200027a0   temp_count
20001db8   temp_count_string
00006634   testTask
000067d0   ti_catalog_arm_cortexm4_tiva_ce_Boot_A_mustUseEnhancedClockMode__C
000067d4   ti_catalog_arm_cortexm4_tiva_ce_Boot_Module__diagsEnabled__C
000067d8   ti_catalog_arm_cortexm4_tiva_ce_Boot_Module__diagsIncluded__C
000067dc   ti_catalog_arm_cortexm4_tiva_ce_Boot_Module__diagsMask__C
00006930   ti_catalog_arm_cortexm4_tiva_ce_Boot_Module__id__C
00005e2d   ti_catalog_arm_cortexm4_tiva_ce_Boot_init__I
00002a79   ti_catalog_arm_cortexm4_tiva_ce_Boot_sysCtlClockSetI__I
00003f81   ti_catalog_arm_cortexm4_tiva_ce_Boot_sysCtlClockSet__E
00005f67   ti_catalog_arm_cortexm4_tiva_ce_Boot_sysCtlDelayI__I
200022b8   ti_sysbios_BIOS_Module__state__V
000053e5   ti_sysbios_BIOS_errorRaiseHook__I
00005415   ti_sysbios_BIOS_exitFunc__I
000067e0   ti_sysbios_BIOS_installedErrorHook__C
00003f7f   ti_sysbios_BIOS_nullFunc__I
000058a5   ti_sysbios_BIOS_removeRTSLock__I
00005d35   ti_sysbios_BIOS_setThreadType__E
000058c5   ti_sysbios_BIOS_startFunc__I
00005d45   ti_sysbios_BIOS_start__E
200026a8   ti_sysbios_family_arm_lm4_Timer_Module_State_0_device__A
200022e0   ti_sysbios_family_arm_lm4_Timer_Module_State_0_handles__A
200022d8   ti_sysbios_family_arm_lm4_Timer_Module__root__V
00005ad1   ti_sysbios_family_arm_lm4_Timer_Module__startupDone__F
00005ad1   ti_sysbios_family_arm_lm4_Timer_Module__startupDone__S
200022f8   ti_sysbios_family_arm_lm4_Timer_Module__state__V
00004945   ti_sysbios_family_arm_lm4_Timer_Module_startup__E
00004945   ti_sysbios_family_arm_lm4_Timer_Module_startup__F
200025a0   ti_sysbios_family_arm_lm4_Timer_Object__table__V
00005445   ti_sysbios_family_arm_lm4_Timer_enableTimers__I
00005f8f   ti_sysbios_family_arm_lm4_Timer_getPeriod__E
00002f39   ti_sysbios_family_arm_lm4_Timer_initDevice__I
00004e35   ti_sysbios_family_arm_lm4_Timer_isrStub__E
00005e51   ti_sysbios_family_arm_lm4_Timer_masterDisable__I
00005f93   ti_sysbios_family_arm_lm4_Timer_masterEnable__I
000067e4   ti_sysbios_family_arm_lm4_Timer_numTimerDevices__C
00003151   ti_sysbios_family_arm_lm4_Timer_start__E
000067e8   ti_sysbios_family_arm_lm4_Timer_startupNeeded__C
0000500d   ti_sysbios_family_arm_lm4_Timer_startup__E
00005475   ti_sysbios_family_arm_lm4_Timer_stop__E
000059c5   ti_sysbios_family_arm_lm4_Timer_write__I
20002304   ti_sysbios_family_arm_lm4_TimestampProvider_Module__state__V
00005f6d   ti_sysbios_family_arm_lm4_TimestampProvider_Module_startup__E
00005f6d   ti_sysbios_family_arm_lm4_TimestampProvider_Module_startup__F
00002e11   ti_sysbios_family_arm_lm4_TimestampProvider_get64__E
00005d55   ti_sysbios_family_arm_lm4_TimestampProvider_rolloverFunc__E
00005e5d   ti_sysbios_family_arm_lm4_TimestampProvider_startTimer__E
00006934   ti_sysbios_family_arm_lm4_TimestampProvider_useClockTimer__C
000067ec   ti_sysbios_family_arm_m3_Hwi_E_NMI__C
000067f0   ti_sysbios_family_arm_m3_Hwi_E_busFault__C
000067f4   ti_sysbios_family_arm_m3_Hwi_E_debugMon__C
000067f8   ti_sysbios_family_arm_m3_Hwi_E_hardFault__C
000067fc   ti_sysbios_family_arm_m3_Hwi_E_memFault__C
00006800   ti_sysbios_family_arm_m3_Hwi_E_noIsr__C
00006804   ti_sysbios_family_arm_m3_Hwi_E_reserved__C
00006808   ti_sysbios_family_arm_m3_Hwi_E_svCall__C
0000680c   ti_sysbios_family_arm_m3_Hwi_E_usageFault__C
00005ae9   ti_sysbios_family_arm_m3_Hwi_Handle__label__S
20001ddc   ti_sysbios_family_arm_m3_Hwi_Module_State_0_dispatchTable__A
20002314   ti_sysbios_family_arm_m3_Hwi_Module_State_0_excActive__A
20002318   ti_sysbios_family_arm_m3_Hwi_Module_State_0_excContext__A
2000231c   ti_sysbios_family_arm_m3_Hwi_Module_State_0_excStack__A
00006938   ti_sysbios_family_arm_m3_Hwi_Module__id__C
2000230c   ti_sysbios_family_arm_m3_Hwi_Module__root__V
00005b01   ti_sysbios_family_arm_m3_Hwi_Module__startupDone__F
00005b01   ti_sysbios_family_arm_m3_Hwi_Module__startupDone__S
20002610   ti_sysbios_family_arm_m3_Hwi_Module__state__V
00003d05   ti_sysbios_family_arm_m3_Hwi_Module_startup__E
00003d05   ti_sysbios_family_arm_m3_Hwi_Module_startup__F
00006810   ti_sysbios_family_arm_m3_Hwi_NUM_INTERRUPTS__C
20002528   ti_sysbios_family_arm_m3_Hwi_Object__table__V
00006814   ti_sysbios_family_arm_m3_Hwi_ccr__C
00004e79   ti_sysbios_family_arm_m3_Hwi_disableInterrupt__E
000047c5   ti_sysbios_family_arm_m3_Hwi_dispatchC__I
00006818   ti_sysbios_family_arm_m3_Hwi_dispatchTable__C
00002bb1   ti_sysbios_family_arm_m3_Hwi_dispatch__I
00005f35   ti_sysbios_family_arm_m3_Hwi_doSwiRestore__I
00005f73   ti_sysbios_family_arm_m3_Hwi_doTaskRestore__I
00004ebd   ti_sysbios_family_arm_m3_Hwi_enableInterrupt__E
00002541   ti_sysbios_family_arm_m3_Hwi_excBusFault__I
00003ba9   ti_sysbios_family_arm_m3_Hwi_excDebugMon__I
00000891   ti_sysbios_family_arm_m3_Hwi_excDumpRegs__I
00002cc5   ti_sysbios_family_arm_m3_Hwi_excHandlerAsm__I
0000681c   ti_sysbios_family_arm_m3_Hwi_excHandlerFunc__C
00001e5d   ti_sysbios_family_arm_m3_Hwi_excHandlerMax__I
00005d65   ti_sysbios_family_arm_m3_Hwi_excHandler__I
00003a41   ti_sysbios_family_arm_m3_Hwi_excHardFault__I
00006798   ti_sysbios_family_arm_m3_Hwi_excHookFuncs__A
00006820   ti_sysbios_family_arm_m3_Hwi_excHookFuncs__C
000027fd   ti_sysbios_family_arm_m3_Hwi_excMemFault__I
00005315   ti_sysbios_family_arm_m3_Hwi_excNmi__I
000051fd   ti_sysbios_family_arm_m3_Hwi_excNoIsr__I
00004c49   ti_sysbios_family_arm_m3_Hwi_excReserved__I
0000510d   ti_sysbios_family_arm_m3_Hwi_excSvCall__I
000026a9   ti_sysbios_family_arm_m3_Hwi_excUsageFault__I
00005235   ti_sysbios_family_arm_m3_Hwi_getStackInfo__E
00003615   ti_sysbios_family_arm_m3_Hwi_initNVIC__E
00005751   ti_sysbios_family_arm_m3_Hwi_initStacks__E
e000e000   ti_sysbios_family_arm_m3_Hwi_nvic
00002c87   ti_sysbios_family_arm_m3_Hwi_pendSV__I
00006824   ti_sysbios_family_arm_m3_Hwi_priGroup__C
00006198   ti_sysbios_family_arm_m3_Hwi_priorities__A
00006828   ti_sysbios_family_arm_m3_Hwi_priorities__C
20000000   ti_sysbios_family_arm_m3_Hwi_ramVectors
00000000   ti_sysbios_family_arm_m3_Hwi_resetVectors
00002cab   ti_sysbios_family_arm_m3_Hwi_return
00005f3d   ti_sysbios_family_arm_m3_Hwi_startup__E
00005be9   ti_sysbios_family_arm_m3_Hwi_switchFromBootStack__E
00005f97   ti_sysbios_family_arm_m3_TaskSupport_Module__startupDone__S
000041c9   ti_sysbios_family_arm_m3_TaskSupport_buildTaskStack
00005e11   ti_sysbios_family_arm_m3_TaskSupport_checkStack__E
00005d03   ti_sysbios_family_arm_m3_TaskSupport_glue
0000526d   ti_sysbios_family_arm_m3_TaskSupport_start__E
00005a89   ti_sysbios_family_arm_m3_TaskSupport_swap__E
00005d13   ti_sysbios_family_xxx_Hwi_switchToIsrStack
00005e45   ti_sysbios_family_xxx_Hwi_switchToTaskStack
00005b19   ti_sysbios_gates_GateHwi_Handle__label__S
000046ff   ti_sysbios_gates_GateHwi_Instance_init__F
00006658   ti_sysbios_gates_GateHwi_Module__FXNS__C
20002320   ti_sysbios_gates_GateHwi_Module__root__V
000066a0   ti_sysbios_gates_GateHwi_Object__DESC__C
00006720   ti_sysbios_gates_GateHwi_Object__PARAMS__C
00005349   ti_sysbios_gates_GateHwi_Object__create__S
000058e5   ti_sysbios_gates_GateHwi_Object__delete__S
20002328   ti_sysbios_gates_GateHwi_Object__table__V
00005e69   ti_sysbios_gates_GateHwi_enter__E
00005f79   ti_sysbios_gates_GateHwi_leave__E
00005f9b   ti_sysbios_gates_GateHwi_query__E
00005f9b   ti_sysbios_gates_GateHwi_query__F
2000232c   ti_sysbios_gates_GateMutexPri_Module__root__V
0000682c   ti_sysbios_hal_Hwi_E_stackOverflow__C
00005f9f   ti_sysbios_hal_Hwi_HwiProxy_Module__startupDone__S
00004e79   ti_sysbios_hal_Hwi_HwiProxy_disableInterrupt__E
00004ebd   ti_sysbios_hal_Hwi_HwiProxy_enableInterrupt__E
00005235   ti_sysbios_hal_Hwi_HwiProxy_getStackInfo__E
00005f3d   ti_sysbios_hal_Hwi_HwiProxy_startup__E
00005be9   ti_sysbios_hal_Hwi_HwiProxy_switchFromBootStack__E
0000693c   ti_sysbios_hal_Hwi_Module__id__C
20002334   ti_sysbios_hal_Hwi_Module__root__V
00005cbb   ti_sysbios_hal_Hwi_Module_startup__E
00005cbb   ti_sysbios_hal_Hwi_Module_startup__F
2000233c   ti_sysbios_hal_Hwi_Object__table__V
0000537d   ti_sysbios_hal_Hwi_checkStack
00004e79   ti_sysbios_hal_Hwi_disableInterrupt__E
00004ebd   ti_sysbios_hal_Hwi_enableInterrupt__E
00005235   ti_sysbios_hal_Hwi_getStackInfo__E
0000561f   ti_sysbios_hal_Hwi_initStack
00005f3d   ti_sysbios_hal_Hwi_startup__E
00005be9   ti_sysbios_hal_Hwi_switchFromBootStack__E
20002354   ti_sysbios_hal_Timer_Module__root__V
00005b31   ti_sysbios_hal_Timer_Module__startupDone__F
00005b31   ti_sysbios_hal_Timer_Module__startupDone__S
00005ccd   ti_sysbios_hal_Timer_Module_startup__E
00005ccd   ti_sysbios_hal_Timer_Module_startup__F
2000235c   ti_sysbios_hal_Timer_Object__table__V
00005fa3   ti_sysbios_hal_Timer_TimerProxy_Module__startupDone__S
00005fa7   ti_sysbios_hal_Timer_TimerProxy_getPeriod__E
0000500d   ti_sysbios_hal_Timer_TimerProxy_startup__E
0000500d   ti_sysbios_hal_Timer_startup__E
00006830   ti_sysbios_knl_Clock_Module_State_clockQ__O
20002364   ti_sysbios_knl_Clock_Module__root__V
20002708   ti_sysbios_knl_Clock_Module__state__V
000057f1   ti_sysbios_knl_Clock_Module_startup__E
000057f1   ti_sysbios_knl_Clock_Module_startup__F
00005779   ti_sysbios_knl_Clock_addI__E
0000564d   ti_sysbios_knl_Clock_doTick__I
00004943   ti_sysbios_knl_Clock_logTick__E
00004555   ti_sysbios_knl_Clock_workFunc__E
00006834   ti_sysbios_knl_Idle_coreList__A
000067a0   ti_sysbios_knl_Idle_coreList__C
00006838   ti_sysbios_knl_Idle_funcList__A
000067a8   ti_sysbios_knl_Idle_funcList__C
00005f45   ti_sysbios_knl_Idle_loop__E
000054a5   ti_sysbios_knl_Idle_run__E
2000236c   ti_sysbios_knl_Queue_Module__root__V
00005e75   ti_sysbios_knl_Queue_Object__get__S
00005e1f   ti_sysbios_knl_Queue_empty__E
000059e3   ti_sysbios_knl_Queue_put__E
0000683c   ti_sysbios_knl_Semaphore_A_badContext__C
00006840   ti_sysbios_knl_Semaphore_A_overflow__C
00006844   ti_sysbios_knl_Semaphore_A_pendTaskDisabled__C
00006848   ti_sysbios_knl_Semaphore_Instance_State_pendQ__O
0000684c   ti_sysbios_knl_Semaphore_Module__diagsEnabled__C
00006850   ti_sysbios_knl_Semaphore_Module__diagsIncluded__C
00006854   ti_sysbios_knl_Semaphore_Module__diagsMask__C
00006940   ti_sysbios_knl_Semaphore_Module__id__C
20002374   ti_sysbios_knl_Semaphore_Module__root__V
20002730   ti_sysbios_knl_Semaphore_Object__table__V
0000504d   ti_sysbios_knl_Semaphore_pendTimeout__I
00001a0d   ti_sysbios_knl_Semaphore_pend__E
00003529   ti_sysbios_knl_Semaphore_post__E
00005b49   ti_sysbios_knl_Swi_Handle__label__S
20002428   ti_sysbios_knl_Swi_Module_State_0_readyQ__A
2000237c   ti_sysbios_knl_Swi_Module__root__V
20002384   ti_sysbios_knl_Swi_Module__state__V
00005815   ti_sysbios_knl_Swi_Module_startup__E
00005815   ti_sysbios_knl_Swi_Module_startup__F
00006858   ti_sysbios_knl_Swi_Object__count__C
00005bfd   ti_sysbios_knl_Swi_Object__get__S
200026d8   ti_sysbios_knl_Swi_Object__table__V
00005d75   ti_sysbios_knl_Swi_disable__E
00004f01   ti_sysbios_knl_Swi_post__E
000049a1   ti_sysbios_knl_Swi_restoreHwi__E
00005149   ti_sysbios_knl_Swi_restore__E
00004825   ti_sysbios_knl_Swi_run__I
00003c59   ti_sysbios_knl_Swi_schedule__I
00005f7f   ti_sysbios_knl_Swi_startup__E
0000685c   ti_sysbios_knl_Task_A_badTimeout__C
00006860   ti_sysbios_knl_Task_A_sleepTaskDisabled__C
00006864   ti_sysbios_knl_Task_E_spOutOfBounds__C
00006868   ti_sysbios_knl_Task_E_stackOverflow__C
00005b61   ti_sysbios_knl_Task_Handle__label__S
20001d80   ti_sysbios_knl_Task_Instance_State_0_hookEnv__A
20000360   ti_sysbios_knl_Task_Instance_State_0_stack__A
20001d84   ti_sysbios_knl_Task_Instance_State_1_hookEnv__A
20000760   ti_sysbios_knl_Task_Instance_State_1_stack__A
20001d88   ti_sysbios_knl_Task_Instance_State_2_hookEnv__A
20000b60   ti_sysbios_knl_Task_Instance_State_2_stack__A
20001d8c   ti_sysbios_knl_Task_Instance_State_3_hookEnv__A
20000f60   ti_sysbios_knl_Task_Instance_State_3_stack__A
20001d90   ti_sysbios_knl_Task_Instance_State_4_hookEnv__A
20001360   ti_sysbios_knl_Task_Instance_State_4_stack__A
200023a8   ti_sysbios_knl_Task_Module_State_0_idleTask__A
200024a8   ti_sysbios_knl_Task_Module_State_0_readyQ__A
0000686c   ti_sysbios_knl_Task_Module_State_inactiveQ__O
00006870   ti_sysbios_knl_Task_Module__diagsEnabled__C
00006874   ti_sysbios_knl_Task_Module__diagsIncluded__C
00006878   ti_sysbios_knl_Task_Module__diagsMask__C
00006944   ti_sysbios_knl_Task_Module__id__C
200023a0   ti_sysbios_knl_Task_Module__root__V
20002664   ti_sysbios_knl_Task_Module__state__V
00004369   ti_sysbios_knl_Task_Module_startup__E
00004369   ti_sysbios_knl_Task_Module_startup__F
0000687c   ti_sysbios_knl_Task_Object__count__C
00005d85   ti_sysbios_knl_Task_Object__get__S
2000213c   ti_sysbios_knl_Task_Object__table__V
00005fab   ti_sysbios_knl_Task_SupportProxy_Module__startupDone__S
00005e11   ti_sysbios_knl_Task_SupportProxy_checkStack__E
0000526d   ti_sysbios_knl_Task_SupportProxy_start__E
00005a89   ti_sysbios_knl_Task_SupportProxy_swap__E
00006880   ti_sysbios_knl_Task_allBlockedFunc__C
00004c91   ti_sysbios_knl_Task_allBlockedFunction__I
00003af5   ti_sysbios_knl_Task_checkStacks__E
00005d95   ti_sysbios_knl_Task_disable__E
00005905   ti_sysbios_knl_Task_enter__I
000040a9   ti_sysbios_knl_Task_exit__E
00006738   ti_sysbios_knl_Task_hooks__A
000067b0   ti_sysbios_knl_Task_hooks__C
00006948   ti_sysbios_knl_Task_initStackFlag__C
00006884   ti_sysbios_knl_Task_numConstructedTasks__C
000036f1   ti_sysbios_knl_Task_postInit__I
0000508d   ti_sysbios_knl_Task_processVitalTaskFlag__I
00005839   ti_sysbios_knl_Task_restoreHwi__E
00005679   ti_sysbios_knl_Task_restore__E
000042e1   ti_sysbios_knl_Task_schedule__I
000055f1   ti_sysbios_knl_Task_sleepTimeout__I
000023b5   ti_sysbios_knl_Task_sleep__E
00004139   ti_sysbios_knl_Task_startCore__E
00005faf   ti_sysbios_knl_Task_startup__E
00005a95   ti_sysbios_knl_Task_swapReturn
00004b09   ti_sysbios_knl_Task_unblockI__E
20001dc7   time_string
0000631c   unshifted
00004765   writemsg
00006888   xdc_runtime_Assert_E_assertFailed__C
00004cd9   xdc_runtime_Assert_raise__I
0000688c   xdc_runtime_Core_A_initializedParams__C
00006890   xdc_runtime_Core_Module__diagsEnabled__C
00006894   xdc_runtime_Core_Module__diagsIncluded__C
00006898   xdc_runtime_Core_Module__diagsMask__C
0000694c   xdc_runtime_Core_Module__id__C
000054d5   xdc_runtime_Core_assignLabel__I
00004d21   xdc_runtime_Core_assignParams__I
0000304d   xdc_runtime_Core_createObject__I
00004699   xdc_runtime_Core_deleteObject__I
0000689c   xdc_runtime_Error_E_memory__C
000068a0   xdc_runtime_Error_Module__diagsEnabled__C
000068a4   xdc_runtime_Error_Module__diagsIncluded__C
000068a8   xdc_runtime_Error_Module__diagsMask__C
00006950   xdc_runtime_Error_Module__loggerDefined__C
000068ac   xdc_runtime_Error_Module__loggerFxn8__C
000068b0   xdc_runtime_Error_Module__loggerObj__C
200023ac   xdc_runtime_Error_Module__state__V
00005a01   xdc_runtime_Error_check__E
00005a01   xdc_runtime_Error_check__F
00005fb3   xdc_runtime_Error_getSite__E
00005fb3   xdc_runtime_Error_getSite__F
00005e81   xdc_runtime_Error_init__E
00005e81   xdc_runtime_Error_init__F
00006954   xdc_runtime_Error_maxDepth__C
00006980   xdc_runtime_Error_policy__C
000045c1   xdc_runtime_Error_print__E
000045c1   xdc_runtime_Error_print__F
000068b4   xdc_runtime_Error_raiseHook__C
0000293d   xdc_runtime_Error_raiseX__E
0000293d   xdc_runtime_Error_raiseX__F
200023b0   xdc_runtime_GateNull_Module__root__V
00005e8d   xdc_runtime_Gate_enterSystem__E
00005e8d   xdc_runtime_Gate_enterSystem__F
00005da5   xdc_runtime_Gate_leaveSystem__E
00005da5   xdc_runtime_Gate_leaveSystem__F
000068b8   xdc_runtime_HeapMin_A_zeroSize__C
000068bc   xdc_runtime_HeapMin_E_freeError__C
00005b79   xdc_runtime_HeapMin_Handle__label__S
20001d98   xdc_runtime_HeapMin_Instance_State_0_buf__A
00004255   xdc_runtime_HeapMin_Instance_init__F
0000660c   xdc_runtime_HeapMin_Module__FXNS__C
000068c0   xdc_runtime_HeapMin_Module__diagsEnabled__C
000068c4   xdc_runtime_HeapMin_Module__diagsIncluded__C
000068c8   xdc_runtime_HeapMin_Module__diagsMask__C
00006958   xdc_runtime_HeapMin_Module__id__C
200023b8   xdc_runtime_HeapMin_Module__root__V
000066c0   xdc_runtime_HeapMin_Object__DESC__C
000066e0   xdc_runtime_HeapMin_Object__PARAMS__C
000053b1   xdc_runtime_HeapMin_Object__create__S
00005925   xdc_runtime_HeapMin_Object__delete__S
200023c0   xdc_runtime_HeapMin_Object__table__V
00005185   xdc_runtime_HeapMin_alloc__E
00005185   xdc_runtime_HeapMin_alloc__F
0000695c   xdc_runtime_HeapMin_freeError__C
00005505   xdc_runtime_HeapMin_free__E
00005505   xdc_runtime_HeapMin_free__F
00005e99   xdc_runtime_HeapMin_getStats__E
00005e99   xdc_runtime_HeapMin_getStats__F
00005fb7   xdc_runtime_HeapMin_isBlocking__E
00005fb7   xdc_runtime_HeapMin_isBlocking__F
000068cc   xdc_runtime_IFilterLogger_Interface__BASE__C
000068d0   xdc_runtime_IGateProvider_Interface__BASE__C
000068d4   xdc_runtime_IHeap_Interface__BASE__C
000068d8   xdc_runtime_ILogger_Interface__BASE__C
000068dc   xdc_runtime_IModule_Interface__BASE__C
000068e0   xdc_runtime_Log_L_error__C
000068e4   xdc_runtime_LoggerBuf_E_badLevel__C
00005b91   xdc_runtime_LoggerBuf_Handle__label__S
20001c80   xdc_runtime_LoggerBuf_Instance_State_0_entryArr__A
00005c11   xdc_runtime_LoggerBuf_Instance_finalize__F
000052a5   xdc_runtime_LoggerBuf_Instance_init__F
00005fbb   xdc_runtime_LoggerBuf_Module_GateProxy_enter__E
00005fbf   xdc_runtime_LoggerBuf_Module_GateProxy_leave__E
00005f9b   xdc_runtime_LoggerBuf_Module_GateProxy_query__E
000065a4   xdc_runtime_LoggerBuf_Module__FXNS__C
000068e8   xdc_runtime_LoggerBuf_Module__gateObj__C
00006960   xdc_runtime_LoggerBuf_Module__id__C
200023d0   xdc_runtime_LoggerBuf_Module__root__V
200023d8   xdc_runtime_LoggerBuf_Module__state__V
000057a1   xdc_runtime_LoggerBuf_Module_startup__E
000057a1   xdc_runtime_LoggerBuf_Module_startup__F
00006700   xdc_runtime_LoggerBuf_Object__DESC__C
0000667c   xdc_runtime_LoggerBuf_Object__PARAMS__C
000068ec   xdc_runtime_LoggerBuf_Object__count__C
00004885   xdc_runtime_LoggerBuf_Object__create__S
00005945   xdc_runtime_LoggerBuf_Object__delete__S
00005c25   xdc_runtime_LoggerBuf_Object__get__S
2000277c   xdc_runtime_LoggerBuf_Object__table__V
00002e11   xdc_runtime_LoggerBuf_TimestampProxy_get64__E
00005f11   xdc_runtime_LoggerBuf_disable__E
00005f11   xdc_runtime_LoggerBuf_disable__F
00005f1b   xdc_runtime_LoggerBuf_enable__E
00005f1b   xdc_runtime_LoggerBuf_enable__F
00006964   xdc_runtime_LoggerBuf_filterByLevel__C
00004f45   xdc_runtime_LoggerBuf_filterOutEvent__I
0000462d   xdc_runtime_LoggerBuf_getFilterLevel__E
0000462d   xdc_runtime_LoggerBuf_getFilterLevel__F
00005965   xdc_runtime_LoggerBuf_reset__E
00005965   xdc_runtime_LoggerBuf_reset__F
000043ed   xdc_runtime_LoggerBuf_setFilterLevel__E
000043ed   xdc_runtime_LoggerBuf_setFilterLevel__F
000068f0   xdc_runtime_LoggerBuf_statusLogger__C
00005db5   xdc_runtime_LoggerBuf_write0__E
00005db5   xdc_runtime_LoggerBuf_write0__F
00005cdf   xdc_runtime_LoggerBuf_write1__E
00005cdf   xdc_runtime_LoggerBuf_write1__F
00005c39   xdc_runtime_LoggerBuf_write2__E
00005c39   xdc_runtime_LoggerBuf_write2__F
000038a5   xdc_runtime_LoggerBuf_write4__E
000038a5   xdc_runtime_LoggerBuf_write4__F
00002ce5   xdc_runtime_LoggerBuf_write8__E
00002ce5   xdc_runtime_LoggerBuf_write8__F
00005f9b   xdc_runtime_Main_Module_GateProxy_query__E
00005fc3   xdc_runtime_Memory_HeapProxy_alloc__E
00005fc7   xdc_runtime_Memory_HeapProxy_free__E
00006968   xdc_runtime_Memory_Module__id__C
200023e0   xdc_runtime_Memory_Module__state__V
000044e5   xdc_runtime_Memory_alloc__E
000044e5   xdc_runtime_Memory_alloc__F
00005ea5   xdc_runtime_Memory_calloc__E
00005ea5   xdc_runtime_Memory_calloc__F
000068f4   xdc_runtime_Memory_defaultHeapInstance__C
00005dc5   xdc_runtime_Memory_free__E
00005dc5   xdc_runtime_Memory_free__F
00005eb1   xdc_runtime_Memory_getMaxDefaultTypeAlign__E
00005eb1   xdc_runtime_Memory_getMaxDefaultTypeAlign__F
00005a1d   xdc_runtime_Memory_valloc__E
00005a1d   xdc_runtime_Memory_valloc__F
200023e4   xdc_runtime_Registry_Module__state__V
00005985   xdc_runtime_Registry_findById__E
00005985   xdc_runtime_Registry_findById__F
200023ec   xdc_runtime_Startup_Module__state__V
00000001   xdc_runtime_Startup__EXECFXN__C
00000001   xdc_runtime_Startup__RESETFXN__C
000068f8   xdc_runtime_Startup_execImpl__C
00004b61   xdc_runtime_Startup_exec__E
00004b61   xdc_runtime_Startup_exec__F
00005cf1   xdc_runtime_Startup_exec__I
0000677c   xdc_runtime_Startup_firstFxns__A
000067b8   xdc_runtime_Startup_firstFxns__C
000067c0   xdc_runtime_Startup_lastFxns__A
000067c8   xdc_runtime_Startup_lastFxns__C
000068fc   xdc_runtime_Startup_maxPasses__C
0000564b   xdc_runtime_Startup_reset__I
00006750   xdc_runtime_Startup_sfxnRts__A
00006900   xdc_runtime_Startup_sfxnRts__C
000065e0   xdc_runtime_Startup_sfxnTab__A
00006904   xdc_runtime_Startup_sfxnTab__C
0000324d   xdc_runtime_Startup_startMods__I
20001d00   xdc_runtime_SysMin_Module_State_0_outbuf__A
200023f4   xdc_runtime_SysMin_Module__state__V
000059a5   xdc_runtime_SysMin_Module_startup__E
000059a5   xdc_runtime_SysMin_Module_startup__F
00005535   xdc_runtime_SysMin_abort__E
00005535   xdc_runtime_SysMin_abort__F
00006908   xdc_runtime_SysMin_bufSize__C
00005a39   xdc_runtime_SysMin_exit__E
00005a39   xdc_runtime_SysMin_exit__F
0000696c   xdc_runtime_SysMin_flushAtExit__C
00004f89   xdc_runtime_SysMin_flush__E
00004f89   xdc_runtime_SysMin_flush__F
0000690c   xdc_runtime_SysMin_outputFunc__C
00005881   xdc_runtime_SysMin_output__I
000052dd   xdc_runtime_SysMin_putch__E
000052dd   xdc_runtime_SysMin_putch__F
00005dd5   xdc_runtime_SysMin_ready__E
00005dd5   xdc_runtime_SysMin_ready__F
00005fcb   xdc_runtime_System_Module_GateProxy_enter__E
00005fcf   xdc_runtime_System_Module_GateProxy_leave__E
00005f9b   xdc_runtime_System_Module_GateProxy_query__E
20002400   xdc_runtime_System_Module_State_0_atexitHandlers__A
00006910   xdc_runtime_System_Module__gateObj__C
20002410   xdc_runtime_System_Module__state__V
00005f85   xdc_runtime_System_Module_startup__E
00005f85   xdc_runtime_System_Module_startup__F
00005535   xdc_runtime_System_SupportProxy_abort__E
00005a39   xdc_runtime_System_SupportProxy_exit__E
00004f89   xdc_runtime_System_SupportProxy_flush__E
000052dd   xdc_runtime_System_SupportProxy_putch__E
00005dd5   xdc_runtime_System_SupportProxy_ready__E
00005c4d   xdc_runtime_System_abort__E
00005c4d   xdc_runtime_System_abort__F
00005a55   xdc_runtime_System_aprintf__E
[...]
0000564b   xdc_runtime_Startup_reset__I
0000564d   ti_sysbios_knl_Clock_doTick__I
00005679   ti_sysbios_knl_Task_restore__E
000056a5   xdc_runtime_System_rtsExit__I
000056d1   xdc_runtime_Text_cordText__E
000056d1   xdc_runtime_Text_cordText__F
000056fd   xdc_runtime_System_putchar__I
00005729   TimerConfigure
00005751   ti_sysbios_family_arm_m3_Hwi_initStacks__E
00005779   ti_sysbios_knl_Clock_addI__E
000057a1   xdc_runtime_LoggerBuf_Module_startup__E
000057a1   xdc_runtime_LoggerBuf_Module_startup__F
000057c9   xdc_runtime_System_avprintf__F
000057f1   ti_sysbios_knl_Clock_Module_startup__E
000057f1   ti_sysbios_knl_Clock_Module_startup__F
00005815   ti_sysbios_knl_Swi_Module_startup__E
00005815   ti_sysbios_knl_Swi_Module_startup__F
00005839   ti_sysbios_knl_Task_restoreHwi__E
0000585d   xdc_runtime_System_vprintf__F
00005881   xdc_runtime_SysMin_output__I
000058a5   ti_sysbios_BIOS_removeRTSLock__I
000058c5   ti_sysbios_BIOS_startFunc__I
000058e5   ti_sysbios_gates_GateHwi_Object__delete__S
00005905   ti_sysbios_knl_Task_enter__I
00005925   xdc_runtime_HeapMin_Object__delete__S
00005945   xdc_runtime_LoggerBuf_Object__delete__S
00005965   LoggerBuf_instanceStartup
00005965   xdc_runtime_LoggerBuf_reset__E
00005965   xdc_runtime_LoggerBuf_reset__F
00005985   xdc_runtime_Registry_findById__E
00005985   xdc_runtime_Registry_findById__F
000059a5   xdc_runtime_SysMin_Module_startup__E
000059a5   xdc_runtime_SysMin_Module_startup__F
000059c5   ti_sysbios_family_arm_lm4_Timer_write__I
000059e3   ti_sysbios_knl_Queue_put__E
00005a01   xdc_runtime_Error_check__E
00005a01   xdc_runtime_Error_check__F
00005a1d   xdc_runtime_Memory_valloc__E
00005a1d   xdc_runtime_Memory_valloc__F
00005a39   xdc_runtime_SysMin_exit__E
00005a39   xdc_runtime_SysMin_exit__F
00005a39   xdc_runtime_System_SupportProxy_exit__E
00005a55   xdc_runtime_System_aprintf__E
00005a6f   xdc_runtime_System_printf__E
00005a89   ti_sysbios_family_arm_m3_TaskSupport_swap__E
00005a89   ti_sysbios_knl_Task_SupportProxy_swap__E
00005a95   ti_sysbios_knl_Task_swapReturn
00005aa1   free
00005ab9   _args_main
00005ad1   ti_sysbios_family_arm_lm4_Timer_Module__startupDone__F
00005ad1   ti_sysbios_family_arm_lm4_Timer_Module__startupDone__S
00005ae9   ti_sysbios_family_arm_m3_Hwi_Handle__label__S
00005b01   ti_sysbios_family_arm_m3_Hwi_Module__startupDone__F
00005b01   ti_sysbios_family_arm_m3_Hwi_Module__startupDone__S
00005b19   ti_sysbios_gates_GateHwi_Handle__label__S
00005b31   ti_sysbios_hal_Timer_Module__startupDone__F
00005b31   ti_sysbios_hal_Timer_Module__startupDone__S
00005b49   ti_sysbios_knl_Swi_Handle__label__S
00005b61   ti_sysbios_knl_Task_Handle__label__S
00005b79   xdc_runtime_HeapMin_Handle__label__S
00005b91   xdc_runtime_LoggerBuf_Handle__label__S
00005ba9   xdc_runtime_Text_ropeText__E
00005ba9   xdc_runtime_Text_ropeText__F
00005bc1   _register_unlock
00005bc7   _register_lock
00005bcf   _nop
00005bd5   strlen
00005be9   ti_sysbios_family_arm_m3_Hwi_switchFromBootStack__E
00005be9   ti_sysbios_hal_Hwi_HwiProxy_switchFromBootStack__E
00005be9   ti_sysbios_hal_Hwi_switchFromBootStack__E
00005bfd   ti_sysbios_knl_Swi_Object__get__S
00005c11   xdc_runtime_LoggerBuf_Instance_finalize__F
00005c25   xdc_runtime_LoggerBuf_Object__get__S
00005c39   xdc_runtime_LoggerBuf_write2__E
00005c39   xdc_runtime_LoggerBuf_write2__F
00005c4d   xdc_runtime_System_abort__E
00005c4d   xdc_runtime_System_abort__F
00005c61   GPIOPinTypeGPIOInput
00005c73   GPIOPinTypeGPIOOutput
00005c85   GPIOPinTypeSSI
00005c97   TimerLoadSet
00005ca9   __TI_zero_init
00005cbb   ti_sysbios_hal_Hwi_Module_startup__E
00005cbb   ti_sysbios_hal_Hwi_Module_startup__F
00005ccd   ti_sysbios_hal_Timer_Module_startup__E
00005ccd   ti_sysbios_hal_Timer_Module_startup__F
00005cdf   xdc_runtime_LoggerBuf_write1__E
00005cdf   xdc_runtime_LoggerBuf_write1__F
00005cf1   xdc_runtime_Startup_exec__I
00005d03   ti_sysbios_family_arm_m3_TaskSupport_glue
00005d13   ti_sysbios_family_xxx_Hwi_switchToIsrStack
00005d23   strcpy
00005d35   ti_sysbios_BIOS_setThreadType__E
00005d45   ti_sysbios_BIOS_start__E
00005d55   ti_sysbios_family_arm_lm4_TimestampProvider_rolloverFunc__E
00005d65   ti_sysbios_family_arm_m3_Hwi_excHandler__I
00005d75   ti_sysbios_knl_Swi_disable__E
00005d85   ti_sysbios_knl_Task_Object__get__S
00005d95   ti_sysbios_knl_Task_disable__E
00005da5   xdc_runtime_Gate_leaveSystem__E
00005da5   xdc_runtime_Gate_leaveSystem__F
00005db5   xdc_runtime_LoggerBuf_write0__E
00005db5   xdc_runtime_LoggerBuf_write0__F
00005dc5   xdc_runtime_Memory_free__E
00005dc5   xdc_runtime_Memory_free__F
00005dd5   xdc_runtime_SysMin_ready__E
00005dd5   xdc_runtime_SysMin_ready__F
00005dd5   xdc_runtime_System_SupportProxy_ready__E
00005de5   xdc_runtime_System_vsnprintf__F
00005df5   TimerEnable
00005e03   __TI_decompress_none
00005e11   ti_sysbios_family_arm_m3_TaskSupport_checkStack__E
00005e11   ti_sysbios_knl_Task_SupportProxy_checkStack__E
00005e1f   ti_sysbios_knl_Queue_empty__E
00005e2d   ti_catalog_arm_cortexm4_tiva_ce_Boot_init__I
00005e39   GPIOPinIntEnable
00005e45   ti_sysbios_family_xxx_Hwi_switchToTaskStack
00005e51   ti_sysbios_family_arm_lm4_Timer_masterDisable__I
00005e5d   ti_sysbios_family_arm_lm4_TimestampProvider_startTimer__E
00005e69   ti_sysbios_gates_GateHwi_enter__E
00005e75   ti_sysbios_knl_Queue_Object__get__S
00005e81   xdc_runtime_Error_init__E
00005e81   xdc_runtime_Error_init__F
00005e8d   xdc_runtime_Gate_enterSystem__E
00005e8d   xdc_runtime_Gate_enterSystem__F
00005e99   xdc_runtime_HeapMin_getStats__E
00005e99   xdc_runtime_HeapMin_getStats__F
00005ea5   xdc_runtime_Memory_calloc__E
00005ea5   xdc_runtime_Memory_calloc__F
00005eb1   xdc_runtime_Memory_getMaxDefaultTypeAlign__E
00005eb1   xdc_runtime_Memory_getMaxDefaultTypeAlign__F
00005ebd   xdc_runtime_System_exit__E
00005ebd   xdc_runtime_System_exit__F
00005ec9   xdc_runtime_System_lastFxn__I
00005ed5   GPIOPinRead
00005edf   GPIOPinWrite
00005ee9   SSIDataPut
00005ef3   SSIEnable
00005f11   xdc_runtime_LoggerBuf_disable__E
00005f11   xdc_runtime_LoggerBuf_disable__F
00005f1b   xdc_runtime_LoggerBuf_enable__E
00005f1b   xdc_runtime_LoggerBuf_enable__F
00005f25   SSIBusy
00005f2d   TimerIntEnable
00005f35   ti_sysbios_family_arm_m3_Hwi_doSwiRestore__I
00005f3d   ti_sysbios_family_arm_m3_Hwi_startup__E
00005f3d   ti_sysbios_hal_Hwi_HwiProxy_startup__E
00005f3d   ti_sysbios_hal_Hwi_startup__E
00005f45   ti_sysbios_knl_Idle_loop__E
00005f4d   xdc_runtime_Text_visitRope__I
00005f55   GPIOPinIntClear
00005f5b   __xdc__init
00005f61   __TI_decompress_rle24
00005f67   ti_catalog_arm_cortexm4_tiva_ce_Boot_sysCtlDelayI__I
00005f6d   ti_sysbios_family_arm_lm4_TimestampProvider_Module_startup__E
00005f6d   ti_sysbios_family_arm_lm4_TimestampProvider_Module_startup__F
00005f73   ti_sysbios_family_arm_m3_Hwi_doTaskRestore__I
00005f79   ti_sysbios_gates_GateHwi_leave__E
00005f7f   ti_sysbios_knl_Swi_startup__E
00005f85   xdc_runtime_System_Module_startup__E
00005f85   xdc_runtime_System_Module_startup__F
00005f8b   TimerIntClear
00005f8f   ti_sysbios_family_arm_lm4_Timer_getPeriod__E
00005f93   ti_sysbios_family_arm_lm4_Timer_masterEnable__I
00005f97   ti_sysbios_family_arm_m3_TaskSupport_Module__startupDone__S
00005f9b   ti_sysbios_gates_GateHwi_query__E
00005f9b   ti_sysbios_gates_GateHwi_query__F
00005f9b   xdc_runtime_LoggerBuf_Module_GateProxy_query__E
00005f9b   xdc_runtime_Main_Module_GateProxy_query__E
00005f9b   xdc_runtime_System_Module_GateProxy_query__E
00005f9f   ti_sysbios_hal_Hwi_HwiProxy_Module__startupDone__S
00005fa3   ti_sysbios_hal_Timer_TimerProxy_Module__startupDone__S
00005fa7   ti_sysbios_hal_Timer_TimerProxy_getPeriod__E
00005fab   ti_sysbios_knl_Task_SupportProxy_Module__startupDone__S
00005faf   ti_sysbios_knl_Task_startup__E
00005fb3   xdc_runtime_Error_getSite__E
00005fb3   xdc_runtime_Error_getSite__F
00005fb7   xdc_runtime_HeapMin_isBlocking__E
00005fb7   xdc_runtime_HeapMin_isBlocking__F
00005fbb   xdc_runtime_LoggerBuf_Module_GateProxy_enter__E
00005fbf   xdc_runtime_LoggerBuf_Module_GateProxy_leave__E
00005fc3   xdc_runtime_Memory_HeapProxy_alloc__E
00005fc7   xdc_runtime_Memory_HeapProxy_free__E
00005fcb   xdc_runtime_System_Module_GateProxy_enter__E
00005fcf   xdc_runtime_System_Module_GateProxy_leave__E
00005fd3   xdc_runtime_System_aprintf_va__F
00005fd7   xdc_runtime_System_printf_va__F
00005fdb   xdc_runtime_System_vsnprintf__E
00005fe0   MyFont
00006198   ti_sysbios_family_arm_m3_Hwi_priorities__A
00006270   shifted
0000631c   unshifted
000065a4   xdc_runtime_LoggerBuf_Module__FXNS__C
000065e0   xdc_runtime_Startup_sfxnTab__A
0000660c   xdc_runtime_HeapMin_Module__FXNS__C
00006634   testTask
00006638   hwi0
0000663c   UI
00006640   ButTask
00006644   Clock
00006648   KeySem
0000664c   hwi2
00006650   KeyboardTask
00006654   DataSem
00006658   ti_sysbios_gates_GateHwi_Module__FXNS__C
0000667c   xdc_runtime_LoggerBuf_Object__PARAMS__C
000066a0   ti_sysbios_gates_GateHwi_Object__DESC__C
000066c0   xdc_runtime_HeapMin_Object__DESC__C
000066e0   xdc_runtime_HeapMin_Object__PARAMS__C
00006700   xdc_runtime_LoggerBuf_Object__DESC__C
00006720   ti_sysbios_gates_GateHwi_Object__PARAMS__C
00006738   ti_sysbios_knl_Task_hooks__A
00006750   xdc_runtime_Startup_sfxnRts__A
0000677c   xdc_runtime_Startup_firstFxns__A
00006798   ti_sysbios_family_arm_m3_Hwi_excHookFuncs__A
000067a0   ti_sysbios_knl_Idle_coreList__C
000067a8   ti_sysbios_knl_Idle_funcList__C
000067b0   ti_sysbios_knl_Task_hooks__C
000067b8   xdc_runtime_Startup_firstFxns__C
000067c0   xdc_runtime_Startup_lastFxns__A
000067c8   xdc_runtime_Startup_lastFxns__C
000067d0   ti_catalog_arm_cortexm4_tiva_ce_Boot_A_mustUseEnhancedClockMode__C
000067d4   ti_catalog_arm_cortexm4_tiva_ce_Boot_Module__diagsEnabled__C
000067d8   ti_catalog_arm_cortexm4_tiva_ce_Boot_Module__diagsIncluded__C
000067dc   ti_catalog_arm_cortexm4_tiva_ce_Boot_Module__diagsMask__C
000067e0   ti_sysbios_BIOS_installedErrorHook__C
000067e4   ti_sysbios_family_arm_lm4_Timer_numTimerDevices__C
000067e8   ti_sysbios_family_arm_lm4_Timer_startupNeeded__C
000067ec   ti_sysbios_family_arm_m3_Hwi_E_NMI__C
000067f0   ti_sysbios_family_arm_m3_Hwi_E_busFault__C
000067f4   ti_sysbios_family_arm_m3_Hwi_E_debugMon__C
000067f8   ti_sysbios_family_arm_m3_Hwi_E_hardFault__C
000067fc   ti_sysbios_family_arm_m3_Hwi_E_memFault__C
00006800   ti_sysbios_family_arm_m3_Hwi_E_noIsr__C
00006804   ti_sysbios_family_arm_m3_Hwi_E_reserved__C
00006808   ti_sysbios_family_arm_m3_Hwi_E_svCall__C
0000680c   ti_sysbios_family_arm_m3_Hwi_E_usageFault__C
00006810   ti_sysbios_family_arm_m3_Hwi_NUM_INTERRUPTS__C
00006814   ti_sysbios_family_arm_m3_Hwi_ccr__C
00006818   ti_sysbios_family_arm_m3_Hwi_dispatchTable__C
0000681c   ti_sysbios_family_arm_m3_Hwi_excHandlerFunc__C
00006820   ti_sysbios_family_arm_m3_Hwi_excHookFuncs__C
00006824   ti_sysbios_family_arm_m3_Hwi_priGroup__C
00006828   ti_sysbios_family_arm_m3_Hwi_priorities__C
0000682c   ti_sysbios_hal_Hwi_E_stackOverflow__C
00006830   ti_sysbios_knl_Clock_Module_State_clockQ__O
00006834   ti_sysbios_knl_Idle_coreList__A
00006838   ti_sysbios_knl_Idle_funcList__A
0000683c   ti_sysbios_knl_Semaphore_A_badContext__C
00006840   ti_sysbios_knl_Semaphore_A_overflow__C
00006844   ti_sysbios_knl_Semaphore_A_pendTaskDisabled__C
00006848   ti_sysbios_knl_Semaphore_Instance_State_pendQ__O
0000684c   ti_sysbios_knl_Semaphore_Module__diagsEnabled__C
00006850   ti_sysbios_knl_Semaphore_Module__diagsIncluded__C
00006854   ti_sysbios_knl_Semaphore_Module__diagsMask__C
00006858   ti_sysbios_knl_Swi_Object__count__C
0000685c   ti_sysbios_knl_Task_A_badTimeout__C
00006860   ti_sysbios_knl_Task_A_sleepTaskDisabled__C
00006864   ti_sysbios_knl_Task_E_spOutOfBounds__C
00006868   ti_sysbios_knl_Task_E_stackOverflow__C
0000686c   ti_sysbios_knl_Task_Module_State_inactiveQ__O
00006870   ti_sysbios_knl_Task_Module__diagsEnabled__C
00006874   ti_sysbios_knl_Task_Module__diagsIncluded__C
00006878   ti_sysbios_knl_Task_Module__diagsMask__C
0000687c   ti_sysbios_knl_Task_Object__count__C
00006880   ti_sysbios_knl_Task_allBlockedFunc__C
00006884   ti_sysbios_knl_Task_numConstructedTasks__C
00006888   xdc_runtime_Assert_E_assertFailed__C
0000688c   xdc_runtime_Core_A_initializedParams__C
00006890   xdc_runtime_Core_Module__diagsEnabled__C
00006894   xdc_runtime_Core_Module__diagsIncluded__C
00006898   xdc_runtime_Core_Module__diagsMask__C
0000689c   xdc_runtime_Error_E_memory__C
000068a0   xdc_runtime_Error_Module__diagsEnabled__C
000068a4   xdc_runtime_Error_Module__diagsIncluded__C
000068a8   xdc_runtime_Error_Module__diagsMask__C
000068ac   xdc_runtime_Error_Module__loggerFxn8__C
000068b0   xdc_runtime_Error_Module__loggerObj__C
000068b4   xdc_runtime_Error_raiseHook__C
000068b8   xdc_runtime_HeapMin_A_zeroSize__C
000068bc   xdc_runtime_HeapMin_E_freeError__C
000068c0   xdc_runtime_HeapMin_Module__diagsEnabled__C
000068c4   xdc_runtime_HeapMin_Module__diagsIncluded__C
000068c8   xdc_runtime_HeapMin_Module__diagsMask__C
000068cc   xdc_runtime_IFilterLogger_Interface__BASE__C
000068d0   xdc_runtime_IGateProvider_Interface__BASE__C
000068d4   xdc_runtime_IHeap_Interface__BASE__C
000068d8   xdc_runtime_ILogger_Interface__BASE__C
000068dc   xdc_runtime_IModule_Interface__BASE__C
000068e0   xdc_runtime_Log_L_error__C
000068e4   xdc_runtime_LoggerBuf_E_badLevel__C
000068e8   xdc_runtime_LoggerBuf_Module__gateObj__C
000068ec   xdc_runtime_LoggerBuf_Object__count__C
000068f0   xdc_runtime_LoggerBuf_statusLogger__C
000068f4   xdc_runtime_Memory_defaultHeapInstance__C
000068f8   xdc_runtime_Startup_execImpl__C
000068fc   xdc_runtime_Startup_maxPasses__C
00006900   xdc_runtime_Startup_sfxnRts__C
00006904   xdc_runtime_Startup_sfxnTab__C
00006908   xdc_runtime_SysMin_bufSize__C
0000690c   xdc_runtime_SysMin_outputFunc__C
00006910   xdc_runtime_System_Module__gateObj__C
00006914   xdc_runtime_System_extendFxn__C
00006918   xdc_runtime_System_maxAtexitHandlers__C
0000691c   xdc_runtime_Text_charTab__C
00006920   xdc_runtime_Text_nameEmpty__C
00006924   xdc_runtime_Text_nameStatic__C
00006928   xdc_runtime_Text_nameUnknown__C
0000692c   xdc_runtime_Text_visitRopeFxn__C
00006930   ti_catalog_arm_cortexm4_tiva_ce_Boot_Module__id__C
00006934   ti_sysbios_family_arm_lm4_TimestampProvider_useClockTimer__C
00006938   ti_sysbios_family_arm_m3_Hwi_Module__id__C
0000693c   ti_sysbios_hal_Hwi_Module__id__C
00006940   ti_sysbios_knl_Semaphore_Module__id__C
00006944   ti_sysbios_knl_Task_Module__id__C
00006948   ti_sysbios_knl_Task_initStackFlag__C
0000694c   xdc_runtime_Core_Module__id__C
00006950   xdc_runtime_Error_Module__loggerDefined__C
00006954   xdc_runtime_Error_maxDepth__C
00006958   xdc_runtime_HeapMin_Module__id__C
0000695c   xdc_runtime_HeapMin_freeError__C
00006960   xdc_runtime_LoggerBuf_Module__id__C
00006964   xdc_runtime_LoggerBuf_filterByLevel__C
00006968   xdc_runtime_Memory_Module__id__C
0000696c   xdc_runtime_SysMin_flushAtExit__C
00006970   xdc_runtime_Text_charCnt__C
00006974   xdc_runtime_Text_isLoaded__C
00006978   xdc_runtime_Text_registryModsLastId__C
0000697c   xdc_runtime_Text_unnamedModsLastId__C
00006980   xdc_runtime_Error_policy__C
00006e38   __TI_Handler_Table_Base
00006e44   __TI_Handler_Table_Limit
00006e58   __TI_CINIT_Base
00006e70   __TI_CINIT_Limit
20000000   ti_sysbios_family_arm_m3_Hwi_ramVectors
20000360   ti_sysbios_knl_Task_Instance_State_0_stack__A
20000760   ti_sysbios_knl_Task_Instance_State_1_stack__A
20000b60   ti_sysbios_knl_Task_Instance_State_2_stack__A
20000f60   ti_sysbios_knl_Task_Instance_State_3_stack__A
20001360   ti_sysbios_knl_Task_Instance_State_4_stack__A
20001760   glcd_buffer
20001b60   __CIOBUF_
20001c80   xdc_runtime_LoggerBuf_Instance_State_0_entryArr__A
20001d00   xdc_runtime_SysMin_Module_State_0_outbuf__A
20001d80   ti_sysbios_knl_Task_Instance_State_0_hookEnv__A
20001d84   ti_sysbios_knl_Task_Instance_State_1_hookEnv__A
20001d88   ti_sysbios_knl_Task_Instance_State_2_hookEnv__A
20001d8c   ti_sysbios_knl_Task_Instance_State_3_hookEnv__A
20001d90   ti_sysbios_knl_Task_Instance_State_4_hookEnv__A
20001d98   xdc_runtime_HeapMin_Instance_State_0_buf__A
20001db8   temp_count_string
20001dbc   KeyBuf
20001dc0   KeyIn
20001dc1   KeyOut
20001dc2   KeyRead
20001dc3   clkstat
20001dc4   datstat
20001dc5   paritystat
20001dc6   data
20001dc7   time_string
20001ddb   glcd_dirty_pages
20001ddc   ti_sysbios_family_arm_m3_Hwi_Module_State_0_dispatchTable__A
2000213c   ti_sysbios_knl_Task_Object__table__V
2000226c   TSK_idle
200022b8   ti_sysbios_BIOS_Module__state__V
200022d8   ti_sysbios_family_arm_lm4_Timer_Module__root__V
200022e0   ti_sysbios_family_arm_lm4_Timer_Module_State_0_handles__A
200022f8   ti_sysbios_family_arm_lm4_Timer_Module__state__V
20002304   ti_sysbios_family_arm_lm4_TimestampProvider_Module__state__V
2000230c   ti_sysbios_family_arm_m3_Hwi_Module__root__V
20002314   ti_sysbios_family_arm_m3_Hwi_Module_State_0_excActive__A
20002318   ti_sysbios_family_arm_m3_Hwi_Module_State_0_excContext__A
2000231c   ti_sysbios_family_arm_m3_Hwi_Module_State_0_excStack__A
20002320   ti_sysbios_gates_GateHwi_Module__root__V
20002328   ti_sysbios_gates_GateHwi_Object__table__V
2000232c   ti_sysbios_gates_GateMutexPri_Module__root__V
20002334   ti_sysbios_hal_Hwi_Module__root__V
2000233c   ti_sysbios_hal_Hwi_Object__table__V
20002354   ti_sysbios_hal_Timer_Module__root__V
2000235c   ti_sysbios_hal_Timer_Object__table__V
20002364   ti_sysbios_knl_Clock_Module__root__V
2000236c   ti_sysbios_knl_Queue_Module__root__V
20002374   ti_sysbios_knl_Semaphore_Module__root__V
2000237c   ti_sysbios_knl_Swi_Module__root__V
20002384   ti_sysbios_knl_Swi_Module__state__V
200023a0   ti_sysbios_knl_Task_Module__root__V
200023a8   ti_sysbios_knl_Task_Module_State_0_idleTask__A
200023ac   xdc_runtime_Error_Module__state__V
200023b0   xdc_runtime_GateNull_Module__root__V
200023b8   xdc_runtime_HeapMin_Module__root__V
200023c0   xdc_runtime_HeapMin_Object__table__V
200023d0   xdc_runtime_LoggerBuf_Module__root__V
200023d8   xdc_runtime_LoggerBuf_Module__state__V
200023e0   xdc_runtime_Memory_Module__state__V
200023e4   xdc_runtime_Registry_Module__state__V
200023ec   xdc_runtime_Startup_Module__state__V
200023f4   xdc_runtime_SysMin_Module__state__V
20002400   xdc_runtime_System_Module_State_0_atexitHandlers__A
20002410   xdc_runtime_System_Module__state__V
2000241c   xdc_runtime_Text_Module__state__V
20002424   __xdc__init__addr
20002428   ti_sysbios_knl_Swi_Module_State_0_readyQ__A
200024a8   ti_sysbios_knl_Task_Module_State_0_readyQ__A
20002528   ti_sysbios_family_arm_m3_Hwi_Object__table__V
200025a0   ti_sysbios_family_arm_lm4_Timer_Object__table__V
20002610   ti_sysbios_family_arm_m3_Hwi_Module__state__V
20002664   ti_sysbios_knl_Task_Module__state__V
200026a8   ti_sysbios_family_arm_lm4_Timer_Module_State_0_device__A
200026d8   ti_sysbios_knl_Swi_Object__table__V
20002708   ti_sysbios_knl_Clock_Module__state__V
20002730   ti_sysbios_knl_Semaphore_Object__table__V
20002758   glcd_flipped
2000275c   pagemap
2000277c   xdc_runtime_LoggerBuf_Object__table__V
200027a0   temp_count
200027a4   Data
200027a8   KeyBuffer
200027a9   bitcount
200027b0   _lock
200027b4   _unlock
200027b8   _cleanup_ptr
200027bc   _dtors_ptr
200027c0   TimeOfDay
200027cc   main_func_sp
200027d4   StateInfo
200027d6   LastState
200027d8   __stack
200029d8   __STACK_TOP
20002bd8   __STACK_END
e000e000   ti_sysbios_family_arm_m3_Hwi_nvic
ffffffff   __binit__
ffffffff   __c_args__
ffffffff   binit
UNDEFED    SHT$$INIT_ARRAY$$Base
UNDEFED    SHT$$INIT_ARRAY$$Limit

[655 symbols]
