******************************************************************************
                  TI ARM Linker PC v5.0.4                      
******************************************************************************
>> Linked Mon May 27 20:43:01 2013

OUTPUT FILE NAME:   <Grocery.out>
ENTRY POINT SYMBOL: "_c_int00"  address: 00004dfd


MEMORY CONFIGURATION

         name            origin    length      used     unused   attr    fill
----------------------  --------  ---------  --------  --------  ----  --------
  FLASH                 00000000   00040000  000074ff  00038b01  R  X
  SRAM                  20000000   00008000  00002ff3  0000500d  RW X


SEGMENT ALLOCATION MAP

run origin  load origin   length   init length attrs members
----------  ----------- ---------- ----------- ----- -------
00000000    00000000    00007508   00007508    r-x
  00000000    00000000    00000360   00000360    r-- .resetVecs
  00000360    00000360    00006022   00006022    r-x .text
  00006384    00006384    00000995   00000995    r-- .const
  00006d20    00006d20    000007e8   000007e8    r-- .cinit
20000000    20000000    00001ddc   00000000    rw-
  20000000    20000000    00000360   00000000    rw- .vecs
  20000360    20000360    00001a7c   00000000    rw- .bss
20001ddc    20001ddc    00001218   00000e17    rw-
  20001ddc    20001ddc    00000e17   00000e17    rw- .data
  20002bf4    20002bf4    00000400   00000000    rw- .stack


SECTION ALLOCATION MAP

 output                                  attributes/
section   page    origin      length       input sections
--------  ----  ----------  ----------   ----------------
.bootVecs 
*          0    00000000    00000008     DSECT
                  00000000    00000008     boot.aem4f : boot.oem4f (.bootVecs)

.resetVecs 
*          0    00000000    00000360     
                  00000000    00000360     app_pem4f.oem4f (.resetVecs)

xdc.meta   0    00000000    000000d9     COPY SECTION
                  00000000    000000d9     app_pem4f.oem4f (xdc.meta)

xdc.noload 
*          0    00000000    00001242     COPY SECTION
                  00000000    00001242     app_pem4f.oem4f (xdc.noload)

.init_array 
*          0    00000000    00000000     UNINITIALIZED

.text      0    00000360    00006022     
                  00000360    000005b8     main.obj (.text)
                  00000918    00000520     Ps2Keyboard.obj (.text)
                  00000e38    00000424     sysbios.aem4f : BIOS.obj (.text:ti_sysbios_family_arm_m3_Hwi_excDumpRegs__I)
                  0000125c    0000041c     st7565.obj (.text)
                  00001678    00000344     ti.targets.arm.rtsarm.aem4f : System.oem4f (.text:xdc_runtime_System_doPrint__I)
                  000019bc    00000314     Graphics_Bmp.obj (.text)
                  00001cd0    000002e4     rtsv7M4_T_le_v4SPD16_eabi.lib : trgdrv.obj (.text)
                  00001fb4    00000238     sysbios.aem4f : BIOS.obj (.text:ti_sysbios_knl_Semaphore_pend__E)
                  000021ec    000001dc                   : BIOS.obj (.text:ti_sysbios_family_arm_m3_Hwi_excHandlerMax__I)
                  000023c8    000001d8     driverlib-cm4f.lib : sysctl.obj (.text:SysCtlClockGet)
                  000025a0    000001b8     buttons.obj (.text)
                  00002758    0000018c     sysbios.aem4f : BIOS.obj (.text:ti_sysbios_knl_Task_sleep__E)
                  000028e4    00000168                   : BIOS.obj (.text:ti_sysbios_family_arm_m3_Hwi_excBusFault__I)
                  00002a4c    00000154                   : BIOS.obj (.text:ti_sysbios_family_arm_m3_Hwi_excUsageFault__I)
                  00002ba0    00000140                   : BIOS.obj (.text:ti_sysbios_family_arm_m3_Hwi_excMemFault__I)
                  00002ce0    0000013c     ti.targets.arm.rtsarm.aem4f : Error.oem4f (.text:xdc_runtime_Error_raiseX__F)
                  00002e1c    00000138     Boot.aem4f : Boot_sysctl.oem4f (.text:ti_catalog_arm_cortexm4_tiva_ce_Boot_sysCtlClockSetI__I)
                  00002f54    00000134     sysbios.aem4f : m3_Hwi_asm.obj (.text:ti_sysbios_family_arm_m3_Hwi_dispatch__I)
                  00003088    0000012c     ti.targets.arm.rtsarm.aem4f : LoggerBuf.oem4f (.text:xdc_runtime_LoggerBuf_write8__F)
                  000031b4    00000128     sysbios.aem4f : BIOS.obj (.text:ti_sysbios_family_arm_lm4_TimestampProvider_get64__E)
                  000032dc    00000114                   : BIOS.obj (.text:ti_sysbios_family_arm_lm4_Timer_initDevice__I)
                  000033f0    00000104     ti.targets.arm.rtsarm.aem4f : Core-mem.oem4f (.text:xdc_runtime_Core_createObject__I)
                  000034f4    000000fc     sysbios.aem4f : BIOS.obj (.text:ti_sysbios_family_arm_lm4_Timer_start__E)
                  000035f0    000000f8     ti.targets.arm.rtsarm.aem4f : Startup.oem4f (.text:xdc_runtime_Startup_startMods__I)
                  000036e8    000000f8     app_pem4f.oem4f (.text:xdc_runtime_System_printfExtend__I)
                  000037e0    000000ec     rtsv7M4_T_le_v4SPD16_eabi.lib : dtor_list.obj (.text)
                  000038cc    000000ec     sysbios.aem4f : BIOS.obj (.text:ti_sysbios_knl_Semaphore_post__E)
                  000039b8    000000dc                   : BIOS.obj (.text:ti_sysbios_family_arm_m3_Hwi_initNVIC__E)
                  00003a94    000000dc                   : BIOS.obj (.text:ti_sysbios_knl_Task_postInit__I)
                  00003b70    000000d8     Clock.obj (.text)
                  00003c48    000000d4     ti.targets.arm.rtsarm.aem4f : LoggerBuf.oem4f (.text:xdc_runtime_LoggerBuf_write4__F)
                  00003d1c    000000c8     driverlib-cm4f.lib : gpio.obj (.text:GPIOPadConfigSet)
                  00003de4    000000b4     sysbios.aem4f : BIOS.obj (.text:ti_sysbios_family_arm_m3_Hwi_excHardFault__I)
                  00003e98    000000b4                   : BIOS.obj (.text:ti_sysbios_knl_Task_checkStacks__E)
                  00003f4c    000000b0                   : BIOS.obj (.text:ti_sysbios_family_arm_m3_Hwi_excDebugMon__I)
                  00003ffc    000000ac                   : BIOS.obj (.text:ti_sysbios_knl_Swi_schedule__I)
                  000040a8    000000a4                   : BIOS.obj (.text:ti_sysbios_family_arm_m3_Hwi_Module_startup__F)
                  0000414c    000000a0     auto_init.aem4f : auto_init.oem4f (.text)
                  000041ec    0000009c     rtsv7M4_T_le_v4SPD16_eabi.lib : memcpy_t2.obj (.text)
                  00004288    0000009a     ti.targets.arm.rtsarm.aem4f : Text.oem4f (.text:xdc_runtime_Text_putSite__F)
                  00004322    00000002     sysbios.aem4f : BIOS.obj (.text:ti_sysbios_BIOS_nullFunc__I)
                  00004324    00000094     Boot.aem4f : Boot.oem4f (.text:ti_catalog_arm_cortexm4_tiva_ce_Boot_sysCtlClockSet__E)
                  000043b8    00000094     ti.targets.arm.rtsarm.aem4f : Text.oem4f (.text:xdc_runtime_Text_putMod__F)
                  0000444c    00000090     sysbios.aem4f : BIOS.obj (.text:ti_sysbios_knl_Task_exit__E)
                  000044dc    00000090                   : BIOS.obj (.text:ti_sysbios_knl_Task_startCore__E)
                  0000456c    0000008c                   : m3_TaskSupport_asm.obj (.text:_ti_sysbios_family_arm_m3_TaskSupport_buildTaskStack)
                  000045f8    0000008c     ti.targets.arm.rtsarm.aem4f : HeapMin.oem4f (.text:xdc_runtime_HeapMin_Instance_init__F)
                  00004684    00000088     sysbios.aem4f : BIOS.obj (.text:ti_sysbios_knl_Task_schedule__I)
                  0000470c    00000084                   : BIOS.obj (.text:ti_sysbios_knl_Task_Module_startup__F)
                  00004790    00000080     ti.targets.arm.rtsarm.aem4f : LoggerBuf.oem4f (.text:xdc_runtime_LoggerBuf_setFilterLevel__F)
                  00004810    00000078     rtsv7M4_T_le_v4SPD16_eabi.lib : memset_t2.obj (.text)
                  00004888    00000070     ti.targets.arm.rtsarm.aem4f : Memory.oem4f (.text:xdc_runtime_Memory_alloc__F)
                  000048f8    0000006c     sysbios.aem4f : BIOS.obj (.text:ti_sysbios_knl_Clock_workFunc__E)
                  00004964    0000006c     ti.targets.arm.rtsarm.aem4f : Error.oem4f (.text:xdc_runtime_Error_print__F)
                  000049d0    0000006c                                 : LoggerBuf.oem4f (.text:xdc_runtime_LoggerBuf_getFilterLevel__F)
                  00004a3c    00000066                                 : Core-mem.oem4f (.text:xdc_runtime_Core_deleteObject__I)
                  00004aa2    00000002     sysbios.aem4f : BIOS.obj (.text:ti_sysbios_gates_GateHwi_Instance_init__F)
                  00004aa4    00000064     driverlib-cm4f.lib : interrupt.obj (.text:IntEnable)
                  00004b08    00000060     rtsv7M4_T_le_v4SPD16_eabi.lib : trgmsg.obj (.text)
                  00004b68    00000060     sysbios.aem4f : BIOS.obj (.text:ti_sysbios_family_arm_m3_Hwi_dispatchC__I)
                  00004bc8    00000060                   : BIOS.obj (.text:ti_sysbios_knl_Swi_run__I)
                  00004c28    00000060     app_pem4f.oem4f (.text:xdc_runtime_LoggerBuf_Object__create__S)
                  00004c88    0000005e     rtsv7M4_T_le_v4SPD16_eabi.lib : copy_decompress_rle.obj (.text)
                  00004ce6    00000002     sysbios.aem4f : BIOS.obj (.text:ti_sysbios_knl_Clock_logTick__E)
                  00004ce8    0000005c                   : BIOS.obj (.text:ti_sysbios_family_arm_lm4_Timer_Module_startup__F)
                  00004d44    0000005c                   : BIOS.obj (.text:ti_sysbios_knl_Swi_restoreHwi__E)
                  00004da0    0000005b     ti.targets.arm.rtsarm.aem4f : Text.oem4f (.text:xdc_runtime_Text_putLab__F)
                  00004dfb    00000001     --HOLE-- [fill = 0]
                  00004dfc    00000058     boot.aem4f : boot.oem4f (.text)
                  00004e54    00000058     driverlib-cm4f.lib : sysctl.obj (.text:SysCtlPeripheralEnable)
                  00004eac    00000058     sysbios.aem4f : BIOS.obj (.text:ti_sysbios_knl_Task_unblockI__E)
                  00004f04    00000050     ti.targets.arm.rtsarm.aem4f : Startup.oem4f (.text:xdc_runtime_Startup_exec__F)
                  00004f54    00000050                                 : System.oem4f (.text:xdc_runtime_System_formatNum__I)
                  00004fa4    00000048     driverlib-cm4f.lib : gpio.obj (.text:GPIOPinConfigure)
                  00004fec    00000048     sysbios.aem4f : BIOS.obj (.text:ti_sysbios_family_arm_m3_Hwi_excReserved__I)
                  00005034    00000048                   : BIOS.obj (.text:ti_sysbios_knl_Task_allBlockedFunction__I)
                  0000507c    00000048     ti.targets.arm.rtsarm.aem4f : Assert.oem4f (.text:xdc_runtime_Assert_raise__I)
                  000050c4    00000048                                 : Core-params.oem4f (.text:xdc_runtime_Core_assignParams__I)
                  0000510c    00000044     driverlib-cm4f.lib : gpio.obj (.text:GPIOIntTypeSet)
                  00005150    00000044                        : ssi.obj (.text:SSIConfigSetExpClk)
                  00005194    00000044     rtsv7M4_T_le_v4SPD16_eabi.lib : cpy_tbl.obj (.text)
                  000051d8    00000044     sysbios.aem4f : BIOS.obj (.text:ti_sysbios_family_arm_lm4_Timer_isrStub__E)
                  0000521c    00000044                   : BIOS.obj (.text:ti_sysbios_family_arm_m3_Hwi_disableInterrupt__E)
                  00005260    00000044                   : BIOS.obj (.text:ti_sysbios_family_arm_m3_Hwi_enableInterrupt__E)
                  000052a4    00000044                   : BIOS.obj (.text:ti_sysbios_knl_Swi_post__E)
                  000052e8    00000044     ti.targets.arm.rtsarm.aem4f : LoggerBuf.oem4f (.text:xdc_runtime_LoggerBuf_filterOutEvent__I)
                  0000532c    00000044                                 : SysMin.oem4f (.text:xdc_runtime_SysMin_flush__F)
                  00005370    00000040     rtsv7M4_T_le_v4SPD16_eabi.lib : exit.obj (.text)
                  000053b0    00000040     sysbios.aem4f : BIOS.obj (.text:ti_sysbios_family_arm_lm4_Timer_startup__E)
                  000053f0    00000040                   : BIOS.obj (.text:ti_sysbios_knl_Semaphore_pendTimeout__I)
                  00005430    00000040                   : BIOS.obj (.text:ti_sysbios_knl_Task_processVitalTaskFlag__I)
                  00005470    00000040     ti.targets.arm.rtsarm.aem4f : System.oem4f (.text:xdc_runtime_System_atexit__F)
                  000054b0    0000003c     sysbios.aem4f : BIOS.obj (.text:ti_sysbios_family_arm_m3_Hwi_excSvCall__I)
                  000054ec    0000003c                   : BIOS.obj (.text:ti_sysbios_knl_Swi_restore__E)
                  00005528    0000003c     ti.targets.arm.rtsarm.aem4f : HeapMin.oem4f (.text:xdc_runtime_HeapMin_alloc__F)
                  00005564    0000003c                                 : Text.oem4f (.text:xdc_runtime_Text_xprintf__I)
                  000055a0    00000038     sysbios.aem4f : BIOS.obj (.text:ti_sysbios_family_arm_m3_Hwi_excNoIsr__I)
                  000055d8    00000038                   : BIOS.obj (.text:ti_sysbios_family_arm_m3_Hwi_getStackInfo__E)
                  00005610    00000038                   : BIOS.obj (.text:ti_sysbios_family_arm_m3_TaskSupport_start__E)
                  00005648    00000038     ti.targets.arm.rtsarm.aem4f : LoggerBuf.oem4f (.text:xdc_runtime_LoggerBuf_Instance_init__F)
                  00005680    00000038                                 : SysMin.oem4f (.text:xdc_runtime_SysMin_putch__F)
                  000056b8    00000034     sysbios.aem4f : BIOS.obj (.text:ti_sysbios_family_arm_m3_Hwi_excNmi__I)
                  000056ec    00000034     app_pem4f.oem4f (.text:ti_sysbios_gates_GateHwi_Object__create__S)
                  00005720    00000034     sysbios.aem4f : BIOS.obj (.text:ti_sysbios_hal_Hwi_checkStack:ti_sysbios_hal_Hwi_checkStack)
                  00005754    00000034     app_pem4f.oem4f (.text:xdc_runtime_HeapMin_Object__create__S)
                  00005788    00000030     sysbios.aem4f : BIOS.obj (.text:ti_sysbios_BIOS_errorRaiseHook__I)
                  000057b8    00000030     app_pem4f.oem4f (.text:ti_sysbios_BIOS_exitFunc__I)
                  000057e8    00000030     sysbios.aem4f : BIOS.obj (.text:ti_sysbios_family_arm_lm4_Timer_enableTimers__I)
                  00005818    00000030                   : BIOS.obj (.text:ti_sysbios_family_arm_lm4_Timer_stop__E)
                  00005848    00000030                   : BIOS.obj (.text:ti_sysbios_knl_Idle_run__E)
                  00005878    00000030     ti.targets.arm.rtsarm.aem4f : Core-label.oem4f (.text:xdc_runtime_Core_assignLabel__I)
                  000058a8    00000030                                 : HeapMin.oem4f (.text:xdc_runtime_HeapMin_free__F)
                  000058d8    00000030                                 : SysMin.oem4f (.text:xdc_runtime_SysMin_abort__F)
                  00005908    0000002f                                 : Text.oem4f (.text:xdc_runtime_Text_printVisFxn__I)
                  00005937    00000001     --HOLE-- [fill = 0]
                  00005938    0000002e     driverlib-cm4f.lib : gpio.obj (.text:GPIODirModeSet)
                  00005966    0000002e     app_pem4f.oem4f (.text:malloc)
                  00005994    0000002e     sysbios.aem4f : BIOS.obj (.text:ti_sysbios_knl_Task_sleepTimeout__I)
                  000059c2    0000002c                   : BIOS.obj (.text:ti_sysbios_hal_Hwi_initStack:ti_sysbios_hal_Hwi_initStack)
                  000059ee    00000002     app_pem4f.oem4f (.text:xdc_runtime_Startup_reset__I)
                  000059f0    0000002c     app_pem4f.oem4f (.text:ti_sysbios_knl_Clock_doTick__I)
                  00005a1c    0000002c     sysbios.aem4f : BIOS.obj (.text:ti_sysbios_knl_Task_restore__E)
                  00005a48    0000002c     ti.targets.arm.rtsarm.aem4f : System.oem4f (.text:xdc_runtime_System_rtsExit__I)
                  00005a74    0000002c                                 : Text.oem4f (.text:xdc_runtime_Text_cordText__F)
                  00005aa0    0000002a                                 : System.oem4f (.text:xdc_runtime_System_putchar__I)
                  00005aca    00000002     --HOLE-- [fill = 0]
                  00005acc    00000028     driverlib-cm4f.lib : timer.obj (.text:TimerConfigure)
                  00005af4    00000028     sysbios.aem4f : m3_Hwi_asm_switch.obj (.text:_ti_sysbios_family_arm_m3_Hwi_initStacks__E)
                  00005b1c    00000028                   : BIOS.obj (.text:ti_sysbios_knl_Clock_addI__E)
                  00005b44    00000028     ti.targets.arm.rtsarm.aem4f : LoggerBuf.oem4f (.text:xdc_runtime_LoggerBuf_Module_startup__F)
                  00005b6c    00000026                                 : System.oem4f (.text:xdc_runtime_System_avprintf__F)
                  00005b92    00000002     --HOLE-- [fill = 0]
                  00005b94    00000024     sysbios.aem4f : BIOS.obj (.text:ti_sysbios_knl_Clock_Module_startup__F)
                  00005bb8    00000024                   : BIOS.obj (.text:ti_sysbios_knl_Swi_Module_startup__F)
                  00005bdc    00000024                   : BIOS.obj (.text:ti_sysbios_knl_Task_restoreHwi__E)
                  00005c00    00000024     ti.targets.arm.rtsarm.aem4f : System.oem4f (.text:xdc_runtime_System_vprintf__F)
                  00005c24    00000022     app_pem4f.oem4f (.text:xdc_runtime_SysMin_output__I)
                  00005c46    00000002     --HOLE-- [fill = 0]
                  00005c48    00000020     sysbios.aem4f : BIOS.obj (.text:ti_sysbios_BIOS_removeRTSLock__I)
                  00005c68    00000020     app_pem4f.oem4f (.text:ti_sysbios_BIOS_startFunc__I)
                  00005c88    00000020     app_pem4f.oem4f (.text:ti_sysbios_gates_GateHwi_Object__delete__S)
                  00005ca8    00000020     sysbios.aem4f : BIOS.obj (.text:ti_sysbios_knl_Task_enter__I)
                  00005cc8    00000020     app_pem4f.oem4f (.text:xdc_runtime_HeapMin_Object__delete__S)
                  00005ce8    00000020     app_pem4f.oem4f (.text:xdc_runtime_LoggerBuf_Object__delete__S)
                  00005d08    00000020     ti.targets.arm.rtsarm.aem4f : LoggerBuf.oem4f (.text:xdc_runtime_LoggerBuf_reset__F)
                  00005d28    00000020                                 : Registry.oem4f (.text:xdc_runtime_Registry_findById__F)
                  00005d48    00000020                                 : SysMin.oem4f (.text:xdc_runtime_SysMin_Module_startup__F)
                  00005d68    0000001e     sysbios.aem4f : BIOS.obj (.text:ti_sysbios_family_arm_lm4_Timer_write__I)
                  00005d86    0000001c                   : BIOS.obj (.text:ti_sysbios_knl_Queue_put__E)
                  00005da2    00000002     --HOLE-- [fill = 0]
                  00005da4    0000001c     ti.targets.arm.rtsarm.aem4f : Error.oem4f (.text:xdc_runtime_Error_check__F)
                  00005dc0    0000001c                                 : Memory.oem4f (.text:xdc_runtime_Memory_valloc__F)
                  00005ddc    0000001c                                 : SysMin.oem4f (.text:xdc_runtime_SysMin_exit__F)
                  00005df8    0000001a     app_pem4f.oem4f (.text:xdc_runtime_System_aprintf__E)
                  00005e12    0000001a     app_pem4f.oem4f (.text:xdc_runtime_System_printf__E)
                  00005e2c    00000018     sysbios.aem4f : m3_TaskSupport_asm.obj (.text:_ti_sysbios_family_arm_m3_TaskSupport_swap__E)
                  00005e44    00000018     app_pem4f.oem4f (.text:free)
                  00005e5c    00000018     rtsv7M4_T_le_v4SPD16_eabi.lib : args_main.obj (.text)
                  00005e74    00000018     app_pem4f.oem4f (.text:ti_sysbios_family_arm_lm4_Timer_Module__startupDone__F)
                  00005e8c    00000018     app_pem4f.oem4f (.text:ti_sysbios_family_arm_m3_Hwi_Handle__label__S)
                  00005ea4    00000018     app_pem4f.oem4f (.text:ti_sysbios_family_arm_m3_Hwi_Module__startupDone__F)
                  00005ebc    00000018     app_pem4f.oem4f (.text:ti_sysbios_gates_GateHwi_Handle__label__S)
                  00005ed4    00000018     app_pem4f.oem4f (.text:ti_sysbios_hal_Timer_Module__startupDone__F)
                  00005eec    00000018     app_pem4f.oem4f (.text:ti_sysbios_knl_Swi_Handle__label__S)
                  00005f04    00000018     app_pem4f.oem4f (.text:ti_sysbios_knl_Task_Handle__label__S)
                  00005f1c    00000018     app_pem4f.oem4f (.text:xdc_runtime_HeapMin_Handle__label__S)
                  00005f34    00000018     app_pem4f.oem4f (.text:xdc_runtime_LoggerBuf_Handle__label__S)
                  00005f4c    00000018     ti.targets.arm.rtsarm.aem4f : Text.oem4f (.text:xdc_runtime_Text_ropeText__F)
                  00005f64    00000014     rtsv7M4_T_le_v4SPD16_eabi.lib : _lock.obj (.text)
                  00005f78    00000014                                   : strlen.obj (.text)
                  00005f8c    00000014     sysbios.aem4f : BIOS.obj (.text:ti_sysbios_family_arm_m3_Hwi_switchFromBootStack__E)
                  00005fa0    00000014     app_pem4f.oem4f (.text:ti_sysbios_knl_Swi_Object__get__S)
                  00005fb4    00000014     ti.targets.arm.rtsarm.aem4f : LoggerBuf.oem4f (.text:xdc_runtime_LoggerBuf_Instance_finalize__F)
                  00005fc8    00000014     app_pem4f.oem4f (.text:xdc_runtime_LoggerBuf_Object__get__S)
                  00005fdc    00000014     ti.targets.arm.rtsarm.aem4f : LoggerBuf.oem4f (.text:xdc_runtime_LoggerBuf_write2__F)
                  00005ff0    00000014                                 : System.oem4f (.text:xdc_runtime_System_abort__F)
                  00006004    00000012     driverlib-cm4f.lib : gpio.obj (.text:GPIOPinTypeGPIOInput)
                  00006016    00000012                        : gpio.obj (.text:GPIOPinTypeGPIOOutput)
                  00006028    00000012                        : gpio.obj (.text:GPIOPinTypeSSI)
                  0000603a    00000012                        : timer.obj (.text:TimerLoadSet)
                  0000604c    00000012     rtsv7M4_T_le_v4SPD16_eabi.lib : copy_zero_init.obj (.text:decompress:ZI)
                  0000605e    00000012     sysbios.aem4f : BIOS.obj (.text:ti_sysbios_hal_Hwi_Module_startup__F)
                  00006070    00000012                   : BIOS.obj (.text:ti_sysbios_hal_Timer_Module_startup__F)
                  00006082    00000012     ti.targets.arm.rtsarm.aem4f : LoggerBuf.oem4f (.text:xdc_runtime_LoggerBuf_write1__F)
                  00006094    00000012     app_pem4f.oem4f (.text:xdc_runtime_Startup_exec__I)
                  000060a6    00000010     sysbios.aem4f : m3_TaskSupport_asm.obj (.text:_ti_sysbios_family_arm_m3_TaskSupport_glue)
                  000060b6    00000010                   : m3_Hwi_asm_switch.obj (.text:_ti_sysbios_family_xxx_Hwi_switchToIsrStack)
                  000060c6    00000010     rtsv7M4_T_le_v4SPD16_eabi.lib : strcpy.obj (.text)
                  000060d6    00000002     --HOLE-- [fill = 0]
                  000060d8    00000010     sysbios.aem4f : BIOS.obj (.text:ti_sysbios_BIOS_setThreadType__E)
                  000060e8    00000010                   : BIOS.obj (.text:ti_sysbios_BIOS_start__E)
                  000060f8    00000010                   : BIOS.obj (.text:ti_sysbios_family_arm_lm4_TimestampProvider_rolloverFunc__E)
                  00006108    00000010                   : BIOS.obj (.text:ti_sysbios_family_arm_m3_Hwi_excHandler__I)
                  00006118    00000010                   : BIOS.obj (.text:ti_sysbios_knl_Swi_disable__E)
                  00006128    00000010     app_pem4f.oem4f (.text:ti_sysbios_knl_Task_Object__get__S)
                  00006138    00000010     sysbios.aem4f : BIOS.obj (.text:ti_sysbios_knl_Task_disable__E)
                  00006148    00000010     ti.targets.arm.rtsarm.aem4f : Gate.oem4f (.text:xdc_runtime_Gate_leaveSystem__F)
                  00006158    00000010                                 : LoggerBuf.oem4f (.text:xdc_runtime_LoggerBuf_write0__F)
                  00006168    00000010                                 : Memory.oem4f (.text:xdc_runtime_Memory_free__F)
                  00006178    00000010                                 : SysMin.oem4f (.text:xdc_runtime_SysMin_ready__F)
                  00006188    00000010                                 : System.oem4f (.text:xdc_runtime_System_vsnprintf__F)
                  00006198    0000000e     driverlib-cm4f.lib : timer.obj (.text:TimerEnable)
                  000061a6    0000000e     rtsv7M4_T_le_v4SPD16_eabi.lib : copy_decompress_none.obj (.text:decompress:none)
                  000061b4    0000000e     sysbios.aem4f : BIOS.obj (.text:ti_sysbios_family_arm_m3_TaskSupport_checkStack__E)
                  000061c2    0000000e                   : BIOS.obj (.text:ti_sysbios_knl_Queue_empty__E)
                  000061d0    0000000c     app_pem4f.oem4f (.text:.bootCodeSection:ti_catalog_arm_cortexm4_tiva_ce_Boot_init__I)
                  000061dc    0000000c     driverlib-cm4f.lib : gpio.obj (.text:GPIOPinIntEnable)
                  000061e8    0000000c     sysbios.aem4f : m3_Hwi_asm_switch.obj (.text:_ti_sysbios_family_xxx_Hwi_switchToTaskStack)
                  000061f4    0000000c                   : BIOS.obj (.text:ti_sysbios_family_arm_lm4_Timer_masterDisable__I)
                  00006200    0000000c                   : BIOS.obj (.text:ti_sysbios_family_arm_lm4_TimestampProvider_startTimer__E)
                  0000620c    0000000c                   : BIOS.obj (.text:ti_sysbios_gates_GateHwi_enter__E)
                  00006218    0000000c     app_pem4f.oem4f (.text:ti_sysbios_knl_Queue_Object__get__S)
                  00006224    0000000c     ti.targets.arm.rtsarm.aem4f : Error.oem4f (.text:xdc_runtime_Error_init__F)
                  00006230    0000000c                                 : Gate.oem4f (.text:xdc_runtime_Gate_enterSystem__F)
                  0000623c    0000000c                                 : HeapMin.oem4f (.text:xdc_runtime_HeapMin_getStats__F)
                  00006248    0000000c                                 : Memory.oem4f (.text:xdc_runtime_Memory_calloc__F)
                  00006254    0000000c                                 : Memory.oem4f (.text:xdc_runtime_Memory_getMaxDefaultTypeAlign__F)
                  00006260    0000000c                                 : System.oem4f (.text:xdc_runtime_System_exit__F)
                  0000626c    0000000c                                 : System.oem4f (.text:xdc_runtime_System_lastFxn__I)
                  00006278    0000000a     driverlib-cm4f.lib : gpio.obj (.text:GPIOPinRead)
                  00006282    0000000a                        : gpio.obj (.text:GPIOPinWrite)
                  0000628c    0000000a                        : ssi.obj (.text:SSIDataPut)
                  00006296    0000000a                        : ssi.obj (.text:SSIEnable)
                  000062a0    0000000a     app_pem4f.oem4f (.text:xdc_runtime_IHeap_alloc)
                  000062aa    0000000a     app_pem4f.oem4f (.text:xdc_runtime_IHeap_free)
                  000062b4    0000000a     ti.targets.arm.rtsarm.aem4f : LoggerBuf.oem4f (.text:xdc_runtime_LoggerBuf_disable__F)
                  000062be    0000000a                                 : LoggerBuf.oem4f (.text:xdc_runtime_LoggerBuf_enable__F)
                  000062c8    00000008     driverlib-cm4f.lib : ssi.obj (.text:SSIBusy)
                  000062d0    00000008                        : timer.obj (.text:TimerIntEnable)
                  000062d8    00000008     sysbios.aem4f : BIOS.obj (.text:ti_sysbios_family_arm_m3_Hwi_doSwiRestore__I)
                  000062e0    00000008                   : BIOS.obj (.text:ti_sysbios_family_arm_m3_Hwi_startup__E)
                  000062e8    00000008                   : BIOS.obj (.text:ti_sysbios_knl_Idle_loop__E)
                  000062f0    00000008     app_pem4f.oem4f (.text:xdc_runtime_Text_visitRope__I)
                  000062f8    00000006     driverlib-cm4f.lib : gpio.obj (.text:GPIOPinIntClear)
                  000062fe    00000006     ti.targets.arm.rtsarm.aem4f : xdc_noinit.oem4f (.text:__xdc__init)
                  00006304    00000006     rtsv7M4_T_le_v4SPD16_eabi.lib : copy_decompress_rle.obj (.text:decompress:rle24)
                  0000630a    00000006     Boot.aem4f : Boot_sysctl.oem4f (.text:ti_catalog_arm_cortexm4_tiva_ce_Boot_sysCtlDelayI__I)
                  00006310    00000006     sysbios.aem4f : BIOS.obj (.text:ti_sysbios_family_arm_lm4_TimestampProvider_Module_startup__F)
                  00006316    00000006                   : BIOS.obj (.text:ti_sysbios_family_arm_m3_Hwi_doTaskRestore__I)
                  0000631c    00000006                   : BIOS.obj (.text:ti_sysbios_gates_GateHwi_leave__E)
                  00006322    00000006                   : BIOS.obj (.text:ti_sysbios_knl_Swi_startup__E)
                  00006328    00000006     ti.targets.arm.rtsarm.aem4f : System.oem4f (.text:xdc_runtime_System_Module_startup__F)
                  0000632e    00000004     driverlib-cm4f.lib : timer.obj (.text:TimerIntClear)
                  00006332    00000004     sysbios.aem4f : BIOS.obj (.text:ti_sysbios_family_arm_lm4_Timer_getPeriod__E)
                  00006336    00000004                   : BIOS.obj (.text:ti_sysbios_family_arm_lm4_Timer_masterEnable__I)
                  0000633a    00000004     app_pem4f.oem4f (.text:ti_sysbios_family_arm_m3_TaskSupport_Module__startupDone__S)
                  0000633e    00000004     sysbios.aem4f : BIOS.obj (.text:ti_sysbios_gates_GateHwi_query__F)
                  00006342    00000004     app_pem4f.oem4f (.text:ti_sysbios_hal_Hwi_HwiProxy_Module__startupDone__S)
                  00006346    00000004     app_pem4f.oem4f (.text:ti_sysbios_hal_Timer_TimerProxy_Module__startupDone__S)
                  0000634a    00000004     app_pem4f.oem4f (.text:ti_sysbios_hal_Timer_TimerProxy_getPeriod__E)
                  0000634e    00000004     app_pem4f.oem4f (.text:ti_sysbios_knl_Task_SupportProxy_Module__startupDone__S)
                  00006352    00000004     sysbios.aem4f : BIOS.obj (.text:ti_sysbios_knl_Task_startup__E)
                  00006356    00000004     ti.targets.arm.rtsarm.aem4f : Error.oem4f (.text:xdc_runtime_Error_getSite__F)
                  0000635a    00000004                                 : HeapMin.oem4f (.text:xdc_runtime_HeapMin_isBlocking__F)
                  0000635e    00000004     app_pem4f.oem4f (.text:xdc_runtime_LoggerBuf_Module_GateProxy_enter__E)
                  00006362    00000004     app_pem4f.oem4f (.text:xdc_runtime_LoggerBuf_Module_GateProxy_leave__E)
                  00006366    00000004     app_pem4f.oem4f (.text:xdc_runtime_Memory_HeapProxy_alloc__E)
                  0000636a    00000004     app_pem4f.oem4f (.text:xdc_runtime_Memory_HeapProxy_free__E)
                  0000636e    00000004     app_pem4f.oem4f (.text:xdc_runtime_System_Module_GateProxy_enter__E)
                  00006372    00000004     app_pem4f.oem4f (.text:xdc_runtime_System_Module_GateProxy_leave__E)
                  00006376    00000004     ti.targets.arm.rtsarm.aem4f : System.oem4f (.text:xdc_runtime_System_aprintf_va__F)
                  0000637a    00000004                                 : System.oem4f (.text:xdc_runtime_System_printf_va__F)
                  0000637e    00000004     app_pem4f.oem4f (.text:xdc_runtime_System_vsnprintf__E)

.const     0    00006384    00000995     
                  00006384    000001b6     Font.obj (.const:.string:MyFont)
                  0000653a    00000002     --HOLE-- [fill = 0]
                  0000653c    000000d8     app_pem4f.oem4f (.const:ti_sysbios_family_arm_m3_Hwi_priorities__A)
                  00006614    000000ac     scancodes.obj (.const:shifted)
                  000066c0    000000ac     scancodes.obj (.const:unshifted)
                  0000676c    00000078     driverlib-cm4f.lib : gpio.obj (.const:g_pulGPIOBaseAddrs)
                  000067e4    00000070                        : interrupt.obj (.const)
                  00006854    0000006c                        : sysctl.obj (.const:g_pulXtals)
                  000068c0    00000048     app_pem4f.oem4f (.const:.string)
                  00006908    00000040     driverlib-cm4f.lib : sysctl.obj (.const)
                  00006948    0000003c     app_pem4f.oem4f (.const:xdc_runtime_LoggerBuf_Module__FXNS__C)
                  00006984    0000002c     app_pem4f.oem4f (.const:xdc_runtime_Startup_sfxnTab__A)
                  000069b0    00000028     app_pem4f.oem4f (.const:xdc_runtime_HeapMin_Module__FXNS__C)
                  000069d8    00000024     app_pem4f.oem4f (.const)
                  000069fc    00000024     app_pem4f.oem4f (.const:ti_sysbios_gates_GateHwi_Module__FXNS__C)
                  00006a20    00000024     app_pem4f.oem4f (.const:xdc_runtime_LoggerBuf_Object__PARAMS__C)
                  00006a44    00000020     app_pem4f.oem4f (.const:ti_sysbios_gates_GateHwi_Object__DESC__C)
                  00006a64    00000020     app_pem4f.oem4f (.const:xdc_runtime_HeapMin_Object__DESC__C)
                  00006a84    00000020     app_pem4f.oem4f (.const:xdc_runtime_HeapMin_Object__PARAMS__C)
                  00006aa4    00000020     app_pem4f.oem4f (.const:xdc_runtime_LoggerBuf_Object__DESC__C)
                  00006ac4    00000018     app_pem4f.oem4f (.const:ti_sysbios_gates_GateHwi_Object__PARAMS__C)
                  00006adc    00000018     app_pem4f.oem4f (.const:ti_sysbios_knl_Task_hooks__A)
                  00006af4    00000016     app_pem4f.oem4f (.const:xdc_runtime_Startup_sfxnRts__A)
                  00006b0a    00000002     --HOLE-- [fill = 0]
                  00006b0c    00000011     ti.targets.arm.rtsarm.aem4f : System.oem4f (.const)
                  00006b1d    00000003     --HOLE-- [fill = 0]
                  00006b20    00000010     app_pem4f.oem4f (.const:xdc_runtime_Startup_firstFxns__A)
                  00006b30    00000008     app_pem4f.oem4f (.const:ti_sysbios_family_arm_m3_Hwi_excHookFuncs__A)
                  00006b38    00000008     app_pem4f.oem4f (.const:ti_sysbios_knl_Idle_coreList__C)
                  00006b40    00000008     app_pem4f.oem4f (.const:ti_sysbios_knl_Idle_funcList__C)
                  00006b48    00000008     app_pem4f.oem4f (.const:ti_sysbios_knl_Task_hooks__C)
                  00006b50    00000008     app_pem4f.oem4f (.const:xdc_runtime_Startup_firstFxns__C)
                  00006b58    00000008     app_pem4f.oem4f (.const:xdc_runtime_Startup_lastFxns__A)
                  00006b60    00000008     app_pem4f.oem4f (.const:xdc_runtime_Startup_lastFxns__C)
                  00006b68    00000004     app_pem4f.oem4f (.const:ti_catalog_arm_cortexm4_tiva_ce_Boot_A_mustUseEnhancedClockMode__C)
                  00006b6c    00000004     app_pem4f.oem4f (.const:ti_catalog_arm_cortexm4_tiva_ce_Boot_Module__diagsEnabled__C)
                  00006b70    00000004     app_pem4f.oem4f (.const:ti_catalog_arm_cortexm4_tiva_ce_Boot_Module__diagsIncluded__C)
                  00006b74    00000004     app_pem4f.oem4f (.const:ti_catalog_arm_cortexm4_tiva_ce_Boot_Module__diagsMask__C)
                  00006b78    00000004     app_pem4f.oem4f (.const:ti_sysbios_BIOS_installedErrorHook__C)
                  00006b7c    00000004     app_pem4f.oem4f (.const:ti_sysbios_family_arm_lm4_Timer_numTimerDevices__C)
                  00006b80    00000004     app_pem4f.oem4f (.const:ti_sysbios_family_arm_lm4_Timer_startupNeeded__C)
                  00006b84    00000004     app_pem4f.oem4f (.const:ti_sysbios_family_arm_m3_Hwi_E_NMI__C)
                  00006b88    00000004     app_pem4f.oem4f (.const:ti_sysbios_family_arm_m3_Hwi_E_busFault__C)
                  00006b8c    00000004     app_pem4f.oem4f (.const:ti_sysbios_family_arm_m3_Hwi_E_debugMon__C)
                  00006b90    00000004     app_pem4f.oem4f (.const:ti_sysbios_family_arm_m3_Hwi_E_hardFault__C)
                  00006b94    00000004     app_pem4f.oem4f (.const:ti_sysbios_family_arm_m3_Hwi_E_memFault__C)
                  00006b98    00000004     app_pem4f.oem4f (.const:ti_sysbios_family_arm_m3_Hwi_E_noIsr__C)
                  00006b9c    00000004     app_pem4f.oem4f (.const:ti_sysbios_family_arm_m3_Hwi_E_reserved__C)
                  00006ba0    00000004     app_pem4f.oem4f (.const:ti_sysbios_family_arm_m3_Hwi_E_svCall__C)
                  00006ba4    00000004     app_pem4f.oem4f (.const:ti_sysbios_family_arm_m3_Hwi_E_usageFault__C)
                  00006ba8    00000004     app_pem4f.oem4f (.const:ti_sysbios_family_arm_m3_Hwi_NUM_INTERRUPTS__C)
                  00006bac    00000004     app_pem4f.oem4f (.const:ti_sysbios_family_arm_m3_Hwi_ccr__C)
                  00006bb0    00000004     app_pem4f.oem4f (.const:ti_sysbios_family_arm_m3_Hwi_dispatchTable__C)
                  00006bb4    00000004     app_pem4f.oem4f (.const:ti_sysbios_family_arm_m3_Hwi_excHandlerFunc__C)
                  00006bb8    00000004     app_pem4f.oem4f (.const:ti_sysbios_family_arm_m3_Hwi_excHookFuncs__C)
                  00006bbc    00000004     app_pem4f.oem4f (.const:ti_sysbios_family_arm_m3_Hwi_priGroup__C)
                  00006bc0    00000004     app_pem4f.oem4f (.const:ti_sysbios_family_arm_m3_Hwi_priorities__C)
                  00006bc4    00000004     app_pem4f.oem4f (.const:ti_sysbios_hal_Hwi_E_stackOverflow__C)
                  00006bc8    00000004     app_pem4f.oem4f (.const:ti_sysbios_knl_Clock_Module_State_clockQ__O)
                  00006bcc    00000004     app_pem4f.oem4f (.const:ti_sysbios_knl_Idle_coreList__A)
                  00006bd0    00000004     app_pem4f.oem4f (.const:ti_sysbios_knl_Idle_funcList__A)
                  00006bd4    00000004     app_pem4f.oem4f (.const:ti_sysbios_knl_Semaphore_A_badContext__C)
                  00006bd8    00000004     app_pem4f.oem4f (.const:ti_sysbios_knl_Semaphore_A_overflow__C)
                  00006bdc    00000004     app_pem4f.oem4f (.const:ti_sysbios_knl_Semaphore_A_pendTaskDisabled__C)
                  00006be0    00000004     app_pem4f.oem4f (.const:ti_sysbios_knl_Semaphore_Instance_State_pendQ__O)
                  00006be4    00000004     app_pem4f.oem4f (.const:ti_sysbios_knl_Semaphore_Module__diagsEnabled__C)
                  00006be8    00000004     app_pem4f.oem4f (.const:ti_sysbios_knl_Semaphore_Module__diagsIncluded__C)
                  00006bec    00000004     app_pem4f.oem4f (.const:ti_sysbios_knl_Semaphore_Module__diagsMask__C)
                  00006bf0    00000004     app_pem4f.oem4f (.const:ti_sysbios_knl_Swi_Object__count__C)
                  00006bf4    00000004     app_pem4f.oem4f (.const:ti_sysbios_knl_Task_A_badTimeout__C)
                  00006bf8    00000004     app_pem4f.oem4f (.const:ti_sysbios_knl_Task_A_sleepTaskDisabled__C)
                  00006bfc    00000004     app_pem4f.oem4f (.const:ti_sysbios_knl_Task_E_spOutOfBounds__C)
                  00006c00    00000004     app_pem4f.oem4f (.const:ti_sysbios_knl_Task_E_stackOverflow__C)
                  00006c04    00000004     app_pem4f.oem4f (.const:ti_sysbios_knl_Task_Module_State_inactiveQ__O)
                  00006c08    00000004     app_pem4f.oem4f (.const:ti_sysbios_knl_Task_Module__diagsEnabled__C)
                  00006c0c    00000004     app_pem4f.oem4f (.const:ti_sysbios_knl_Task_Module__diagsIncluded__C)
                  00006c10    00000004     app_pem4f.oem4f (.const:ti_sysbios_knl_Task_Module__diagsMask__C)
                  00006c14    00000004     app_pem4f.oem4f (.const:ti_sysbios_knl_Task_Object__count__C)
                  00006c18    00000004     app_pem4f.oem4f (.const:ti_sysbios_knl_Task_allBlockedFunc__C)
                  00006c1c    00000004     app_pem4f.oem4f (.const:ti_sysbios_knl_Task_numConstructedTasks__C)
                  00006c20    00000004     app_pem4f.oem4f (.const:xdc_runtime_Assert_E_assertFailed__C)
                  00006c24    00000004     app_pem4f.oem4f (.const:xdc_runtime_Core_A_initializedParams__C)
                  00006c28    00000004     app_pem4f.oem4f (.const:xdc_runtime_Core_Module__diagsEnabled__C)
                  00006c2c    00000004     app_pem4f.oem4f (.const:xdc_runtime_Core_Module__diagsIncluded__C)
                  00006c30    00000004     app_pem4f.oem4f (.const:xdc_runtime_Core_Module__diagsMask__C)
                  00006c34    00000004     app_pem4f.oem4f (.const:xdc_runtime_Error_E_memory__C)
                  00006c38    00000004     app_pem4f.oem4f (.const:xdc_runtime_Error_Module__diagsEnabled__C)
                  00006c3c    00000004     app_pem4f.oem4f (.const:xdc_runtime_Error_Module__diagsIncluded__C)
                  00006c40    00000004     app_pem4f.oem4f (.const:xdc_runtime_Error_Module__diagsMask__C)
                  00006c44    00000004     app_pem4f.oem4f (.const:xdc_runtime_Error_Module__loggerFxn8__C)
                  00006c48    00000004     app_pem4f.oem4f (.const:xdc_runtime_Error_Module__loggerObj__C)
                  00006c4c    00000004     app_pem4f.oem4f (.const:xdc_runtime_Error_raiseHook__C)
                  00006c50    00000004     app_pem4f.oem4f (.const:xdc_runtime_HeapMin_A_zeroSize__C)
                  00006c54    00000004     app_pem4f.oem4f (.const:xdc_runtime_HeapMin_E_freeError__C)
                  00006c58    00000004     app_pem4f.oem4f (.const:xdc_runtime_HeapMin_Module__diagsEnabled__C)
                  00006c5c    00000004     app_pem4f.oem4f (.const:xdc_runtime_HeapMin_Module__diagsIncluded__C)
                  00006c60    00000004     app_pem4f.oem4f (.const:xdc_runtime_HeapMin_Module__diagsMask__C)
                  00006c64    00000004     app_pem4f.oem4f (.const:xdc_runtime_IFilterLogger_Interface__BASE__C)
                  00006c68    00000004     app_pem4f.oem4f (.const:xdc_runtime_IGateProvider_Interface__BASE__C)
                  00006c6c    00000004     app_pem4f.oem4f (.const:xdc_runtime_IHeap_Interface__BASE__C)
                  00006c70    00000004     app_pem4f.oem4f (.const:xdc_runtime_ILogger_Interface__BASE__C)
                  00006c74    00000004     app_pem4f.oem4f (.const:xdc_runtime_IModule_Interface__BASE__C)
                  00006c78    00000004     app_pem4f.oem4f (.const:xdc_runtime_Log_L_error__C)
                  00006c7c    00000004     app_pem4f.oem4f (.const:xdc_runtime_LoggerBuf_E_badLevel__C)
                  00006c80    00000004     app_pem4f.oem4f (.const:xdc_runtime_LoggerBuf_Module__gateObj__C)
                  00006c84    00000004     app_pem4f.oem4f (.const:xdc_runtime_LoggerBuf_Object__count__C)
                  00006c88    00000004     app_pem4f.oem4f (.const:xdc_runtime_LoggerBuf_statusLogger__C)
                  00006c8c    00000004     app_pem4f.oem4f (.const:xdc_runtime_Memory_defaultHeapInstance__C)
                  00006c90    00000004     app_pem4f.oem4f (.const:xdc_runtime_Startup_execImpl__C)
                  00006c94    00000004     app_pem4f.oem4f (.const:xdc_runtime_Startup_maxPasses__C)
                  00006c98    00000004     app_pem4f.oem4f (.const:xdc_runtime_Startup_sfxnRts__C)
                  00006c9c    00000004     app_pem4f.oem4f (.const:xdc_runtime_Startup_sfxnTab__C)
                  00006ca0    00000004     app_pem4f.oem4f (.const:xdc_runtime_SysMin_bufSize__C)
                  00006ca4    00000004     app_pem4f.oem4f (.const:xdc_runtime_SysMin_outputFunc__C)
                  00006ca8    00000004     app_pem4f.oem4f (.const:xdc_runtime_System_Module__gateObj__C)
                  00006cac    00000004     app_pem4f.oem4f (.const:xdc_runtime_System_extendFxn__C)
                  00006cb0    00000004     app_pem4f.oem4f (.const:xdc_runtime_System_maxAtexitHandlers__C)
                  00006cb4    00000004     app_pem4f.oem4f (.const:xdc_runtime_Text_charTab__C)
                  00006cb8    00000004     app_pem4f.oem4f (.const:xdc_runtime_Text_nameEmpty__C)
                  00006cbc    00000004     app_pem4f.oem4f (.const:xdc_runtime_Text_nameStatic__C)
                  00006cc0    00000004     app_pem4f.oem4f (.const:xdc_runtime_Text_nameUnknown__C)
                  00006cc4    00000004     app_pem4f.oem4f (.const:xdc_runtime_Text_visitRopeFxn__C)
                  00006cc8    00000002     app_pem4f.oem4f (.const:ti_catalog_arm_cortexm4_tiva_ce_Boot_Module__id__C)
                  00006cca    00000002     --HOLE-- [fill = 0]
                  00006ccc    00000002     app_pem4f.oem4f (.const:ti_sysbios_family_arm_lm4_TimestampProvider_useClockTimer__C)
                  00006cce    00000002     --HOLE-- [fill = 0]
                  00006cd0    00000002     app_pem4f.oem4f (.const:ti_sysbios_family_arm_m3_Hwi_Module__id__C)
                  00006cd2    00000002     --HOLE-- [fill = 0]
                  00006cd4    00000002     app_pem4f.oem4f (.const:ti_sysbios_hal_Hwi_Module__id__C)
                  00006cd6    00000002     --HOLE-- [fill = 0]
                  00006cd8    00000002     app_pem4f.oem4f (.const:ti_sysbios_knl_Semaphore_Module__id__C)
                  00006cda    00000002     --HOLE-- [fill = 0]
                  00006cdc    00000002     app_pem4f.oem4f (.const:ti_sysbios_knl_Task_Module__id__C)
                  00006cde    00000002     --HOLE-- [fill = 0]
                  00006ce0    00000002     app_pem4f.oem4f (.const:ti_sysbios_knl_Task_initStackFlag__C)
                  00006ce2    00000002     --HOLE-- [fill = 0]
                  00006ce4    00000002     app_pem4f.oem4f (.const:xdc_runtime_Core_Module__id__C)
                  00006ce6    00000002     --HOLE-- [fill = 0]
                  00006ce8    00000002     app_pem4f.oem4f (.const:xdc_runtime_Error_Module__loggerDefined__C)
                  00006cea    00000002     --HOLE-- [fill = 0]
                  00006cec    00000002     app_pem4f.oem4f (.const:xdc_runtime_Error_maxDepth__C)
                  00006cee    00000002     --HOLE-- [fill = 0]
                  00006cf0    00000002     app_pem4f.oem4f (.const:xdc_runtime_HeapMin_Module__id__C)
                  00006cf2    00000002     --HOLE-- [fill = 0]
                  00006cf4    00000002     app_pem4f.oem4f (.const:xdc_runtime_HeapMin_freeError__C)
                  00006cf6    00000002     --HOLE-- [fill = 0]
                  00006cf8    00000002     app_pem4f.oem4f (.const:xdc_runtime_LoggerBuf_Module__id__C)
                  00006cfa    00000002     --HOLE-- [fill = 0]
                  00006cfc    00000002     app_pem4f.oem4f (.const:xdc_runtime_LoggerBuf_filterByLevel__C)
                  00006cfe    00000002     --HOLE-- [fill = 0]
                  00006d00    00000002     app_pem4f.oem4f (.const:xdc_runtime_Memory_Module__id__C)
                  00006d02    00000002     --HOLE-- [fill = 0]
                  00006d04    00000002     app_pem4f.oem4f (.const:xdc_runtime_SysMin_flushAtExit__C)
                  00006d06    00000002     --HOLE-- [fill = 0]
                  00006d08    00000002     app_pem4f.oem4f (.const:xdc_runtime_Text_charCnt__C)
                  00006d0a    00000002     --HOLE-- [fill = 0]
                  00006d0c    00000002     app_pem4f.oem4f (.const:xdc_runtime_Text_isLoaded__C)
                  00006d0e    00000002     --HOLE-- [fill = 0]
                  00006d10    00000002     app_pem4f.oem4f (.const:xdc_runtime_Text_registryModsLastId__C)
                  00006d12    00000002     --HOLE-- [fill = 0]
                  00006d14    00000002     app_pem4f.oem4f (.const:xdc_runtime_Text_unnamedModsLastId__C)
                  00006d16    00000002     --HOLE-- [fill = 0]
                  00006d18    00000001     app_pem4f.oem4f (.const:xdc_runtime_Error_policy__C)

.cinit     0    00006d20    000007e8     
                  00006d20    000007ad     (.cinit..data.load) [load image, compression = rle]
                  000074cd    00000003     --HOLE-- [fill = 0]
                  000074d0    0000000c     (__TI_handler_table)
                  000074dc    00000004     --HOLE-- [fill = 0]
                  000074e0    00000008     (.cinit..bss.load) [load image, compression = zero_init]
                  000074e8    00000008     (.cinit..vecs.load) [load image, compression = zero_init]
                  000074f0    00000018     (__TI_cinit_table)

.vecs      0    20000000    00000360     UNINITIALIZED
                  20000000    00000360     app_pem4f.oem4f (.vecs)

.bss       0    20000360    00001a7c     UNINITIALIZED
                  20000360    00001400     app_pem4f.oem4f (.bss:taskStackSection)
                  20001760    00000400     st7565.obj (.bss:glcd_buffer)
                  20001b60    00000120     rtsv7M4_T_le_v4SPD16_eabi.lib : trgmsg.obj (.bss:__CIOBUF_)
                  20001c80    00000080     app_pem4f.oem4f (.bss:xdc_runtime_LoggerBuf_Instance_State_0_entryArr__A)
                  20001d00    00000080     app_pem4f.oem4f (.bss:xdc_runtime_SysMin_Module_State_0_outbuf__A)
                  20001d80    00000038     app_pem4f.oem4f (.bss)
                  20001db8    0000000f     Ps2Keyboard.obj (.bss)
                  20001dc7    0000000c     Graphics_Bmp.obj (.bss)
                  20001dd3    00000008     rtsv7M4_T_le_v4SPD16_eabi.lib : trgdrv.obj (.bss)
                  20001ddb    00000001     st7565.obj (.bss)

.data      0    20001ddc    00000e17     
                  20001ddc    000003e8     Items.obj (.data:ItemBlock1)
                  200021c4    00000360     app_pem4f.oem4f (.data:ti_sysbios_family_arm_m3_Hwi_Module_State_0_dispatchTable__A)
                  20002524    0000017c     app_pem4f.oem4f (.data:ti_sysbios_knl_Task_Object__table__V)
                  200026a0    00000170     app_pem4f.oem4f (.data)
                  20002810    00000080     app_pem4f.oem4f (.data:ti_sysbios_knl_Swi_Module_State_0_readyQ__A)
                  20002890    00000080     app_pem4f.oem4f (.data:ti_sysbios_knl_Task_Module_State_0_readyQ__A)
                  20002910    00000078     app_pem4f.oem4f (.data:ti_sysbios_family_arm_m3_Hwi_Object__table__V)
                  20002988    00000070     app_pem4f.oem4f (.data:ti_sysbios_family_arm_lm4_Timer_Object__table__V)
                  200029f8    00000054     app_pem4f.oem4f (.data:ti_sysbios_family_arm_m3_Hwi_Module__state__V)
                  20002a4c    00000044     app_pem4f.oem4f (.data:ti_sysbios_knl_Task_Module__state__V)
                  20002a90    00000032     Items.obj (.data:ItemLookUp)
                  20002ac2    00000002     --HOLE--
                  20002ac4    00000030     app_pem4f.oem4f (.data:ti_sysbios_family_arm_lm4_Timer_Module_State_0_device__A)
                  20002af4    00000030     app_pem4f.oem4f (.data:ti_sysbios_knl_Swi_Object__table__V)
                  20002b24    00000028     app_pem4f.oem4f (.data:ti_sysbios_knl_Clock_Module__state__V)
                  20002b4c    00000028     app_pem4f.oem4f (.data:ti_sysbios_knl_Semaphore_Object__table__V)
                  20002b74    00000024     st7565.obj (.data)
                  20002b98    00000024     app_pem4f.oem4f (.data:xdc_runtime_LoggerBuf_Object__table__V)
                  20002bbc    0000000d     Ps2Keyboard.obj (.data)
                  20002bc9    00000003     --HOLE--
                  20002bcc    00000008     rtsv7M4_T_le_v4SPD16_eabi.lib : _lock.obj (.data)
                  20002bd4    00000008                                   : exit.obj (.data)
                  20002bdc    00000006     buttons.obj (.data)
                  20002be2    00000002     --HOLE--
                  20002be4    00000004     rtsv7M4_T_le_v4SPD16_eabi.lib : dtor_list.obj (.data)
                  20002be8    00000004                                   : stkdepth_vars.obj (.data)
                  20002bec    00000003     Clock.obj (.data)
                  20002bef    00000001     --HOLE--
                  20002bf0    00000003     main.obj (.data)

.stack     0    20002bf4    00000400     UNINITIALIZED
                  20002bf4    00000400     --HOLE--


LINKER GENERATED COPY TABLES

__TI_cinit_table @ 000074f0 records: 3, size/record: 8, table size: 24
	.data: load addr=00006d20, load size=000007ad bytes, run addr=20001ddc, run size=00000e17 bytes, compression=rle
	.bss: load addr=000074e0, load size=00000008 bytes, run addr=20000360, run size=00001a7c bytes, compression=zero_init
	.vecs: load addr=000074e8, load size=00000008 bytes, run addr=20000000, run size=00000360 bytes, compression=zero_init


LINKER GENERATED HANDLER TABLE

__TI_handler_table @ 000074d0 records: 3, size/record: 4, table size: 12
	index: 0, handler: __TI_zero_init
	index: 1, handler: __TI_decompress_rle24
	index: 2, handler: __TI_decompress_none


GLOBAL SYMBOLS: SORTED ALPHABETICALLY BY Name 

address    name
--------   ----
000069e4   ButTask
000025a1   ButtonISR
000026a7   ButtonTask
00002659   ButtonsInit
000025af   ButtonsPoll
00000d79   Byte_Reverse
00005371   C$$EXIT
00004b33   C$$IO$$
000069e8   Clock
00003b71   ClockInit
20002bc0   Data
000069f8   DataSem
000009fd   Decode
00000919   FSSIntHandler
00005939   GPIODirModeSet
0000510d   GPIOIntTypeSet
00003d1d   GPIOPadConfigSet
00004fa5   GPIOPinConfigure
000062f9   GPIOPinIntClear
000061dd   GPIOPinIntEnable
00006279   GPIOPinRead
00006005   GPIOPinTypeGPIOInput
00006017   GPIOPinTypeGPIOOutput
00006029   GPIOPinTypeSSI
00006283   GPIOPinWrite
00000cb1   GetKey
00001bad   GlcdDispTime
00001f67   HOSTclock
00001f2d   HOSTclose
00001eef   HOSTgetenv
00001e93   HOSTlseek
00001e43   HOSTopen
00001df5   HOSTread
00001d95   HOSTrename
00001d59   HOSTtime
00001d1f   HOSTunlink
00001cd1   HOSTwrite
00004aa5   IntEnable
20001ddc   ItemBlock1
20002a90   ItemLookUp
20001dbc   KeyBuf
20002bc4   KeyBuffer
20001dc0   KeyIn
20001dc1   KeyOut
00000d01   KeyPend
20001dc2   KeyRead
00000df1   KeyScan
000069ec   KeySem
00000d41   KeyTask
000009bb   KeyboardInit
000069f4   KeyboardTask
20002bf2   LastState
00005d09   LoggerBuf_instanceStartup
00006384   MyFont
00000c6d   PutKeyBuf
UNDEFED    SHT$$INIT_ARRAY$$Base
UNDEFED    SHT$$INIT_ARRAY$$Limit
000062c9   SSIBusy
00005151   SSIConfigSetExpClk
0000628d   SSIDataPut
00006297   SSIEnable
20002bf0   StateInfo
000023c9   SysCtlClockGet
00004e55   SysCtlPeripheralEnable
20002654   TSK_idle
00003c01   TimeGet
20002bdc   TimeOfDay
00003c17   TimeSet
00003bb1   Timer0IntHandler
00005acd   TimerConfigure
00006199   TimerEnable
0000632f   TimerIntClear
000062d1   TimerIntEnable
0000603b   TimerLoadSet
000069e0   UI
0000038b   UiTask
00000000   __ASM__
20001b60   __CIOBUF_
00000052   __ISA__
00000065   __PLAT__
20002ff4   __STACK_END
00000400   __STACK_SIZE
20002df4   __STACK_TOP
0000008b   __TARG__
000074f0   __TI_CINIT_Base
00007508   __TI_CINIT_Limit
000074d0   __TI_Handler_Table_Base
000074dc   __TI_Handler_Table_Limit
00000001   __TI_args_main
0000414d   __TI_auto_init
000061a7   __TI_decompress_none
00006305   __TI_decompress_rle24
00000000   __TI_static_base__
0000604d   __TI_zero_init
000000b1   __TRDR__
00003837   __aeabi_atexit
00004811   __aeabi_memclr
00004811   __aeabi_memclr4
00004811   __aeabi_memclr8
000041ed   __aeabi_memcpy
000041ed   __aeabi_memcpy4
000041ed   __aeabi_memcpy8
00004813   __aeabi_memset
00004813   __aeabi_memset4
00004813   __aeabi_memset8
ffffffff   __binit__
ffffffff   __c_args__
00003825   __cxa_atexit
000037e1   __cxa_finalize
0000381f   __cxa_ia64_exit
20002bf4   __stack
000062ff   __xdc__init
2000280c   __xdc__init__addr
00005e5d   _args_main
00004dfd   _c_int00
20002bd4   _cleanup_ptr
20002bd8   _dtors_ptr
20002bcc   _lock
00005f73   _nop
00005f6b   _register_lock
00005f65   _register_unlock
20002bd0   _unlock
00005375   abort
00003829   atexit
ffffffff   binit
20002bc5   bitcount
20001dc3   clkstat
00005195   copy_in
20001dc6   data
20001dc4   datstat
00001a71   draw_char_bmp
000019bd   draw_text_bmp
0000537d   exit
00005e45   free
00001313   glcd_blank
20001760   glcd_buffer
00001521   glcd_command
0000161b   glcd_contrast
000014e1   glcd_data
20001ddb   glcd_dirty_pages
00001561   glcd_flip_screen
20002b74   glcd_flipped
0000140d   glcd_init
00001595   glcd_inverse_screen
0000125d   glcd_pixel
0000138d   glcd_refresh
000015b5   glcd_test_card
000069dc   hwi0
000069f0   hwi2
000008c7   main
20002be8   main_func_sp
00005967   malloc
000041ed   memcpy
00004819   memset
20002b78   pagemap
20001dc5   paritystat
00004b37   readmsg
00006614   shifted
000060c7   strcpy
00005f79   strlen
00000361   taskFxn
20002bbc   temp_count
20001db8   temp_count_string
000069d8   testTask
00006b68   ti_catalog_arm_cortexm4_tiva_ce_Boot_A_mustUseEnhancedClockMode__C
00006b6c   ti_catalog_arm_cortexm4_tiva_ce_Boot_Module__diagsEnabled__C
00006b70   ti_catalog_arm_cortexm4_tiva_ce_Boot_Module__diagsIncluded__C
00006b74   ti_catalog_arm_cortexm4_tiva_ce_Boot_Module__diagsMask__C
00006cc8   ti_catalog_arm_cortexm4_tiva_ce_Boot_Module__id__C
000061d1   ti_catalog_arm_cortexm4_tiva_ce_Boot_init__I
00002e1d   ti_catalog_arm_cortexm4_tiva_ce_Boot_sysCtlClockSetI__I
00004325   ti_catalog_arm_cortexm4_tiva_ce_Boot_sysCtlClockSet__E
0000630b   ti_catalog_arm_cortexm4_tiva_ce_Boot_sysCtlDelayI__I
200026a0   ti_sysbios_BIOS_Module__state__V
00005789   ti_sysbios_BIOS_errorRaiseHook__I
000057b9   ti_sysbios_BIOS_exitFunc__I
00006b78   ti_sysbios_BIOS_installedErrorHook__C
00004323   ti_sysbios_BIOS_nullFunc__I
00005c49   ti_sysbios_BIOS_removeRTSLock__I
000060d9   ti_sysbios_BIOS_setThreadType__E
00005c69   ti_sysbios_BIOS_startFunc__I
000060e9   ti_sysbios_BIOS_start__E
20002ac4   ti_sysbios_family_arm_lm4_Timer_Module_State_0_device__A
200026c8   ti_sysbios_family_arm_lm4_Timer_Module_State_0_handles__A
200026c0   ti_sysbios_family_arm_lm4_Timer_Module__root__V
00005e75   ti_sysbios_family_arm_lm4_Timer_Module__startupDone__F
00005e75   ti_sysbios_family_arm_lm4_Timer_Module__startupDone__S
200026e0   ti_sysbios_family_arm_lm4_Timer_Module__state__V
00004ce9   ti_sysbios_family_arm_lm4_Timer_Module_startup__E
00004ce9   ti_sysbios_family_arm_lm4_Timer_Module_startup__F
20002988   ti_sysbios_family_arm_lm4_Timer_Object__table__V
000057e9   ti_sysbios_family_arm_lm4_Timer_enableTimers__I
00006333   ti_sysbios_family_arm_lm4_Timer_getPeriod__E
000032dd   ti_sysbios_family_arm_lm4_Timer_initDevice__I
000051d9   ti_sysbios_family_arm_lm4_Timer_isrStub__E
000061f5   ti_sysbios_family_arm_lm4_Timer_masterDisable__I
00006337   ti_sysbios_family_arm_lm4_Timer_masterEnable__I
00006b7c   ti_sysbios_family_arm_lm4_Timer_numTimerDevices__C
000034f5   ti_sysbios_family_arm_lm4_Timer_start__E
00006b80   ti_sysbios_family_arm_lm4_Timer_startupNeeded__C
000053b1   ti_sysbios_family_arm_lm4_Timer_startup__E
00005819   ti_sysbios_family_arm_lm4_Timer_stop__E
00005d69   ti_sysbios_family_arm_lm4_Timer_write__I
200026ec   ti_sysbios_family_arm_lm4_TimestampProvider_Module__state__V
00006311   ti_sysbios_family_arm_lm4_TimestampProvider_Module_startup__E
00006311   ti_sysbios_family_arm_lm4_TimestampProvider_Module_startup__F
000031b5   ti_sysbios_family_arm_lm4_TimestampProvider_get64__E
000060f9   ti_sysbios_family_arm_lm4_TimestampProvider_rolloverFunc__E
00006201   ti_sysbios_family_arm_lm4_TimestampProvider_startTimer__E
00006ccc   ti_sysbios_family_arm_lm4_TimestampProvider_useClockTimer__C
00006b84   ti_sysbios_family_arm_m3_Hwi_E_NMI__C
00006b88   ti_sysbios_family_arm_m3_Hwi_E_busFault__C
00006b8c   ti_sysbios_family_arm_m3_Hwi_E_debugMon__C
00006b90   ti_sysbios_family_arm_m3_Hwi_E_hardFault__C
00006b94   ti_sysbios_family_arm_m3_Hwi_E_memFault__C
00006b98   ti_sysbios_family_arm_m3_Hwi_E_noIsr__C
00006b9c   ti_sysbios_family_arm_m3_Hwi_E_reserved__C
00006ba0   ti_sysbios_family_arm_m3_Hwi_E_svCall__C
00006ba4   ti_sysbios_family_arm_m3_Hwi_E_usageFault__C
00005e8d   ti_sysbios_family_arm_m3_Hwi_Handle__label__S
200021c4   ti_sysbios_family_arm_m3_Hwi_Module_State_0_dispatchTable__A
200026fc   ti_sysbios_family_arm_m3_Hwi_Module_State_0_excActive__A
20002700   ti_sysbios_family_arm_m3_Hwi_Module_State_0_excContext__A
20002704   ti_sysbios_family_arm_m3_Hwi_Module_State_0_excStack__A
00006cd0   ti_sysbios_family_arm_m3_Hwi_Module__id__C
200026f4   ti_sysbios_family_arm_m3_Hwi_Module__root__V
00005ea5   ti_sysbios_family_arm_m3_Hwi_Module__startupDone__F
00005ea5   ti_sysbios_family_arm_m3_Hwi_Module__startupDone__S
200029f8   ti_sysbios_family_arm_m3_Hwi_Module__state__V
000040a9   ti_sysbios_family_arm_m3_Hwi_Module_startup__E
000040a9   ti_sysbios_family_arm_m3_Hwi_Module_startup__F
00006ba8   ti_sysbios_family_arm_m3_Hwi_NUM_INTERRUPTS__C
20002910   ti_sysbios_family_arm_m3_Hwi_Object__table__V
00006bac   ti_sysbios_family_arm_m3_Hwi_ccr__C
0000521d   ti_sysbios_family_arm_m3_Hwi_disableInterrupt__E
00004b69   ti_sysbios_family_arm_m3_Hwi_dispatchC__I
00006bb0   ti_sysbios_family_arm_m3_Hwi_dispatchTable__C
00002f55   ti_sysbios_family_arm_m3_Hwi_dispatch__I
000062d9   ti_sysbios_family_arm_m3_Hwi_doSwiRestore__I
00006317   ti_sysbios_family_arm_m3_Hwi_doTaskRestore__I
00005261   ti_sysbios_family_arm_m3_Hwi_enableInterrupt__E
000028e5   ti_sysbios_family_arm_m3_Hwi_excBusFault__I
00003f4d   ti_sysbios_family_arm_m3_Hwi_excDebugMon__I
00000e39   ti_sysbios_family_arm_m3_Hwi_excDumpRegs__I
00003069   ti_sysbios_family_arm_m3_Hwi_excHandlerAsm__I
00006bb4   ti_sysbios_family_arm_m3_Hwi_excHandlerFunc__C
000021ed   ti_sysbios_family_arm_m3_Hwi_excHandlerMax__I
00006109   ti_sysbios_family_arm_m3_Hwi_excHandler__I
00003de5   ti_sysbios_family_arm_m3_Hwi_excHardFault__I
00006b30   ti_sysbios_family_arm_m3_Hwi_excHookFuncs__A
00006bb8   ti_sysbios_family_arm_m3_Hwi_excHookFuncs__C
00002ba1   ti_sysbios_family_arm_m3_Hwi_excMemFault__I
000056b9   ti_sysbios_family_arm_m3_Hwi_excNmi__I
000055a1   ti_sysbios_family_arm_m3_Hwi_excNoIsr__I
00004fed   ti_sysbios_family_arm_m3_Hwi_excReserved__I
000054b1   ti_sysbios_family_arm_m3_Hwi_excSvCall__I
00002a4d   ti_sysbios_family_arm_m3_Hwi_excUsageFault__I
000055d9   ti_sysbios_family_arm_m3_Hwi_getStackInfo__E
000039b9   ti_sysbios_family_arm_m3_Hwi_initNVIC__E
00005af5   ti_sysbios_family_arm_m3_Hwi_initStacks__E
e000e000   ti_sysbios_family_arm_m3_Hwi_nvic
0000302b   ti_sysbios_family_arm_m3_Hwi_pendSV__I
00006bbc   ti_sysbios_family_arm_m3_Hwi_priGroup__C
0000653c   ti_sysbios_family_arm_m3_Hwi_priorities__A
00006bc0   ti_sysbios_family_arm_m3_Hwi_priorities__C
20000000   ti_sysbios_family_arm_m3_Hwi_ramVectors
00000000   ti_sysbios_family_arm_m3_Hwi_resetVectors
0000304f   ti_sysbios_family_arm_m3_Hwi_return
000062e1   ti_sysbios_family_arm_m3_Hwi_startup__E
00005f8d   ti_sysbios_family_arm_m3_Hwi_switchFromBootStack__E
0000633b   ti_sysbios_family_arm_m3_TaskSupport_Module__startupDone__S
0000456d   ti_sysbios_family_arm_m3_TaskSupport_buildTaskStack
000061b5   ti_sysbios_family_arm_m3_TaskSupport_checkStack__E
000060a7   ti_sysbios_family_arm_m3_TaskSupport_glue
00005611   ti_sysbios_family_arm_m3_TaskSupport_start__E
00005e2d   ti_sysbios_family_arm_m3_TaskSupport_swap__E
000060b7   ti_sysbios_family_xxx_Hwi_switchToIsrStack
000061e9   ti_sysbios_family_xxx_Hwi_switchToTaskStack
00005ebd   ti_sysbios_gates_GateHwi_Handle__label__S
00004aa3   ti_sysbios_gates_GateHwi_Instance_init__F
000069fc   ti_sysbios_gates_GateHwi_Module__FXNS__C
20002708   ti_sysbios_gates_GateHwi_Module__root__V
00006a44   ti_sysbios_gates_GateHwi_Object__DESC__C
00006ac4   ti_sysbios_gates_GateHwi_Object__PARAMS__C
000056ed   ti_sysbios_gates_GateHwi_Object__create__S
00005c89   ti_sysbios_gates_GateHwi_Object__delete__S
20002710   ti_sysbios_gates_GateHwi_Object__table__V
0000620d   ti_sysbios_gates_GateHwi_enter__E
0000631d   ti_sysbios_gates_GateHwi_leave__E
0000633f   ti_sysbios_gates_GateHwi_query__E
0000633f   ti_sysbios_gates_GateHwi_query__F
20002714   ti_sysbios_gates_GateMutexPri_Module__root__V
00006bc4   ti_sysbios_hal_Hwi_E_stackOverflow__C
00006343   ti_sysbios_hal_Hwi_HwiProxy_Module__startupDone__S
0000521d   ti_sysbios_hal_Hwi_HwiProxy_disableInterrupt__E
00005261   ti_sysbios_hal_Hwi_HwiProxy_enableInterrupt__E
000055d9   ti_sysbios_hal_Hwi_HwiProxy_getStackInfo__E
000062e1   ti_sysbios_hal_Hwi_HwiProxy_startup__E
00005f8d   ti_sysbios_hal_Hwi_HwiProxy_switchFromBootStack__E
00006cd4   ti_sysbios_hal_Hwi_Module__id__C
2000271c   ti_sysbios_hal_Hwi_Module__root__V
0000605f   ti_sysbios_hal_Hwi_Module_startup__E
0000605f   ti_sysbios_hal_Hwi_Module_startup__F
20002724   ti_sysbios_hal_Hwi_Object__table__V
00005721   ti_sysbios_hal_Hwi_checkStack
0000521d   ti_sysbios_hal_Hwi_disableInterrupt__E
00005261   ti_sysbios_hal_Hwi_enableInterrupt__E
000055d9   ti_sysbios_hal_Hwi_getStackInfo__E
000059c3   ti_sysbios_hal_Hwi_initStack
000062e1   ti_sysbios_hal_Hwi_startup__E
00005f8d   ti_sysbios_hal_Hwi_switchFromBootStack__E
2000273c   ti_sysbios_hal_Timer_Module__root__V
00005ed5   ti_sysbios_hal_Timer_Module__startupDone__F
00005ed5   ti_sysbios_hal_Timer_Module__startupDone__S
00006071   ti_sysbios_hal_Timer_Module_startup__E
00006071   ti_sysbios_hal_Timer_Module_startup__F
20002744   ti_sysbios_hal_Timer_Object__table__V
00006347   ti_sysbios_hal_Timer_TimerProxy_Module__startupDone__S
0000634b   ti_sysbios_hal_Timer_TimerProxy_getPeriod__E
000053b1   ti_sysbios_hal_Timer_TimerProxy_startup__E
000053b1   ti_sysbios_hal_Timer_startup__E
00006bc8   ti_sysbios_knl_Clock_Module_State_clockQ__O
2000274c   ti_sysbios_knl_Clock_Module__root__V
20002b24   ti_sysbios_knl_Clock_Module__state__V
00005b95   ti_sysbios_knl_Clock_Module_startup__E
00005b95   ti_sysbios_knl_Clock_Module_startup__F
00005b1d   ti_sysbios_knl_Clock_addI__E
000059f1   ti_sysbios_knl_Clock_doTick__I
00004ce7   ti_sysbios_knl_Clock_logTick__E
000048f9   ti_sysbios_knl_Clock_workFunc__E
00006bcc   ti_sysbios_knl_Idle_coreList__A
00006b38   ti_sysbios_knl_Idle_coreList__C
00006bd0   ti_sysbios_knl_Idle_funcList__A
00006b40   ti_sysbios_knl_Idle_funcList__C
000062e9   ti_sysbios_knl_Idle_loop__E
00005849   ti_sysbios_knl_Idle_run__E
20002754   ti_sysbios_knl_Queue_Module__root__V
00006219   ti_sysbios_knl_Queue_Object__get__S
000061c3   ti_sysbios_knl_Queue_empty__E
00005d87   ti_sysbios_knl_Queue_put__E
00006bd4   ti_sysbios_knl_Semaphore_A_badContext__C
00006bd8   ti_sysbios_knl_Semaphore_A_overflow__C
00006bdc   ti_sysbios_knl_Semaphore_A_pendTaskDisabled__C
00006be0   ti_sysbios_knl_Semaphore_Instance_State_pendQ__O
00006be4   ti_sysbios_knl_Semaphore_Module__diagsEnabled__C
00006be8   ti_sysbios_knl_Semaphore_Module__diagsIncluded__C
00006bec   ti_sysbios_knl_Semaphore_Module__diagsMask__C
00006cd8   ti_sysbios_knl_Semaphore_Module__id__C
2000275c   ti_sysbios_knl_Semaphore_Module__root__V
20002b4c   ti_sysbios_knl_Semaphore_Object__table__V
000053f1   ti_sysbios_knl_Semaphore_pendTimeout__I
00001fb5   ti_sysbios_knl_Semaphore_pend__E
000038cd   ti_sysbios_knl_Semaphore_post__E
00005eed   ti_sysbios_knl_Swi_Handle__label__S
20002810   ti_sysbios_knl_Swi_Module_State_0_readyQ__A
20002764   ti_sysbios_knl_Swi_Module__root__V
2000276c   ti_sysbios_knl_Swi_Module__state__V
00005bb9   ti_sysbios_knl_Swi_Module_startup__E
00005bb9   ti_sysbios_knl_Swi_Module_startup__F
00006bf0   ti_sysbios_knl_Swi_Object__count__C
00005fa1   ti_sysbios_knl_Swi_Object__get__S
20002af4   ti_sysbios_knl_Swi_Object__table__V
00006119   ti_sysbios_knl_Swi_disable__E
000052a5   ti_sysbios_knl_Swi_post__E
00004d45   ti_sysbios_knl_Swi_restoreHwi__E
000054ed   ti_sysbios_knl_Swi_restore__E
00004bc9   ti_sysbios_knl_Swi_run__I
00003ffd   ti_sysbios_knl_Swi_schedule__I
00006323   ti_sysbios_knl_Swi_startup__E
00006bf4   ti_sysbios_knl_Task_A_badTimeout__C
00006bf8   ti_sysbios_knl_Task_A_sleepTaskDisabled__C
00006bfc   ti_sysbios_knl_Task_E_spOutOfBounds__C
00006c00   ti_sysbios_knl_Task_E_stackOverflow__C
00005f05   ti_sysbios_knl_Task_Handle__label__S
20001d80   ti_sysbios_knl_Task_Instance_State_0_hookEnv__A
20000360   ti_sysbios_knl_Task_Instance_State_0_stack__A
20001d84   ti_sysbios_knl_Task_Instance_State_1_hookEnv__A
20000760   ti_sysbios_knl_Task_Instance_State_1_stack__A
20001d88   ti_sysbios_knl_Task_Instance_State_2_hookEnv__A
20000b60   ti_sysbios_knl_Task_Instance_State_2_stack__A
20001d8c   ti_sysbios_knl_Task_Instance_State_3_hookEnv__A
20000f60   ti_sysbios_knl_Task_Instance_State_3_stack__A
20001d90   ti_sysbios_knl_Task_Instance_State_4_hookEnv__A
20001360   ti_sysbios_knl_Task_Instance_State_4_stack__A
20002790   ti_sysbios_knl_Task_Module_State_0_idleTask__A
20002890   ti_sysbios_knl_Task_Module_State_0_readyQ__A
00006c04   ti_sysbios_knl_Task_Module_State_inactiveQ__O
00006c08   ti_sysbios_knl_Task_Module__diagsEnabled__C
00006c0c   ti_sysbios_knl_Task_Module__diagsIncluded__C
00006c10   ti_sysbios_knl_Task_Module__diagsMask__C
00006cdc   ti_sysbios_knl_Task_Module__id__C
20002788   ti_sysbios_knl_Task_Module__root__V
20002a4c   ti_sysbios_knl_Task_Module__state__V
0000470d   ti_sysbios_knl_Task_Module_startup__E
0000470d   ti_sysbios_knl_Task_Module_startup__F
00006c14   ti_sysbios_knl_Task_Object__count__C
00006129   ti_sysbios_knl_Task_Object__get__S
20002524   ti_sysbios_knl_Task_Object__table__V
0000634f   ti_sysbios_knl_Task_SupportProxy_Module__startupDone__S
000061b5   ti_sysbios_knl_Task_SupportProxy_checkStack__E
00005611   ti_sysbios_knl_Task_SupportProxy_start__E
00005e2d   ti_sysbios_knl_Task_SupportProxy_swap__E
00006c18   ti_sysbios_knl_Task_allBlockedFunc__C
00005035   ti_sysbios_knl_Task_allBlockedFunction__I
00003e99   ti_sysbios_knl_Task_checkStacks__E
00006139   ti_sysbios_knl_Task_disable__E
00005ca9   ti_sysbios_knl_Task_enter__I
0000444d   ti_sysbios_knl_Task_exit__E
00006adc   ti_sysbios_knl_Task_hooks__A
00006b48   ti_sysbios_knl_Task_hooks__C
00006ce0   ti_sysbios_knl_Task_initStackFlag__C
00006c1c   ti_sysbios_knl_Task_numConstructedTasks__C
00003a95   ti_sysbios_knl_Task_postInit__I
00005431   ti_sysbios_knl_Task_processVitalTaskFlag__I
00005bdd   ti_sysbios_knl_Task_restoreHwi__E
00005a1d   ti_sysbios_knl_Task_restore__E
00004685   ti_sysbios_knl_Task_schedule__I
00005995   ti_sysbios_knl_Task_sleepTimeout__I
00002759   ti_sysbios_knl_Task_sleep__E
000044dd   ti_sysbios_knl_Task_startCore__E
00006353   ti_sysbios_knl_Task_startup__E
00005e39   ti_sysbios_knl_Task_swapReturn
00004ead   ti_sysbios_knl_Task_unblockI__E
20001dc7   time_string
000066c0   unshifted
00004b09   writemsg
00006c20   xdc_runtime_Assert_E_assertFailed__C
0000507d   xdc_runtime_Assert_raise__I
00006c24   xdc_runtime_Core_A_initializedParams__C
00006c28   xdc_runtime_Core_Module__diagsEnabled__C
00006c2c   xdc_runtime_Core_Module__diagsIncluded__C
00006c30   xdc_runtime_Core_Module__diagsMask__C
00006ce4   xdc_runtime_Core_Module__id__C
00005879   xdc_runtime_Core_assignLabel__I
000050c5   xdc_runtime_Core_assignParams__I
000033f1   xdc_runtime_Core_createObject__I
00004a3d   xdc_runtime_Core_deleteObject__I
00006c34   xdc_runtime_Error_E_memory__C
00006c38   xdc_runtime_Error_Module__diagsEnabled__C
00006c3c   xdc_runtime_Error_Module__diagsIncluded__C
00006c40   xdc_runtime_Error_Module__diagsMask__C
00006ce8   xdc_runtime_Error_Module__loggerDefined__C
00006c44   xdc_runtime_Error_Module__loggerFxn8__C
00006c48   xdc_runtime_Error_Module__loggerObj__C
20002794   xdc_runtime_Error_Module__state__V
00005da5   xdc_runtime_Error_check__E
00005da5   xdc_runtime_Error_check__F
00006357   xdc_runtime_Error_getSite__E
00006357   xdc_runtime_Error_getSite__F
00006225   xdc_runtime_Error_init__E
00006225   xdc_runtime_Error_init__F
00006cec   xdc_runtime_Error_maxDepth__C
00006d18   xdc_runtime_Error_policy__C
00004965   xdc_runtime_Error_print__E
00004965   xdc_runtime_Error_print__F
00006c4c   xdc_runtime_Error_raiseHook__C
00002ce1   xdc_runtime_Error_raiseX__E
00002ce1   xdc_runtime_Error_raiseX__F
20002798   xdc_runtime_GateNull_Module__root__V
00006231   xdc_runtime_Gate_enterSystem__E
00006231   xdc_runtime_Gate_enterSystem__F
00006149   xdc_runtime_Gate_leaveSystem__E
00006149   xdc_runtime_Gate_leaveSystem__F
00006c50   xdc_runtime_HeapMin_A_zeroSize__C
00006c54   xdc_runtime_HeapMin_E_freeError__C
00005f1d   xdc_runtime_HeapMin_Handle__label__S
20001d98   xdc_runtime_HeapMin_Instance_State_0_buf__A
000045f9   xdc_runtime_HeapMin_Instance_init__F
000069b0   xdc_runtime_HeapMin_Module__FXNS__C
00006c58   xdc_runtime_HeapMin_Module__diagsEnabled__C
00006c5c   xdc_runtime_HeapMin_Module__diagsIncluded__C
00006c60   xdc_runtime_HeapMin_Module__diagsMask__C
00006cf0   xdc_runtime_HeapMin_Module__id__C
200027a0   xdc_runtime_HeapMin_Module__root__V
00006a64   xdc_runtime_HeapMin_Object__DESC__C
00006a84   xdc_runtime_HeapMin_Object__PARAMS__C
00005755   xdc_runtime_HeapMin_Object__create__S
00005cc9   xdc_runtime_HeapMin_Object__delete__S
200027a8   xdc_runtime_HeapMin_Object__table__V
00005529   xdc_runtime_HeapMin_alloc__E
00005529   xdc_runtime_HeapMin_alloc__F
00006cf4   xdc_runtime_HeapMin_freeError__C
000058a9   xdc_runtime_HeapMin_free__E
000058a9   xdc_runtime_HeapMin_free__F
0000623d   xdc_runtime_HeapMin_getStats__E
0000623d   xdc_runtime_HeapMin_getStats__F
0000635b   xdc_runtime_HeapMin_isBlocking__E
0000635b   xdc_runtime_HeapMin_isBlocking__F
00006c64   xdc_runtime_IFilterLogger_Interface__BASE__C
00006c68   xdc_runtime_IGateProvider_Interface__BASE__C
00006c6c   xdc_runtime_IHeap_Interface__BASE__C
00006c70   xdc_runtime_ILogger_Interface__BASE__C
00006c74   xdc_runtime_IModule_Interface__BASE__C
00006c78   xdc_runtime_Log_L_error__C
00006c7c   xdc_runtime_LoggerBuf_E_badLevel__C
00005f35   xdc_runtime_LoggerBuf_Handle__label__S
20001c80   xdc_runtime_LoggerBuf_Instance_State_0_entryArr__A
00005fb5   xdc_runtime_LoggerBuf_Instance_finalize__F
00005649   xdc_runtime_LoggerBuf_Instance_init__F
0000635f   xdc_runtime_LoggerBuf_Module_GateProxy_enter__E
00006363   xdc_runtime_LoggerBuf_Module_GateProxy_leave__E
0000633f   xdc_runtime_LoggerBuf_Module_GateProxy_query__E
00006948   xdc_runtime_LoggerBuf_Module__FXNS__C
00006c80   xdc_runtime_LoggerBuf_Module__gateObj__C
00006cf8   xdc_runtime_LoggerBuf_Module__id__C
200027b8   xdc_runtime_LoggerBuf_Module__root__V
200027c0   xdc_runtime_LoggerBuf_Module__state__V
00005b45   xdc_runtime_LoggerBuf_Module_startup__E
00005b45   xdc_runtime_LoggerBuf_Module_startup__F
00006aa4   xdc_runtime_LoggerBuf_Object__DESC__C
00006a20   xdc_runtime_LoggerBuf_Object__PARAMS__C
00006c84   xdc_runtime_LoggerBuf_Object__count__C
00004c29   xdc_runtime_LoggerBuf_Object__create__S
00005ce9   xdc_runtime_LoggerBuf_Object__delete__S
00005fc9   xdc_runtime_LoggerBuf_Object__get__S
20002b98   xdc_runtime_LoggerBuf_Object__table__V
000031b5   xdc_runtime_LoggerBuf_TimestampProxy_get64__E
000062b5   xdc_runtime_LoggerBuf_disable__E
000062b5   xdc_runtime_LoggerBuf_disable__F
000062bf   xdc_runtime_LoggerBuf_enable__E
000062bf   xdc_runtime_LoggerBuf_enable__F
00006cfc   xdc_runtime_LoggerBuf_filterByLevel__C
000052e9   xdc_runtime_LoggerBuf_filterOutEvent__I
000049d1   xdc_runtime_LoggerBuf_getFilterLevel__E
000049d1   xdc_runtime_LoggerBuf_getFilterLevel__F
00005d09   xdc_runtime_LoggerBuf_reset__E
00005d09   xdc_runtime_LoggerBuf_reset__F
00004791   xdc_runtime_LoggerBuf_setFilterLevel__E
00004791   xdc_runtime_LoggerBuf_setFilterLevel__F
00006c88   xdc_runtime_LoggerBuf_statusLogger__C
00006159   xdc_runtime_LoggerBuf_write0__E
00006159   xdc_runtime_LoggerBuf_write0__F
00006083   xdc_runtime_LoggerBuf_write1__E
00006083   xdc_runtime_LoggerBuf_write1__F
00005fdd   xdc_runtime_LoggerBuf_write2__E
00005fdd   xdc_runtime_LoggerBuf_write2__F
00003c49   xdc_runtime_LoggerBuf_write4__E
00003c49   xdc_runtime_LoggerBuf_write4__F
00003089   xdc_runtime_LoggerBuf_write8__E
00003089   xdc_runtime_LoggerBuf_write8__F
0000633f   xdc_runtime_Main_Module_GateProxy_query__E
00006367   xdc_runtime_Memory_HeapProxy_alloc__E
0000636b   xdc_runtime_Memory_HeapProxy_free__E
00006d00   xdc_runtime_Memory_Module__id__C
200027c8   xdc_runtime_Memory_Module__state__V
00004889   xdc_runtime_Memory_alloc__E
00004889   xdc_runtime_Memory_alloc__F
00006249   xdc_runtime_Memory_calloc__E
00006249   xdc_runtime_Memory_calloc__F
00006c8c   xdc_runtime_Memory_defaultHeapInstance__C
00006169   xdc_runtime_Memory_free__E
00006169   xdc_runtime_Memory_free__F
00006255   xdc_runtime_Memory_getMaxDefaultTypeAlign__E
00006255   xdc_runtime_Memory_getMaxDefaultTypeAlign__F
00005dc1   xdc_runtime_Memory_valloc__E
00005dc1   xdc_runtime_Memory_valloc__F
200027cc   xdc_runtime_Registry_Module__state__V
00005d29   xdc_runtime_Registry_findById__E
00005d29   xdc_runtime_Registry_findById__F
200027d4   xdc_runtime_Startup_Module__state__V
00000001   xdc_runtime_Startup__EXECFXN__C
00000001   xdc_runtime_Startup__RESETFXN__C
00006c90   xdc_runtime_Startup_execImpl__C
00004f05   xdc_runtime_Startup_exec__E
00004f05   xdc_runtime_Startup_exec__F
00006095   xdc_runtime_Startup_exec__I
00006b20   xdc_runtime_Startup_firstFxns__A
00006b50   xdc_runtime_Startup_firstFxns__C
00006b58   xdc_runtime_Startup_lastFxns__A
00006b60   xdc_runtime_Startup_lastFxns__C
00006c94   xdc_runtime_Startup_maxPasses__C
000059ef   xdc_runtime_Startup_reset__I
00006af4   xdc_runtime_Startup_sfxnRts__A
00006c98   xdc_runtime_Startup_sfxnRts__C
00006984   xdc_runtime_Startup_sfxnTab__A
00006c9c   xdc_runtime_Startup_sfxnTab__C
000035f1   xdc_runtime_Startup_startMods__I
20001d00   xdc_runtime_SysMin_Module_State_0_outbuf__A
200027dc   xdc_runtime_SysMin_Module__state__V
00005d49   xdc_runtime_SysMin_Module_startup__E
00005d49   xdc_runtime_SysMin_Module_startup__F
000058d9   xdc_runtime_SysMin_abort__E
000058d9   xdc_runtime_SysMin_abort__F
00006ca0   xdc_runtime_SysMin_bufSize__C
00005ddd   xdc_runtime_SysMin_exit__E
00005ddd   xdc_runtime_SysMin_exit__F
00006d04   xdc_runtime_SysMin_flushAtExit__C
0000532d   xdc_runtime_SysMin_flush__E
0000532d   xdc_runtime_SysMin_flush__F
00006ca4   xdc_runtime_SysMin_outputFunc__C
00005c25   xdc_runtime_SysMin_output__I
00005681   xdc_runtime_SysMin_putch__E
00005681   xdc_runtime_SysMin_putch__F
00006179   xdc_runtime_SysMin_ready__E
00006179   xdc_runtime_SysMin_ready__F
0000636f   xdc_runtime_System_Module_GateProxy_enter__E
00006373   xdc_runtime_System_Module_GateProxy_leave__E
0000633f   xdc_runtime_System_Module_GateProxy_query__E
200027e8   xdc_runtime_System_Module_State_0_atexitHandlers__A
00006ca8   xdc_runtime_System_Module__gateObj__C
200027f8   xdc_runtime_System_Module__state__V
00006329   xdc_runtime_System_Module_startup__E
00006329   xdc_runtime_System_Module_startup__F
000058d9   xdc_runtime_System_SupportProxy_abort__E
00005ddd   xdc_runtime_System_SupportProxy_exit__E
0000532d   xdc_runtime_System_SupportProxy_flush__E
00005681   xdc_runtime_System_SupportProxy_putch__E
[...]
00005a1d   ti_sysbios_knl_Task_restore__E
00005a49   xdc_runtime_System_rtsExit__I
00005a75   xdc_runtime_Text_cordText__E
00005a75   xdc_runtime_Text_cordText__F
00005aa1   xdc_runtime_System_putchar__I
00005acd   TimerConfigure
00005af5   ti_sysbios_family_arm_m3_Hwi_initStacks__E
00005b1d   ti_sysbios_knl_Clock_addI__E
00005b45   xdc_runtime_LoggerBuf_Module_startup__E
00005b45   xdc_runtime_LoggerBuf_Module_startup__F
00005b6d   xdc_runtime_System_avprintf__F
00005b95   ti_sysbios_knl_Clock_Module_startup__E
00005b95   ti_sysbios_knl_Clock_Module_startup__F
00005bb9   ti_sysbios_knl_Swi_Module_startup__E
00005bb9   ti_sysbios_knl_Swi_Module_startup__F
00005bdd   ti_sysbios_knl_Task_restoreHwi__E
00005c01   xdc_runtime_System_vprintf__F
00005c25   xdc_runtime_SysMin_output__I
00005c49   ti_sysbios_BIOS_removeRTSLock__I
00005c69   ti_sysbios_BIOS_startFunc__I
00005c89   ti_sysbios_gates_GateHwi_Object__delete__S
00005ca9   ti_sysbios_knl_Task_enter__I
00005cc9   xdc_runtime_HeapMin_Object__delete__S
00005ce9   xdc_runtime_LoggerBuf_Object__delete__S
00005d09   LoggerBuf_instanceStartup
00005d09   xdc_runtime_LoggerBuf_reset__E
00005d09   xdc_runtime_LoggerBuf_reset__F
00005d29   xdc_runtime_Registry_findById__E
00005d29   xdc_runtime_Registry_findById__F
00005d49   xdc_runtime_SysMin_Module_startup__E
00005d49   xdc_runtime_SysMin_Module_startup__F
00005d69   ti_sysbios_family_arm_lm4_Timer_write__I
00005d87   ti_sysbios_knl_Queue_put__E
00005da5   xdc_runtime_Error_check__E
00005da5   xdc_runtime_Error_check__F
00005dc1   xdc_runtime_Memory_valloc__E
00005dc1   xdc_runtime_Memory_valloc__F
00005ddd   xdc_runtime_SysMin_exit__E
00005ddd   xdc_runtime_SysMin_exit__F
00005ddd   xdc_runtime_System_SupportProxy_exit__E
00005df9   xdc_runtime_System_aprintf__E
00005e13   xdc_runtime_System_printf__E
00005e2d   ti_sysbios_family_arm_m3_TaskSupport_swap__E
00005e2d   ti_sysbios_knl_Task_SupportProxy_swap__E
00005e39   ti_sysbios_knl_Task_swapReturn
00005e45   free
00005e5d   _args_main
00005e75   ti_sysbios_family_arm_lm4_Timer_Module__startupDone__F
00005e75   ti_sysbios_family_arm_lm4_Timer_Module__startupDone__S
00005e8d   ti_sysbios_family_arm_m3_Hwi_Handle__label__S
00005ea5   ti_sysbios_family_arm_m3_Hwi_Module__startupDone__F
00005ea5   ti_sysbios_family_arm_m3_Hwi_Module__startupDone__S
00005ebd   ti_sysbios_gates_GateHwi_Handle__label__S
00005ed5   ti_sysbios_hal_Timer_Module__startupDone__F
00005ed5   ti_sysbios_hal_Timer_Module__startupDone__S
00005eed   ti_sysbios_knl_Swi_Handle__label__S
00005f05   ti_sysbios_knl_Task_Handle__label__S
00005f1d   xdc_runtime_HeapMin_Handle__label__S
00005f35   xdc_runtime_LoggerBuf_Handle__label__S
00005f4d   xdc_runtime_Text_ropeText__E
00005f4d   xdc_runtime_Text_ropeText__F
00005f65   _register_unlock
00005f6b   _register_lock
00005f73   _nop
00005f79   strlen
00005f8d   ti_sysbios_family_arm_m3_Hwi_switchFromBootStack__E
00005f8d   ti_sysbios_hal_Hwi_HwiProxy_switchFromBootStack__E
00005f8d   ti_sysbios_hal_Hwi_switchFromBootStack__E
00005fa1   ti_sysbios_knl_Swi_Object__get__S
00005fb5   xdc_runtime_LoggerBuf_Instance_finalize__F
00005fc9   xdc_runtime_LoggerBuf_Object__get__S
00005fdd   xdc_runtime_LoggerBuf_write2__E
00005fdd   xdc_runtime_LoggerBuf_write2__F
00005ff1   xdc_runtime_System_abort__E
00005ff1   xdc_runtime_System_abort__F
00006005   GPIOPinTypeGPIOInput
00006017   GPIOPinTypeGPIOOutput
00006029   GPIOPinTypeSSI
0000603b   TimerLoadSet
0000604d   __TI_zero_init
0000605f   ti_sysbios_hal_Hwi_Module_startup__E
0000605f   ti_sysbios_hal_Hwi_Module_startup__F
00006071   ti_sysbios_hal_Timer_Module_startup__E
00006071   ti_sysbios_hal_Timer_Module_startup__F
00006083   xdc_runtime_LoggerBuf_write1__E
00006083   xdc_runtime_LoggerBuf_write1__F
00006095   xdc_runtime_Startup_exec__I
000060a7   ti_sysbios_family_arm_m3_TaskSupport_glue
000060b7   ti_sysbios_family_xxx_Hwi_switchToIsrStack
000060c7   strcpy
000060d9   ti_sysbios_BIOS_setThreadType__E
000060e9   ti_sysbios_BIOS_start__E
000060f9   ti_sysbios_family_arm_lm4_TimestampProvider_rolloverFunc__E
00006109   ti_sysbios_family_arm_m3_Hwi_excHandler__I
00006119   ti_sysbios_knl_Swi_disable__E
00006129   ti_sysbios_knl_Task_Object__get__S
00006139   ti_sysbios_knl_Task_disable__E
00006149   xdc_runtime_Gate_leaveSystem__E
00006149   xdc_runtime_Gate_leaveSystem__F
00006159   xdc_runtime_LoggerBuf_write0__E
00006159   xdc_runtime_LoggerBuf_write0__F
00006169   xdc_runtime_Memory_free__E
00006169   xdc_runtime_Memory_free__F
00006179   xdc_runtime_SysMin_ready__E
00006179   xdc_runtime_SysMin_ready__F
00006179   xdc_runtime_System_SupportProxy_ready__E
00006189   xdc_runtime_System_vsnprintf__F
00006199   TimerEnable
000061a7   __TI_decompress_none
000061b5   ti_sysbios_family_arm_m3_TaskSupport_checkStack__E
000061b5   ti_sysbios_knl_Task_SupportProxy_checkStack__E
000061c3   ti_sysbios_knl_Queue_empty__E
000061d1   ti_catalog_arm_cortexm4_tiva_ce_Boot_init__I
000061dd   GPIOPinIntEnable
000061e9   ti_sysbios_family_xxx_Hwi_switchToTaskStack
000061f5   ti_sysbios_family_arm_lm4_Timer_masterDisable__I
00006201   ti_sysbios_family_arm_lm4_TimestampProvider_startTimer__E
0000620d   ti_sysbios_gates_GateHwi_enter__E
00006219   ti_sysbios_knl_Queue_Object__get__S
00006225   xdc_runtime_Error_init__E
00006225   xdc_runtime_Error_init__F
00006231   xdc_runtime_Gate_enterSystem__E
00006231   xdc_runtime_Gate_enterSystem__F
0000623d   xdc_runtime_HeapMin_getStats__E
0000623d   xdc_runtime_HeapMin_getStats__F
00006249   xdc_runtime_Memory_calloc__E
00006249   xdc_runtime_Memory_calloc__F
00006255   xdc_runtime_Memory_getMaxDefaultTypeAlign__E
00006255   xdc_runtime_Memory_getMaxDefaultTypeAlign__F
00006261   xdc_runtime_System_exit__E
00006261   xdc_runtime_System_exit__F
0000626d   xdc_runtime_System_lastFxn__I
00006279   GPIOPinRead
00006283   GPIOPinWrite
0000628d   SSIDataPut
00006297   SSIEnable
000062b5   xdc_runtime_LoggerBuf_disable__E
000062b5   xdc_runtime_LoggerBuf_disable__F
000062bf   xdc_runtime_LoggerBuf_enable__E
000062bf   xdc_runtime_LoggerBuf_enable__F
000062c9   SSIBusy
000062d1   TimerIntEnable
000062d9   ti_sysbios_family_arm_m3_Hwi_doSwiRestore__I
000062e1   ti_sysbios_family_arm_m3_Hwi_startup__E
000062e1   ti_sysbios_hal_Hwi_HwiProxy_startup__E
000062e1   ti_sysbios_hal_Hwi_startup__E
000062e9   ti_sysbios_knl_Idle_loop__E
000062f1   xdc_runtime_Text_visitRope__I
000062f9   GPIOPinIntClear
000062ff   __xdc__init
00006305   __TI_decompress_rle24
0000630b   ti_catalog_arm_cortexm4_tiva_ce_Boot_sysCtlDelayI__I
00006311   ti_sysbios_family_arm_lm4_TimestampProvider_Module_startup__E
00006311   ti_sysbios_family_arm_lm4_TimestampProvider_Module_startup__F
00006317   ti_sysbios_family_arm_m3_Hwi_doTaskRestore__I
0000631d   ti_sysbios_gates_GateHwi_leave__E
00006323   ti_sysbios_knl_Swi_startup__E
00006329   xdc_runtime_System_Module_startup__E
00006329   xdc_runtime_System_Module_startup__F
0000632f   TimerIntClear
00006333   ti_sysbios_family_arm_lm4_Timer_getPeriod__E
00006337   ti_sysbios_family_arm_lm4_Timer_masterEnable__I
0000633b   ti_sysbios_family_arm_m3_TaskSupport_Module__startupDone__S
0000633f   ti_sysbios_gates_GateHwi_query__E
0000633f   ti_sysbios_gates_GateHwi_query__F
0000633f   xdc_runtime_LoggerBuf_Module_GateProxy_query__E
0000633f   xdc_runtime_Main_Module_GateProxy_query__E
0000633f   xdc_runtime_System_Module_GateProxy_query__E
00006343   ti_sysbios_hal_Hwi_HwiProxy_Module__startupDone__S
00006347   ti_sysbios_hal_Timer_TimerProxy_Module__startupDone__S
0000634b   ti_sysbios_hal_Timer_TimerProxy_getPeriod__E
0000634f   ti_sysbios_knl_Task_SupportProxy_Module__startupDone__S
00006353   ti_sysbios_knl_Task_startup__E
00006357   xdc_runtime_Error_getSite__E
00006357   xdc_runtime_Error_getSite__F
0000635b   xdc_runtime_HeapMin_isBlocking__E
0000635b   xdc_runtime_HeapMin_isBlocking__F
0000635f   xdc_runtime_LoggerBuf_Module_GateProxy_enter__E
00006363   xdc_runtime_LoggerBuf_Module_GateProxy_leave__E
00006367   xdc_runtime_Memory_HeapProxy_alloc__E
0000636b   xdc_runtime_Memory_HeapProxy_free__E
0000636f   xdc_runtime_System_Module_GateProxy_enter__E
00006373   xdc_runtime_System_Module_GateProxy_leave__E
00006377   xdc_runtime_System_aprintf_va__F
0000637b   xdc_runtime_System_printf_va__F
0000637f   xdc_runtime_System_vsnprintf__E
00006384   MyFont
0000653c   ti_sysbios_family_arm_m3_Hwi_priorities__A
00006614   shifted
000066c0   unshifted
00006948   xdc_runtime_LoggerBuf_Module__FXNS__C
00006984   xdc_runtime_Startup_sfxnTab__A
000069b0   xdc_runtime_HeapMin_Module__FXNS__C
000069d8   testTask
000069dc   hwi0
000069e0   UI
000069e4   ButTask
000069e8   Clock
000069ec   KeySem
000069f0   hwi2
000069f4   KeyboardTask
000069f8   DataSem
000069fc   ti_sysbios_gates_GateHwi_Module__FXNS__C
00006a20   xdc_runtime_LoggerBuf_Object__PARAMS__C
00006a44   ti_sysbios_gates_GateHwi_Object__DESC__C
00006a64   xdc_runtime_HeapMin_Object__DESC__C
00006a84   xdc_runtime_HeapMin_Object__PARAMS__C
00006aa4   xdc_runtime_LoggerBuf_Object__DESC__C
00006ac4   ti_sysbios_gates_GateHwi_Object__PARAMS__C
00006adc   ti_sysbios_knl_Task_hooks__A
00006af4   xdc_runtime_Startup_sfxnRts__A
00006b20   xdc_runtime_Startup_firstFxns__A
00006b30   ti_sysbios_family_arm_m3_Hwi_excHookFuncs__A
00006b38   ti_sysbios_knl_Idle_coreList__C
00006b40   ti_sysbios_knl_Idle_funcList__C
00006b48   ti_sysbios_knl_Task_hooks__C
00006b50   xdc_runtime_Startup_firstFxns__C
00006b58   xdc_runtime_Startup_lastFxns__A
00006b60   xdc_runtime_Startup_lastFxns__C
00006b68   ti_catalog_arm_cortexm4_tiva_ce_Boot_A_mustUseEnhancedClockMode__C
00006b6c   ti_catalog_arm_cortexm4_tiva_ce_Boot_Module__diagsEnabled__C
00006b70   ti_catalog_arm_cortexm4_tiva_ce_Boot_Module__diagsIncluded__C
00006b74   ti_catalog_arm_cortexm4_tiva_ce_Boot_Module__diagsMask__C
00006b78   ti_sysbios_BIOS_installedErrorHook__C
00006b7c   ti_sysbios_family_arm_lm4_Timer_numTimerDevices__C
00006b80   ti_sysbios_family_arm_lm4_Timer_startupNeeded__C
00006b84   ti_sysbios_family_arm_m3_Hwi_E_NMI__C
00006b88   ti_sysbios_family_arm_m3_Hwi_E_busFault__C
00006b8c   ti_sysbios_family_arm_m3_Hwi_E_debugMon__C
00006b90   ti_sysbios_family_arm_m3_Hwi_E_hardFault__C
00006b94   ti_sysbios_family_arm_m3_Hwi_E_memFault__C
00006b98   ti_sysbios_family_arm_m3_Hwi_E_noIsr__C
00006b9c   ti_sysbios_family_arm_m3_Hwi_E_reserved__C
00006ba0   ti_sysbios_family_arm_m3_Hwi_E_svCall__C
00006ba4   ti_sysbios_family_arm_m3_Hwi_E_usageFault__C
00006ba8   ti_sysbios_family_arm_m3_Hwi_NUM_INTERRUPTS__C
00006bac   ti_sysbios_family_arm_m3_Hwi_ccr__C
00006bb0   ti_sysbios_family_arm_m3_Hwi_dispatchTable__C
00006bb4   ti_sysbios_family_arm_m3_Hwi_excHandlerFunc__C
00006bb8   ti_sysbios_family_arm_m3_Hwi_excHookFuncs__C
00006bbc   ti_sysbios_family_arm_m3_Hwi_priGroup__C
00006bc0   ti_sysbios_family_arm_m3_Hwi_priorities__C
00006bc4   ti_sysbios_hal_Hwi_E_stackOverflow__C
00006bc8   ti_sysbios_knl_Clock_Module_State_clockQ__O
00006bcc   ti_sysbios_knl_Idle_coreList__A
00006bd0   ti_sysbios_knl_Idle_funcList__A
00006bd4   ti_sysbios_knl_Semaphore_A_badContext__C
00006bd8   ti_sysbios_knl_Semaphore_A_overflow__C
00006bdc   ti_sysbios_knl_Semaphore_A_pendTaskDisabled__C
00006be0   ti_sysbios_knl_Semaphore_Instance_State_pendQ__O
00006be4   ti_sysbios_knl_Semaphore_Module__diagsEnabled__C
00006be8   ti_sysbios_knl_Semaphore_Module__diagsIncluded__C
00006bec   ti_sysbios_knl_Semaphore_Module__diagsMask__C
00006bf0   ti_sysbios_knl_Swi_Object__count__C
00006bf4   ti_sysbios_knl_Task_A_badTimeout__C
00006bf8   ti_sysbios_knl_Task_A_sleepTaskDisabled__C
00006bfc   ti_sysbios_knl_Task_E_spOutOfBounds__C
00006c00   ti_sysbios_knl_Task_E_stackOverflow__C
00006c04   ti_sysbios_knl_Task_Module_State_inactiveQ__O
00006c08   ti_sysbios_knl_Task_Module__diagsEnabled__C
00006c0c   ti_sysbios_knl_Task_Module__diagsIncluded__C
00006c10   ti_sysbios_knl_Task_Module__diagsMask__C
00006c14   ti_sysbios_knl_Task_Object__count__C
00006c18   ti_sysbios_knl_Task_allBlockedFunc__C
00006c1c   ti_sysbios_knl_Task_numConstructedTasks__C
00006c20   xdc_runtime_Assert_E_assertFailed__C
00006c24   xdc_runtime_Core_A_initializedParams__C
00006c28   xdc_runtime_Core_Module__diagsEnabled__C
00006c2c   xdc_runtime_Core_Module__diagsIncluded__C
00006c30   xdc_runtime_Core_Module__diagsMask__C
00006c34   xdc_runtime_Error_E_memory__C
00006c38   xdc_runtime_Error_Module__diagsEnabled__C
00006c3c   xdc_runtime_Error_Module__diagsIncluded__C
00006c40   xdc_runtime_Error_Module__diagsMask__C
00006c44   xdc_runtime_Error_Module__loggerFxn8__C
00006c48   xdc_runtime_Error_Module__loggerObj__C
00006c4c   xdc_runtime_Error_raiseHook__C
00006c50   xdc_runtime_HeapMin_A_zeroSize__C
00006c54   xdc_runtime_HeapMin_E_freeError__C
00006c58   xdc_runtime_HeapMin_Module__diagsEnabled__C
00006c5c   xdc_runtime_HeapMin_Module__diagsIncluded__C
00006c60   xdc_runtime_HeapMin_Module__diagsMask__C
00006c64   xdc_runtime_IFilterLogger_Interface__BASE__C
00006c68   xdc_runtime_IGateProvider_Interface__BASE__C
00006c6c   xdc_runtime_IHeap_Interface__BASE__C
00006c70   xdc_runtime_ILogger_Interface__BASE__C
00006c74   xdc_runtime_IModule_Interface__BASE__C
00006c78   xdc_runtime_Log_L_error__C
00006c7c   xdc_runtime_LoggerBuf_E_badLevel__C
00006c80   xdc_runtime_LoggerBuf_Module__gateObj__C
00006c84   xdc_runtime_LoggerBuf_Object__count__C
00006c88   xdc_runtime_LoggerBuf_statusLogger__C
00006c8c   xdc_runtime_Memory_defaultHeapInstance__C
00006c90   xdc_runtime_Startup_execImpl__C
00006c94   xdc_runtime_Startup_maxPasses__C
00006c98   xdc_runtime_Startup_sfxnRts__C
00006c9c   xdc_runtime_Startup_sfxnTab__C
00006ca0   xdc_runtime_SysMin_bufSize__C
00006ca4   xdc_runtime_SysMin_outputFunc__C
00006ca8   xdc_runtime_System_Module__gateObj__C
00006cac   xdc_runtime_System_extendFxn__C
00006cb0   xdc_runtime_System_maxAtexitHandlers__C
00006cb4   xdc_runtime_Text_charTab__C
00006cb8   xdc_runtime_Text_nameEmpty__C
00006cbc   xdc_runtime_Text_nameStatic__C
00006cc0   xdc_runtime_Text_nameUnknown__C
00006cc4   xdc_runtime_Text_visitRopeFxn__C
00006cc8   ti_catalog_arm_cortexm4_tiva_ce_Boot_Module__id__C
00006ccc   ti_sysbios_family_arm_lm4_TimestampProvider_useClockTimer__C
00006cd0   ti_sysbios_family_arm_m3_Hwi_Module__id__C
00006cd4   ti_sysbios_hal_Hwi_Module__id__C
00006cd8   ti_sysbios_knl_Semaphore_Module__id__C
00006cdc   ti_sysbios_knl_Task_Module__id__C
00006ce0   ti_sysbios_knl_Task_initStackFlag__C
00006ce4   xdc_runtime_Core_Module__id__C
00006ce8   xdc_runtime_Error_Module__loggerDefined__C
00006cec   xdc_runtime_Error_maxDepth__C
00006cf0   xdc_runtime_HeapMin_Module__id__C
00006cf4   xdc_runtime_HeapMin_freeError__C
00006cf8   xdc_runtime_LoggerBuf_Module__id__C
00006cfc   xdc_runtime_LoggerBuf_filterByLevel__C
00006d00   xdc_runtime_Memory_Module__id__C
00006d04   xdc_runtime_SysMin_flushAtExit__C
00006d08   xdc_runtime_Text_charCnt__C
00006d0c   xdc_runtime_Text_isLoaded__C
00006d10   xdc_runtime_Text_registryModsLastId__C
00006d14   xdc_runtime_Text_unnamedModsLastId__C
00006d18   xdc_runtime_Error_policy__C
000074d0   __TI_Handler_Table_Base
000074dc   __TI_Handler_Table_Limit
000074f0   __TI_CINIT_Base
00007508   __TI_CINIT_Limit
20000000   ti_sysbios_family_arm_m3_Hwi_ramVectors
20000360   ti_sysbios_knl_Task_Instance_State_0_stack__A
20000760   ti_sysbios_knl_Task_Instance_State_1_stack__A
20000b60   ti_sysbios_knl_Task_Instance_State_2_stack__A
20000f60   ti_sysbios_knl_Task_Instance_State_3_stack__A
20001360   ti_sysbios_knl_Task_Instance_State_4_stack__A
20001760   glcd_buffer
20001b60   __CIOBUF_
20001c80   xdc_runtime_LoggerBuf_Instance_State_0_entryArr__A
20001d00   xdc_runtime_SysMin_Module_State_0_outbuf__A
20001d80   ti_sysbios_knl_Task_Instance_State_0_hookEnv__A
20001d84   ti_sysbios_knl_Task_Instance_State_1_hookEnv__A
20001d88   ti_sysbios_knl_Task_Instance_State_2_hookEnv__A
20001d8c   ti_sysbios_knl_Task_Instance_State_3_hookEnv__A
20001d90   ti_sysbios_knl_Task_Instance_State_4_hookEnv__A
20001d98   xdc_runtime_HeapMin_Instance_State_0_buf__A
20001db8   temp_count_string
20001dbc   KeyBuf
20001dc0   KeyIn
20001dc1   KeyOut
20001dc2   KeyRead
20001dc3   clkstat
20001dc4   datstat
20001dc5   paritystat
20001dc6   data
20001dc7   time_string
20001ddb   glcd_dirty_pages
20001ddc   ItemBlock1
200021c4   ti_sysbios_family_arm_m3_Hwi_Module_State_0_dispatchTable__A
20002524   ti_sysbios_knl_Task_Object__table__V
20002654   TSK_idle
200026a0   ti_sysbios_BIOS_Module__state__V
200026c0   ti_sysbios_family_arm_lm4_Timer_Module__root__V
200026c8   ti_sysbios_family_arm_lm4_Timer_Module_State_0_handles__A
200026e0   ti_sysbios_family_arm_lm4_Timer_Module__state__V
200026ec   ti_sysbios_family_arm_lm4_TimestampProvider_Module__state__V
200026f4   ti_sysbios_family_arm_m3_Hwi_Module__root__V
200026fc   ti_sysbios_family_arm_m3_Hwi_Module_State_0_excActive__A
20002700   ti_sysbios_family_arm_m3_Hwi_Module_State_0_excContext__A
20002704   ti_sysbios_family_arm_m3_Hwi_Module_State_0_excStack__A
20002708   ti_sysbios_gates_GateHwi_Module__root__V
20002710   ti_sysbios_gates_GateHwi_Object__table__V
20002714   ti_sysbios_gates_GateMutexPri_Module__root__V
2000271c   ti_sysbios_hal_Hwi_Module__root__V
20002724   ti_sysbios_hal_Hwi_Object__table__V
2000273c   ti_sysbios_hal_Timer_Module__root__V
20002744   ti_sysbios_hal_Timer_Object__table__V
2000274c   ti_sysbios_knl_Clock_Module__root__V
20002754   ti_sysbios_knl_Queue_Module__root__V
2000275c   ti_sysbios_knl_Semaphore_Module__root__V
20002764   ti_sysbios_knl_Swi_Module__root__V
2000276c   ti_sysbios_knl_Swi_Module__state__V
20002788   ti_sysbios_knl_Task_Module__root__V
20002790   ti_sysbios_knl_Task_Module_State_0_idleTask__A
20002794   xdc_runtime_Error_Module__state__V
20002798   xdc_runtime_GateNull_Module__root__V
200027a0   xdc_runtime_HeapMin_Module__root__V
200027a8   xdc_runtime_HeapMin_Object__table__V
200027b8   xdc_runtime_LoggerBuf_Module__root__V
200027c0   xdc_runtime_LoggerBuf_Module__state__V
200027c8   xdc_runtime_Memory_Module__state__V
200027cc   xdc_runtime_Registry_Module__state__V
200027d4   xdc_runtime_Startup_Module__state__V
200027dc   xdc_runtime_SysMin_Module__state__V
200027e8   xdc_runtime_System_Module_State_0_atexitHandlers__A
200027f8   xdc_runtime_System_Module__state__V
20002804   xdc_runtime_Text_Module__state__V
2000280c   __xdc__init__addr
20002810   ti_sysbios_knl_Swi_Module_State_0_readyQ__A
20002890   ti_sysbios_knl_Task_Module_State_0_readyQ__A
20002910   ti_sysbios_family_arm_m3_Hwi_Object__table__V
20002988   ti_sysbios_family_arm_lm4_Timer_Object__table__V
200029f8   ti_sysbios_family_arm_m3_Hwi_Module__state__V
20002a4c   ti_sysbios_knl_Task_Module__state__V
20002a90   ItemLookUp
20002ac4   ti_sysbios_family_arm_lm4_Timer_Module_State_0_device__A
20002af4   ti_sysbios_knl_Swi_Object__table__V
20002b24   ti_sysbios_knl_Clock_Module__state__V
20002b4c   ti_sysbios_knl_Semaphore_Object__table__V
20002b74   glcd_flipped
20002b78   pagemap
20002b98   xdc_runtime_LoggerBuf_Object__table__V
20002bbc   temp_count
20002bc0   Data
20002bc4   KeyBuffer
20002bc5   bitcount
20002bcc   _lock
20002bd0   _unlock
20002bd4   _cleanup_ptr
20002bd8   _dtors_ptr
20002bdc   TimeOfDay
20002be8   main_func_sp
20002bf0   StateInfo
20002bf2   LastState
20002bf4   __stack
20002df4   __STACK_TOP
20002ff4   __STACK_END
e000e000   ti_sysbios_family_arm_m3_Hwi_nvic
ffffffff   __binit__
ffffffff   __c_args__
ffffffff   binit
UNDEFED    SHT$$INIT_ARRAY$$Base
UNDEFED    SHT$$INIT_ARRAY$$Limit

[657 symbols]
