******************************************************************************
                  TI ARM Linker PC v5.0.4                      
******************************************************************************
>> Linked Wed May 29 20:42:09 2013

OUTPUT FILE NAME:   <Grocery.out>
ENTRY POINT SYMBOL: "_c_int00"  address: 00005e91


MEMORY CONFIGURATION

         name            origin    length      used     unused   attr    fill
----------------------  --------  ---------  --------  --------  ----  --------
  FLASH                 00000000   00040000  0000852f  00037ad1  R  X
  SRAM                  20000000   00008000  00002b5f  000054a1  RW X


SEGMENT ALLOCATION MAP

run origin  load origin   length   init length attrs members
----------  ----------- ---------- ----------- ----- -------
00000000    00000000    00008538   00008538    r-x
  00000000    00000000    00000360   00000360    r-- .resetVecs
  00000360    00000360    000070b6   000070b6    r-x .text
  00007418    00007418    00000989   00000989    r-- .const
  00007da8    00007da8    00000790   00000790    r-- .cinit
20000000    20000000    000019d0   00000000    rw-
  20000000    20000000    00000360   00000000    rw- .vecs
  20000360    20000360    00001670   00000000    rw- .bss
200019d0    200019d0    00001190   00000d8f    rw-
  200019d0    200019d0    00000d8f   00000d8f    rw- .data
  20002760    20002760    00000400   00000000    rw- .stack


SECTION ALLOCATION MAP

 output                                  attributes/
section   page    origin      length       input sections
--------  ----  ----------  ----------   ----------------
.bootVecs 
*          0    00000000    00000008     DSECT
                  00000000    00000008     boot.aem4f : boot.oem4f (.bootVecs)

.resetVecs 
*          0    00000000    00000360     
                  00000000    00000360     app_pem4f.oem4f (.resetVecs)

xdc.meta   0    00000000    000000d9     COPY SECTION
                  00000000    000000d9     app_pem4f.oem4f (xdc.meta)

xdc.noload 
*          0    00000000    00001230     COPY SECTION
                  00000000    00001230     app_pem4f.oem4f (xdc.noload)

.init_array 
*          0    00000000    00000000     UNINITIALIZED

.text      0    00000360    000070b6     
                  00000360    000008f2     graphics.obj (.text)
                  00000c52    00000002     sysbios.aem4f : BIOS.obj (.text:ti_sysbios_BIOS_nullFunc__I)
                  00000c54    000007b0     main.obj (.text)
                  00001404    000005f4     UiMessages.obj (.text)
                  000019f8    00000494     st7565.obj (.text)
                  00001e8c    00000480     Ps2Keyboard.obj (.text)
                  0000230c    00000424     sysbios.aem4f : BIOS.obj (.text:ti_sysbios_family_arm_m3_Hwi_excDumpRegs__I)
                  00002730    00000344     ti.targets.arm.rtsarm.aem4f : System.oem4f (.text:xdc_runtime_System_doPrint__I)
                  00002a74    00000314     Graphics_Bmp.obj (.text)
                  00002d88    000002e4     rtsv7M4_T_le_v4SPD16_eabi.lib : trgdrv.obj (.text)
                  0000306c    00000238     sysbios.aem4f : BIOS.obj (.text:ti_sysbios_knl_Semaphore_pend__E)
                  000032a4    000001dc                   : BIOS.obj (.text:ti_sysbios_family_arm_m3_Hwi_excHandlerMax__I)
                  00003480    000001d8     driverlib-cm4f.lib : sysctl.obj (.text:SysCtlClockGet)
                  00003658    00000194     buttons.obj (.text)
                  000037ec    0000018c     sysbios.aem4f : BIOS.obj (.text:ti_sysbios_knl_Task_sleep__E)
                  00003978    00000168                   : BIOS.obj (.text:ti_sysbios_family_arm_m3_Hwi_excBusFault__I)
                  00003ae0    00000154                   : BIOS.obj (.text:ti_sysbios_family_arm_m3_Hwi_excUsageFault__I)
                  00003c34    00000140                   : BIOS.obj (.text:ti_sysbios_family_arm_m3_Hwi_excMemFault__I)
                  00003d74    0000013c     ti.targets.arm.rtsarm.aem4f : Error.oem4f (.text:xdc_runtime_Error_raiseX__F)
                  00003eb0    00000138     Boot.aem4f : Boot_sysctl.oem4f (.text:ti_catalog_arm_cortexm4_tiva_ce_Boot_sysCtlClockSetI__I)
                  00003fe8    00000134     sysbios.aem4f : m3_Hwi_asm.obj (.text:ti_sysbios_family_arm_m3_Hwi_dispatch__I)
                  0000411c    0000012c     ti.targets.arm.rtsarm.aem4f : LoggerBuf.oem4f (.text:xdc_runtime_LoggerBuf_write8__F)
                  00004248    00000128     sysbios.aem4f : BIOS.obj (.text:ti_sysbios_family_arm_lm4_TimestampProvider_get64__E)
                  00004370    00000114                   : BIOS.obj (.text:ti_sysbios_family_arm_lm4_Timer_initDevice__I)
                  00004484    00000104     ti.targets.arm.rtsarm.aem4f : Core-mem.oem4f (.text:xdc_runtime_Core_createObject__I)
                  00004588    000000fc     sysbios.aem4f : BIOS.obj (.text:ti_sysbios_family_arm_lm4_Timer_start__E)
                  00004684    000000f8     ti.targets.arm.rtsarm.aem4f : Startup.oem4f (.text:xdc_runtime_Startup_startMods__I)
                  0000477c    000000f8     app_pem4f.oem4f (.text:xdc_runtime_System_printfExtend__I)
                  00004874    000000ec     rtsv7M4_T_le_v4SPD16_eabi.lib : dtor_list.obj (.text)
                  00004960    000000ec     sysbios.aem4f : BIOS.obj (.text:ti_sysbios_knl_Semaphore_post__E)
                  00004a4c    000000dc                   : BIOS.obj (.text:ti_sysbios_family_arm_m3_Hwi_initNVIC__E)
                  00004b28    000000dc                   : BIOS.obj (.text:ti_sysbios_knl_Task_postInit__I)
                  00004c04    000000d8     Clock.obj (.text)
                  00004cdc    000000d4     ti.targets.arm.rtsarm.aem4f : LoggerBuf.oem4f (.text:xdc_runtime_LoggerBuf_write4__F)
                  00004db0    000000c8     driverlib-cm4f.lib : gpio.obj (.text:GPIOPadConfigSet)
                  00004e78    000000b4     sysbios.aem4f : BIOS.obj (.text:ti_sysbios_family_arm_m3_Hwi_excHardFault__I)
                  00004f2c    000000b4                   : BIOS.obj (.text:ti_sysbios_knl_Task_checkStacks__E)
                  00004fe0    000000b0                   : BIOS.obj (.text:ti_sysbios_family_arm_m3_Hwi_excDebugMon__I)
                  00005090    000000ac                   : BIOS.obj (.text:ti_sysbios_knl_Swi_schedule__I)
                  0000513c    000000a4                   : BIOS.obj (.text:ti_sysbios_family_arm_m3_Hwi_Module_startup__F)
                  000051e0    000000a0     auto_init.aem4f : auto_init.oem4f (.text)
                  00005280    0000009c     rtsv7M4_T_le_v4SPD16_eabi.lib : memcpy_t2.obj (.text)
                  0000531c    0000009a     ti.targets.arm.rtsarm.aem4f : Text.oem4f (.text:xdc_runtime_Text_putSite__F)
                  000053b6    00000002     sysbios.aem4f : BIOS.obj (.text:ti_sysbios_gates_GateHwi_Instance_init__F)
                  000053b8    00000094     Boot.aem4f : Boot.oem4f (.text:ti_catalog_arm_cortexm4_tiva_ce_Boot_sysCtlClockSet__E)
                  0000544c    00000094     ti.targets.arm.rtsarm.aem4f : Text.oem4f (.text:xdc_runtime_Text_putMod__F)
                  000054e0    00000090     sysbios.aem4f : BIOS.obj (.text:ti_sysbios_knl_Task_exit__E)
                  00005570    00000090                   : BIOS.obj (.text:ti_sysbios_knl_Task_startCore__E)
                  00005600    0000008c                   : m3_TaskSupport_asm.obj (.text:_ti_sysbios_family_arm_m3_TaskSupport_buildTaskStack)
                  0000568c    0000008c     ti.targets.arm.rtsarm.aem4f : HeapMin.oem4f (.text:xdc_runtime_HeapMin_Instance_init__F)
                  00005718    00000088     sysbios.aem4f : BIOS.obj (.text:ti_sysbios_knl_Task_schedule__I)
                  000057a0    00000084                   : BIOS.obj (.text:ti_sysbios_knl_Task_Module_startup__F)
                  00005824    00000080     ti.targets.arm.rtsarm.aem4f : LoggerBuf.oem4f (.text:xdc_runtime_LoggerBuf_setFilterLevel__F)
                  000058a4    00000078     rtsv7M4_T_le_v4SPD16_eabi.lib : memset_t2.obj (.text)
                  0000591c    00000070     ti.targets.arm.rtsarm.aem4f : Memory.oem4f (.text:xdc_runtime_Memory_alloc__F)
                  0000598c    0000006c     sysbios.aem4f : BIOS.obj (.text:ti_sysbios_knl_Clock_workFunc__E)
                  000059f8    0000006c     ti.targets.arm.rtsarm.aem4f : Error.oem4f (.text:xdc_runtime_Error_print__F)
                  00005a64    0000006c                                 : LoggerBuf.oem4f (.text:xdc_runtime_LoggerBuf_getFilterLevel__F)
                  00005ad0    00000066                                 : Core-mem.oem4f (.text:xdc_runtime_Core_deleteObject__I)
                  00005b36    00000002     sysbios.aem4f : BIOS.obj (.text:ti_sysbios_knl_Clock_logTick__E)
                  00005b38    00000064     driverlib-cm4f.lib : interrupt.obj (.text:IntEnable)
                  00005b9c    00000060     rtsv7M4_T_le_v4SPD16_eabi.lib : trgmsg.obj (.text)
                  00005bfc    00000060     sysbios.aem4f : BIOS.obj (.text:ti_sysbios_family_arm_m3_Hwi_dispatchC__I)
                  00005c5c    00000060                   : BIOS.obj (.text:ti_sysbios_knl_Swi_run__I)
                  00005cbc    00000060     app_pem4f.oem4f (.text:xdc_runtime_LoggerBuf_Object__create__S)
                  00005d1c    0000005e     rtsv7M4_T_le_v4SPD16_eabi.lib : copy_decompress_rle.obj (.text)
                  00005d7a    00000002     app_pem4f.oem4f (.text:xdc_runtime_Startup_reset__I)
                  00005d7c    0000005c     sysbios.aem4f : BIOS.obj (.text:ti_sysbios_family_arm_lm4_Timer_Module_startup__F)
                  00005dd8    0000005c                   : BIOS.obj (.text:ti_sysbios_knl_Swi_restoreHwi__E)
                  00005e34    0000005b     ti.targets.arm.rtsarm.aem4f : Text.oem4f (.text:xdc_runtime_Text_putLab__F)
                  00005e8f    00000001     --HOLE-- [fill = 0]
                  00005e90    00000058     boot.aem4f : boot.oem4f (.text)
                  00005ee8    00000058     driverlib-cm4f.lib : sysctl.obj (.text:SysCtlPeripheralEnable)
                  00005f40    00000058     sysbios.aem4f : BIOS.obj (.text:ti_sysbios_knl_Task_unblockI__E)
                  00005f98    00000050     ti.targets.arm.rtsarm.aem4f : Startup.oem4f (.text:xdc_runtime_Startup_exec__F)
                  00005fe8    00000050                                 : System.oem4f (.text:xdc_runtime_System_formatNum__I)
                  00006038    00000048     driverlib-cm4f.lib : gpio.obj (.text:GPIOPinConfigure)
                  00006080    00000048     sysbios.aem4f : BIOS.obj (.text:ti_sysbios_family_arm_m3_Hwi_excReserved__I)
                  000060c8    00000048                   : BIOS.obj (.text:ti_sysbios_knl_Task_allBlockedFunction__I)
                  00006110    00000048     ti.targets.arm.rtsarm.aem4f : Assert.oem4f (.text:xdc_runtime_Assert_raise__I)
                  00006158    00000048                                 : Core-params.oem4f (.text:xdc_runtime_Core_assignParams__I)
                  000061a0    00000044     driverlib-cm4f.lib : gpio.obj (.text:GPIOIntTypeSet)
                  000061e4    00000044                        : ssi.obj (.text:SSIConfigSetExpClk)
                  00006228    00000044     rtsv7M4_T_le_v4SPD16_eabi.lib : cpy_tbl.obj (.text)
                  0000626c    00000044     sysbios.aem4f : BIOS.obj (.text:ti_sysbios_family_arm_lm4_Timer_isrStub__E)
                  000062b0    00000044                   : BIOS.obj (.text:ti_sysbios_family_arm_m3_Hwi_disableInterrupt__E)
                  000062f4    00000044                   : BIOS.obj (.text:ti_sysbios_family_arm_m3_Hwi_enableInterrupt__E)
                  00006338    00000044                   : BIOS.obj (.text:ti_sysbios_knl_Swi_post__E)
                  0000637c    00000044     ti.targets.arm.rtsarm.aem4f : LoggerBuf.oem4f (.text:xdc_runtime_LoggerBuf_filterOutEvent__I)
                  000063c0    00000044                                 : SysMin.oem4f (.text:xdc_runtime_SysMin_flush__F)
                  00006404    00000040     rtsv7M4_T_le_v4SPD16_eabi.lib : exit.obj (.text)
                  00006444    00000040     sysbios.aem4f : BIOS.obj (.text:ti_sysbios_family_arm_lm4_Timer_startup__E)
                  00006484    00000040                   : BIOS.obj (.text:ti_sysbios_knl_Semaphore_pendTimeout__I)
                  000064c4    00000040                   : BIOS.obj (.text:ti_sysbios_knl_Task_processVitalTaskFlag__I)
                  00006504    00000040     ti.targets.arm.rtsarm.aem4f : System.oem4f (.text:xdc_runtime_System_atexit__F)
                  00006544    0000003c     sysbios.aem4f : BIOS.obj (.text:ti_sysbios_family_arm_m3_Hwi_excSvCall__I)
                  00006580    0000003c                   : BIOS.obj (.text:ti_sysbios_knl_Swi_restore__E)
                  000065bc    0000003c     ti.targets.arm.rtsarm.aem4f : HeapMin.oem4f (.text:xdc_runtime_HeapMin_alloc__F)
                  000065f8    0000003c                                 : Text.oem4f (.text:xdc_runtime_Text_xprintf__I)
                  00006634    00000038     sysbios.aem4f : BIOS.obj (.text:ti_sysbios_family_arm_m3_Hwi_excNoIsr__I)
                  0000666c    00000038                   : BIOS.obj (.text:ti_sysbios_family_arm_m3_Hwi_getStackInfo__E)
                  000066a4    00000038                   : BIOS.obj (.text:ti_sysbios_family_arm_m3_TaskSupport_start__E)
                  000066dc    00000038     ti.targets.arm.rtsarm.aem4f : LoggerBuf.oem4f (.text:xdc_runtime_LoggerBuf_Instance_init__F)
                  00006714    00000038                                 : SysMin.oem4f (.text:xdc_runtime_SysMin_putch__F)
                  0000674c    00000034     sysbios.aem4f : BIOS.obj (.text:ti_sysbios_family_arm_m3_Hwi_excNmi__I)
                  00006780    00000034     app_pem4f.oem4f (.text:ti_sysbios_gates_GateHwi_Object__create__S)
                  000067b4    00000034     sysbios.aem4f : BIOS.obj (.text:ti_sysbios_hal_Hwi_checkStack:ti_sysbios_hal_Hwi_checkStack)
                  000067e8    00000034     app_pem4f.oem4f (.text:xdc_runtime_HeapMin_Object__create__S)
                  0000681c    00000030     sysbios.aem4f : BIOS.obj (.text:ti_sysbios_BIOS_errorRaiseHook__I)
                  0000684c    00000030     app_pem4f.oem4f (.text:ti_sysbios_BIOS_exitFunc__I)
                  0000687c    00000030     sysbios.aem4f : BIOS.obj (.text:ti_sysbios_family_arm_lm4_Timer_enableTimers__I)
                  000068ac    00000030                   : BIOS.obj (.text:ti_sysbios_family_arm_lm4_Timer_stop__E)
                  000068dc    00000030                   : BIOS.obj (.text:ti_sysbios_knl_Idle_run__E)
                  0000690c    00000030     ti.targets.arm.rtsarm.aem4f : Core-label.oem4f (.text:xdc_runtime_Core_assignLabel__I)
                  0000693c    00000030                                 : HeapMin.oem4f (.text:xdc_runtime_HeapMin_free__F)
                  0000696c    00000030                                 : SysMin.oem4f (.text:xdc_runtime_SysMin_abort__F)
                  0000699c    0000002f                                 : Text.oem4f (.text:xdc_runtime_Text_printVisFxn__I)
                  000069cb    00000001     --HOLE-- [fill = 0]
                  000069cc    0000002e     driverlib-cm4f.lib : gpio.obj (.text:GPIODirModeSet)
                  000069fa    0000002e     app_pem4f.oem4f (.text:malloc)
                  00006a28    0000002e     sysbios.aem4f : BIOS.obj (.text:ti_sysbios_knl_Task_sleepTimeout__I)
                  00006a56    0000002c                   : BIOS.obj (.text:ti_sysbios_hal_Hwi_initStack:ti_sysbios_hal_Hwi_initStack)
                  00006a82    00000002     --HOLE-- [fill = 0]
                  00006a84    0000002c     app_pem4f.oem4f (.text:ti_sysbios_knl_Clock_doTick__I)
                  00006ab0    0000002c     sysbios.aem4f : BIOS.obj (.text:ti_sysbios_knl_Task_restore__E)
                  00006adc    0000002c     ti.targets.arm.rtsarm.aem4f : System.oem4f (.text:xdc_runtime_System_rtsExit__I)
                  00006b08    0000002c                                 : Text.oem4f (.text:xdc_runtime_Text_cordText__F)
                  00006b34    0000002a                                 : System.oem4f (.text:xdc_runtime_System_putchar__I)
                  00006b5e    00000002     --HOLE-- [fill = 0]
                  00006b60    00000028     driverlib-cm4f.lib : timer.obj (.text:TimerConfigure)
                  00006b88    00000028     sysbios.aem4f : m3_Hwi_asm_switch.obj (.text:_ti_sysbios_family_arm_m3_Hwi_initStacks__E)
                  00006bb0    00000028                   : BIOS.obj (.text:ti_sysbios_knl_Clock_addI__E)
                  00006bd8    00000028     ti.targets.arm.rtsarm.aem4f : LoggerBuf.oem4f (.text:xdc_runtime_LoggerBuf_Module_startup__F)
                  00006c00    00000026                                 : System.oem4f (.text:xdc_runtime_System_avprintf__F)
                  00006c26    00000002     --HOLE-- [fill = 0]
                  00006c28    00000024     sysbios.aem4f : BIOS.obj (.text:ti_sysbios_knl_Clock_Module_startup__F)
                  00006c4c    00000024                   : BIOS.obj (.text:ti_sysbios_knl_Swi_Module_startup__F)
                  00006c70    00000024                   : BIOS.obj (.text:ti_sysbios_knl_Task_restoreHwi__E)
                  00006c94    00000024     ti.targets.arm.rtsarm.aem4f : System.oem4f (.text:xdc_runtime_System_vprintf__F)
                  00006cb8    00000022     app_pem4f.oem4f (.text:xdc_runtime_SysMin_output__I)
                  00006cda    00000002     --HOLE-- [fill = 0]
                  00006cdc    00000020     sysbios.aem4f : BIOS.obj (.text:ti_sysbios_BIOS_removeRTSLock__I)
                  00006cfc    00000020     app_pem4f.oem4f (.text:ti_sysbios_BIOS_startFunc__I)
                  00006d1c    00000020     app_pem4f.oem4f (.text:ti_sysbios_gates_GateHwi_Object__delete__S)
                  00006d3c    00000020     sysbios.aem4f : BIOS.obj (.text:ti_sysbios_knl_Task_enter__I)
                  00006d5c    00000020     app_pem4f.oem4f (.text:xdc_runtime_HeapMin_Object__delete__S)
                  00006d7c    00000020     app_pem4f.oem4f (.text:xdc_runtime_LoggerBuf_Object__delete__S)
                  00006d9c    00000020     ti.targets.arm.rtsarm.aem4f : LoggerBuf.oem4f (.text:xdc_runtime_LoggerBuf_reset__F)
                  00006dbc    00000020                                 : Registry.oem4f (.text:xdc_runtime_Registry_findById__F)
                  00006ddc    00000020                                 : SysMin.oem4f (.text:xdc_runtime_SysMin_Module_startup__F)
                  00006dfc    0000001e     sysbios.aem4f : BIOS.obj (.text:ti_sysbios_family_arm_lm4_Timer_write__I)
                  00006e1a    0000001c                   : BIOS.obj (.text:ti_sysbios_knl_Queue_put__E)
                  00006e36    00000002     --HOLE-- [fill = 0]
                  00006e38    0000001c     ti.targets.arm.rtsarm.aem4f : Error.oem4f (.text:xdc_runtime_Error_check__F)
                  00006e54    0000001c                                 : Memory.oem4f (.text:xdc_runtime_Memory_valloc__F)
                  00006e70    0000001c                                 : SysMin.oem4f (.text:xdc_runtime_SysMin_exit__F)
                  00006e8c    0000001a     app_pem4f.oem4f (.text:xdc_runtime_System_aprintf__E)
                  00006ea6    0000001a     app_pem4f.oem4f (.text:xdc_runtime_System_printf__E)
                  00006ec0    00000018     sysbios.aem4f : m3_TaskSupport_asm.obj (.text:_ti_sysbios_family_arm_m3_TaskSupport_swap__E)
                  00006ed8    00000018     app_pem4f.oem4f (.text:free)
                  00006ef0    00000018     rtsv7M4_T_le_v4SPD16_eabi.lib : args_main.obj (.text)
                  00006f08    00000018     app_pem4f.oem4f (.text:ti_sysbios_family_arm_lm4_Timer_Module__startupDone__F)
                  00006f20    00000018     app_pem4f.oem4f (.text:ti_sysbios_family_arm_m3_Hwi_Handle__label__S)
                  00006f38    00000018     app_pem4f.oem4f (.text:ti_sysbios_family_arm_m3_Hwi_Module__startupDone__F)
                  00006f50    00000018     app_pem4f.oem4f (.text:ti_sysbios_gates_GateHwi_Handle__label__S)
                  00006f68    00000018     app_pem4f.oem4f (.text:ti_sysbios_hal_Timer_Module__startupDone__F)
                  00006f80    00000018     app_pem4f.oem4f (.text:ti_sysbios_knl_Swi_Handle__label__S)
                  00006f98    00000018     app_pem4f.oem4f (.text:ti_sysbios_knl_Task_Handle__label__S)
                  00006fb0    00000018     app_pem4f.oem4f (.text:xdc_runtime_HeapMin_Handle__label__S)
                  00006fc8    00000018     app_pem4f.oem4f (.text:xdc_runtime_LoggerBuf_Handle__label__S)
                  00006fe0    00000018     ti.targets.arm.rtsarm.aem4f : Text.oem4f (.text:xdc_runtime_Text_ropeText__F)
                  00006ff8    00000014     rtsv7M4_T_le_v4SPD16_eabi.lib : _lock.obj (.text)
                  0000700c    00000014                                   : strlen.obj (.text)
                  00007020    00000014     sysbios.aem4f : BIOS.obj (.text:ti_sysbios_family_arm_m3_Hwi_switchFromBootStack__E)
                  00007034    00000014     app_pem4f.oem4f (.text:ti_sysbios_knl_Swi_Object__get__S)
                  00007048    00000014     ti.targets.arm.rtsarm.aem4f : LoggerBuf.oem4f (.text:xdc_runtime_LoggerBuf_Instance_finalize__F)
                  0000705c    00000014     app_pem4f.oem4f (.text:xdc_runtime_LoggerBuf_Object__get__S)
                  00007070    00000014     ti.targets.arm.rtsarm.aem4f : LoggerBuf.oem4f (.text:xdc_runtime_LoggerBuf_write2__F)
                  00007084    00000014                                 : System.oem4f (.text:xdc_runtime_System_abort__F)
                  00007098    00000012     driverlib-cm4f.lib : gpio.obj (.text:GPIOPinTypeGPIOInput)
                  000070aa    00000012                        : gpio.obj (.text:GPIOPinTypeGPIOOutput)
                  000070bc    00000012                        : gpio.obj (.text:GPIOPinTypeSSI)
                  000070ce    00000012                        : timer.obj (.text:TimerLoadSet)
                  000070e0    00000012     rtsv7M4_T_le_v4SPD16_eabi.lib : copy_zero_init.obj (.text:decompress:ZI)
                  000070f2    00000012     sysbios.aem4f : BIOS.obj (.text:ti_sysbios_hal_Hwi_Module_startup__F)
                  00007104    00000012                   : BIOS.obj (.text:ti_sysbios_hal_Timer_Module_startup__F)
                  00007116    00000012     ti.targets.arm.rtsarm.aem4f : LoggerBuf.oem4f (.text:xdc_runtime_LoggerBuf_write1__F)
                  00007128    00000012     app_pem4f.oem4f (.text:xdc_runtime_Startup_exec__I)
                  0000713a    00000010     sysbios.aem4f : m3_TaskSupport_asm.obj (.text:_ti_sysbios_family_arm_m3_TaskSupport_glue)
                  0000714a    00000010                   : m3_Hwi_asm_switch.obj (.text:_ti_sysbios_family_xxx_Hwi_switchToIsrStack)
                  0000715a    00000010     rtsv7M4_T_le_v4SPD16_eabi.lib : strcpy.obj (.text)
                  0000716a    00000002     --HOLE-- [fill = 0]
                  0000716c    00000010     sysbios.aem4f : BIOS.obj (.text:ti_sysbios_BIOS_setThreadType__E)
                  0000717c    00000010                   : BIOS.obj (.text:ti_sysbios_BIOS_start__E)
                  0000718c    00000010                   : BIOS.obj (.text:ti_sysbios_family_arm_lm4_TimestampProvider_rolloverFunc__E)
                  0000719c    00000010                   : BIOS.obj (.text:ti_sysbios_family_arm_m3_Hwi_excHandler__I)
                  000071ac    00000010                   : BIOS.obj (.text:ti_sysbios_knl_Swi_disable__E)
                  000071bc    00000010     app_pem4f.oem4f (.text:ti_sysbios_knl_Task_Object__get__S)
                  000071cc    00000010     sysbios.aem4f : BIOS.obj (.text:ti_sysbios_knl_Task_disable__E)
                  000071dc    00000010     ti.targets.arm.rtsarm.aem4f : Gate.oem4f (.text:xdc_runtime_Gate_leaveSystem__F)
                  000071ec    00000010                                 : LoggerBuf.oem4f (.text:xdc_runtime_LoggerBuf_write0__F)
                  000071fc    00000010                                 : Memory.oem4f (.text:xdc_runtime_Memory_free__F)
                  0000720c    00000010                                 : SysMin.oem4f (.text:xdc_runtime_SysMin_ready__F)
                  0000721c    00000010                                 : System.oem4f (.text:xdc_runtime_System_vsnprintf__F)
                  0000722c    0000000e     driverlib-cm4f.lib : timer.obj (.text:TimerEnable)
                  0000723a    0000000e     rtsv7M4_T_le_v4SPD16_eabi.lib : copy_decompress_none.obj (.text:decompress:none)
                  00007248    0000000e     sysbios.aem4f : BIOS.obj (.text:ti_sysbios_family_arm_m3_TaskSupport_checkStack__E)
                  00007256    0000000e                   : BIOS.obj (.text:ti_sysbios_knl_Queue_empty__E)
                  00007264    0000000c     app_pem4f.oem4f (.text:.bootCodeSection:ti_catalog_arm_cortexm4_tiva_ce_Boot_init__I)
                  00007270    0000000c     driverlib-cm4f.lib : gpio.obj (.text:GPIOPinIntEnable)
                  0000727c    0000000c     sysbios.aem4f : m3_Hwi_asm_switch.obj (.text:_ti_sysbios_family_xxx_Hwi_switchToTaskStack)
                  00007288    0000000c                   : BIOS.obj (.text:ti_sysbios_family_arm_lm4_Timer_masterDisable__I)
                  00007294    0000000c                   : BIOS.obj (.text:ti_sysbios_family_arm_lm4_TimestampProvider_startTimer__E)
                  000072a0    0000000c                   : BIOS.obj (.text:ti_sysbios_gates_GateHwi_enter__E)
                  000072ac    0000000c     app_pem4f.oem4f (.text:ti_sysbios_knl_Queue_Object__get__S)
                  000072b8    0000000c     ti.targets.arm.rtsarm.aem4f : Error.oem4f (.text:xdc_runtime_Error_init__F)
                  000072c4    0000000c                                 : Gate.oem4f (.text:xdc_runtime_Gate_enterSystem__F)
                  000072d0    0000000c                                 : HeapMin.oem4f (.text:xdc_runtime_HeapMin_getStats__F)
                  000072dc    0000000c                                 : Memory.oem4f (.text:xdc_runtime_Memory_calloc__F)
                  000072e8    0000000c                                 : Memory.oem4f (.text:xdc_runtime_Memory_getMaxDefaultTypeAlign__F)
                  000072f4    0000000c                                 : System.oem4f (.text:xdc_runtime_System_exit__F)
                  00007300    0000000c                                 : System.oem4f (.text:xdc_runtime_System_lastFxn__I)
                  0000730c    0000000a     driverlib-cm4f.lib : gpio.obj (.text:GPIOPinRead)
                  00007316    0000000a                        : gpio.obj (.text:GPIOPinWrite)
                  00007320    0000000a                        : ssi.obj (.text:SSIDataPut)
                  0000732a    0000000a                        : ssi.obj (.text:SSIEnable)
                  00007334    0000000a     app_pem4f.oem4f (.text:xdc_runtime_IHeap_alloc)
                  0000733e    0000000a     app_pem4f.oem4f (.text:xdc_runtime_IHeap_free)
                  00007348    0000000a     ti.targets.arm.rtsarm.aem4f : LoggerBuf.oem4f (.text:xdc_runtime_LoggerBuf_disable__F)
                  00007352    0000000a                                 : LoggerBuf.oem4f (.text:xdc_runtime_LoggerBuf_enable__F)
                  0000735c    00000008     driverlib-cm4f.lib : ssi.obj (.text:SSIBusy)
                  00007364    00000008                        : timer.obj (.text:TimerIntEnable)
                  0000736c    00000008     sysbios.aem4f : BIOS.obj (.text:ti_sysbios_family_arm_m3_Hwi_doSwiRestore__I)
                  00007374    00000008                   : BIOS.obj (.text:ti_sysbios_family_arm_m3_Hwi_startup__E)
                  0000737c    00000008                   : BIOS.obj (.text:ti_sysbios_knl_Idle_loop__E)
                  00007384    00000008     app_pem4f.oem4f (.text:xdc_runtime_Text_visitRope__I)
                  0000738c    00000006     driverlib-cm4f.lib : gpio.obj (.text:GPIOPinIntClear)
                  00007392    00000006     ti.targets.arm.rtsarm.aem4f : xdc_noinit.oem4f (.text:__xdc__init)
                  00007398    00000006     rtsv7M4_T_le_v4SPD16_eabi.lib : copy_decompress_rle.obj (.text:decompress:rle24)
                  0000739e    00000006     Boot.aem4f : Boot_sysctl.oem4f (.text:ti_catalog_arm_cortexm4_tiva_ce_Boot_sysCtlDelayI__I)
                  000073a4    00000006     sysbios.aem4f : BIOS.obj (.text:ti_sysbios_family_arm_lm4_TimestampProvider_Module_startup__F)
                  000073aa    00000006                   : BIOS.obj (.text:ti_sysbios_family_arm_m3_Hwi_doTaskRestore__I)
                  000073b0    00000006                   : BIOS.obj (.text:ti_sysbios_gates_GateHwi_leave__E)
                  000073b6    00000006                   : BIOS.obj (.text:ti_sysbios_knl_Swi_startup__E)
                  000073bc    00000006     ti.targets.arm.rtsarm.aem4f : System.oem4f (.text:xdc_runtime_System_Module_startup__F)
                  000073c2    00000004     driverlib-cm4f.lib : timer.obj (.text:TimerIntClear)
                  000073c6    00000004     sysbios.aem4f : BIOS.obj (.text:ti_sysbios_family_arm_lm4_Timer_getPeriod__E)
                  000073ca    00000004                   : BIOS.obj (.text:ti_sysbios_family_arm_lm4_Timer_masterEnable__I)
                  000073ce    00000004     app_pem4f.oem4f (.text:ti_sysbios_family_arm_m3_TaskSupport_Module__startupDone__S)
                  000073d2    00000004     sysbios.aem4f : BIOS.obj (.text:ti_sysbios_gates_GateHwi_query__F)
                  000073d6    00000004     app_pem4f.oem4f (.text:ti_sysbios_hal_Hwi_HwiProxy_Module__startupDone__S)
                  000073da    00000004     app_pem4f.oem4f (.text:ti_sysbios_hal_Timer_TimerProxy_Module__startupDone__S)
                  000073de    00000004     app_pem4f.oem4f (.text:ti_sysbios_hal_Timer_TimerProxy_getPeriod__E)
                  000073e2    00000004     app_pem4f.oem4f (.text:ti_sysbios_knl_Task_SupportProxy_Module__startupDone__S)
                  000073e6    00000004     sysbios.aem4f : BIOS.obj (.text:ti_sysbios_knl_Task_startup__E)
                  000073ea    00000004     ti.targets.arm.rtsarm.aem4f : Error.oem4f (.text:xdc_runtime_Error_getSite__F)
                  000073ee    00000004                                 : HeapMin.oem4f (.text:xdc_runtime_HeapMin_isBlocking__F)
                  000073f2    00000004     app_pem4f.oem4f (.text:xdc_runtime_LoggerBuf_Module_GateProxy_enter__E)
                  000073f6    00000004     app_pem4f.oem4f (.text:xdc_runtime_LoggerBuf_Module_GateProxy_leave__E)
                  000073fa    00000004     app_pem4f.oem4f (.text:xdc_runtime_Memory_HeapProxy_alloc__E)
                  000073fe    00000004     app_pem4f.oem4f (.text:xdc_runtime_Memory_HeapProxy_free__E)
                  00007402    00000004     app_pem4f.oem4f (.text:xdc_runtime_System_Module_GateProxy_enter__E)
                  00007406    00000004     app_pem4f.oem4f (.text:xdc_runtime_System_Module_GateProxy_leave__E)
                  0000740a    00000004     ti.targets.arm.rtsarm.aem4f : System.oem4f (.text:xdc_runtime_System_aprintf_va__F)
                  0000740e    00000004                                 : System.oem4f (.text:xdc_runtime_System_printf_va__F)
                  00007412    00000004     app_pem4f.oem4f (.text:xdc_runtime_System_vsnprintf__E)

.const     0    00007418    00000989     
                  00007418    000001b6     Font.obj (.const:.string:MyFont)
                  000075ce    00000002     --HOLE-- [fill = 0]
                  000075d0    000000d8     app_pem4f.oem4f (.const:ti_sysbios_family_arm_m3_Hwi_priorities__A)
                  000076a8    000000ac     scancodes.obj (.const:shifted)
                  00007754    000000ac     scancodes.obj (.const:unshifted)
                  00007800    00000078     driverlib-cm4f.lib : gpio.obj (.const:g_pulGPIOBaseAddrs)
                  00007878    00000070                        : interrupt.obj (.const)
                  000078e8    0000006c                        : sysctl.obj (.const:g_pulXtals)
                  00007954    00000048     app_pem4f.oem4f (.const:.string)
                  0000799c    00000040     driverlib-cm4f.lib : sysctl.obj (.const)
                  000079dc    0000003c     app_pem4f.oem4f (.const:xdc_runtime_LoggerBuf_Module__FXNS__C)
                  00007a18    0000002c     app_pem4f.oem4f (.const:xdc_runtime_Startup_sfxnTab__A)
                  00007a44    00000028     app_pem4f.oem4f (.const:xdc_runtime_HeapMin_Module__FXNS__C)
                  00007a6c    00000024     app_pem4f.oem4f (.const:ti_sysbios_gates_GateHwi_Module__FXNS__C)
                  00007a90    00000024     app_pem4f.oem4f (.const:xdc_runtime_LoggerBuf_Object__PARAMS__C)
                  00007ab4    00000020     app_pem4f.oem4f (.const:ti_sysbios_gates_GateHwi_Object__DESC__C)
                  00007ad4    00000020     app_pem4f.oem4f (.const:xdc_runtime_HeapMin_Object__DESC__C)
                  00007af4    00000020     app_pem4f.oem4f (.const:xdc_runtime_HeapMin_Object__PARAMS__C)
                  00007b14    00000020     app_pem4f.oem4f (.const:xdc_runtime_LoggerBuf_Object__DESC__C)
                  00007b34    00000018     app_pem4f.oem4f (.const)
                  00007b4c    00000018     app_pem4f.oem4f (.const:ti_sysbios_gates_GateHwi_Object__PARAMS__C)
                  00007b64    00000018     app_pem4f.oem4f (.const:ti_sysbios_knl_Task_hooks__A)
                  00007b7c    00000016     app_pem4f.oem4f (.const:xdc_runtime_Startup_sfxnRts__A)
                  00007b92    00000002     --HOLE-- [fill = 0]
                  00007b94    00000011     ti.targets.arm.rtsarm.aem4f : System.oem4f (.const)
                  00007ba5    00000003     --HOLE-- [fill = 0]
                  00007ba8    00000010     app_pem4f.oem4f (.const:xdc_runtime_Startup_firstFxns__A)
                  00007bb8    00000008     app_pem4f.oem4f (.const:ti_sysbios_family_arm_m3_Hwi_excHookFuncs__A)
                  00007bc0    00000008     app_pem4f.oem4f (.const:ti_sysbios_knl_Idle_coreList__C)
                  00007bc8    00000008     app_pem4f.oem4f (.const:ti_sysbios_knl_Idle_funcList__C)
                  00007bd0    00000008     app_pem4f.oem4f (.const:ti_sysbios_knl_Task_hooks__C)
                  00007bd8    00000008     app_pem4f.oem4f (.const:xdc_runtime_Startup_firstFxns__C)
                  00007be0    00000008     app_pem4f.oem4f (.const:xdc_runtime_Startup_lastFxns__A)
                  00007be8    00000008     app_pem4f.oem4f (.const:xdc_runtime_Startup_lastFxns__C)
                  00007bf0    00000004     app_pem4f.oem4f (.const:ti_catalog_arm_cortexm4_tiva_ce_Boot_A_mustUseEnhancedClockMode__C)
                  00007bf4    00000004     app_pem4f.oem4f (.const:ti_catalog_arm_cortexm4_tiva_ce_Boot_Module__diagsEnabled__C)
                  00007bf8    00000004     app_pem4f.oem4f (.const:ti_catalog_arm_cortexm4_tiva_ce_Boot_Module__diagsIncluded__C)
                  00007bfc    00000004     app_pem4f.oem4f (.const:ti_catalog_arm_cortexm4_tiva_ce_Boot_Module__diagsMask__C)
                  00007c00    00000004     app_pem4f.oem4f (.const:ti_sysbios_BIOS_installedErrorHook__C)
                  00007c04    00000004     app_pem4f.oem4f (.const:ti_sysbios_family_arm_lm4_Timer_numTimerDevices__C)
                  00007c08    00000004     app_pem4f.oem4f (.const:ti_sysbios_family_arm_lm4_Timer_startupNeeded__C)
                  00007c0c    00000004     app_pem4f.oem4f (.const:ti_sysbios_family_arm_m3_Hwi_E_NMI__C)
                  00007c10    00000004     app_pem4f.oem4f (.const:ti_sysbios_family_arm_m3_Hwi_E_busFault__C)
                  00007c14    00000004     app_pem4f.oem4f (.const:ti_sysbios_family_arm_m3_Hwi_E_debugMon__C)
                  00007c18    00000004     app_pem4f.oem4f (.const:ti_sysbios_family_arm_m3_Hwi_E_hardFault__C)
                  00007c1c    00000004     app_pem4f.oem4f (.const:ti_sysbios_family_arm_m3_Hwi_E_memFault__C)
                  00007c20    00000004     app_pem4f.oem4f (.const:ti_sysbios_family_arm_m3_Hwi_E_noIsr__C)
                  00007c24    00000004     app_pem4f.oem4f (.const:ti_sysbios_family_arm_m3_Hwi_E_reserved__C)
                  00007c28    00000004     app_pem4f.oem4f (.const:ti_sysbios_family_arm_m3_Hwi_E_svCall__C)
                  00007c2c    00000004     app_pem4f.oem4f (.const:ti_sysbios_family_arm_m3_Hwi_E_usageFault__C)
                  00007c30    00000004     app_pem4f.oem4f (.const:ti_sysbios_family_arm_m3_Hwi_NUM_INTERRUPTS__C)
                  00007c34    00000004     app_pem4f.oem4f (.const:ti_sysbios_family_arm_m3_Hwi_ccr__C)
                  00007c38    00000004     app_pem4f.oem4f (.const:ti_sysbios_family_arm_m3_Hwi_dispatchTable__C)
                  00007c3c    00000004     app_pem4f.oem4f (.const:ti_sysbios_family_arm_m3_Hwi_excHandlerFunc__C)
                  00007c40    00000004     app_pem4f.oem4f (.const:ti_sysbios_family_arm_m3_Hwi_excHookFuncs__C)
                  00007c44    00000004     app_pem4f.oem4f (.const:ti_sysbios_family_arm_m3_Hwi_priGroup__C)
                  00007c48    00000004     app_pem4f.oem4f (.const:ti_sysbios_family_arm_m3_Hwi_priorities__C)
                  00007c4c    00000004     app_pem4f.oem4f (.const:ti_sysbios_hal_Hwi_E_stackOverflow__C)
                  00007c50    00000004     app_pem4f.oem4f (.const:ti_sysbios_knl_Clock_Module_State_clockQ__O)
                  00007c54    00000004     app_pem4f.oem4f (.const:ti_sysbios_knl_Idle_coreList__A)
                  00007c58    00000004     app_pem4f.oem4f (.const:ti_sysbios_knl_Idle_funcList__A)
                  00007c5c    00000004     app_pem4f.oem4f (.const:ti_sysbios_knl_Semaphore_A_badContext__C)
                  00007c60    00000004     app_pem4f.oem4f (.const:ti_sysbios_knl_Semaphore_A_overflow__C)
                  00007c64    00000004     app_pem4f.oem4f (.const:ti_sysbios_knl_Semaphore_A_pendTaskDisabled__C)
                  00007c68    00000004     app_pem4f.oem4f (.const:ti_sysbios_knl_Semaphore_Instance_State_pendQ__O)
                  00007c6c    00000004     app_pem4f.oem4f (.const:ti_sysbios_knl_Semaphore_Module__diagsEnabled__C)
                  00007c70    00000004     app_pem4f.oem4f (.const:ti_sysbios_knl_Semaphore_Module__diagsIncluded__C)
                  00007c74    00000004     app_pem4f.oem4f (.const:ti_sysbios_knl_Semaphore_Module__diagsMask__C)
                  00007c78    00000004     app_pem4f.oem4f (.const:ti_sysbios_knl_Swi_Object__count__C)
                  00007c7c    00000004     app_pem4f.oem4f (.const:ti_sysbios_knl_Task_A_badTimeout__C)
                  00007c80    00000004     app_pem4f.oem4f (.const:ti_sysbios_knl_Task_A_sleepTaskDisabled__C)
                  00007c84    00000004     app_pem4f.oem4f (.const:ti_sysbios_knl_Task_E_spOutOfBounds__C)
                  00007c88    00000004     app_pem4f.oem4f (.const:ti_sysbios_knl_Task_E_stackOverflow__C)
                  00007c8c    00000004     app_pem4f.oem4f (.const:ti_sysbios_knl_Task_Module_State_inactiveQ__O)
                  00007c90    00000004     app_pem4f.oem4f (.const:ti_sysbios_knl_Task_Module__diagsEnabled__C)
                  00007c94    00000004     app_pem4f.oem4f (.const:ti_sysbios_knl_Task_Module__diagsIncluded__C)
                  00007c98    00000004     app_pem4f.oem4f (.const:ti_sysbios_knl_Task_Module__diagsMask__C)
                  00007c9c    00000004     app_pem4f.oem4f (.const:ti_sysbios_knl_Task_Object__count__C)
                  00007ca0    00000004     app_pem4f.oem4f (.const:ti_sysbios_knl_Task_allBlockedFunc__C)
                  00007ca4    00000004     app_pem4f.oem4f (.const:ti_sysbios_knl_Task_numConstructedTasks__C)
                  00007ca8    00000004     app_pem4f.oem4f (.const:xdc_runtime_Assert_E_assertFailed__C)
                  00007cac    00000004     app_pem4f.oem4f (.const:xdc_runtime_Core_A_initializedParams__C)
                  00007cb0    00000004     app_pem4f.oem4f (.const:xdc_runtime_Core_Module__diagsEnabled__C)
                  00007cb4    00000004     app_pem4f.oem4f (.const:xdc_runtime_Core_Module__diagsIncluded__C)
                  00007cb8    00000004     app_pem4f.oem4f (.const:xdc_runtime_Core_Module__diagsMask__C)
                  00007cbc    00000004     app_pem4f.oem4f (.const:xdc_runtime_Error_E_memory__C)
                  00007cc0    00000004     app_pem4f.oem4f (.const:xdc_runtime_Error_Module__diagsEnabled__C)
                  00007cc4    00000004     app_pem4f.oem4f (.const:xdc_runtime_Error_Module__diagsIncluded__C)
                  00007cc8    00000004     app_pem4f.oem4f (.const:xdc_runtime_Error_Module__diagsMask__C)
                  00007ccc    00000004     app_pem4f.oem4f (.const:xdc_runtime_Error_Module__loggerFxn8__C)
                  00007cd0    00000004     app_pem4f.oem4f (.const:xdc_runtime_Error_Module__loggerObj__C)
                  00007cd4    00000004     app_pem4f.oem4f (.const:xdc_runtime_Error_raiseHook__C)
                  00007cd8    00000004     app_pem4f.oem4f (.const:xdc_runtime_HeapMin_A_zeroSize__C)
                  00007cdc    00000004     app_pem4f.oem4f (.const:xdc_runtime_HeapMin_E_freeError__C)
                  00007ce0    00000004     app_pem4f.oem4f (.const:xdc_runtime_HeapMin_Module__diagsEnabled__C)
                  00007ce4    00000004     app_pem4f.oem4f (.const:xdc_runtime_HeapMin_Module__diagsIncluded__C)
                  00007ce8    00000004     app_pem4f.oem4f (.const:xdc_runtime_HeapMin_Module__diagsMask__C)
                  00007cec    00000004     app_pem4f.oem4f (.const:xdc_runtime_IFilterLogger_Interface__BASE__C)
                  00007cf0    00000004     app_pem4f.oem4f (.const:xdc_runtime_IGateProvider_Interface__BASE__C)
                  00007cf4    00000004     app_pem4f.oem4f (.const:xdc_runtime_IHeap_Interface__BASE__C)
                  00007cf8    00000004     app_pem4f.oem4f (.const:xdc_runtime_ILogger_Interface__BASE__C)
                  00007cfc    00000004     app_pem4f.oem4f (.const:xdc_runtime_IModule_Interface__BASE__C)
                  00007d00    00000004     app_pem4f.oem4f (.const:xdc_runtime_Log_L_error__C)
                  00007d04    00000004     app_pem4f.oem4f (.const:xdc_runtime_LoggerBuf_E_badLevel__C)
                  00007d08    00000004     app_pem4f.oem4f (.const:xdc_runtime_LoggerBuf_Module__gateObj__C)
                  00007d0c    00000004     app_pem4f.oem4f (.const:xdc_runtime_LoggerBuf_Object__count__C)
                  00007d10    00000004     app_pem4f.oem4f (.const:xdc_runtime_LoggerBuf_statusLogger__C)
                  00007d14    00000004     app_pem4f.oem4f (.const:xdc_runtime_Memory_defaultHeapInstance__C)
                  00007d18    00000004     app_pem4f.oem4f (.const:xdc_runtime_Startup_execImpl__C)
                  00007d1c    00000004     app_pem4f.oem4f (.const:xdc_runtime_Startup_maxPasses__C)
                  00007d20    00000004     app_pem4f.oem4f (.const:xdc_runtime_Startup_sfxnRts__C)
                  00007d24    00000004     app_pem4f.oem4f (.const:xdc_runtime_Startup_sfxnTab__C)
                  00007d28    00000004     app_pem4f.oem4f (.const:xdc_runtime_SysMin_bufSize__C)
                  00007d2c    00000004     app_pem4f.oem4f (.const:xdc_runtime_SysMin_outputFunc__C)
                  00007d30    00000004     app_pem4f.oem4f (.const:xdc_runtime_System_Module__gateObj__C)
                  00007d34    00000004     app_pem4f.oem4f (.const:xdc_runtime_System_extendFxn__C)
                  00007d38    00000004     app_pem4f.oem4f (.const:xdc_runtime_System_maxAtexitHandlers__C)
                  00007d3c    00000004     app_pem4f.oem4f (.const:xdc_runtime_Text_charTab__C)
                  00007d40    00000004     app_pem4f.oem4f (.const:xdc_runtime_Text_nameEmpty__C)
                  00007d44    00000004     app_pem4f.oem4f (.const:xdc_runtime_Text_nameStatic__C)
                  00007d48    00000004     app_pem4f.oem4f (.const:xdc_runtime_Text_nameUnknown__C)
                  00007d4c    00000004     app_pem4f.oem4f (.const:xdc_runtime_Text_visitRopeFxn__C)
                  00007d50    00000002     app_pem4f.oem4f (.const:ti_catalog_arm_cortexm4_tiva_ce_Boot_Module__id__C)
                  00007d52    00000002     --HOLE-- [fill = 0]
                  00007d54    00000002     app_pem4f.oem4f (.const:ti_sysbios_family_arm_lm4_TimestampProvider_useClockTimer__C)
                  00007d56    00000002     --HOLE-- [fill = 0]
                  00007d58    00000002     app_pem4f.oem4f (.const:ti_sysbios_family_arm_m3_Hwi_Module__id__C)
                  00007d5a    00000002     --HOLE-- [fill = 0]
                  00007d5c    00000002     app_pem4f.oem4f (.const:ti_sysbios_hal_Hwi_Module__id__C)
                  00007d5e    00000002     --HOLE-- [fill = 0]
                  00007d60    00000002     app_pem4f.oem4f (.const:ti_sysbios_knl_Semaphore_Module__id__C)
                  00007d62    00000002     --HOLE-- [fill = 0]
                  00007d64    00000002     app_pem4f.oem4f (.const:ti_sysbios_knl_Task_Module__id__C)
                  00007d66    00000002     --HOLE-- [fill = 0]
                  00007d68    00000002     app_pem4f.oem4f (.const:ti_sysbios_knl_Task_initStackFlag__C)
                  00007d6a    00000002     --HOLE-- [fill = 0]
                  00007d6c    00000002     app_pem4f.oem4f (.const:xdc_runtime_Core_Module__id__C)
                  00007d6e    00000002     --HOLE-- [fill = 0]
                  00007d70    00000002     app_pem4f.oem4f (.const:xdc_runtime_Error_Module__loggerDefined__C)
                  00007d72    00000002     --HOLE-- [fill = 0]
                  00007d74    00000002     app_pem4f.oem4f (.const:xdc_runtime_Error_maxDepth__C)
                  00007d76    00000002     --HOLE-- [fill = 0]
                  00007d78    00000002     app_pem4f.oem4f (.const:xdc_runtime_HeapMin_Module__id__C)
                  00007d7a    00000002     --HOLE-- [fill = 0]
                  00007d7c    00000002     app_pem4f.oem4f (.const:xdc_runtime_HeapMin_freeError__C)
                  00007d7e    00000002     --HOLE-- [fill = 0]
                  00007d80    00000002     app_pem4f.oem4f (.const:xdc_runtime_LoggerBuf_Module__id__C)
                  00007d82    00000002     --HOLE-- [fill = 0]
                  00007d84    00000002     app_pem4f.oem4f (.const:xdc_runtime_LoggerBuf_filterByLevel__C)
                  00007d86    00000002     --HOLE-- [fill = 0]
                  00007d88    00000002     app_pem4f.oem4f (.const:xdc_runtime_Memory_Module__id__C)
                  00007d8a    00000002     --HOLE-- [fill = 0]
                  00007d8c    00000002     app_pem4f.oem4f (.const:xdc_runtime_SysMin_flushAtExit__C)
                  00007d8e    00000002     --HOLE-- [fill = 0]
                  00007d90    00000002     app_pem4f.oem4f (.const:xdc_runtime_Text_charCnt__C)
                  00007d92    00000002     --HOLE-- [fill = 0]
                  00007d94    00000002     app_pem4f.oem4f (.const:xdc_runtime_Text_isLoaded__C)
                  00007d96    00000002     --HOLE-- [fill = 0]
                  00007d98    00000002     app_pem4f.oem4f (.const:xdc_runtime_Text_registryModsLastId__C)
                  00007d9a    00000002     --HOLE-- [fill = 0]
                  00007d9c    00000002     app_pem4f.oem4f (.const:xdc_runtime_Text_unnamedModsLastId__C)
                  00007d9e    00000002     --HOLE-- [fill = 0]
                  00007da0    00000001     app_pem4f.oem4f (.const:xdc_runtime_Error_policy__C)

.cinit     0    00007da8    00000790     
                  00007da8    00000757     (.cinit..data.load) [load image, compression = rle]
                  000084ff    00000001     --HOLE-- [fill = 0]
                  00008500    0000000c     (__TI_handler_table)
                  0000850c    00000004     --HOLE-- [fill = 0]
                  00008510    00000008     (.cinit..bss.load) [load image, compression = zero_init]
                  00008518    00000008     (.cinit..vecs.load) [load image, compression = zero_init]
                  00008520    00000018     (__TI_cinit_table)

.vecs      0    20000000    00000360     UNINITIALIZED
                  20000000    00000360     app_pem4f.oem4f (.vecs)

.bss       0    20000360    00001670     UNINITIALIZED
                  20000360    00001000     app_pem4f.oem4f (.bss:taskStackSection)
                  20001360    00000400     st7565.obj (.bss:glcd_buffer)
                  20001760    00000120     rtsv7M4_T_le_v4SPD16_eabi.lib : trgmsg.obj (.bss:__CIOBUF_)
                  20001880    00000080     app_pem4f.oem4f (.bss:xdc_runtime_LoggerBuf_Instance_State_0_entryArr__A)
                  20001900    00000080     app_pem4f.oem4f (.bss:xdc_runtime_SysMin_Module_State_0_outbuf__A)
                  20001980    00000030     app_pem4f.oem4f (.bss)
                  200019b0    0000000c     Graphics_Bmp.obj (.bss)
                  200019bc    0000000b     Ps2Keyboard.obj (.bss)
                  200019c7    00000008     rtsv7M4_T_le_v4SPD16_eabi.lib : trgdrv.obj (.bss)
                  200019cf    00000001     st7565.obj (.bss)

.data      0    200019d0    00000d8f     
                  200019d0    000003e8     Items.obj (.data:ItemBlock1)
                  20001db8    00000360     app_pem4f.oem4f (.data:ti_sysbios_family_arm_m3_Hwi_Module_State_0_dispatchTable__A)
                  20002118    0000017c     app_pem4f.oem4f (.data)
                  20002294    00000130     app_pem4f.oem4f (.data:ti_sysbios_knl_Task_Object__table__V)
                  200023c4    00000080     app_pem4f.oem4f (.data:ti_sysbios_knl_Swi_Module_State_0_readyQ__A)
                  20002444    00000080     app_pem4f.oem4f (.data:ti_sysbios_knl_Task_Module_State_0_readyQ__A)
                  200024c4    00000070     app_pem4f.oem4f (.data:ti_sysbios_family_arm_lm4_Timer_Object__table__V)
                  20002534    00000060     app_pem4f.oem4f (.data:ti_sysbios_family_arm_m3_Hwi_Object__table__V)
                  20002594    00000054     app_pem4f.oem4f (.data:ti_sysbios_family_arm_m3_Hwi_Module__state__V)
                  200025e8    00000044     app_pem4f.oem4f (.data:ti_sysbios_knl_Task_Module__state__V)
                  2000262c    00000032     Items.obj (.data:ItemLookUp)
                  2000265e    00000002     --HOLE--
                  20002660    00000030     app_pem4f.oem4f (.data:ti_sysbios_family_arm_lm4_Timer_Module_State_0_device__A)
                  20002690    00000030     app_pem4f.oem4f (.data:ti_sysbios_knl_Swi_Object__table__V)
                  200026c0    00000028     app_pem4f.oem4f (.data:ti_sysbios_knl_Clock_Module__state__V)
                  200026e8    00000024     st7565.obj (.data)
                  2000270c    00000024     app_pem4f.oem4f (.data:xdc_runtime_LoggerBuf_Object__table__V)
                  20002730    00000008     rtsv7M4_T_le_v4SPD16_eabi.lib : _lock.obj (.data)
                  20002738    00000008                                   : exit.obj (.data)
                  20002740    00000006     buttons.obj (.data)
                  20002746    00000002     --HOLE--
                  20002748    00000005     Ps2Keyboard.obj (.data)
                  2000274d    00000003     --HOLE--
                  20002750    00000004     main.obj (.data)
                  20002754    00000004     rtsv7M4_T_le_v4SPD16_eabi.lib : dtor_list.obj (.data)
                  20002758    00000004                                   : stkdepth_vars.obj (.data)
                  2000275c    00000003     Clock.obj (.data)

.stack     0    20002760    00000400     UNINITIALIZED
                  20002760    00000400     --HOLE--


LINKER GENERATED COPY TABLES

__TI_cinit_table @ 00008520 records: 3, size/record: 8, table size: 24
	.data: load addr=00007da8, load size=00000757 bytes, run addr=200019d0, run size=00000d8f bytes, compression=rle
	.bss: load addr=00008510, load size=00000008 bytes, run addr=20000360, run size=00001670 bytes, compression=zero_init
	.vecs: load addr=00008518, load size=00000008 bytes, run addr=20000000, run size=00000360 bytes, compression=zero_init


LINKER GENERATED HANDLER TABLE

__TI_handler_table @ 00008500 records: 3, size/record: 4, table size: 12
	index: 0, handler: __TI_zero_init
	index: 1, handler: __TI_decompress_rle24
	index: 2, handler: __TI_decompress_none


GLOBAL SYMBOLS: SORTED ALPHABETICALLY BY Name 

address    name
--------   ----
000015b9   AddMsg
000016d7   AddMsgFound
0000178b   AddMsgFoundWrongF
00001615   AddMsgInvalid
00001865   AddMsgNewExp
000017fd   AddMsgNoMatch
00007b38   ButTask
0000373b   ButtonTask
00003703   ButtonsInit
00003659   ButtonsPoll
00006405   C$$EXIT
00005bc7   C$$IO$$
00007b3c   Clock
00004c05   ClockInit
00001e8d   FSSIntHandler
000069cd   GPIODirModeSet
000061a1   GPIOIntTypeSet
00004db1   GPIOPadConfigSet
00006039   GPIOPinConfigure
0000738d   GPIOPinIntClear
00007271   GPIOPinIntEnable
0000730d   GPIOPinRead
00007099   GPIOPinTypeGPIOInput
000070ab   GPIOPinTypeGPIOOutput
000070bd   GPIOPinTypeSSI
00007317   GPIOPinWrite
00002c65   GlcdDispTime
0000301f   HOSTclock
00002fe5   HOSTclose
00002fa7   HOSTgetenv
00002f4b   HOSTlseek
00002efb   HOSTopen
00002ead   HOSTread
00002e4d   HOSTrename
00002e11   HOSTtime
00002dd7   HOSTunlink
00002d89   HOSTwrite
00005b39   IntEnable
200019d0   ItemBlock1
2000262c   ItemLookUp
0000227d   KeyPend
00007b40   KeySem
000022bd   KeyTask
00007b44   Keyboard
00001f2f   KeyboardInit
00007b48   KeyboardTask
20002753   LastState
00006d9d   LoggerBuf_instanceStartup
000014db   MainMsg
00007418   MyFont
UNDEFED    SHT$$INIT_ARRAY$$Base
UNDEFED    SHT$$INIT_ARRAY$$Limit
0000735d   SSIBusy
000061e5   SSIConfigSetExpClk
00007321   SSIDataPut
0000732b   SSIEnable
20002750   StateInfo
00003481   SysCtlClockGet
00005ee9   SysCtlPeripheralEnable
20002378   TSK_idle
00004c95   TimeGet
20002740   TimeOfDay
00004cab   TimeSet
00004c45   Timer0IntHandler
00006b61   TimerConfigure
0000722d   TimerEnable
000073c3   TimerIntClear
00007365   TimerIntEnable
000070cf   TimerLoadSet
00007b34   UI
00000c55   UiTask
00001405   WelcomeMsg
00001469   WelcomeMsg2
00000000   __ASM__
20001760   __CIOBUF_
00000052   __ISA__
00000065   __PLAT__
20002b60   __STACK_END
00000400   __STACK_SIZE
20002960   __STACK_TOP
0000008b   __TARG__
00008520   __TI_CINIT_Base
00008538   __TI_CINIT_Limit
00008500   __TI_Handler_Table_Base
0000850c   __TI_Handler_Table_Limit
00000001   __TI_args_main
000051e1   __TI_auto_init
0000723b   __TI_decompress_none
00007399   __TI_decompress_rle24
00000000   __TI_static_base__
000070e1   __TI_zero_init
000000b1   __TRDR__
000048cb   __aeabi_atexit
000058a5   __aeabi_memclr
000058a5   __aeabi_memclr4
000058a5   __aeabi_memclr8
00005281   __aeabi_memcpy
00005281   __aeabi_memcpy4
00005281   __aeabi_memcpy8
000058a7   __aeabi_memset
000058a7   __aeabi_memset4
000058a7   __aeabi_memset8
ffffffff   __binit__
ffffffff   __c_args__
000048b9   __cxa_atexit
00004875   __cxa_finalize
000048b3   __cxa_ia64_exit
20002760   __stack
00007393   __xdc__init
20002290   __xdc__init__addr
00006ef1   _args_main
00005e91   _c_int00
20002738   _cleanup_ptr
2000273c   _dtors_ptr
20002730   _lock
00007007   _nop
00006fff   _register_lock
00006ff9   _register_unlock
20002734   _unlock
00006409   abort
000048bd   atexit
ffffffff   binit
00006229   copy_in
00000565   draw_bmp
000007df   draw_box
000003cf   draw_char
00002b29   draw_char_bmp
00000959   draw_circle
00000af1   draw_filled_circle
00000843   draw_line
0000078b   draw_rectangle
00000361   draw_text
00002a75   draw_text_bmp
00006411   exit
00006ed9   free
00001aaf   glcd_blank
00001b29   glcd_blank_page
00001b95   glcd_blank_pagexy
20001360   glcd_buffer
00001dab   glcd_command
00001e35   glcd_contrast
00001d71   glcd_data
200019cf   glcd_dirty_pages
00001de5   glcd_flip_screen
200026e8   glcd_flipped
00001c99   glcd_init
00001e19   glcd_inverse_screen
000019f9   glcd_pixel
00001c0f   glcd_refresh
00001373   main
20002758   main_func_sp
000069fb   malloc
00005281   memcpy
000058ad   memset
200026ec   pagemap
00005bcb   readmsg
000076a8   shifted
0000715b   strcpy
0000700d   strlen
000006b5   text_height
000006c5   text_width
00007bf0   ti_catalog_arm_cortexm4_tiva_ce_Boot_A_mustUseEnhancedClockMode__C
00007bf4   ti_catalog_arm_cortexm4_tiva_ce_Boot_Module__diagsEnabled__C
00007bf8   ti_catalog_arm_cortexm4_tiva_ce_Boot_Module__diagsIncluded__C
00007bfc   ti_catalog_arm_cortexm4_tiva_ce_Boot_Module__diagsMask__C
00007d50   ti_catalog_arm_cortexm4_tiva_ce_Boot_Module__id__C
00007265   ti_catalog_arm_cortexm4_tiva_ce_Boot_init__I
00003eb1   ti_catalog_arm_cortexm4_tiva_ce_Boot_sysCtlClockSetI__I
000053b9   ti_catalog_arm_cortexm4_tiva_ce_Boot_sysCtlClockSet__E
0000739f   ti_catalog_arm_cortexm4_tiva_ce_Boot_sysCtlDelayI__I
20002118   ti_sysbios_BIOS_Module__state__V
0000681d   ti_sysbios_BIOS_errorRaiseHook__I
0000684d   ti_sysbios_BIOS_exitFunc__I
00007c00   ti_sysbios_BIOS_installedErrorHook__C
00000c53   ti_sysbios_BIOS_nullFunc__I
00006cdd   ti_sysbios_BIOS_removeRTSLock__I
0000716d   ti_sysbios_BIOS_setThreadType__E
00006cfd   ti_sysbios_BIOS_startFunc__I
0000717d   ti_sysbios_BIOS_start__E
20002660   ti_sysbios_family_arm_lm4_Timer_Module_State_0_device__A
20002140   ti_sysbios_family_arm_lm4_Timer_Module_State_0_handles__A
20002138   ti_sysbios_family_arm_lm4_Timer_Module__root__V
00006f09   ti_sysbios_family_arm_lm4_Timer_Module__startupDone__F
00006f09   ti_sysbios_family_arm_lm4_Timer_Module__startupDone__S
20002158   ti_sysbios_family_arm_lm4_Timer_Module__state__V
00005d7d   ti_sysbios_family_arm_lm4_Timer_Module_startup__E
00005d7d   ti_sysbios_family_arm_lm4_Timer_Module_startup__F
200024c4   ti_sysbios_family_arm_lm4_Timer_Object__table__V
0000687d   ti_sysbios_family_arm_lm4_Timer_enableTimers__I
000073c7   ti_sysbios_family_arm_lm4_Timer_getPeriod__E
00004371   ti_sysbios_family_arm_lm4_Timer_initDevice__I
0000626d   ti_sysbios_family_arm_lm4_Timer_isrStub__E
00007289   ti_sysbios_family_arm_lm4_Timer_masterDisable__I
000073cb   ti_sysbios_family_arm_lm4_Timer_masterEnable__I
00007c04   ti_sysbios_family_arm_lm4_Timer_numTimerDevices__C
00004589   ti_sysbios_family_arm_lm4_Timer_start__E
00007c08   ti_sysbios_family_arm_lm4_Timer_startupNeeded__C
00006445   ti_sysbios_family_arm_lm4_Timer_startup__E
000068ad   ti_sysbios_family_arm_lm4_Timer_stop__E
00006dfd   ti_sysbios_family_arm_lm4_Timer_write__I
20002164   ti_sysbios_family_arm_lm4_TimestampProvider_Module__state__V
000073a5   ti_sysbios_family_arm_lm4_TimestampProvider_Module_startup__E
000073a5   ti_sysbios_family_arm_lm4_TimestampProvider_Module_startup__F
00004249   ti_sysbios_family_arm_lm4_TimestampProvider_get64__E
0000718d   ti_sysbios_family_arm_lm4_TimestampProvider_rolloverFunc__E
00007295   ti_sysbios_family_arm_lm4_TimestampProvider_startTimer__E
00007d54   ti_sysbios_family_arm_lm4_TimestampProvider_useClockTimer__C
00007c0c   ti_sysbios_family_arm_m3_Hwi_E_NMI__C
00007c10   ti_sysbios_family_arm_m3_Hwi_E_busFault__C
00007c14   ti_sysbios_family_arm_m3_Hwi_E_debugMon__C
00007c18   ti_sysbios_family_arm_m3_Hwi_E_hardFault__C
00007c1c   ti_sysbios_family_arm_m3_Hwi_E_memFault__C
00007c20   ti_sysbios_family_arm_m3_Hwi_E_noIsr__C
00007c24   ti_sysbios_family_arm_m3_Hwi_E_reserved__C
00007c28   ti_sysbios_family_arm_m3_Hwi_E_svCall__C
00007c2c   ti_sysbios_family_arm_m3_Hwi_E_usageFault__C
00006f21   ti_sysbios_family_arm_m3_Hwi_Handle__label__S
20001db8   ti_sysbios_family_arm_m3_Hwi_Module_State_0_dispatchTable__A
20002174   ti_sysbios_family_arm_m3_Hwi_Module_State_0_excActive__A
20002178   ti_sysbios_family_arm_m3_Hwi_Module_State_0_excContext__A
2000217c   ti_sysbios_family_arm_m3_Hwi_Module_State_0_excStack__A
00007d58   ti_sysbios_family_arm_m3_Hwi_Module__id__C
2000216c   ti_sysbios_family_arm_m3_Hwi_Module__root__V
00006f39   ti_sysbios_family_arm_m3_Hwi_Module__startupDone__F
00006f39   ti_sysbios_family_arm_m3_Hwi_Module__startupDone__S
20002594   ti_sysbios_family_arm_m3_Hwi_Module__state__V
0000513d   ti_sysbios_family_arm_m3_Hwi_Module_startup__E
0000513d   ti_sysbios_family_arm_m3_Hwi_Module_startup__F
00007c30   ti_sysbios_family_arm_m3_Hwi_NUM_INTERRUPTS__C
20002534   ti_sysbios_family_arm_m3_Hwi_Object__table__V
00007c34   ti_sysbios_family_arm_m3_Hwi_ccr__C
000062b1   ti_sysbios_family_arm_m3_Hwi_disableInterrupt__E
00005bfd   ti_sysbios_family_arm_m3_Hwi_dispatchC__I
00007c38   ti_sysbios_family_arm_m3_Hwi_dispatchTable__C
00003fe9   ti_sysbios_family_arm_m3_Hwi_dispatch__I
0000736d   ti_sysbios_family_arm_m3_Hwi_doSwiRestore__I
000073ab   ti_sysbios_family_arm_m3_Hwi_doTaskRestore__I
000062f5   ti_sysbios_family_arm_m3_Hwi_enableInterrupt__E
00003979   ti_sysbios_family_arm_m3_Hwi_excBusFault__I
00004fe1   ti_sysbios_family_arm_m3_Hwi_excDebugMon__I
0000230d   ti_sysbios_family_arm_m3_Hwi_excDumpRegs__I
000040fd   ti_sysbios_family_arm_m3_Hwi_excHandlerAsm__I
00007c3c   ti_sysbios_family_arm_m3_Hwi_excHandlerFunc__C
000032a5   ti_sysbios_family_arm_m3_Hwi_excHandlerMax__I
0000719d   ti_sysbios_family_arm_m3_Hwi_excHandler__I
00004e79   ti_sysbios_family_arm_m3_Hwi_excHardFault__I
00007bb8   ti_sysbios_family_arm_m3_Hwi_excHookFuncs__A
00007c40   ti_sysbios_family_arm_m3_Hwi_excHookFuncs__C
00003c35   ti_sysbios_family_arm_m3_Hwi_excMemFault__I
0000674d   ti_sysbios_family_arm_m3_Hwi_excNmi__I
00006635   ti_sysbios_family_arm_m3_Hwi_excNoIsr__I
00006081   ti_sysbios_family_arm_m3_Hwi_excReserved__I
00006545   ti_sysbios_family_arm_m3_Hwi_excSvCall__I
00003ae1   ti_sysbios_family_arm_m3_Hwi_excUsageFault__I
0000666d   ti_sysbios_family_arm_m3_Hwi_getStackInfo__E
00004a4d   ti_sysbios_family_arm_m3_Hwi_initNVIC__E
00006b89   ti_sysbios_family_arm_m3_Hwi_initStacks__E
e000e000   ti_sysbios_family_arm_m3_Hwi_nvic
000040bf   ti_sysbios_family_arm_m3_Hwi_pendSV__I
00007c44   ti_sysbios_family_arm_m3_Hwi_priGroup__C
000075d0   ti_sysbios_family_arm_m3_Hwi_priorities__A
00007c48   ti_sysbios_family_arm_m3_Hwi_priorities__C
20000000   ti_sysbios_family_arm_m3_Hwi_ramVectors
00000000   ti_sysbios_family_arm_m3_Hwi_resetVectors
000040e3   ti_sysbios_family_arm_m3_Hwi_return
00007375   ti_sysbios_family_arm_m3_Hwi_startup__E
00007021   ti_sysbios_family_arm_m3_Hwi_switchFromBootStack__E
000073cf   ti_sysbios_family_arm_m3_TaskSupport_Module__startupDone__S
00005601   ti_sysbios_family_arm_m3_TaskSupport_buildTaskStack
00007249   ti_sysbios_family_arm_m3_TaskSupport_checkStack__E
0000713b   ti_sysbios_family_arm_m3_TaskSupport_glue
000066a5   ti_sysbios_family_arm_m3_TaskSupport_start__E
00006ec1   ti_sysbios_family_arm_m3_TaskSupport_swap__E
0000714b   ti_sysbios_family_xxx_Hwi_switchToIsrStack
0000727d   ti_sysbios_family_xxx_Hwi_switchToTaskStack
00006f51   ti_sysbios_gates_GateHwi_Handle__label__S
000053b7   ti_sysbios_gates_GateHwi_Instance_init__F
00007a6c   ti_sysbios_gates_GateHwi_Module__FXNS__C
20002180   ti_sysbios_gates_GateHwi_Module__root__V
00007ab4   ti_sysbios_gates_GateHwi_Object__DESC__C
00007b4c   ti_sysbios_gates_GateHwi_Object__PARAMS__C
00006781   ti_sysbios_gates_GateHwi_Object__create__S
00006d1d   ti_sysbios_gates_GateHwi_Object__delete__S
20002188   ti_sysbios_gates_GateHwi_Object__table__V
000072a1   ti_sysbios_gates_GateHwi_enter__E
000073b1   ti_sysbios_gates_GateHwi_leave__E
000073d3   ti_sysbios_gates_GateHwi_query__E
000073d3   ti_sysbios_gates_GateHwi_query__F
2000218c   ti_sysbios_gates_GateMutexPri_Module__root__V
00007c4c   ti_sysbios_hal_Hwi_E_stackOverflow__C
000073d7   ti_sysbios_hal_Hwi_HwiProxy_Module__startupDone__S
000062b1   ti_sysbios_hal_Hwi_HwiProxy_disableInterrupt__E
000062f5   ti_sysbios_hal_Hwi_HwiProxy_enableInterrupt__E
0000666d   ti_sysbios_hal_Hwi_HwiProxy_getStackInfo__E
00007375   ti_sysbios_hal_Hwi_HwiProxy_startup__E
00007021   ti_sysbios_hal_Hwi_HwiProxy_switchFromBootStack__E
00007d5c   ti_sysbios_hal_Hwi_Module__id__C
20002194   ti_sysbios_hal_Hwi_Module__root__V
000070f3   ti_sysbios_hal_Hwi_Module_startup__E
000070f3   ti_sysbios_hal_Hwi_Module_startup__F
2000219c   ti_sysbios_hal_Hwi_Object__table__V
000067b5   ti_sysbios_hal_Hwi_checkStack
000062b1   ti_sysbios_hal_Hwi_disableInterrupt__E
000062f5   ti_sysbios_hal_Hwi_enableInterrupt__E
0000666d   ti_sysbios_hal_Hwi_getStackInfo__E
00006a57   ti_sysbios_hal_Hwi_initStack
00007375   ti_sysbios_hal_Hwi_startup__E
00007021   ti_sysbios_hal_Hwi_switchFromBootStack__E
200021ac   ti_sysbios_hal_Timer_Module__root__V
00006f69   ti_sysbios_hal_Timer_Module__startupDone__F
00006f69   ti_sysbios_hal_Timer_Module__startupDone__S
00007105   ti_sysbios_hal_Timer_Module_startup__E
00007105   ti_sysbios_hal_Timer_Module_startup__F
200021b4   ti_sysbios_hal_Timer_Object__table__V
000073db   ti_sysbios_hal_Timer_TimerProxy_Module__startupDone__S
000073df   ti_sysbios_hal_Timer_TimerProxy_getPeriod__E
00006445   ti_sysbios_hal_Timer_TimerProxy_startup__E
00006445   ti_sysbios_hal_Timer_startup__E
00007c50   ti_sysbios_knl_Clock_Module_State_clockQ__O
200021bc   ti_sysbios_knl_Clock_Module__root__V
200026c0   ti_sysbios_knl_Clock_Module__state__V
00006c29   ti_sysbios_knl_Clock_Module_startup__E
00006c29   ti_sysbios_knl_Clock_Module_startup__F
00006bb1   ti_sysbios_knl_Clock_addI__E
00006a85   ti_sysbios_knl_Clock_doTick__I
00005b37   ti_sysbios_knl_Clock_logTick__E
0000598d   ti_sysbios_knl_Clock_workFunc__E
00007c54   ti_sysbios_knl_Idle_coreList__A
00007bc0   ti_sysbios_knl_Idle_coreList__C
00007c58   ti_sysbios_knl_Idle_funcList__A
00007bc8   ti_sysbios_knl_Idle_funcList__C
0000737d   ti_sysbios_knl_Idle_loop__E
000068dd   ti_sysbios_knl_Idle_run__E
200021c4   ti_sysbios_knl_Queue_Module__root__V
000072ad   ti_sysbios_knl_Queue_Object__get__S
00007257   ti_sysbios_knl_Queue_empty__E
00006e1b   ti_sysbios_knl_Queue_put__E
00007c5c   ti_sysbios_knl_Semaphore_A_badContext__C
00007c60   ti_sysbios_knl_Semaphore_A_overflow__C
00007c64   ti_sysbios_knl_Semaphore_A_pendTaskDisabled__C
00007c68   ti_sysbios_knl_Semaphore_Instance_State_pendQ__O
00007c6c   ti_sysbios_knl_Semaphore_Module__diagsEnabled__C
00007c70   ti_sysbios_knl_Semaphore_Module__diagsIncluded__C
00007c74   ti_sysbios_knl_Semaphore_Module__diagsMask__C
00007d60   ti_sysbios_knl_Semaphore_Module__id__C
200021cc   ti_sysbios_knl_Semaphore_Module__root__V
200021d4   ti_sysbios_knl_Semaphore_Object__table__V
00006485   ti_sysbios_knl_Semaphore_pendTimeout__I
0000306d   ti_sysbios_knl_Semaphore_pend__E
00004961   ti_sysbios_knl_Semaphore_post__E
00006f81   ti_sysbios_knl_Swi_Handle__label__S
200023c4   ti_sysbios_knl_Swi_Module_State_0_readyQ__A
200021e8   ti_sysbios_knl_Swi_Module__root__V
200021f0   ti_sysbios_knl_Swi_Module__state__V
00006c4d   ti_sysbios_knl_Swi_Module_startup__E
00006c4d   ti_sysbios_knl_Swi_Module_startup__F
00007c78   ti_sysbios_knl_Swi_Object__count__C
00007035   ti_sysbios_knl_Swi_Object__get__S
20002690   ti_sysbios_knl_Swi_Object__table__V
000071ad   ti_sysbios_knl_Swi_disable__E
00006339   ti_sysbios_knl_Swi_post__E
00005dd9   ti_sysbios_knl_Swi_restoreHwi__E
00006581   ti_sysbios_knl_Swi_restore__E
00005c5d   ti_sysbios_knl_Swi_run__I
00005091   ti_sysbios_knl_Swi_schedule__I
000073b7   ti_sysbios_knl_Swi_startup__E
00007c7c   ti_sysbios_knl_Task_A_badTimeout__C
00007c80   ti_sysbios_knl_Task_A_sleepTaskDisabled__C
00007c84   ti_sysbios_knl_Task_E_spOutOfBounds__C
00007c88   ti_sysbios_knl_Task_E_stackOverflow__C
00006f99   ti_sysbios_knl_Task_Handle__label__S
20001980   ti_sysbios_knl_Task_Instance_State_0_hookEnv__A
20000360   ti_sysbios_knl_Task_Instance_State_0_stack__A
20001984   ti_sysbios_knl_Task_Instance_State_1_hookEnv__A
20000760   ti_sysbios_knl_Task_Instance_State_1_stack__A
20001988   ti_sysbios_knl_Task_Instance_State_2_hookEnv__A
20000b60   ti_sysbios_knl_Task_Instance_State_2_stack__A
2000198c   ti_sysbios_knl_Task_Instance_State_3_hookEnv__A
20000f60   ti_sysbios_knl_Task_Instance_State_3_stack__A
20002214   ti_sysbios_knl_Task_Module_State_0_idleTask__A
20002444   ti_sysbios_knl_Task_Module_State_0_readyQ__A
00007c8c   ti_sysbios_knl_Task_Module_State_inactiveQ__O
00007c90   ti_sysbios_knl_Task_Module__diagsEnabled__C
00007c94   ti_sysbios_knl_Task_Module__diagsIncluded__C
00007c98   ti_sysbios_knl_Task_Module__diagsMask__C
00007d64   ti_sysbios_knl_Task_Module__id__C
2000220c   ti_sysbios_knl_Task_Module__root__V
200025e8   ti_sysbios_knl_Task_Module__state__V
000057a1   ti_sysbios_knl_Task_Module_startup__E
000057a1   ti_sysbios_knl_Task_Module_startup__F
00007c9c   ti_sysbios_knl_Task_Object__count__C
000071bd   ti_sysbios_knl_Task_Object__get__S
20002294   ti_sysbios_knl_Task_Object__table__V
000073e3   ti_sysbios_knl_Task_SupportProxy_Module__startupDone__S
00007249   ti_sysbios_knl_Task_SupportProxy_checkStack__E
000066a5   ti_sysbios_knl_Task_SupportProxy_start__E
00006ec1   ti_sysbios_knl_Task_SupportProxy_swap__E
00007ca0   ti_sysbios_knl_Task_allBlockedFunc__C
000060c9   ti_sysbios_knl_Task_allBlockedFunction__I
00004f2d   ti_sysbios_knl_Task_checkStacks__E
000071cd   ti_sysbios_knl_Task_disable__E
00006d3d   ti_sysbios_knl_Task_enter__I
000054e1   ti_sysbios_knl_Task_exit__E
00007b64   ti_sysbios_knl_Task_hooks__A
00007bd0   ti_sysbios_knl_Task_hooks__C
00007d68   ti_sysbios_knl_Task_initStackFlag__C
00007ca4   ti_sysbios_knl_Task_numConstructedTasks__C
00004b29   ti_sysbios_knl_Task_postInit__I
000064c5   ti_sysbios_knl_Task_processVitalTaskFlag__I
00006c71   ti_sysbios_knl_Task_restoreHwi__E
00006ab1   ti_sysbios_knl_Task_restore__E
00005719   ti_sysbios_knl_Task_schedule__I
00006a29   ti_sysbios_knl_Task_sleepTimeout__I
000037ed   ti_sysbios_knl_Task_sleep__E
00005571   ti_sysbios_knl_Task_startCore__E
000073e7   ti_sysbios_knl_Task_startup__E
00006ecd   ti_sysbios_knl_Task_swapReturn
00005f41   ti_sysbios_knl_Task_unblockI__E
200019b0   time_string
00007754   unshifted
00005b9d   writemsg
00007ca8   xdc_runtime_Assert_E_assertFailed__C
00006111   xdc_runtime_Assert_raise__I
00007cac   xdc_runtime_Core_A_initializedParams__C
00007cb0   xdc_runtime_Core_Module__diagsEnabled__C
00007cb4   xdc_runtime_Core_Module__diagsIncluded__C
00007cb8   xdc_runtime_Core_Module__diagsMask__C
00007d6c   xdc_runtime_Core_Module__id__C
0000690d   xdc_runtime_Core_assignLabel__I
00006159   xdc_runtime_Core_assignParams__I
00004485   xdc_runtime_Core_createObject__I
00005ad1   xdc_runtime_Core_deleteObject__I
00007cbc   xdc_runtime_Error_E_memory__C
00007cc0   xdc_runtime_Error_Module__diagsEnabled__C
00007cc4   xdc_runtime_Error_Module__diagsIncluded__C
00007cc8   xdc_runtime_Error_Module__diagsMask__C
00007d70   xdc_runtime_Error_Module__loggerDefined__C
00007ccc   xdc_runtime_Error_Module__loggerFxn8__C
00007cd0   xdc_runtime_Error_Module__loggerObj__C
20002218   xdc_runtime_Error_Module__state__V
00006e39   xdc_runtime_Error_check__E
00006e39   xdc_runtime_Error_check__F
000073eb   xdc_runtime_Error_getSite__E
000073eb   xdc_runtime_Error_getSite__F
000072b9   xdc_runtime_Error_init__E
000072b9   xdc_runtime_Error_init__F
00007d74   xdc_runtime_Error_maxDepth__C
00007da0   xdc_runtime_Error_policy__C
000059f9   xdc_runtime_Error_print__E
000059f9   xdc_runtime_Error_print__F
00007cd4   xdc_runtime_Error_raiseHook__C
00003d75   xdc_runtime_Error_raiseX__E
00003d75   xdc_runtime_Error_raiseX__F
2000221c   xdc_runtime_GateNull_Module__root__V
000072c5   xdc_runtime_Gate_enterSystem__E
000072c5   xdc_runtime_Gate_enterSystem__F
000071dd   xdc_runtime_Gate_leaveSystem__E
000071dd   xdc_runtime_Gate_leaveSystem__F
00007cd8   xdc_runtime_HeapMin_A_zeroSize__C
00007cdc   xdc_runtime_HeapMin_E_freeError__C
00006fb1   xdc_runtime_HeapMin_Handle__label__S
20001990   xdc_runtime_HeapMin_Instance_State_0_buf__A
0000568d   xdc_runtime_HeapMin_Instance_init__F
00007a44   xdc_runtime_HeapMin_Module__FXNS__C
00007ce0   xdc_runtime_HeapMin_Module__diagsEnabled__C
00007ce4   xdc_runtime_HeapMin_Module__diagsIncluded__C
00007ce8   xdc_runtime_HeapMin_Module__diagsMask__C
00007d78   xdc_runtime_HeapMin_Module__id__C
20002224   xdc_runtime_HeapMin_Module__root__V
00007ad4   xdc_runtime_HeapMin_Object__DESC__C
00007af4   xdc_runtime_HeapMin_Object__PARAMS__C
000067e9   xdc_runtime_HeapMin_Object__create__S
00006d5d   xdc_runtime_HeapMin_Object__delete__S
2000222c   xdc_runtime_HeapMin_Object__table__V
000065bd   xdc_runtime_HeapMin_alloc__E
000065bd   xdc_runtime_HeapMin_alloc__F
00007d7c   xdc_runtime_HeapMin_freeError__C
0000693d   xdc_runtime_HeapMin_free__E
0000693d   xdc_runtime_HeapMin_free__F
000072d1   xdc_runtime_HeapMin_getStats__E
000072d1   xdc_runtime_HeapMin_getStats__F
000073ef   xdc_runtime_HeapMin_isBlocking__E
000073ef   xdc_runtime_HeapMin_isBlocking__F
00007cec   xdc_runtime_IFilterLogger_Interface__BASE__C
00007cf0   xdc_runtime_IGateProvider_Interface__BASE__C
00007cf4   xdc_runtime_IHeap_Interface__BASE__C
00007cf8   xdc_runtime_ILogger_Interface__BASE__C
00007cfc   xdc_runtime_IModule_Interface__BASE__C
00007d00   xdc_runtime_Log_L_error__C
00007d04   xdc_runtime_LoggerBuf_E_badLevel__C
00006fc9   xdc_runtime_LoggerBuf_Handle__label__S
20001880   xdc_runtime_LoggerBuf_Instance_State_0_entryArr__A
00007049   xdc_runtime_LoggerBuf_Instance_finalize__F
000066dd   xdc_runtime_LoggerBuf_Instance_init__F
000073f3   xdc_runtime_LoggerBuf_Module_GateProxy_enter__E
000073f7   xdc_runtime_LoggerBuf_Module_GateProxy_leave__E
000073d3   xdc_runtime_LoggerBuf_Module_GateProxy_query__E
000079dc   xdc_runtime_LoggerBuf_Module__FXNS__C
00007d08   xdc_runtime_LoggerBuf_Module__gateObj__C
00007d80   xdc_runtime_LoggerBuf_Module__id__C
2000223c   xdc_runtime_LoggerBuf_Module__root__V
20002244   xdc_runtime_LoggerBuf_Module__state__V
00006bd9   xdc_runtime_LoggerBuf_Module_startup__E
00006bd9   xdc_runtime_LoggerBuf_Module_startup__F
00007b14   xdc_runtime_LoggerBuf_Object__DESC__C
00007a90   xdc_runtime_LoggerBuf_Object__PARAMS__C
00007d0c   xdc_runtime_LoggerBuf_Object__count__C
00005cbd   xdc_runtime_LoggerBuf_Object__create__S
00006d7d   xdc_runtime_LoggerBuf_Object__delete__S
0000705d   xdc_runtime_LoggerBuf_Object__get__S
2000270c   xdc_runtime_LoggerBuf_Object__table__V
00004249   xdc_runtime_LoggerBuf_TimestampProxy_get64__E
00007349   xdc_runtime_LoggerBuf_disable__E
00007349   xdc_runtime_LoggerBuf_disable__F
00007353   xdc_runtime_LoggerBuf_enable__E
00007353   xdc_runtime_LoggerBuf_enable__F
00007d84   xdc_runtime_LoggerBuf_filterByLevel__C
0000637d   xdc_runtime_LoggerBuf_filterOutEvent__I
00005a65   xdc_runtime_LoggerBuf_getFilterLevel__E
00005a65   xdc_runtime_LoggerBuf_getFilterLevel__F
00006d9d   xdc_runtime_LoggerBuf_reset__E
00006d9d   xdc_runtime_LoggerBuf_reset__F
00005825   xdc_runtime_LoggerBuf_setFilterLevel__E
00005825   xdc_runtime_LoggerBuf_setFilterLevel__F
00007d10   xdc_runtime_LoggerBuf_statusLogger__C
000071ed   xdc_runtime_LoggerBuf_write0__E
000071ed   xdc_runtime_LoggerBuf_write0__F
00007117   xdc_runtime_LoggerBuf_write1__E
00007117   xdc_runtime_LoggerBuf_write1__F
00007071   xdc_runtime_LoggerBuf_write2__E
00007071   xdc_runtime_LoggerBuf_write2__F
00004cdd   xdc_runtime_LoggerBuf_write4__E
00004cdd   xdc_runtime_LoggerBuf_write4__F
0000411d   xdc_runtime_LoggerBuf_write8__E
0000411d   xdc_runtime_LoggerBuf_write8__F
000073d3   xdc_runtime_Main_Module_GateProxy_query__E
000073fb   xdc_runtime_Memory_HeapProxy_alloc__E
000073ff   xdc_runtime_Memory_HeapProxy_free__E
00007d88   xdc_runtime_Memory_Module__id__C
2000224c   xdc_runtime_Memory_Module__state__V
0000591d   xdc_runtime_Memory_alloc__E
0000591d   xdc_runtime_Memory_alloc__F
000072dd   xdc_runtime_Memory_calloc__E
000072dd   xdc_runtime_Memory_calloc__F
00007d14   xdc_runtime_Memory_defaultHeapInstance__C
000071fd   xdc_runtime_Memory_free__E
000071fd   xdc_runtime_Memory_free__F
000072e9   xdc_runtime_Memory_getMaxDefaultTypeAlign__E
000072e9   xdc_runtime_Memory_getMaxDefaultTypeAlign__F
00006e55   xdc_runtime_Memory_valloc__E
00006e55   xdc_runtime_Memory_valloc__F
20002250   xdc_runtime_Registry_Module__state__V
00006dbd   xdc_runtime_Registry_findById__E
00006dbd   xdc_runtime_Registry_findById__F
20002258   xdc_runtime_Startup_Module__state__V
00000001   xdc_runtime_Startup__EXECFXN__C
00000001   xdc_runtime_Startup__RESETFXN__C
00007d18   xdc_runtime_Startup_execImpl__C
00005f99   xdc_runtime_Startup_exec__E
00005f99   xdc_runtime_Startup_exec__F
00007129   xdc_runtime_Startup_exec__I
00007ba8   xdc_runtime_Startup_firstFxns__A
00007bd8   xdc_runtime_Startup_firstFxns__C
00007be0   xdc_runtime_Startup_lastFxns__A
00007be8   xdc_runtime_Startup_lastFxns__C
00007d1c   xdc_runtime_Startup_maxPasses__C
00005d7b   xdc_runtime_Startup_reset__I
00007b7c   xdc_runtime_Startup_sfxnRts__A
00007d20   xdc_runtime_Startup_sfxnRts__C
00007a18   xdc_runtime_Startup_sfxnTab__A
00007d24   xdc_runtime_Startup_sfxnTab__C
00004685   xdc_runtime_Startup_startMods__I
20001900   xdc_runtime_SysMin_Module_State_0_outbuf__A
20002260   xdc_runtime_SysMin_Module__state__V
00006ddd   xdc_runtime_SysMin_Module_startup__E
00006ddd   xdc_runtime_SysMin_Module_startup__F
0000696d   xdc_runtime_SysMin_abort__E
0000696d   xdc_runtime_SysMin_abort__F
00007d28   xdc_runtime_SysMin_bufSize__C
00006e71   xdc_runtime_SysMin_exit__E
00006e71   xdc_runtime_SysMin_exit__F
00007d8c   xdc_runtime_SysMin_flushAtExit__C
000063c1   xdc_runtime_SysMin_flush__E
000063c1   xdc_runtime_SysMin_flush__F
00007d2c   xdc_runtime_SysMin_outputFunc__C
00006cb9   xdc_runtime_SysMin_output__I
00006715   xdc_runtime_SysMin_putch__E
00006715   xdc_runtime_SysMin_putch__F
0000720d   xdc_runtime_SysMin_ready__E
0000720d   xdc_runtime_SysMin_ready__F
00007403   xdc_runtime_System_Module_GateProxy_enter__E
00007407   xdc_runtime_System_Module_GateProxy_leave__E
000073d3   xdc_runtime_System_Module_GateProxy_query__E
2000226c   xdc_runtime_System_Module_State_0_atexitHandlers__A
00007d30   xdc_runtime_System_Module__gateObj__C
2000227c   xdc_runtime_System_Module__state__V
000073bd   xdc_runtime_System_Module_startup__E
000073bd   xdc_runtime_System_Module_startup__F
0000696d   xdc_runtime_System_SupportProxy_abort__E
00006e71   xdc_runtime_System_SupportProxy_exit__E
000063c1   xdc_runtime_System_SupportProxy_flush__E
00006715   xdc_runtime_System_SupportProxy_putch__E
0000720d   xdc_runtime_System_SupportProxy_ready__E
[...]
0000690d   xdc_runtime_Core_assignLabel__I
0000693d   xdc_runtime_HeapMin_free__E
0000693d   xdc_runtime_HeapMin_free__F
0000696d   xdc_runtime_SysMin_abort__E
0000696d   xdc_runtime_SysMin_abort__F
0000696d   xdc_runtime_System_SupportProxy_abort__E
0000699d   xdc_runtime_Text_printVisFxn__I
000069cd   GPIODirModeSet
000069fb   malloc
00006a29   ti_sysbios_knl_Task_sleepTimeout__I
00006a57   ti_sysbios_hal_Hwi_initStack
00006a85   ti_sysbios_knl_Clock_doTick__I
00006ab1   ti_sysbios_knl_Task_restore__E
00006add   xdc_runtime_System_rtsExit__I
00006b09   xdc_runtime_Text_cordText__E
00006b09   xdc_runtime_Text_cordText__F
00006b35   xdc_runtime_System_putchar__I
00006b61   TimerConfigure
00006b89   ti_sysbios_family_arm_m3_Hwi_initStacks__E
00006bb1   ti_sysbios_knl_Clock_addI__E
00006bd9   xdc_runtime_LoggerBuf_Module_startup__E
00006bd9   xdc_runtime_LoggerBuf_Module_startup__F
00006c01   xdc_runtime_System_avprintf__F
00006c29   ti_sysbios_knl_Clock_Module_startup__E
00006c29   ti_sysbios_knl_Clock_Module_startup__F
00006c4d   ti_sysbios_knl_Swi_Module_startup__E
00006c4d   ti_sysbios_knl_Swi_Module_startup__F
00006c71   ti_sysbios_knl_Task_restoreHwi__E
00006c95   xdc_runtime_System_vprintf__F
00006cb9   xdc_runtime_SysMin_output__I
00006cdd   ti_sysbios_BIOS_removeRTSLock__I
00006cfd   ti_sysbios_BIOS_startFunc__I
00006d1d   ti_sysbios_gates_GateHwi_Object__delete__S
00006d3d   ti_sysbios_knl_Task_enter__I
00006d5d   xdc_runtime_HeapMin_Object__delete__S
00006d7d   xdc_runtime_LoggerBuf_Object__delete__S
00006d9d   LoggerBuf_instanceStartup
00006d9d   xdc_runtime_LoggerBuf_reset__E
00006d9d   xdc_runtime_LoggerBuf_reset__F
00006dbd   xdc_runtime_Registry_findById__E
00006dbd   xdc_runtime_Registry_findById__F
00006ddd   xdc_runtime_SysMin_Module_startup__E
00006ddd   xdc_runtime_SysMin_Module_startup__F
00006dfd   ti_sysbios_family_arm_lm4_Timer_write__I
00006e1b   ti_sysbios_knl_Queue_put__E
00006e39   xdc_runtime_Error_check__E
00006e39   xdc_runtime_Error_check__F
00006e55   xdc_runtime_Memory_valloc__E
00006e55   xdc_runtime_Memory_valloc__F
00006e71   xdc_runtime_SysMin_exit__E
00006e71   xdc_runtime_SysMin_exit__F
00006e71   xdc_runtime_System_SupportProxy_exit__E
00006e8d   xdc_runtime_System_aprintf__E
00006ea7   xdc_runtime_System_printf__E
00006ec1   ti_sysbios_family_arm_m3_TaskSupport_swap__E
00006ec1   ti_sysbios_knl_Task_SupportProxy_swap__E
00006ecd   ti_sysbios_knl_Task_swapReturn
00006ed9   free
00006ef1   _args_main
00006f09   ti_sysbios_family_arm_lm4_Timer_Module__startupDone__F
00006f09   ti_sysbios_family_arm_lm4_Timer_Module__startupDone__S
00006f21   ti_sysbios_family_arm_m3_Hwi_Handle__label__S
00006f39   ti_sysbios_family_arm_m3_Hwi_Module__startupDone__F
00006f39   ti_sysbios_family_arm_m3_Hwi_Module__startupDone__S
00006f51   ti_sysbios_gates_GateHwi_Handle__label__S
00006f69   ti_sysbios_hal_Timer_Module__startupDone__F
00006f69   ti_sysbios_hal_Timer_Module__startupDone__S
00006f81   ti_sysbios_knl_Swi_Handle__label__S
00006f99   ti_sysbios_knl_Task_Handle__label__S
00006fb1   xdc_runtime_HeapMin_Handle__label__S
00006fc9   xdc_runtime_LoggerBuf_Handle__label__S
00006fe1   xdc_runtime_Text_ropeText__E
00006fe1   xdc_runtime_Text_ropeText__F
00006ff9   _register_unlock
00006fff   _register_lock
00007007   _nop
0000700d   strlen
00007021   ti_sysbios_family_arm_m3_Hwi_switchFromBootStack__E
00007021   ti_sysbios_hal_Hwi_HwiProxy_switchFromBootStack__E
00007021   ti_sysbios_hal_Hwi_switchFromBootStack__E
00007035   ti_sysbios_knl_Swi_Object__get__S
00007049   xdc_runtime_LoggerBuf_Instance_finalize__F
0000705d   xdc_runtime_LoggerBuf_Object__get__S
00007071   xdc_runtime_LoggerBuf_write2__E
00007071   xdc_runtime_LoggerBuf_write2__F
00007085   xdc_runtime_System_abort__E
00007085   xdc_runtime_System_abort__F
00007099   GPIOPinTypeGPIOInput
000070ab   GPIOPinTypeGPIOOutput
000070bd   GPIOPinTypeSSI
000070cf   TimerLoadSet
000070e1   __TI_zero_init
000070f3   ti_sysbios_hal_Hwi_Module_startup__E
000070f3   ti_sysbios_hal_Hwi_Module_startup__F
00007105   ti_sysbios_hal_Timer_Module_startup__E
00007105   ti_sysbios_hal_Timer_Module_startup__F
00007117   xdc_runtime_LoggerBuf_write1__E
00007117   xdc_runtime_LoggerBuf_write1__F
00007129   xdc_runtime_Startup_exec__I
0000713b   ti_sysbios_family_arm_m3_TaskSupport_glue
0000714b   ti_sysbios_family_xxx_Hwi_switchToIsrStack
0000715b   strcpy
0000716d   ti_sysbios_BIOS_setThreadType__E
0000717d   ti_sysbios_BIOS_start__E
0000718d   ti_sysbios_family_arm_lm4_TimestampProvider_rolloverFunc__E
0000719d   ti_sysbios_family_arm_m3_Hwi_excHandler__I
000071ad   ti_sysbios_knl_Swi_disable__E
000071bd   ti_sysbios_knl_Task_Object__get__S
000071cd   ti_sysbios_knl_Task_disable__E
000071dd   xdc_runtime_Gate_leaveSystem__E
000071dd   xdc_runtime_Gate_leaveSystem__F
000071ed   xdc_runtime_LoggerBuf_write0__E
000071ed   xdc_runtime_LoggerBuf_write0__F
000071fd   xdc_runtime_Memory_free__E
000071fd   xdc_runtime_Memory_free__F
0000720d   xdc_runtime_SysMin_ready__E
0000720d   xdc_runtime_SysMin_ready__F
0000720d   xdc_runtime_System_SupportProxy_ready__E
0000721d   xdc_runtime_System_vsnprintf__F
0000722d   TimerEnable
0000723b   __TI_decompress_none
00007249   ti_sysbios_family_arm_m3_TaskSupport_checkStack__E
00007249   ti_sysbios_knl_Task_SupportProxy_checkStack__E
00007257   ti_sysbios_knl_Queue_empty__E
00007265   ti_catalog_arm_cortexm4_tiva_ce_Boot_init__I
00007271   GPIOPinIntEnable
0000727d   ti_sysbios_family_xxx_Hwi_switchToTaskStack
00007289   ti_sysbios_family_arm_lm4_Timer_masterDisable__I
00007295   ti_sysbios_family_arm_lm4_TimestampProvider_startTimer__E
000072a1   ti_sysbios_gates_GateHwi_enter__E
000072ad   ti_sysbios_knl_Queue_Object__get__S
000072b9   xdc_runtime_Error_init__E
000072b9   xdc_runtime_Error_init__F
000072c5   xdc_runtime_Gate_enterSystem__E
000072c5   xdc_runtime_Gate_enterSystem__F
000072d1   xdc_runtime_HeapMin_getStats__E
000072d1   xdc_runtime_HeapMin_getStats__F
000072dd   xdc_runtime_Memory_calloc__E
000072dd   xdc_runtime_Memory_calloc__F
000072e9   xdc_runtime_Memory_getMaxDefaultTypeAlign__E
000072e9   xdc_runtime_Memory_getMaxDefaultTypeAlign__F
000072f5   xdc_runtime_System_exit__E
000072f5   xdc_runtime_System_exit__F
00007301   xdc_runtime_System_lastFxn__I
0000730d   GPIOPinRead
00007317   GPIOPinWrite
00007321   SSIDataPut
0000732b   SSIEnable
00007349   xdc_runtime_LoggerBuf_disable__E
00007349   xdc_runtime_LoggerBuf_disable__F
00007353   xdc_runtime_LoggerBuf_enable__E
00007353   xdc_runtime_LoggerBuf_enable__F
0000735d   SSIBusy
00007365   TimerIntEnable
0000736d   ti_sysbios_family_arm_m3_Hwi_doSwiRestore__I
00007375   ti_sysbios_family_arm_m3_Hwi_startup__E
00007375   ti_sysbios_hal_Hwi_HwiProxy_startup__E
00007375   ti_sysbios_hal_Hwi_startup__E
0000737d   ti_sysbios_knl_Idle_loop__E
00007385   xdc_runtime_Text_visitRope__I
0000738d   GPIOPinIntClear
00007393   __xdc__init
00007399   __TI_decompress_rle24
0000739f   ti_catalog_arm_cortexm4_tiva_ce_Boot_sysCtlDelayI__I
000073a5   ti_sysbios_family_arm_lm4_TimestampProvider_Module_startup__E
000073a5   ti_sysbios_family_arm_lm4_TimestampProvider_Module_startup__F
000073ab   ti_sysbios_family_arm_m3_Hwi_doTaskRestore__I
000073b1   ti_sysbios_gates_GateHwi_leave__E
000073b7   ti_sysbios_knl_Swi_startup__E
000073bd   xdc_runtime_System_Module_startup__E
000073bd   xdc_runtime_System_Module_startup__F
000073c3   TimerIntClear
000073c7   ti_sysbios_family_arm_lm4_Timer_getPeriod__E
000073cb   ti_sysbios_family_arm_lm4_Timer_masterEnable__I
000073cf   ti_sysbios_family_arm_m3_TaskSupport_Module__startupDone__S
000073d3   ti_sysbios_gates_GateHwi_query__E
000073d3   ti_sysbios_gates_GateHwi_query__F
000073d3   xdc_runtime_LoggerBuf_Module_GateProxy_query__E
000073d3   xdc_runtime_Main_Module_GateProxy_query__E
000073d3   xdc_runtime_System_Module_GateProxy_query__E
000073d7   ti_sysbios_hal_Hwi_HwiProxy_Module__startupDone__S
000073db   ti_sysbios_hal_Timer_TimerProxy_Module__startupDone__S
000073df   ti_sysbios_hal_Timer_TimerProxy_getPeriod__E
000073e3   ti_sysbios_knl_Task_SupportProxy_Module__startupDone__S
000073e7   ti_sysbios_knl_Task_startup__E
000073eb   xdc_runtime_Error_getSite__E
000073eb   xdc_runtime_Error_getSite__F
000073ef   xdc_runtime_HeapMin_isBlocking__E
000073ef   xdc_runtime_HeapMin_isBlocking__F
000073f3   xdc_runtime_LoggerBuf_Module_GateProxy_enter__E
000073f7   xdc_runtime_LoggerBuf_Module_GateProxy_leave__E
000073fb   xdc_runtime_Memory_HeapProxy_alloc__E
000073ff   xdc_runtime_Memory_HeapProxy_free__E
00007403   xdc_runtime_System_Module_GateProxy_enter__E
00007407   xdc_runtime_System_Module_GateProxy_leave__E
0000740b   xdc_runtime_System_aprintf_va__F
0000740f   xdc_runtime_System_printf_va__F
00007413   xdc_runtime_System_vsnprintf__E
00007418   MyFont
000075d0   ti_sysbios_family_arm_m3_Hwi_priorities__A
000076a8   shifted
00007754   unshifted
000079dc   xdc_runtime_LoggerBuf_Module__FXNS__C
00007a18   xdc_runtime_Startup_sfxnTab__A
00007a44   xdc_runtime_HeapMin_Module__FXNS__C
00007a6c   ti_sysbios_gates_GateHwi_Module__FXNS__C
00007a90   xdc_runtime_LoggerBuf_Object__PARAMS__C
00007ab4   ti_sysbios_gates_GateHwi_Object__DESC__C
00007ad4   xdc_runtime_HeapMin_Object__DESC__C
00007af4   xdc_runtime_HeapMin_Object__PARAMS__C
00007b14   xdc_runtime_LoggerBuf_Object__DESC__C
00007b34   UI
00007b38   ButTask
00007b3c   Clock
00007b40   KeySem
00007b44   Keyboard
00007b48   KeyboardTask
00007b4c   ti_sysbios_gates_GateHwi_Object__PARAMS__C
00007b64   ti_sysbios_knl_Task_hooks__A
00007b7c   xdc_runtime_Startup_sfxnRts__A
00007ba8   xdc_runtime_Startup_firstFxns__A
00007bb8   ti_sysbios_family_arm_m3_Hwi_excHookFuncs__A
00007bc0   ti_sysbios_knl_Idle_coreList__C
00007bc8   ti_sysbios_knl_Idle_funcList__C
00007bd0   ti_sysbios_knl_Task_hooks__C
00007bd8   xdc_runtime_Startup_firstFxns__C
00007be0   xdc_runtime_Startup_lastFxns__A
00007be8   xdc_runtime_Startup_lastFxns__C
00007bf0   ti_catalog_arm_cortexm4_tiva_ce_Boot_A_mustUseEnhancedClockMode__C
00007bf4   ti_catalog_arm_cortexm4_tiva_ce_Boot_Module__diagsEnabled__C
00007bf8   ti_catalog_arm_cortexm4_tiva_ce_Boot_Module__diagsIncluded__C
00007bfc   ti_catalog_arm_cortexm4_tiva_ce_Boot_Module__diagsMask__C
00007c00   ti_sysbios_BIOS_installedErrorHook__C
00007c04   ti_sysbios_family_arm_lm4_Timer_numTimerDevices__C
00007c08   ti_sysbios_family_arm_lm4_Timer_startupNeeded__C
00007c0c   ti_sysbios_family_arm_m3_Hwi_E_NMI__C
00007c10   ti_sysbios_family_arm_m3_Hwi_E_busFault__C
00007c14   ti_sysbios_family_arm_m3_Hwi_E_debugMon__C
00007c18   ti_sysbios_family_arm_m3_Hwi_E_hardFault__C
00007c1c   ti_sysbios_family_arm_m3_Hwi_E_memFault__C
00007c20   ti_sysbios_family_arm_m3_Hwi_E_noIsr__C
00007c24   ti_sysbios_family_arm_m3_Hwi_E_reserved__C
00007c28   ti_sysbios_family_arm_m3_Hwi_E_svCall__C
00007c2c   ti_sysbios_family_arm_m3_Hwi_E_usageFault__C
00007c30   ti_sysbios_family_arm_m3_Hwi_NUM_INTERRUPTS__C
00007c34   ti_sysbios_family_arm_m3_Hwi_ccr__C
00007c38   ti_sysbios_family_arm_m3_Hwi_dispatchTable__C
00007c3c   ti_sysbios_family_arm_m3_Hwi_excHandlerFunc__C
00007c40   ti_sysbios_family_arm_m3_Hwi_excHookFuncs__C
00007c44   ti_sysbios_family_arm_m3_Hwi_priGroup__C
00007c48   ti_sysbios_family_arm_m3_Hwi_priorities__C
00007c4c   ti_sysbios_hal_Hwi_E_stackOverflow__C
00007c50   ti_sysbios_knl_Clock_Module_State_clockQ__O
00007c54   ti_sysbios_knl_Idle_coreList__A
00007c58   ti_sysbios_knl_Idle_funcList__A
00007c5c   ti_sysbios_knl_Semaphore_A_badContext__C
00007c60   ti_sysbios_knl_Semaphore_A_overflow__C
00007c64   ti_sysbios_knl_Semaphore_A_pendTaskDisabled__C
00007c68   ti_sysbios_knl_Semaphore_Instance_State_pendQ__O
00007c6c   ti_sysbios_knl_Semaphore_Module__diagsEnabled__C
00007c70   ti_sysbios_knl_Semaphore_Module__diagsIncluded__C
00007c74   ti_sysbios_knl_Semaphore_Module__diagsMask__C
00007c78   ti_sysbios_knl_Swi_Object__count__C
00007c7c   ti_sysbios_knl_Task_A_badTimeout__C
00007c80   ti_sysbios_knl_Task_A_sleepTaskDisabled__C
00007c84   ti_sysbios_knl_Task_E_spOutOfBounds__C
00007c88   ti_sysbios_knl_Task_E_stackOverflow__C
00007c8c   ti_sysbios_knl_Task_Module_State_inactiveQ__O
00007c90   ti_sysbios_knl_Task_Module__diagsEnabled__C
00007c94   ti_sysbios_knl_Task_Module__diagsIncluded__C
00007c98   ti_sysbios_knl_Task_Module__diagsMask__C
00007c9c   ti_sysbios_knl_Task_Object__count__C
00007ca0   ti_sysbios_knl_Task_allBlockedFunc__C
00007ca4   ti_sysbios_knl_Task_numConstructedTasks__C
00007ca8   xdc_runtime_Assert_E_assertFailed__C
00007cac   xdc_runtime_Core_A_initializedParams__C
00007cb0   xdc_runtime_Core_Module__diagsEnabled__C
00007cb4   xdc_runtime_Core_Module__diagsIncluded__C
00007cb8   xdc_runtime_Core_Module__diagsMask__C
00007cbc   xdc_runtime_Error_E_memory__C
00007cc0   xdc_runtime_Error_Module__diagsEnabled__C
00007cc4   xdc_runtime_Error_Module__diagsIncluded__C
00007cc8   xdc_runtime_Error_Module__diagsMask__C
00007ccc   xdc_runtime_Error_Module__loggerFxn8__C
00007cd0   xdc_runtime_Error_Module__loggerObj__C
00007cd4   xdc_runtime_Error_raiseHook__C
00007cd8   xdc_runtime_HeapMin_A_zeroSize__C
00007cdc   xdc_runtime_HeapMin_E_freeError__C
00007ce0   xdc_runtime_HeapMin_Module__diagsEnabled__C
00007ce4   xdc_runtime_HeapMin_Module__diagsIncluded__C
00007ce8   xdc_runtime_HeapMin_Module__diagsMask__C
00007cec   xdc_runtime_IFilterLogger_Interface__BASE__C
00007cf0   xdc_runtime_IGateProvider_Interface__BASE__C
00007cf4   xdc_runtime_IHeap_Interface__BASE__C
00007cf8   xdc_runtime_ILogger_Interface__BASE__C
00007cfc   xdc_runtime_IModule_Interface__BASE__C
00007d00   xdc_runtime_Log_L_error__C
00007d04   xdc_runtime_LoggerBuf_E_badLevel__C
00007d08   xdc_runtime_LoggerBuf_Module__gateObj__C
00007d0c   xdc_runtime_LoggerBuf_Object__count__C
00007d10   xdc_runtime_LoggerBuf_statusLogger__C
00007d14   xdc_runtime_Memory_defaultHeapInstance__C
00007d18   xdc_runtime_Startup_execImpl__C
00007d1c   xdc_runtime_Startup_maxPasses__C
00007d20   xdc_runtime_Startup_sfxnRts__C
00007d24   xdc_runtime_Startup_sfxnTab__C
00007d28   xdc_runtime_SysMin_bufSize__C
00007d2c   xdc_runtime_SysMin_outputFunc__C
00007d30   xdc_runtime_System_Module__gateObj__C
00007d34   xdc_runtime_System_extendFxn__C
00007d38   xdc_runtime_System_maxAtexitHandlers__C
00007d3c   xdc_runtime_Text_charTab__C
00007d40   xdc_runtime_Text_nameEmpty__C
00007d44   xdc_runtime_Text_nameStatic__C
00007d48   xdc_runtime_Text_nameUnknown__C
00007d4c   xdc_runtime_Text_visitRopeFxn__C
00007d50   ti_catalog_arm_cortexm4_tiva_ce_Boot_Module__id__C
00007d54   ti_sysbios_family_arm_lm4_TimestampProvider_useClockTimer__C
00007d58   ti_sysbios_family_arm_m3_Hwi_Module__id__C
00007d5c   ti_sysbios_hal_Hwi_Module__id__C
00007d60   ti_sysbios_knl_Semaphore_Module__id__C
00007d64   ti_sysbios_knl_Task_Module__id__C
00007d68   ti_sysbios_knl_Task_initStackFlag__C
00007d6c   xdc_runtime_Core_Module__id__C
00007d70   xdc_runtime_Error_Module__loggerDefined__C
00007d74   xdc_runtime_Error_maxDepth__C
00007d78   xdc_runtime_HeapMin_Module__id__C
00007d7c   xdc_runtime_HeapMin_freeError__C
00007d80   xdc_runtime_LoggerBuf_Module__id__C
00007d84   xdc_runtime_LoggerBuf_filterByLevel__C
00007d88   xdc_runtime_Memory_Module__id__C
00007d8c   xdc_runtime_SysMin_flushAtExit__C
00007d90   xdc_runtime_Text_charCnt__C
00007d94   xdc_runtime_Text_isLoaded__C
00007d98   xdc_runtime_Text_registryModsLastId__C
00007d9c   xdc_runtime_Text_unnamedModsLastId__C
00007da0   xdc_runtime_Error_policy__C
00008500   __TI_Handler_Table_Base
0000850c   __TI_Handler_Table_Limit
00008520   __TI_CINIT_Base
00008538   __TI_CINIT_Limit
20000000   ti_sysbios_family_arm_m3_Hwi_ramVectors
20000360   ti_sysbios_knl_Task_Instance_State_0_stack__A
20000760   ti_sysbios_knl_Task_Instance_State_1_stack__A
20000b60   ti_sysbios_knl_Task_Instance_State_2_stack__A
20000f60   ti_sysbios_knl_Task_Instance_State_3_stack__A
20001360   glcd_buffer
20001760   __CIOBUF_
20001880   xdc_runtime_LoggerBuf_Instance_State_0_entryArr__A
20001900   xdc_runtime_SysMin_Module_State_0_outbuf__A
20001980   ti_sysbios_knl_Task_Instance_State_0_hookEnv__A
20001984   ti_sysbios_knl_Task_Instance_State_1_hookEnv__A
20001988   ti_sysbios_knl_Task_Instance_State_2_hookEnv__A
2000198c   ti_sysbios_knl_Task_Instance_State_3_hookEnv__A
20001990   xdc_runtime_HeapMin_Instance_State_0_buf__A
200019b0   time_string
200019cf   glcd_dirty_pages
200019d0   ItemBlock1
20001db8   ti_sysbios_family_arm_m3_Hwi_Module_State_0_dispatchTable__A
20002118   ti_sysbios_BIOS_Module__state__V
20002138   ti_sysbios_family_arm_lm4_Timer_Module__root__V
20002140   ti_sysbios_family_arm_lm4_Timer_Module_State_0_handles__A
20002158   ti_sysbios_family_arm_lm4_Timer_Module__state__V
20002164   ti_sysbios_family_arm_lm4_TimestampProvider_Module__state__V
2000216c   ti_sysbios_family_arm_m3_Hwi_Module__root__V
20002174   ti_sysbios_family_arm_m3_Hwi_Module_State_0_excActive__A
20002178   ti_sysbios_family_arm_m3_Hwi_Module_State_0_excContext__A
2000217c   ti_sysbios_family_arm_m3_Hwi_Module_State_0_excStack__A
20002180   ti_sysbios_gates_GateHwi_Module__root__V
20002188   ti_sysbios_gates_GateHwi_Object__table__V
2000218c   ti_sysbios_gates_GateMutexPri_Module__root__V
20002194   ti_sysbios_hal_Hwi_Module__root__V
2000219c   ti_sysbios_hal_Hwi_Object__table__V
200021ac   ti_sysbios_hal_Timer_Module__root__V
200021b4   ti_sysbios_hal_Timer_Object__table__V
200021bc   ti_sysbios_knl_Clock_Module__root__V
200021c4   ti_sysbios_knl_Queue_Module__root__V
200021cc   ti_sysbios_knl_Semaphore_Module__root__V
200021d4   ti_sysbios_knl_Semaphore_Object__table__V
200021e8   ti_sysbios_knl_Swi_Module__root__V
200021f0   ti_sysbios_knl_Swi_Module__state__V
2000220c   ti_sysbios_knl_Task_Module__root__V
20002214   ti_sysbios_knl_Task_Module_State_0_idleTask__A
20002218   xdc_runtime_Error_Module__state__V
2000221c   xdc_runtime_GateNull_Module__root__V
20002224   xdc_runtime_HeapMin_Module__root__V
2000222c   xdc_runtime_HeapMin_Object__table__V
2000223c   xdc_runtime_LoggerBuf_Module__root__V
20002244   xdc_runtime_LoggerBuf_Module__state__V
2000224c   xdc_runtime_Memory_Module__state__V
20002250   xdc_runtime_Registry_Module__state__V
20002258   xdc_runtime_Startup_Module__state__V
20002260   xdc_runtime_SysMin_Module__state__V
2000226c   xdc_runtime_System_Module_State_0_atexitHandlers__A
2000227c   xdc_runtime_System_Module__state__V
20002288   xdc_runtime_Text_Module__state__V
20002290   __xdc__init__addr
20002294   ti_sysbios_knl_Task_Object__table__V
20002378   TSK_idle
200023c4   ti_sysbios_knl_Swi_Module_State_0_readyQ__A
20002444   ti_sysbios_knl_Task_Module_State_0_readyQ__A
200024c4   ti_sysbios_family_arm_lm4_Timer_Object__table__V
20002534   ti_sysbios_family_arm_m3_Hwi_Object__table__V
20002594   ti_sysbios_family_arm_m3_Hwi_Module__state__V
200025e8   ti_sysbios_knl_Task_Module__state__V
2000262c   ItemLookUp
20002660   ti_sysbios_family_arm_lm4_Timer_Module_State_0_device__A
20002690   ti_sysbios_knl_Swi_Object__table__V
200026c0   ti_sysbios_knl_Clock_Module__state__V
200026e8   glcd_flipped
200026ec   pagemap
2000270c   xdc_runtime_LoggerBuf_Object__table__V
20002730   _lock
20002734   _unlock
20002738   _cleanup_ptr
2000273c   _dtors_ptr
20002740   TimeOfDay
20002750   StateInfo
20002753   LastState
20002758   main_func_sp
20002760   __stack
20002960   __STACK_TOP
20002b60   __STACK_END
e000e000   ti_sysbios_family_arm_m3_Hwi_nvic
ffffffff   __binit__
ffffffff   __c_args__
ffffffff   binit
UNDEFED    SHT$$INIT_ARRAY$$Base
UNDEFED    SHT$$INIT_ARRAY$$Limit

[652 symbols]
