******************************************************************************
                  TI ARM Linker PC v5.0.4                      
******************************************************************************
>> Linked Sat Jun 01 23:28:38 2013

OUTPUT FILE NAME:   <Grocery.out>
ENTRY POINT SYMBOL: "_c_int00"  address: 0000673d


MEMORY CONFIGURATION

         name            origin    length      used     unused   attr    fill
----------------------  --------  ---------  --------  --------  ----  --------
  FLASH                 00000000   00040000  00008e97  00037169  R  X
  SRAM                  20000000   00008000  00003038  00004fc8  RW X


SEGMENT ALLOCATION MAP

run origin  load origin   length   init length attrs members
----------  ----------- ---------- ----------- ----- -------
00000000    00000000    00008ea0   00008ea0    r-x
  00000000    00000000    00000360   00000360    r-- .resetVecs
  00000360    00000360    00007962   00007962    r-x .text
  00007cc4    00007cc4    0000099d   0000099d    r-- .const
  00008668    00008668    00000838   00000838    r-- .cinit
20000000    20000000    00001dd9   00000000    rw-
  20000000    20000000    00000360   00000000    rw- .vecs
  20000360    20000360    00001a79   00000000    rw- .bss
20001ddc    20001ddc    00001260   00000e5f    rw-
  20001ddc    20001ddc    00000e5f   00000e5f    rw- .data
  20002c3c    20002c3c    00000400   00000000    rw- .stack


SECTION ALLOCATION MAP

 output                                  attributes/
section   page    origin      length       input sections
--------  ----  ----------  ----------   ----------------
.bootVecs 
*          0    00000000    00000008     DSECT
                  00000000    00000008     boot.aem4f : boot.oem4f (.bootVecs)

.resetVecs 
*          0    00000000    00000360     
                  00000000    00000360     app_pem4f.oem4f (.resetVecs)

xdc.meta   0    00000000    000000d9     COPY SECTION
                  00000000    000000d9     app_pem4f.oem4f (xdc.meta)

xdc.noload 
*          0    00000000    00001240     COPY SECTION
                  00000000    00001240     app_pem4f.oem4f (xdc.noload)

.init_array 
*          0    00000000    00000000     UNINITIALIZED

.text      0    00000360    00007962     
                  00000360    00000a90     UiMessages.obj (.text)
                  00000df0    000008f2     graphics.obj (.text)
                  000016e2    00000002     sysbios.aem4f : BIOS.obj (.text:ti_sysbios_BIOS_nullFunc__I)
                  000016e4    000007b0     main.obj (.text)
                  00001e94    000004dc     Ps2Keyboard.obj (.text)
                  00002370    0000048c     st7565.obj (.text)
                  000027fc    00000424     sysbios.aem4f : BIOS.obj (.text:ti_sysbios_family_arm_m3_Hwi_excDumpRegs__I)
                  00002c20    0000035c     UI.obj (.text)
                  00002f7c    00000344     ti.targets.arm.rtsarm.aem4f : System.oem4f (.text:xdc_runtime_System_doPrint__I)
                  000032c0    00000314     Graphics_Bmp.obj (.text)
                  000035d4    000002e4     rtsv7M4_T_le_v4SPD16_eabi.lib : trgdrv.obj (.text)
                  000038b8    00000238     sysbios.aem4f : BIOS.obj (.text:ti_sysbios_knl_Semaphore_pend__E)
                  00003af0    000001f4     StateManagement.obj (.text)
                  00003ce4    000001dc     sysbios.aem4f : BIOS.obj (.text:ti_sysbios_family_arm_m3_Hwi_excHandlerMax__I)
                  00003ec0    000001d8     driverlib-cm4f.lib : sysctl.obj (.text:SysCtlClockGet)
                  00004098    0000018c     sysbios.aem4f : BIOS.obj (.text:ti_sysbios_knl_Task_sleep__E)
                  00004224    00000168                   : BIOS.obj (.text:ti_sysbios_family_arm_m3_Hwi_excBusFault__I)
                  0000438c    00000154                   : BIOS.obj (.text:ti_sysbios_family_arm_m3_Hwi_excUsageFault__I)
                  000044e0    00000140                   : BIOS.obj (.text:ti_sysbios_family_arm_m3_Hwi_excMemFault__I)
                  00004620    0000013c     ti.targets.arm.rtsarm.aem4f : Error.oem4f (.text:xdc_runtime_Error_raiseX__F)
                  0000475c    00000138     Boot.aem4f : Boot_sysctl.oem4f (.text:ti_catalog_arm_cortexm4_tiva_ce_Boot_sysCtlClockSetI__I)
                  00004894    00000134     sysbios.aem4f : m3_Hwi_asm.obj (.text:ti_sysbios_family_arm_m3_Hwi_dispatch__I)
                  000049c8    0000012c     ti.targets.arm.rtsarm.aem4f : LoggerBuf.oem4f (.text:xdc_runtime_LoggerBuf_write8__F)
                  00004af4    00000128     sysbios.aem4f : BIOS.obj (.text:ti_sysbios_family_arm_lm4_TimestampProvider_get64__E)
                  00004c1c    00000114                   : BIOS.obj (.text:ti_sysbios_family_arm_lm4_Timer_initDevice__I)
                  00004d30    00000104     ti.targets.arm.rtsarm.aem4f : Core-mem.oem4f (.text:xdc_runtime_Core_createObject__I)
                  00004e34    000000fc     sysbios.aem4f : BIOS.obj (.text:ti_sysbios_family_arm_lm4_Timer_start__E)
                  00004f30    000000f8     ti.targets.arm.rtsarm.aem4f : Startup.oem4f (.text:xdc_runtime_Startup_startMods__I)
                  00005028    000000f8     app_pem4f.oem4f (.text:xdc_runtime_System_printfExtend__I)
                  00005120    000000ec     rtsv7M4_T_le_v4SPD16_eabi.lib : dtor_list.obj (.text)
                  0000520c    000000ec     sysbios.aem4f : BIOS.obj (.text:ti_sysbios_knl_Semaphore_post__E)
                  000052f8    000000dc                   : BIOS.obj (.text:ti_sysbios_family_arm_m3_Hwi_initNVIC__E)
                  000053d4    000000dc                   : BIOS.obj (.text:ti_sysbios_knl_Task_postInit__I)
                  000054b0    000000d8     Clock.obj (.text)
                  00005588    000000d4     ti.targets.arm.rtsarm.aem4f : LoggerBuf.oem4f (.text:xdc_runtime_LoggerBuf_write4__F)
                  0000565c    000000c8     driverlib-cm4f.lib : gpio.obj (.text:GPIOPadConfigSet)
                  00005724    000000b4     sysbios.aem4f : BIOS.obj (.text:ti_sysbios_family_arm_m3_Hwi_excHardFault__I)
                  000057d8    000000b4                   : BIOS.obj (.text:ti_sysbios_knl_Task_checkStacks__E)
                  0000588c    000000b0                   : BIOS.obj (.text:ti_sysbios_family_arm_m3_Hwi_excDebugMon__I)
                  0000593c    000000ac                   : BIOS.obj (.text:ti_sysbios_knl_Swi_schedule__I)
                  000059e8    000000a4                   : BIOS.obj (.text:ti_sysbios_family_arm_m3_Hwi_Module_startup__F)
                  00005a8c    000000a0     auto_init.aem4f : auto_init.oem4f (.text)
                  00005b2c    0000009c     rtsv7M4_T_le_v4SPD16_eabi.lib : memcpy_t2.obj (.text)
                  00005bc8    0000009a     ti.targets.arm.rtsarm.aem4f : Text.oem4f (.text:xdc_runtime_Text_putSite__F)
                  00005c62    00000002     sysbios.aem4f : BIOS.obj (.text:ti_sysbios_gates_GateHwi_Instance_init__F)
                  00005c64    00000094     Boot.aem4f : Boot.oem4f (.text:ti_catalog_arm_cortexm4_tiva_ce_Boot_sysCtlClockSet__E)
                  00005cf8    00000094     ti.targets.arm.rtsarm.aem4f : Text.oem4f (.text:xdc_runtime_Text_putMod__F)
                  00005d8c    00000090     sysbios.aem4f : BIOS.obj (.text:ti_sysbios_knl_Task_exit__E)
                  00005e1c    00000090                   : BIOS.obj (.text:ti_sysbios_knl_Task_startCore__E)
                  00005eac    0000008c                   : m3_TaskSupport_asm.obj (.text:_ti_sysbios_family_arm_m3_TaskSupport_buildTaskStack)
                  00005f38    0000008c     ti.targets.arm.rtsarm.aem4f : HeapMin.oem4f (.text:xdc_runtime_HeapMin_Instance_init__F)
                  00005fc4    00000088     sysbios.aem4f : BIOS.obj (.text:ti_sysbios_knl_Task_schedule__I)
                  0000604c    00000084                   : BIOS.obj (.text:ti_sysbios_knl_Task_Module_startup__F)
                  000060d0    00000080     ti.targets.arm.rtsarm.aem4f : LoggerBuf.oem4f (.text:xdc_runtime_LoggerBuf_setFilterLevel__F)
                  00006150    00000078     rtsv7M4_T_le_v4SPD16_eabi.lib : memset_t2.obj (.text)
                  000061c8    00000070     ti.targets.arm.rtsarm.aem4f : Memory.oem4f (.text:xdc_runtime_Memory_alloc__F)
                  00006238    0000006c     sysbios.aem4f : BIOS.obj (.text:ti_sysbios_knl_Clock_workFunc__E)
                  000062a4    0000006c     ti.targets.arm.rtsarm.aem4f : Error.oem4f (.text:xdc_runtime_Error_print__F)
                  00006310    0000006c                                 : LoggerBuf.oem4f (.text:xdc_runtime_LoggerBuf_getFilterLevel__F)
                  0000637c    00000066                                 : Core-mem.oem4f (.text:xdc_runtime_Core_deleteObject__I)
                  000063e2    00000002     sysbios.aem4f : BIOS.obj (.text:ti_sysbios_knl_Clock_logTick__E)
                  000063e4    00000064     driverlib-cm4f.lib : interrupt.obj (.text:IntEnable)
                  00006448    00000060     rtsv7M4_T_le_v4SPD16_eabi.lib : trgmsg.obj (.text)
                  000064a8    00000060     sysbios.aem4f : BIOS.obj (.text:ti_sysbios_family_arm_m3_Hwi_dispatchC__I)
                  00006508    00000060                   : BIOS.obj (.text:ti_sysbios_knl_Swi_run__I)
                  00006568    00000060     app_pem4f.oem4f (.text:xdc_runtime_LoggerBuf_Object__create__S)
                  000065c8    0000005e     rtsv7M4_T_le_v4SPD16_eabi.lib : copy_decompress_rle.obj (.text)
                  00006626    00000002     app_pem4f.oem4f (.text:xdc_runtime_Startup_reset__I)
                  00006628    0000005c     sysbios.aem4f : BIOS.obj (.text:ti_sysbios_family_arm_lm4_Timer_Module_startup__F)
                  00006684    0000005c                   : BIOS.obj (.text:ti_sysbios_knl_Swi_restoreHwi__E)
                  000066e0    0000005b     ti.targets.arm.rtsarm.aem4f : Text.oem4f (.text:xdc_runtime_Text_putLab__F)
                  0000673b    00000001     --HOLE-- [fill = 0]
                  0000673c    00000058     boot.aem4f : boot.oem4f (.text)
                  00006794    00000058     driverlib-cm4f.lib : sysctl.obj (.text:SysCtlPeripheralEnable)
                  000067ec    00000058     sysbios.aem4f : BIOS.obj (.text:ti_sysbios_knl_Task_unblockI__E)
                  00006844    00000050     ti.targets.arm.rtsarm.aem4f : Startup.oem4f (.text:xdc_runtime_Startup_exec__F)
                  00006894    00000050                                 : System.oem4f (.text:xdc_runtime_System_formatNum__I)
                  000068e4    00000048     driverlib-cm4f.lib : gpio.obj (.text:GPIOPinConfigure)
                  0000692c    00000048     sysbios.aem4f : BIOS.obj (.text:ti_sysbios_family_arm_m3_Hwi_excReserved__I)
                  00006974    00000048                   : BIOS.obj (.text:ti_sysbios_knl_Task_allBlockedFunction__I)
                  000069bc    00000048     ti.targets.arm.rtsarm.aem4f : Assert.oem4f (.text:xdc_runtime_Assert_raise__I)
                  00006a04    00000048                                 : Core-params.oem4f (.text:xdc_runtime_Core_assignParams__I)
                  00006a4c    00000044     driverlib-cm4f.lib : gpio.obj (.text:GPIOIntTypeSet)
                  00006a90    00000044                        : ssi.obj (.text:SSIConfigSetExpClk)
                  00006ad4    00000044     rtsv7M4_T_le_v4SPD16_eabi.lib : cpy_tbl.obj (.text)
                  00006b18    00000044     sysbios.aem4f : BIOS.obj (.text:ti_sysbios_family_arm_lm4_Timer_isrStub__E)
                  00006b5c    00000044                   : BIOS.obj (.text:ti_sysbios_family_arm_m3_Hwi_disableInterrupt__E)
                  00006ba0    00000044                   : BIOS.obj (.text:ti_sysbios_family_arm_m3_Hwi_enableInterrupt__E)
                  00006be4    00000044                   : BIOS.obj (.text:ti_sysbios_knl_Swi_post__E)
                  00006c28    00000044     ti.targets.arm.rtsarm.aem4f : LoggerBuf.oem4f (.text:xdc_runtime_LoggerBuf_filterOutEvent__I)
                  00006c6c    00000044                                 : SysMin.oem4f (.text:xdc_runtime_SysMin_flush__F)
                  00006cb0    00000040     rtsv7M4_T_le_v4SPD16_eabi.lib : exit.obj (.text)
                  00006cf0    00000040     sysbios.aem4f : BIOS.obj (.text:ti_sysbios_family_arm_lm4_Timer_startup__E)
                  00006d30    00000040                   : BIOS.obj (.text:ti_sysbios_knl_Semaphore_pendTimeout__I)
                  00006d70    00000040                   : BIOS.obj (.text:ti_sysbios_knl_Task_processVitalTaskFlag__I)
                  00006db0    00000040     ti.targets.arm.rtsarm.aem4f : System.oem4f (.text:xdc_runtime_System_atexit__F)
                  00006df0    0000003c     sysbios.aem4f : BIOS.obj (.text:ti_sysbios_family_arm_m3_Hwi_excSvCall__I)
                  00006e2c    0000003c                   : BIOS.obj (.text:ti_sysbios_knl_Swi_restore__E)
                  00006e68    0000003c     ti.targets.arm.rtsarm.aem4f : HeapMin.oem4f (.text:xdc_runtime_HeapMin_alloc__F)
                  00006ea4    0000003c                                 : Text.oem4f (.text:xdc_runtime_Text_xprintf__I)
                  00006ee0    00000038     sysbios.aem4f : BIOS.obj (.text:ti_sysbios_family_arm_m3_Hwi_excNoIsr__I)
                  00006f18    00000038                   : BIOS.obj (.text:ti_sysbios_family_arm_m3_Hwi_getStackInfo__E)
                  00006f50    00000038                   : BIOS.obj (.text:ti_sysbios_family_arm_m3_TaskSupport_start__E)
                  00006f88    00000038     ti.targets.arm.rtsarm.aem4f : LoggerBuf.oem4f (.text:xdc_runtime_LoggerBuf_Instance_init__F)
                  00006fc0    00000038                                 : SysMin.oem4f (.text:xdc_runtime_SysMin_putch__F)
                  00006ff8    00000034     sysbios.aem4f : BIOS.obj (.text:ti_sysbios_family_arm_m3_Hwi_excNmi__I)
                  0000702c    00000034     app_pem4f.oem4f (.text:ti_sysbios_gates_GateHwi_Object__create__S)
                  00007060    00000034     sysbios.aem4f : BIOS.obj (.text:ti_sysbios_hal_Hwi_checkStack:ti_sysbios_hal_Hwi_checkStack)
                  00007094    00000034     app_pem4f.oem4f (.text:xdc_runtime_HeapMin_Object__create__S)
                  000070c8    00000030     sysbios.aem4f : BIOS.obj (.text:ti_sysbios_BIOS_errorRaiseHook__I)
                  000070f8    00000030     app_pem4f.oem4f (.text:ti_sysbios_BIOS_exitFunc__I)
                  00007128    00000030     sysbios.aem4f : BIOS.obj (.text:ti_sysbios_family_arm_lm4_Timer_enableTimers__I)
                  00007158    00000030                   : BIOS.obj (.text:ti_sysbios_family_arm_lm4_Timer_stop__E)
                  00007188    00000030                   : BIOS.obj (.text:ti_sysbios_knl_Idle_run__E)
                  000071b8    00000030     ti.targets.arm.rtsarm.aem4f : Core-label.oem4f (.text:xdc_runtime_Core_assignLabel__I)
                  000071e8    00000030                                 : HeapMin.oem4f (.text:xdc_runtime_HeapMin_free__F)
                  00007218    00000030                                 : SysMin.oem4f (.text:xdc_runtime_SysMin_abort__F)
                  00007248    0000002f                                 : Text.oem4f (.text:xdc_runtime_Text_printVisFxn__I)
                  00007277    00000001     --HOLE-- [fill = 0]
                  00007278    0000002e     driverlib-cm4f.lib : gpio.obj (.text:GPIODirModeSet)
                  000072a6    0000002e     app_pem4f.oem4f (.text:malloc)
                  000072d4    0000002e     sysbios.aem4f : BIOS.obj (.text:ti_sysbios_knl_Task_sleepTimeout__I)
                  00007302    0000002c                   : BIOS.obj (.text:ti_sysbios_hal_Hwi_initStack:ti_sysbios_hal_Hwi_initStack)
                  0000732e    00000002     --HOLE-- [fill = 0]
                  00007330    0000002c     app_pem4f.oem4f (.text:ti_sysbios_knl_Clock_doTick__I)
                  0000735c    0000002c     sysbios.aem4f : BIOS.obj (.text:ti_sysbios_knl_Task_restore__E)
                  00007388    0000002c     ti.targets.arm.rtsarm.aem4f : System.oem4f (.text:xdc_runtime_System_rtsExit__I)
                  000073b4    0000002c                                 : Text.oem4f (.text:xdc_runtime_Text_cordText__F)
                  000073e0    0000002a                                 : System.oem4f (.text:xdc_runtime_System_putchar__I)
                  0000740a    00000002     --HOLE-- [fill = 0]
                  0000740c    00000028     driverlib-cm4f.lib : timer.obj (.text:TimerConfigure)
                  00007434    00000028     sysbios.aem4f : m3_Hwi_asm_switch.obj (.text:_ti_sysbios_family_arm_m3_Hwi_initStacks__E)
                  0000745c    00000028                   : BIOS.obj (.text:ti_sysbios_knl_Clock_addI__E)
                  00007484    00000028     ti.targets.arm.rtsarm.aem4f : LoggerBuf.oem4f (.text:xdc_runtime_LoggerBuf_Module_startup__F)
                  000074ac    00000026                                 : System.oem4f (.text:xdc_runtime_System_avprintf__F)
                  000074d2    00000002     --HOLE-- [fill = 0]
                  000074d4    00000024     sysbios.aem4f : BIOS.obj (.text:ti_sysbios_knl_Clock_Module_startup__F)
                  000074f8    00000024                   : BIOS.obj (.text:ti_sysbios_knl_Swi_Module_startup__F)
                  0000751c    00000024                   : BIOS.obj (.text:ti_sysbios_knl_Task_restoreHwi__E)
                  00007540    00000024     ti.targets.arm.rtsarm.aem4f : System.oem4f (.text:xdc_runtime_System_vprintf__F)
                  00007564    00000022     app_pem4f.oem4f (.text:xdc_runtime_SysMin_output__I)
                  00007586    00000002     --HOLE-- [fill = 0]
                  00007588    00000020     sysbios.aem4f : BIOS.obj (.text:ti_sysbios_BIOS_removeRTSLock__I)
                  000075a8    00000020     app_pem4f.oem4f (.text:ti_sysbios_BIOS_startFunc__I)
                  000075c8    00000020     app_pem4f.oem4f (.text:ti_sysbios_gates_GateHwi_Object__delete__S)
                  000075e8    00000020     sysbios.aem4f : BIOS.obj (.text:ti_sysbios_knl_Task_enter__I)
                  00007608    00000020     app_pem4f.oem4f (.text:xdc_runtime_HeapMin_Object__delete__S)
                  00007628    00000020     app_pem4f.oem4f (.text:xdc_runtime_LoggerBuf_Object__delete__S)
                  00007648    00000020     ti.targets.arm.rtsarm.aem4f : LoggerBuf.oem4f (.text:xdc_runtime_LoggerBuf_reset__F)
                  00007668    00000020                                 : Registry.oem4f (.text:xdc_runtime_Registry_findById__F)
                  00007688    00000020                                 : SysMin.oem4f (.text:xdc_runtime_SysMin_Module_startup__F)
                  000076a8    0000001e     sysbios.aem4f : BIOS.obj (.text:ti_sysbios_family_arm_lm4_Timer_write__I)
                  000076c6    0000001c                   : BIOS.obj (.text:ti_sysbios_knl_Queue_put__E)
                  000076e2    00000002     --HOLE-- [fill = 0]
                  000076e4    0000001c     ti.targets.arm.rtsarm.aem4f : Error.oem4f (.text:xdc_runtime_Error_check__F)
                  00007700    0000001c                                 : Memory.oem4f (.text:xdc_runtime_Memory_valloc__F)
                  0000771c    0000001c                                 : SysMin.oem4f (.text:xdc_runtime_SysMin_exit__F)
                  00007738    0000001a     app_pem4f.oem4f (.text:xdc_runtime_System_aprintf__E)
                  00007752    0000001a     app_pem4f.oem4f (.text:xdc_runtime_System_printf__E)
                  0000776c    00000018     sysbios.aem4f : m3_TaskSupport_asm.obj (.text:_ti_sysbios_family_arm_m3_TaskSupport_swap__E)
                  00007784    00000018     app_pem4f.oem4f (.text:free)
                  0000779c    00000018     rtsv7M4_T_le_v4SPD16_eabi.lib : args_main.obj (.text)
                  000077b4    00000018     app_pem4f.oem4f (.text:ti_sysbios_family_arm_lm4_Timer_Module__startupDone__F)
                  000077cc    00000018     app_pem4f.oem4f (.text:ti_sysbios_family_arm_m3_Hwi_Handle__label__S)
                  000077e4    00000018     app_pem4f.oem4f (.text:ti_sysbios_family_arm_m3_Hwi_Module__startupDone__F)
                  000077fc    00000018     app_pem4f.oem4f (.text:ti_sysbios_gates_GateHwi_Handle__label__S)
                  00007814    00000018     app_pem4f.oem4f (.text:ti_sysbios_hal_Timer_Module__startupDone__F)
                  0000782c    00000018     app_pem4f.oem4f (.text:ti_sysbios_knl_Swi_Handle__label__S)
                  00007844    00000018     app_pem4f.oem4f (.text:ti_sysbios_knl_Task_Handle__label__S)
                  0000785c    00000018     app_pem4f.oem4f (.text:xdc_runtime_HeapMin_Handle__label__S)
                  00007874    00000018     app_pem4f.oem4f (.text:xdc_runtime_LoggerBuf_Handle__label__S)
                  0000788c    00000018     ti.targets.arm.rtsarm.aem4f : Text.oem4f (.text:xdc_runtime_Text_ropeText__F)
                  000078a4    00000014     rtsv7M4_T_le_v4SPD16_eabi.lib : _lock.obj (.text)
                  000078b8    00000014                                   : strlen.obj (.text)
                  000078cc    00000014     sysbios.aem4f : BIOS.obj (.text:ti_sysbios_family_arm_m3_Hwi_switchFromBootStack__E)
                  000078e0    00000014     app_pem4f.oem4f (.text:ti_sysbios_knl_Swi_Object__get__S)
                  000078f4    00000014     ti.targets.arm.rtsarm.aem4f : LoggerBuf.oem4f (.text:xdc_runtime_LoggerBuf_Instance_finalize__F)
                  00007908    00000014     app_pem4f.oem4f (.text:xdc_runtime_LoggerBuf_Object__get__S)
                  0000791c    00000014     ti.targets.arm.rtsarm.aem4f : LoggerBuf.oem4f (.text:xdc_runtime_LoggerBuf_write2__F)
                  00007930    00000014                                 : System.oem4f (.text:xdc_runtime_System_abort__F)
                  00007944    00000012     driverlib-cm4f.lib : gpio.obj (.text:GPIOPinTypeGPIOInput)
                  00007956    00000012                        : gpio.obj (.text:GPIOPinTypeGPIOOutput)
                  00007968    00000012                        : gpio.obj (.text:GPIOPinTypeSSI)
                  0000797a    00000012                        : timer.obj (.text:TimerLoadSet)
                  0000798c    00000012     rtsv7M4_T_le_v4SPD16_eabi.lib : copy_zero_init.obj (.text:decompress:ZI)
                  0000799e    00000012     sysbios.aem4f : BIOS.obj (.text:ti_sysbios_hal_Hwi_Module_startup__F)
                  000079b0    00000012                   : BIOS.obj (.text:ti_sysbios_hal_Timer_Module_startup__F)
                  000079c2    00000012     ti.targets.arm.rtsarm.aem4f : LoggerBuf.oem4f (.text:xdc_runtime_LoggerBuf_write1__F)
                  000079d4    00000012     app_pem4f.oem4f (.text:xdc_runtime_Startup_exec__I)
                  000079e6    00000010     sysbios.aem4f : m3_TaskSupport_asm.obj (.text:_ti_sysbios_family_arm_m3_TaskSupport_glue)
                  000079f6    00000010                   : m3_Hwi_asm_switch.obj (.text:_ti_sysbios_family_xxx_Hwi_switchToIsrStack)
                  00007a06    00000010     rtsv7M4_T_le_v4SPD16_eabi.lib : strcpy.obj (.text)
                  00007a16    00000002     --HOLE-- [fill = 0]
                  00007a18    00000010     sysbios.aem4f : BIOS.obj (.text:ti_sysbios_BIOS_setThreadType__E)
                  00007a28    00000010                   : BIOS.obj (.text:ti_sysbios_BIOS_start__E)
                  00007a38    00000010                   : BIOS.obj (.text:ti_sysbios_family_arm_lm4_TimestampProvider_rolloverFunc__E)
                  00007a48    00000010                   : BIOS.obj (.text:ti_sysbios_family_arm_m3_Hwi_excHandler__I)
                  00007a58    00000010                   : BIOS.obj (.text:ti_sysbios_knl_Swi_disable__E)
                  00007a68    00000010     app_pem4f.oem4f (.text:ti_sysbios_knl_Task_Object__get__S)
                  00007a78    00000010     sysbios.aem4f : BIOS.obj (.text:ti_sysbios_knl_Task_disable__E)
                  00007a88    00000010     ti.targets.arm.rtsarm.aem4f : Gate.oem4f (.text:xdc_runtime_Gate_leaveSystem__F)
                  00007a98    00000010                                 : LoggerBuf.oem4f (.text:xdc_runtime_LoggerBuf_write0__F)
                  00007aa8    00000010                                 : Memory.oem4f (.text:xdc_runtime_Memory_free__F)
                  00007ab8    00000010                                 : SysMin.oem4f (.text:xdc_runtime_SysMin_ready__F)
                  00007ac8    00000010                                 : System.oem4f (.text:xdc_runtime_System_vsnprintf__F)
                  00007ad8    0000000e     driverlib-cm4f.lib : timer.obj (.text:TimerEnable)
                  00007ae6    0000000e     rtsv7M4_T_le_v4SPD16_eabi.lib : copy_decompress_none.obj (.text:decompress:none)
                  00007af4    0000000e     sysbios.aem4f : BIOS.obj (.text:ti_sysbios_family_arm_m3_TaskSupport_checkStack__E)
                  00007b02    0000000e                   : BIOS.obj (.text:ti_sysbios_knl_Queue_empty__E)
                  00007b10    0000000c     app_pem4f.oem4f (.text:.bootCodeSection:ti_catalog_arm_cortexm4_tiva_ce_Boot_init__I)
                  00007b1c    0000000c     driverlib-cm4f.lib : gpio.obj (.text:GPIOPinIntEnable)
                  00007b28    0000000c     sysbios.aem4f : m3_Hwi_asm_switch.obj (.text:_ti_sysbios_family_xxx_Hwi_switchToTaskStack)
                  00007b34    0000000c                   : BIOS.obj (.text:ti_sysbios_family_arm_lm4_Timer_masterDisable__I)
                  00007b40    0000000c                   : BIOS.obj (.text:ti_sysbios_family_arm_lm4_TimestampProvider_startTimer__E)
                  00007b4c    0000000c                   : BIOS.obj (.text:ti_sysbios_gates_GateHwi_enter__E)
                  00007b58    0000000c     app_pem4f.oem4f (.text:ti_sysbios_knl_Queue_Object__get__S)
                  00007b64    0000000c     ti.targets.arm.rtsarm.aem4f : Error.oem4f (.text:xdc_runtime_Error_init__F)
                  00007b70    0000000c                                 : Gate.oem4f (.text:xdc_runtime_Gate_enterSystem__F)
                  00007b7c    0000000c                                 : HeapMin.oem4f (.text:xdc_runtime_HeapMin_getStats__F)
                  00007b88    0000000c                                 : Memory.oem4f (.text:xdc_runtime_Memory_calloc__F)
                  00007b94    0000000c                                 : Memory.oem4f (.text:xdc_runtime_Memory_getMaxDefaultTypeAlign__F)
                  00007ba0    0000000c                                 : System.oem4f (.text:xdc_runtime_System_exit__F)
                  00007bac    0000000c                                 : System.oem4f (.text:xdc_runtime_System_lastFxn__I)
                  00007bb8    0000000a     driverlib-cm4f.lib : gpio.obj (.text:GPIOPinRead)
                  00007bc2    0000000a                        : gpio.obj (.text:GPIOPinWrite)
                  00007bcc    0000000a                        : ssi.obj (.text:SSIDataPut)
                  00007bd6    0000000a                        : ssi.obj (.text:SSIEnable)
                  00007be0    0000000a     app_pem4f.oem4f (.text:xdc_runtime_IHeap_alloc)
                  00007bea    0000000a     app_pem4f.oem4f (.text:xdc_runtime_IHeap_free)
                  00007bf4    0000000a     ti.targets.arm.rtsarm.aem4f : LoggerBuf.oem4f (.text:xdc_runtime_LoggerBuf_disable__F)
                  00007bfe    0000000a                                 : LoggerBuf.oem4f (.text:xdc_runtime_LoggerBuf_enable__F)
                  00007c08    00000008     driverlib-cm4f.lib : ssi.obj (.text:SSIBusy)
                  00007c10    00000008                        : timer.obj (.text:TimerIntEnable)
                  00007c18    00000008     sysbios.aem4f : BIOS.obj (.text:ti_sysbios_family_arm_m3_Hwi_doSwiRestore__I)
                  00007c20    00000008                   : BIOS.obj (.text:ti_sysbios_family_arm_m3_Hwi_startup__E)
                  00007c28    00000008                   : BIOS.obj (.text:ti_sysbios_knl_Idle_loop__E)
                  00007c30    00000008     app_pem4f.oem4f (.text:xdc_runtime_Text_visitRope__I)
                  00007c38    00000006     driverlib-cm4f.lib : gpio.obj (.text:GPIOPinIntClear)
                  00007c3e    00000006     ti.targets.arm.rtsarm.aem4f : xdc_noinit.oem4f (.text:__xdc__init)
                  00007c44    00000006     rtsv7M4_T_le_v4SPD16_eabi.lib : copy_decompress_rle.obj (.text:decompress:rle24)
                  00007c4a    00000006     Boot.aem4f : Boot_sysctl.oem4f (.text:ti_catalog_arm_cortexm4_tiva_ce_Boot_sysCtlDelayI__I)
                  00007c50    00000006     sysbios.aem4f : BIOS.obj (.text:ti_sysbios_family_arm_lm4_TimestampProvider_Module_startup__F)
                  00007c56    00000006                   : BIOS.obj (.text:ti_sysbios_family_arm_m3_Hwi_doTaskRestore__I)
                  00007c5c    00000006                   : BIOS.obj (.text:ti_sysbios_gates_GateHwi_leave__E)
                  00007c62    00000006                   : BIOS.obj (.text:ti_sysbios_knl_Swi_startup__E)
                  00007c68    00000006     ti.targets.arm.rtsarm.aem4f : System.oem4f (.text:xdc_runtime_System_Module_startup__F)
                  00007c6e    00000004     driverlib-cm4f.lib : timer.obj (.text:TimerIntClear)
                  00007c72    00000004     sysbios.aem4f : BIOS.obj (.text:ti_sysbios_family_arm_lm4_Timer_getPeriod__E)
                  00007c76    00000004                   : BIOS.obj (.text:ti_sysbios_family_arm_lm4_Timer_masterEnable__I)
                  00007c7a    00000004     app_pem4f.oem4f (.text:ti_sysbios_family_arm_m3_TaskSupport_Module__startupDone__S)
                  00007c7e    00000004     sysbios.aem4f : BIOS.obj (.text:ti_sysbios_gates_GateHwi_query__F)
                  00007c82    00000004     app_pem4f.oem4f (.text:ti_sysbios_hal_Hwi_HwiProxy_Module__startupDone__S)
                  00007c86    00000004     app_pem4f.oem4f (.text:ti_sysbios_hal_Timer_TimerProxy_Module__startupDone__S)
                  00007c8a    00000004     app_pem4f.oem4f (.text:ti_sysbios_hal_Timer_TimerProxy_getPeriod__E)
                  00007c8e    00000004     app_pem4f.oem4f (.text:ti_sysbios_knl_Task_SupportProxy_Module__startupDone__S)
                  00007c92    00000004     sysbios.aem4f : BIOS.obj (.text:ti_sysbios_knl_Task_startup__E)
                  00007c96    00000004     ti.targets.arm.rtsarm.aem4f : Error.oem4f (.text:xdc_runtime_Error_getSite__F)
                  00007c9a    00000004                                 : HeapMin.oem4f (.text:xdc_runtime_HeapMin_isBlocking__F)
                  00007c9e    00000004     app_pem4f.oem4f (.text:xdc_runtime_LoggerBuf_Module_GateProxy_enter__E)
                  00007ca2    00000004     app_pem4f.oem4f (.text:xdc_runtime_LoggerBuf_Module_GateProxy_leave__E)
                  00007ca6    00000004     app_pem4f.oem4f (.text:xdc_runtime_Memory_HeapProxy_alloc__E)
                  00007caa    00000004     app_pem4f.oem4f (.text:xdc_runtime_Memory_HeapProxy_free__E)
                  00007cae    00000004     app_pem4f.oem4f (.text:xdc_runtime_System_Module_GateProxy_enter__E)
                  00007cb2    00000004     app_pem4f.oem4f (.text:xdc_runtime_System_Module_GateProxy_leave__E)
                  00007cb6    00000004     ti.targets.arm.rtsarm.aem4f : System.oem4f (.text:xdc_runtime_System_aprintf_va__F)
                  00007cba    00000004                                 : System.oem4f (.text:xdc_runtime_System_printf_va__F)
                  00007cbe    00000004     app_pem4f.oem4f (.text:xdc_runtime_System_vsnprintf__E)

.const     0    00007cc4    0000099d     
                  00007cc4    000001b6     Font.obj (.const:.string:MyFont)
                  00007e7a    00000002     --HOLE-- [fill = 0]
                  00007e7c    000000d8     app_pem4f.oem4f (.const:ti_sysbios_family_arm_m3_Hwi_priorities__A)
                  00007f54    000000ac     scancodes.obj (.const:shifted)
                  00008000    000000ac     scancodes.obj (.const:unshifted)
                  000080ac    00000078     driverlib-cm4f.lib : gpio.obj (.const:g_pulGPIOBaseAddrs)
                  00008124    00000070                        : interrupt.obj (.const)
                  00008194    0000006c                        : sysctl.obj (.const:g_pulXtals)
                  00008200    00000048     app_pem4f.oem4f (.const:.string)
                  00008248    00000040     driverlib-cm4f.lib : sysctl.obj (.const)
                  00008288    0000003c     app_pem4f.oem4f (.const:xdc_runtime_LoggerBuf_Module__FXNS__C)
                  000082c4    0000002c     app_pem4f.oem4f (.const:xdc_runtime_Startup_sfxnTab__A)
                  000082f0    00000028     app_pem4f.oem4f (.const:xdc_runtime_HeapMin_Module__FXNS__C)
                  00008318    00000024     app_pem4f.oem4f (.const:ti_sysbios_gates_GateHwi_Module__FXNS__C)
                  0000833c    00000024     app_pem4f.oem4f (.const:xdc_runtime_LoggerBuf_Object__PARAMS__C)
                  00008360    00000020     app_pem4f.oem4f (.const)
                  00008380    00000020     app_pem4f.oem4f (.const:ti_sysbios_gates_GateHwi_Object__DESC__C)
                  000083a0    00000020     app_pem4f.oem4f (.const:xdc_runtime_HeapMin_Object__DESC__C)
                  000083c0    00000020     app_pem4f.oem4f (.const:xdc_runtime_HeapMin_Object__PARAMS__C)
                  000083e0    00000020     app_pem4f.oem4f (.const:xdc_runtime_LoggerBuf_Object__DESC__C)
                  00008400    00000018     app_pem4f.oem4f (.const:ti_sysbios_gates_GateHwi_Object__PARAMS__C)
                  00008418    00000018     app_pem4f.oem4f (.const:ti_sysbios_knl_Task_hooks__A)
                  00008430    00000016     app_pem4f.oem4f (.const:xdc_runtime_Startup_sfxnRts__A)
                  00008446    00000002     --HOLE-- [fill = 0]
                  00008448    00000011     ti.targets.arm.rtsarm.aem4f : System.oem4f (.const)
                  00008459    00000003     --HOLE-- [fill = 0]
                  0000845c    00000010     app_pem4f.oem4f (.const:xdc_runtime_Startup_firstFxns__A)
                  0000846c    00000009     main.obj (.const:.string)
                  00008475    00000003     --HOLE-- [fill = 0]
                  00008478    00000008     app_pem4f.oem4f (.const:ti_sysbios_family_arm_m3_Hwi_excHookFuncs__A)
                  00008480    00000008     app_pem4f.oem4f (.const:ti_sysbios_knl_Idle_coreList__C)
                  00008488    00000008     app_pem4f.oem4f (.const:ti_sysbios_knl_Idle_funcList__C)
                  00008490    00000008     app_pem4f.oem4f (.const:ti_sysbios_knl_Task_hooks__C)
                  00008498    00000008     app_pem4f.oem4f (.const:xdc_runtime_Startup_firstFxns__C)
                  000084a0    00000008     app_pem4f.oem4f (.const:xdc_runtime_Startup_lastFxns__A)
                  000084a8    00000008     app_pem4f.oem4f (.const:xdc_runtime_Startup_lastFxns__C)
                  000084b0    00000004     app_pem4f.oem4f (.const:ti_catalog_arm_cortexm4_tiva_ce_Boot_A_mustUseEnhancedClockMode__C)
                  000084b4    00000004     app_pem4f.oem4f (.const:ti_catalog_arm_cortexm4_tiva_ce_Boot_Module__diagsEnabled__C)
                  000084b8    00000004     app_pem4f.oem4f (.const:ti_catalog_arm_cortexm4_tiva_ce_Boot_Module__diagsIncluded__C)
                  000084bc    00000004     app_pem4f.oem4f (.const:ti_catalog_arm_cortexm4_tiva_ce_Boot_Module__diagsMask__C)
                  000084c0    00000004     app_pem4f.oem4f (.const:ti_sysbios_BIOS_installedErrorHook__C)
                  000084c4    00000004     app_pem4f.oem4f (.const:ti_sysbios_family_arm_lm4_Timer_numTimerDevices__C)
                  000084c8    00000004     app_pem4f.oem4f (.const:ti_sysbios_family_arm_lm4_Timer_startupNeeded__C)
                  000084cc    00000004     app_pem4f.oem4f (.const:ti_sysbios_family_arm_m3_Hwi_E_NMI__C)
                  000084d0    00000004     app_pem4f.oem4f (.const:ti_sysbios_family_arm_m3_Hwi_E_busFault__C)
                  000084d4    00000004     app_pem4f.oem4f (.const:ti_sysbios_family_arm_m3_Hwi_E_debugMon__C)
                  000084d8    00000004     app_pem4f.oem4f (.const:ti_sysbios_family_arm_m3_Hwi_E_hardFault__C)
                  000084dc    00000004     app_pem4f.oem4f (.const:ti_sysbios_family_arm_m3_Hwi_E_memFault__C)
                  000084e0    00000004     app_pem4f.oem4f (.const:ti_sysbios_family_arm_m3_Hwi_E_noIsr__C)
                  000084e4    00000004     app_pem4f.oem4f (.const:ti_sysbios_family_arm_m3_Hwi_E_reserved__C)
                  000084e8    00000004     app_pem4f.oem4f (.const:ti_sysbios_family_arm_m3_Hwi_E_svCall__C)
                  000084ec    00000004     app_pem4f.oem4f (.const:ti_sysbios_family_arm_m3_Hwi_E_usageFault__C)
                  000084f0    00000004     app_pem4f.oem4f (.const:ti_sysbios_family_arm_m3_Hwi_NUM_INTERRUPTS__C)
                  000084f4    00000004     app_pem4f.oem4f (.const:ti_sysbios_family_arm_m3_Hwi_ccr__C)
                  000084f8    00000004     app_pem4f.oem4f (.const:ti_sysbios_family_arm_m3_Hwi_dispatchTable__C)
                  000084fc    00000004     app_pem4f.oem4f (.const:ti_sysbios_family_arm_m3_Hwi_excHandlerFunc__C)
                  00008500    00000004     app_pem4f.oem4f (.const:ti_sysbios_family_arm_m3_Hwi_excHookFuncs__C)
                  00008504    00000004     app_pem4f.oem4f (.const:ti_sysbios_family_arm_m3_Hwi_priGroup__C)
                  00008508    00000004     app_pem4f.oem4f (.const:ti_sysbios_family_arm_m3_Hwi_priorities__C)
                  0000850c    00000004     app_pem4f.oem4f (.const:ti_sysbios_hal_Hwi_E_stackOverflow__C)
                  00008510    00000004     app_pem4f.oem4f (.const:ti_sysbios_knl_Clock_Module_State_clockQ__O)
                  00008514    00000004     app_pem4f.oem4f (.const:ti_sysbios_knl_Idle_coreList__A)
                  00008518    00000004     app_pem4f.oem4f (.const:ti_sysbios_knl_Idle_funcList__A)
                  0000851c    00000004     app_pem4f.oem4f (.const:ti_sysbios_knl_Semaphore_A_badContext__C)
                  00008520    00000004     app_pem4f.oem4f (.const:ti_sysbios_knl_Semaphore_A_overflow__C)
                  00008524    00000004     app_pem4f.oem4f (.const:ti_sysbios_knl_Semaphore_A_pendTaskDisabled__C)
                  00008528    00000004     app_pem4f.oem4f (.const:ti_sysbios_knl_Semaphore_Instance_State_pendQ__O)
                  0000852c    00000004     app_pem4f.oem4f (.const:ti_sysbios_knl_Semaphore_Module__diagsEnabled__C)
                  00008530    00000004     app_pem4f.oem4f (.const:ti_sysbios_knl_Semaphore_Module__diagsIncluded__C)
                  00008534    00000004     app_pem4f.oem4f (.const:ti_sysbios_knl_Semaphore_Module__diagsMask__C)
                  00008538    00000004     app_pem4f.oem4f (.const:ti_sysbios_knl_Swi_Object__count__C)
                  0000853c    00000004     app_pem4f.oem4f (.const:ti_sysbios_knl_Task_A_badTimeout__C)
                  00008540    00000004     app_pem4f.oem4f (.const:ti_sysbios_knl_Task_A_sleepTaskDisabled__C)
                  00008544    00000004     app_pem4f.oem4f (.const:ti_sysbios_knl_Task_E_spOutOfBounds__C)
                  00008548    00000004     app_pem4f.oem4f (.const:ti_sysbios_knl_Task_E_stackOverflow__C)
                  0000854c    00000004     app_pem4f.oem4f (.const:ti_sysbios_knl_Task_Module_State_inactiveQ__O)
                  00008550    00000004     app_pem4f.oem4f (.const:ti_sysbios_knl_Task_Module__diagsEnabled__C)
                  00008554    00000004     app_pem4f.oem4f (.const:ti_sysbios_knl_Task_Module__diagsIncluded__C)
                  00008558    00000004     app_pem4f.oem4f (.const:ti_sysbios_knl_Task_Module__diagsMask__C)
                  0000855c    00000004     app_pem4f.oem4f (.const:ti_sysbios_knl_Task_Object__count__C)
                  00008560    00000004     app_pem4f.oem4f (.const:ti_sysbios_knl_Task_allBlockedFunc__C)
                  00008564    00000004     app_pem4f.oem4f (.const:ti_sysbios_knl_Task_numConstructedTasks__C)
                  00008568    00000004     app_pem4f.oem4f (.const:xdc_runtime_Assert_E_assertFailed__C)
                  0000856c    00000004     app_pem4f.oem4f (.const:xdc_runtime_Core_A_initializedParams__C)
                  00008570    00000004     app_pem4f.oem4f (.const:xdc_runtime_Core_Module__diagsEnabled__C)
                  00008574    00000004     app_pem4f.oem4f (.const:xdc_runtime_Core_Module__diagsIncluded__C)
                  00008578    00000004     app_pem4f.oem4f (.const:xdc_runtime_Core_Module__diagsMask__C)
                  0000857c    00000004     app_pem4f.oem4f (.const:xdc_runtime_Error_E_memory__C)
                  00008580    00000004     app_pem4f.oem4f (.const:xdc_runtime_Error_Module__diagsEnabled__C)
                  00008584    00000004     app_pem4f.oem4f (.const:xdc_runtime_Error_Module__diagsIncluded__C)
                  00008588    00000004     app_pem4f.oem4f (.const:xdc_runtime_Error_Module__diagsMask__C)
                  0000858c    00000004     app_pem4f.oem4f (.const:xdc_runtime_Error_Module__loggerFxn8__C)
                  00008590    00000004     app_pem4f.oem4f (.const:xdc_runtime_Error_Module__loggerObj__C)
                  00008594    00000004     app_pem4f.oem4f (.const:xdc_runtime_Error_raiseHook__C)
                  00008598    00000004     app_pem4f.oem4f (.const:xdc_runtime_HeapMin_A_zeroSize__C)
                  0000859c    00000004     app_pem4f.oem4f (.const:xdc_runtime_HeapMin_E_freeError__C)
                  000085a0    00000004     app_pem4f.oem4f (.const:xdc_runtime_HeapMin_Module__diagsEnabled__C)
                  000085a4    00000004     app_pem4f.oem4f (.const:xdc_runtime_HeapMin_Module__diagsIncluded__C)
                  000085a8    00000004     app_pem4f.oem4f (.const:xdc_runtime_HeapMin_Module__diagsMask__C)
                  000085ac    00000004     app_pem4f.oem4f (.const:xdc_runtime_IFilterLogger_Interface__BASE__C)
                  000085b0    00000004     app_pem4f.oem4f (.const:xdc_runtime_IGateProvider_Interface__BASE__C)
                  000085b4    00000004     app_pem4f.oem4f (.const:xdc_runtime_IHeap_Interface__BASE__C)
                  000085b8    00000004     app_pem4f.oem4f (.const:xdc_runtime_ILogger_Interface__BASE__C)
                  000085bc    00000004     app_pem4f.oem4f (.const:xdc_runtime_IModule_Interface__BASE__C)
                  000085c0    00000004     app_pem4f.oem4f (.const:xdc_runtime_Log_L_error__C)
                  000085c4    00000004     app_pem4f.oem4f (.const:xdc_runtime_LoggerBuf_E_badLevel__C)
                  000085c8    00000004     app_pem4f.oem4f (.const:xdc_runtime_LoggerBuf_Module__gateObj__C)
                  000085cc    00000004     app_pem4f.oem4f (.const:xdc_runtime_LoggerBuf_Object__count__C)
                  000085d0    00000004     app_pem4f.oem4f (.const:xdc_runtime_LoggerBuf_statusLogger__C)
                  000085d4    00000004     app_pem4f.oem4f (.const:xdc_runtime_Memory_defaultHeapInstance__C)
                  000085d8    00000004     app_pem4f.oem4f (.const:xdc_runtime_Startup_execImpl__C)
                  000085dc    00000004     app_pem4f.oem4f (.const:xdc_runtime_Startup_maxPasses__C)
                  000085e0    00000004     app_pem4f.oem4f (.const:xdc_runtime_Startup_sfxnRts__C)
                  000085e4    00000004     app_pem4f.oem4f (.const:xdc_runtime_Startup_sfxnTab__C)
                  000085e8    00000004     app_pem4f.oem4f (.const:xdc_runtime_SysMin_bufSize__C)
                  000085ec    00000004     app_pem4f.oem4f (.const:xdc_runtime_SysMin_outputFunc__C)
                  000085f0    00000004     app_pem4f.oem4f (.const:xdc_runtime_System_Module__gateObj__C)
                  000085f4    00000004     app_pem4f.oem4f (.const:xdc_runtime_System_extendFxn__C)
                  000085f8    00000004     app_pem4f.oem4f (.const:xdc_runtime_System_maxAtexitHandlers__C)
                  000085fc    00000004     app_pem4f.oem4f (.const:xdc_runtime_Text_charTab__C)
                  00008600    00000004     app_pem4f.oem4f (.const:xdc_runtime_Text_nameEmpty__C)
                  00008604    00000004     app_pem4f.oem4f (.const:xdc_runtime_Text_nameStatic__C)
                  00008608    00000004     app_pem4f.oem4f (.const:xdc_runtime_Text_nameUnknown__C)
                  0000860c    00000004     app_pem4f.oem4f (.const:xdc_runtime_Text_visitRopeFxn__C)
                  00008610    00000002     app_pem4f.oem4f (.const:ti_catalog_arm_cortexm4_tiva_ce_Boot_Module__id__C)
                  00008612    00000002     --HOLE-- [fill = 0]
                  00008614    00000002     app_pem4f.oem4f (.const:ti_sysbios_family_arm_lm4_TimestampProvider_useClockTimer__C)
                  00008616    00000002     --HOLE-- [fill = 0]
                  00008618    00000002     app_pem4f.oem4f (.const:ti_sysbios_family_arm_m3_Hwi_Module__id__C)
                  0000861a    00000002     --HOLE-- [fill = 0]
                  0000861c    00000002     app_pem4f.oem4f (.const:ti_sysbios_hal_Hwi_Module__id__C)
                  0000861e    00000002     --HOLE-- [fill = 0]
                  00008620    00000002     app_pem4f.oem4f (.const:ti_sysbios_knl_Semaphore_Module__id__C)
                  00008622    00000002     --HOLE-- [fill = 0]
                  00008624    00000002     app_pem4f.oem4f (.const:ti_sysbios_knl_Task_Module__id__C)
                  00008626    00000002     --HOLE-- [fill = 0]
                  00008628    00000002     app_pem4f.oem4f (.const:ti_sysbios_knl_Task_initStackFlag__C)
                  0000862a    00000002     --HOLE-- [fill = 0]
                  0000862c    00000002     app_pem4f.oem4f (.const:xdc_runtime_Core_Module__id__C)
                  0000862e    00000002     --HOLE-- [fill = 0]
                  00008630    00000002     app_pem4f.oem4f (.const:xdc_runtime_Error_Module__loggerDefined__C)
                  00008632    00000002     --HOLE-- [fill = 0]
                  00008634    00000002     app_pem4f.oem4f (.const:xdc_runtime_Error_maxDepth__C)
                  00008636    00000002     --HOLE-- [fill = 0]
                  00008638    00000002     app_pem4f.oem4f (.const:xdc_runtime_HeapMin_Module__id__C)
                  0000863a    00000002     --HOLE-- [fill = 0]
                  0000863c    00000002     app_pem4f.oem4f (.const:xdc_runtime_HeapMin_freeError__C)
                  0000863e    00000002     --HOLE-- [fill = 0]
                  00008640    00000002     app_pem4f.oem4f (.const:xdc_runtime_LoggerBuf_Module__id__C)
                  00008642    00000002     --HOLE-- [fill = 0]
                  00008644    00000002     app_pem4f.oem4f (.const:xdc_runtime_LoggerBuf_filterByLevel__C)
                  00008646    00000002     --HOLE-- [fill = 0]
                  00008648    00000002     app_pem4f.oem4f (.const:xdc_runtime_Memory_Module__id__C)
                  0000864a    00000002     --HOLE-- [fill = 0]
                  0000864c    00000002     app_pem4f.oem4f (.const:xdc_runtime_SysMin_flushAtExit__C)
                  0000864e    00000002     --HOLE-- [fill = 0]
                  00008650    00000002     app_pem4f.oem4f (.const:xdc_runtime_Text_charCnt__C)
                  00008652    00000002     --HOLE-- [fill = 0]
                  00008654    00000002     app_pem4f.oem4f (.const:xdc_runtime_Text_isLoaded__C)
                  00008656    00000002     --HOLE-- [fill = 0]
                  00008658    00000002     app_pem4f.oem4f (.const:xdc_runtime_Text_registryModsLastId__C)
                  0000865a    00000002     --HOLE-- [fill = 0]
                  0000865c    00000002     app_pem4f.oem4f (.const:xdc_runtime_Text_unnamedModsLastId__C)
                  0000865e    00000002     --HOLE-- [fill = 0]
                  00008660    00000001     app_pem4f.oem4f (.const:xdc_runtime_Error_policy__C)

.cinit     0    00008668    00000838     
                  00008668    00000802     (.cinit..data.load) [load image, compression = rle]
                  00008e6a    00000002     --HOLE-- [fill = 0]
                  00008e6c    0000000c     (__TI_handler_table)
                  00008e78    00000008     (.cinit..bss.load) [load image, compression = zero_init]
                  00008e80    00000008     (.cinit..vecs.load) [load image, compression = zero_init]
                  00008e88    00000018     (__TI_cinit_table)

.vecs      0    20000000    00000360     UNINITIALIZED
                  20000000    00000360     app_pem4f.oem4f (.vecs)

.bss       0    20000360    00001a79     UNINITIALIZED
                  20000360    00001400     app_pem4f.oem4f (.bss:taskStackSection)
                  20001760    00000400     st7565.obj (.bss:glcd_buffer)
                  20001b60    00000120     rtsv7M4_T_le_v4SPD16_eabi.lib : trgmsg.obj (.bss:__CIOBUF_)
                  20001c80    00000080     app_pem4f.oem4f (.bss:xdc_runtime_LoggerBuf_Instance_State_0_entryArr__A)
                  20001d00    00000080     app_pem4f.oem4f (.bss:xdc_runtime_SysMin_Module_State_0_outbuf__A)
                  20001d80    00000038     app_pem4f.oem4f (.bss)
                  20001db8    0000000c     Graphics_Bmp.obj (.bss)
                  20001dc4    0000000b     Ps2Keyboard.obj (.bss)
                  20001dcf    00000008     rtsv7M4_T_le_v4SPD16_eabi.lib : trgdrv.obj (.bss)
                  20001dd7    00000001     UI.obj (.bss)
                  20001dd8    00000001     st7565.obj (.bss)

.data      0    20001ddc    00000e5f     
                  20001ddc    0000044c     Items.obj (.data:ItemBlock1)
                  20002228    00000360     app_pem4f.oem4f (.data:ti_sysbios_family_arm_m3_Hwi_Module_State_0_dispatchTable__A)
                  20002588    0000017c     app_pem4f.oem4f (.data:ti_sysbios_knl_Task_Object__table__V)
                  20002704    00000168     app_pem4f.oem4f (.data)
                  2000286c    00000080     app_pem4f.oem4f (.data:ti_sysbios_knl_Swi_Module_State_0_readyQ__A)
                  200028ec    00000080     app_pem4f.oem4f (.data:ti_sysbios_knl_Task_Module_State_0_readyQ__A)
                  2000296c    00000070     app_pem4f.oem4f (.data:ti_sysbios_family_arm_lm4_Timer_Object__table__V)
                  200029dc    00000060     app_pem4f.oem4f (.data:ti_sysbios_family_arm_m3_Hwi_Object__table__V)
                  20002a3c    00000054     app_pem4f.oem4f (.data:ti_sysbios_family_arm_m3_Hwi_Module__state__V)
                  20002a90    00000044     app_pem4f.oem4f (.data:ti_sysbios_knl_Task_Module__state__V)
                  20002ad4    00000032     Items.obj (.data:ItemLookUp)
                  20002b06    00000002     --HOLE--
                  20002b08    00000030     app_pem4f.oem4f (.data:ti_sysbios_family_arm_lm4_Timer_Module_State_0_device__A)
                  20002b38    00000030     app_pem4f.oem4f (.data:ti_sysbios_knl_Swi_Object__table__V)
                  20002b68    00000028     app_pem4f.oem4f (.data:ti_sysbios_knl_Clock_Module__state__V)
                  20002b90    00000028     app_pem4f.oem4f (.data:ti_sysbios_knl_Semaphore_Object__table__V)
                  20002bb8    00000024     st7565.obj (.data)
                  20002bdc    00000024     app_pem4f.oem4f (.data:xdc_runtime_LoggerBuf_Object__table__V)
                  20002c00    0000000d     UI.obj (.data)
                  20002c0d    00000003     --HOLE--
                  20002c10    00000008     rtsv7M4_T_le_v4SPD16_eabi.lib : _lock.obj (.data)
                  20002c18    00000008                                   : exit.obj (.data)
                  20002c20    00000005     Ps2Keyboard.obj (.data)
                  20002c25    00000003     --HOLE--
                  20002c28    00000004     main.obj (.data)
                  20002c2c    00000004     rtsv7M4_T_le_v4SPD16_eabi.lib : dtor_list.obj (.data)
                  20002c30    00000004                                   : stkdepth_vars.obj (.data)
                  20002c34    00000003     Clock.obj (.data)
                  20002c37    00000001     --HOLE--
                  20002c38    00000003     StateManagement.obj (.data)

.stack     0    20002c3c    00000400     UNINITIALIZED
                  20002c3c    00000400     --HOLE--


LINKER GENERATED COPY TABLES

__TI_cinit_table @ 00008e88 records: 3, size/record: 8, table size: 24
	.data: load addr=00008668, load size=00000802 bytes, run addr=20001ddc, run size=00000e5f bytes, compression=rle
	.bss: load addr=00008e78, load size=00000008 bytes, run addr=20000360, run size=00001a79 bytes, compression=zero_init
	.vecs: load addr=00008e80, load size=00000008 bytes, run addr=20000000, run size=00000360 bytes, compression=zero_init


LINKER GENERATED HANDLER TABLE

__TI_handler_table @ 00008e6c records: 3, size/record: 4, table size: 12
	index: 0, handler: __TI_zero_init
	index: 1, handler: __TI_decompress_rle24
	index: 2, handler: __TI_decompress_none


GLOBAL SYMBOLS: SORTED ALPHABETICALLY BY Name 

address    name
--------   ----
000005d3   AddMsg
00000747   AddMsgFound
00000a03   AddMsgNewExp
000008cb   AddMsgNoMatch
000007f5   AddMsgQuan
00006cb1   C$$EXIT
00006473   C$$IO$$
20002c00   ChartoDec
00008368   Clock
000054b1   ClockInit
0000837c   Display
00003ca7   DisplayTask
00001e95   FSSIntHandler
00007279   GPIODirModeSet
00006a4d   GPIOIntTypeSet
0000565d   GPIOPadConfigSet
000068e5   GPIOPinConfigure
00007c39   GPIOPinIntClear
00007b1d   GPIOPinIntEnable
00007bb9   GPIOPinRead
00007945   GPIOPinTypeGPIOInput
00007957   GPIOPinTypeGPIOOutput
00007969   GPIOPinTypeSSI
00007bc3   GPIOPinWrite
000034b1   GlcdDispTime
0000386b   HOSTclock
00003831   HOSTclose
000037f3   HOSTgetenv
00003797   HOSTlseek
00003747   HOSTopen
000036f9   HOSTread
00003699   HOSTrename
0000365d   HOSTtime
00003623   HOSTunlink
000035d5   HOSTwrite
000063e5   IntEnable
00000cfb   InvMsg
20001ddc   ItemBlock1
20002ad4   ItemLookUp
00002285   KeyPend
0000836c   KeySem
00002305   KeyTask
00008370   Keyboard
00001f37   KeyboardInit
00008374   KeyboardTask
20002c2b   LastState
00007649   LoggerBuf_instanceStartup
000003c5   MainMsg
00007cc4   MyFont
00002c4b   ReceiveExpDate
00002c21   ReceiveTime
00000b11   RemoveMsg
00000c4d   RemoveMsgFound
UNDEFED    SHT$$INIT_ARRAY$$Base
UNDEFED    SHT$$INIT_ARRAY$$Limit
00007c09   SSIBusy
00006a91   SSIConfigSetExpClk
00007bcd   SSIDataPut
00007bd7   SSIEnable
20002c28   StateInfo
000022c5   StatePend
00008378   StateSem
00003af1   StateTask
00008364   States
00003ec1   SysCtlClockGet
00006795   SysCtlPeripheralEnable
200026b8   TSK_idle
00005541   TimeGet
20002c38   TimeOfDay
00005557   TimeSet
000054f1   Timer0IntHandler
0000740d   TimerConfigure
00007ad9   TimerEnable
00007c6f   TimerIntClear
00007c11   TimerIntEnable
0000797b   TimerLoadSet
00008360   UI
000016e5   UiTask
00000361   WelcomeMsg
00000000   __ASM__
20001b60   __CIOBUF_
00000052   __ISA__
00000065   __PLAT__
2000303c   __STACK_END
00000400   __STACK_SIZE
20002e3c   __STACK_TOP
0000008b   __TARG__
00008e88   __TI_CINIT_Base
00008ea0   __TI_CINIT_Limit
00008e6c   __TI_Handler_Table_Base
00008e78   __TI_Handler_Table_Limit
00000001   __TI_args_main
00005a8d   __TI_auto_init
00007ae7   __TI_decompress_none
00007c45   __TI_decompress_rle24
00000000   __TI_static_base__
0000798d   __TI_zero_init
000000b1   __TRDR__
00005177   __aeabi_atexit
00006151   __aeabi_memclr
00006151   __aeabi_memclr4
00006151   __aeabi_memclr8
00005b2d   __aeabi_memcpy
00005b2d   __aeabi_memcpy4
00005b2d   __aeabi_memcpy8
00006153   __aeabi_memset
00006153   __aeabi_memset4
00006153   __aeabi_memset8
ffffffff   __binit__
ffffffff   __c_args__
00005165   __cxa_atexit
00005121   __cxa_finalize
0000515f   __cxa_ia64_exit
20002c3c   __stack
00007c3f   __xdc__init
20002868   __xdc__init__addr
0000779d   _args_main
0000673d   _c_int00
20002c18   _cleanup_ptr
20002c1c   _dtors_ptr
20002c10   _lock
000078b3   _nop
000078ab   _register_lock
000078a5   _register_unlock
20002c14   _unlock
00006cb5   abort
00005169   atexit
ffffffff   binit
00006ad5   copy_in
00000ff5   draw_bmp
0000126f   draw_box
00000e5f   draw_char
00003375   draw_char_bmp
000013e9   draw_circle
00001581   draw_filled_circle
000012d3   draw_line
0000121b   draw_rectangle
00000df1   draw_text
000032c1   draw_text_bmp
00006cbd   exit
00007785   free
00002427   glcd_blank
000024a1   glcd_blank_page
0000250d   glcd_blank_pagexy
20001760   glcd_buffer
00002713   glcd_command
0000279d   glcd_contrast
000026d9   glcd_data
20001dd8   glcd_dirty_pages
0000274d   glcd_flip_screen
20002bb8   glcd_flipped
00002611   glcd_init
00002781   glcd_inverse_screen
00002371   glcd_pixel
00002587   glcd_refresh
00001e1f   main
20002c30   main_func_sp
000072a7   malloc
00005b2d   memcpy
00006159   memset
20002bbc   pagemap
00006477   readmsg
00007f54   shifted
00007a07   strcpy
000078b9   strlen
00001145   text_height
00001155   text_width
000084b0   ti_catalog_arm_cortexm4_tiva_ce_Boot_A_mustUseEnhancedClockMode__C
000084b4   ti_catalog_arm_cortexm4_tiva_ce_Boot_Module__diagsEnabled__C
000084b8   ti_catalog_arm_cortexm4_tiva_ce_Boot_Module__diagsIncluded__C
000084bc   ti_catalog_arm_cortexm4_tiva_ce_Boot_Module__diagsMask__C
00008610   ti_catalog_arm_cortexm4_tiva_ce_Boot_Module__id__C
00007b11   ti_catalog_arm_cortexm4_tiva_ce_Boot_init__I
0000475d   ti_catalog_arm_cortexm4_tiva_ce_Boot_sysCtlClockSetI__I
00005c65   ti_catalog_arm_cortexm4_tiva_ce_Boot_sysCtlClockSet__E
00007c4b   ti_catalog_arm_cortexm4_tiva_ce_Boot_sysCtlDelayI__I
20002704   ti_sysbios_BIOS_Module__state__V
000070c9   ti_sysbios_BIOS_errorRaiseHook__I
000070f9   ti_sysbios_BIOS_exitFunc__I
000084c0   ti_sysbios_BIOS_installedErrorHook__C
000016e3   ti_sysbios_BIOS_nullFunc__I
00007589   ti_sysbios_BIOS_removeRTSLock__I
00007a19   ti_sysbios_BIOS_setThreadType__E
000075a9   ti_sysbios_BIOS_startFunc__I
00007a29   ti_sysbios_BIOS_start__E
20002b08   ti_sysbios_family_arm_lm4_Timer_Module_State_0_device__A
2000272c   ti_sysbios_family_arm_lm4_Timer_Module_State_0_handles__A
20002724   ti_sysbios_family_arm_lm4_Timer_Module__root__V
000077b5   ti_sysbios_family_arm_lm4_Timer_Module__startupDone__F
000077b5   ti_sysbios_family_arm_lm4_Timer_Module__startupDone__S
20002744   ti_sysbios_family_arm_lm4_Timer_Module__state__V
00006629   ti_sysbios_family_arm_lm4_Timer_Module_startup__E
00006629   ti_sysbios_family_arm_lm4_Timer_Module_startup__F
2000296c   ti_sysbios_family_arm_lm4_Timer_Object__table__V
00007129   ti_sysbios_family_arm_lm4_Timer_enableTimers__I
00007c73   ti_sysbios_family_arm_lm4_Timer_getPeriod__E
00004c1d   ti_sysbios_family_arm_lm4_Timer_initDevice__I
00006b19   ti_sysbios_family_arm_lm4_Timer_isrStub__E
00007b35   ti_sysbios_family_arm_lm4_Timer_masterDisable__I
00007c77   ti_sysbios_family_arm_lm4_Timer_masterEnable__I
000084c4   ti_sysbios_family_arm_lm4_Timer_numTimerDevices__C
00004e35   ti_sysbios_family_arm_lm4_Timer_start__E
000084c8   ti_sysbios_family_arm_lm4_Timer_startupNeeded__C
00006cf1   ti_sysbios_family_arm_lm4_Timer_startup__E
00007159   ti_sysbios_family_arm_lm4_Timer_stop__E
000076a9   ti_sysbios_family_arm_lm4_Timer_write__I
20002750   ti_sysbios_family_arm_lm4_TimestampProvider_Module__state__V
00007c51   ti_sysbios_family_arm_lm4_TimestampProvider_Module_startup__E
00007c51   ti_sysbios_family_arm_lm4_TimestampProvider_Module_startup__F
00004af5   ti_sysbios_family_arm_lm4_TimestampProvider_get64__E
00007a39   ti_sysbios_family_arm_lm4_TimestampProvider_rolloverFunc__E
00007b41   ti_sysbios_family_arm_lm4_TimestampProvider_startTimer__E
00008614   ti_sysbios_family_arm_lm4_TimestampProvider_useClockTimer__C
000084cc   ti_sysbios_family_arm_m3_Hwi_E_NMI__C
000084d0   ti_sysbios_family_arm_m3_Hwi_E_busFault__C
000084d4   ti_sysbios_family_arm_m3_Hwi_E_debugMon__C
000084d8   ti_sysbios_family_arm_m3_Hwi_E_hardFault__C
000084dc   ti_sysbios_family_arm_m3_Hwi_E_memFault__C
000084e0   ti_sysbios_family_arm_m3_Hwi_E_noIsr__C
000084e4   ti_sysbios_family_arm_m3_Hwi_E_reserved__C
000084e8   ti_sysbios_family_arm_m3_Hwi_E_svCall__C
000084ec   ti_sysbios_family_arm_m3_Hwi_E_usageFault__C
000077cd   ti_sysbios_family_arm_m3_Hwi_Handle__label__S
20002228   ti_sysbios_family_arm_m3_Hwi_Module_State_0_dispatchTable__A
20002760   ti_sysbios_family_arm_m3_Hwi_Module_State_0_excActive__A
20002764   ti_sysbios_family_arm_m3_Hwi_Module_State_0_excContext__A
20002768   ti_sysbios_family_arm_m3_Hwi_Module_State_0_excStack__A
00008618   ti_sysbios_family_arm_m3_Hwi_Module__id__C
20002758   ti_sysbios_family_arm_m3_Hwi_Module__root__V
000077e5   ti_sysbios_family_arm_m3_Hwi_Module__startupDone__F
000077e5   ti_sysbios_family_arm_m3_Hwi_Module__startupDone__S
20002a3c   ti_sysbios_family_arm_m3_Hwi_Module__state__V
000059e9   ti_sysbios_family_arm_m3_Hwi_Module_startup__E
000059e9   ti_sysbios_family_arm_m3_Hwi_Module_startup__F
000084f0   ti_sysbios_family_arm_m3_Hwi_NUM_INTERRUPTS__C
200029dc   ti_sysbios_family_arm_m3_Hwi_Object__table__V
000084f4   ti_sysbios_family_arm_m3_Hwi_ccr__C
00006b5d   ti_sysbios_family_arm_m3_Hwi_disableInterrupt__E
000064a9   ti_sysbios_family_arm_m3_Hwi_dispatchC__I
000084f8   ti_sysbios_family_arm_m3_Hwi_dispatchTable__C
00004895   ti_sysbios_family_arm_m3_Hwi_dispatch__I
00007c19   ti_sysbios_family_arm_m3_Hwi_doSwiRestore__I
00007c57   ti_sysbios_family_arm_m3_Hwi_doTaskRestore__I
00006ba1   ti_sysbios_family_arm_m3_Hwi_enableInterrupt__E
00004225   ti_sysbios_family_arm_m3_Hwi_excBusFault__I
0000588d   ti_sysbios_family_arm_m3_Hwi_excDebugMon__I
000027fd   ti_sysbios_family_arm_m3_Hwi_excDumpRegs__I
000049a9   ti_sysbios_family_arm_m3_Hwi_excHandlerAsm__I
000084fc   ti_sysbios_family_arm_m3_Hwi_excHandlerFunc__C
00003ce5   ti_sysbios_family_arm_m3_Hwi_excHandlerMax__I
00007a49   ti_sysbios_family_arm_m3_Hwi_excHandler__I
00005725   ti_sysbios_family_arm_m3_Hwi_excHardFault__I
00008478   ti_sysbios_family_arm_m3_Hwi_excHookFuncs__A
00008500   ti_sysbios_family_arm_m3_Hwi_excHookFuncs__C
000044e1   ti_sysbios_family_arm_m3_Hwi_excMemFault__I
00006ff9   ti_sysbios_family_arm_m3_Hwi_excNmi__I
00006ee1   ti_sysbios_family_arm_m3_Hwi_excNoIsr__I
0000692d   ti_sysbios_family_arm_m3_Hwi_excReserved__I
00006df1   ti_sysbios_family_arm_m3_Hwi_excSvCall__I
0000438d   ti_sysbios_family_arm_m3_Hwi_excUsageFault__I
00006f19   ti_sysbios_family_arm_m3_Hwi_getStackInfo__E
000052f9   ti_sysbios_family_arm_m3_Hwi_initNVIC__E
00007435   ti_sysbios_family_arm_m3_Hwi_initStacks__E
e000e000   ti_sysbios_family_arm_m3_Hwi_nvic
0000496b   ti_sysbios_family_arm_m3_Hwi_pendSV__I
00008504   ti_sysbios_family_arm_m3_Hwi_priGroup__C
00007e7c   ti_sysbios_family_arm_m3_Hwi_priorities__A
00008508   ti_sysbios_family_arm_m3_Hwi_priorities__C
20000000   ti_sysbios_family_arm_m3_Hwi_ramVectors
00000000   ti_sysbios_family_arm_m3_Hwi_resetVectors
0000498f   ti_sysbios_family_arm_m3_Hwi_return
00007c21   ti_sysbios_family_arm_m3_Hwi_startup__E
000078cd   ti_sysbios_family_arm_m3_Hwi_switchFromBootStack__E
00007c7b   ti_sysbios_family_arm_m3_TaskSupport_Module__startupDone__S
00005ead   ti_sysbios_family_arm_m3_TaskSupport_buildTaskStack
00007af5   ti_sysbios_family_arm_m3_TaskSupport_checkStack__E
000079e7   ti_sysbios_family_arm_m3_TaskSupport_glue
00006f51   ti_sysbios_family_arm_m3_TaskSupport_start__E
0000776d   ti_sysbios_family_arm_m3_TaskSupport_swap__E
000079f7   ti_sysbios_family_xxx_Hwi_switchToIsrStack
00007b29   ti_sysbios_family_xxx_Hwi_switchToTaskStack
000077fd   ti_sysbios_gates_GateHwi_Handle__label__S
00005c63   ti_sysbios_gates_GateHwi_Instance_init__F
00008318   ti_sysbios_gates_GateHwi_Module__FXNS__C
2000276c   ti_sysbios_gates_GateHwi_Module__root__V
00008380   ti_sysbios_gates_GateHwi_Object__DESC__C
00008400   ti_sysbios_gates_GateHwi_Object__PARAMS__C
0000702d   ti_sysbios_gates_GateHwi_Object__create__S
000075c9   ti_sysbios_gates_GateHwi_Object__delete__S
20002774   ti_sysbios_gates_GateHwi_Object__table__V
00007b4d   ti_sysbios_gates_GateHwi_enter__E
00007c5d   ti_sysbios_gates_GateHwi_leave__E
00007c7f   ti_sysbios_gates_GateHwi_query__E
00007c7f   ti_sysbios_gates_GateHwi_query__F
20002778   ti_sysbios_gates_GateMutexPri_Module__root__V
0000850c   ti_sysbios_hal_Hwi_E_stackOverflow__C
00007c83   ti_sysbios_hal_Hwi_HwiProxy_Module__startupDone__S
00006b5d   ti_sysbios_hal_Hwi_HwiProxy_disableInterrupt__E
00006ba1   ti_sysbios_hal_Hwi_HwiProxy_enableInterrupt__E
00006f19   ti_sysbios_hal_Hwi_HwiProxy_getStackInfo__E
00007c21   ti_sysbios_hal_Hwi_HwiProxy_startup__E
000078cd   ti_sysbios_hal_Hwi_HwiProxy_switchFromBootStack__E
0000861c   ti_sysbios_hal_Hwi_Module__id__C
20002780   ti_sysbios_hal_Hwi_Module__root__V
0000799f   ti_sysbios_hal_Hwi_Module_startup__E
0000799f   ti_sysbios_hal_Hwi_Module_startup__F
20002788   ti_sysbios_hal_Hwi_Object__table__V
00007061   ti_sysbios_hal_Hwi_checkStack
00006b5d   ti_sysbios_hal_Hwi_disableInterrupt__E
00006ba1   ti_sysbios_hal_Hwi_enableInterrupt__E
00006f19   ti_sysbios_hal_Hwi_getStackInfo__E
00007303   ti_sysbios_hal_Hwi_initStack
00007c21   ti_sysbios_hal_Hwi_startup__E
000078cd   ti_sysbios_hal_Hwi_switchFromBootStack__E
20002798   ti_sysbios_hal_Timer_Module__root__V
00007815   ti_sysbios_hal_Timer_Module__startupDone__F
00007815   ti_sysbios_hal_Timer_Module__startupDone__S
000079b1   ti_sysbios_hal_Timer_Module_startup__E
000079b1   ti_sysbios_hal_Timer_Module_startup__F
200027a0   ti_sysbios_hal_Timer_Object__table__V
00007c87   ti_sysbios_hal_Timer_TimerProxy_Module__startupDone__S
00007c8b   ti_sysbios_hal_Timer_TimerProxy_getPeriod__E
00006cf1   ti_sysbios_hal_Timer_TimerProxy_startup__E
00006cf1   ti_sysbios_hal_Timer_startup__E
00008510   ti_sysbios_knl_Clock_Module_State_clockQ__O
200027a8   ti_sysbios_knl_Clock_Module__root__V
20002b68   ti_sysbios_knl_Clock_Module__state__V
000074d5   ti_sysbios_knl_Clock_Module_startup__E
000074d5   ti_sysbios_knl_Clock_Module_startup__F
0000745d   ti_sysbios_knl_Clock_addI__E
00007331   ti_sysbios_knl_Clock_doTick__I
000063e3   ti_sysbios_knl_Clock_logTick__E
00006239   ti_sysbios_knl_Clock_workFunc__E
00008514   ti_sysbios_knl_Idle_coreList__A
00008480   ti_sysbios_knl_Idle_coreList__C
00008518   ti_sysbios_knl_Idle_funcList__A
00008488   ti_sysbios_knl_Idle_funcList__C
00007c29   ti_sysbios_knl_Idle_loop__E
00007189   ti_sysbios_knl_Idle_run__E
200027b0   ti_sysbios_knl_Queue_Module__root__V
00007b59   ti_sysbios_knl_Queue_Object__get__S
00007b03   ti_sysbios_knl_Queue_empty__E
000076c7   ti_sysbios_knl_Queue_put__E
0000851c   ti_sysbios_knl_Semaphore_A_badContext__C
00008520   ti_sysbios_knl_Semaphore_A_overflow__C
00008524   ti_sysbios_knl_Semaphore_A_pendTaskDisabled__C
00008528   ti_sysbios_knl_Semaphore_Instance_State_pendQ__O
0000852c   ti_sysbios_knl_Semaphore_Module__diagsEnabled__C
00008530   ti_sysbios_knl_Semaphore_Module__diagsIncluded__C
00008534   ti_sysbios_knl_Semaphore_Module__diagsMask__C
00008620   ti_sysbios_knl_Semaphore_Module__id__C
200027b8   ti_sysbios_knl_Semaphore_Module__root__V
20002b90   ti_sysbios_knl_Semaphore_Object__table__V
00006d31   ti_sysbios_knl_Semaphore_pendTimeout__I
000038b9   ti_sysbios_knl_Semaphore_pend__E
0000520d   ti_sysbios_knl_Semaphore_post__E
0000782d   ti_sysbios_knl_Swi_Handle__label__S
2000286c   ti_sysbios_knl_Swi_Module_State_0_readyQ__A
200027c0   ti_sysbios_knl_Swi_Module__root__V
200027c8   ti_sysbios_knl_Swi_Module__state__V
000074f9   ti_sysbios_knl_Swi_Module_startup__E
000074f9   ti_sysbios_knl_Swi_Module_startup__F
00008538   ti_sysbios_knl_Swi_Object__count__C
000078e1   ti_sysbios_knl_Swi_Object__get__S
20002b38   ti_sysbios_knl_Swi_Object__table__V
00007a59   ti_sysbios_knl_Swi_disable__E
00006be5   ti_sysbios_knl_Swi_post__E
00006685   ti_sysbios_knl_Swi_restoreHwi__E
00006e2d   ti_sysbios_knl_Swi_restore__E
00006509   ti_sysbios_knl_Swi_run__I
0000593d   ti_sysbios_knl_Swi_schedule__I
00007c63   ti_sysbios_knl_Swi_startup__E
0000853c   ti_sysbios_knl_Task_A_badTimeout__C
00008540   ti_sysbios_knl_Task_A_sleepTaskDisabled__C
00008544   ti_sysbios_knl_Task_E_spOutOfBounds__C
00008548   ti_sysbios_knl_Task_E_stackOverflow__C
00007845   ti_sysbios_knl_Task_Handle__label__S
20001d80   ti_sysbios_knl_Task_Instance_State_0_hookEnv__A
20000360   ti_sysbios_knl_Task_Instance_State_0_stack__A
20001d84   ti_sysbios_knl_Task_Instance_State_1_hookEnv__A
20000760   ti_sysbios_knl_Task_Instance_State_1_stack__A
20001d88   ti_sysbios_knl_Task_Instance_State_2_hookEnv__A
20000b60   ti_sysbios_knl_Task_Instance_State_2_stack__A
20001d8c   ti_sysbios_knl_Task_Instance_State_3_hookEnv__A
20000f60   ti_sysbios_knl_Task_Instance_State_3_stack__A
20001d90   ti_sysbios_knl_Task_Instance_State_4_hookEnv__A
20001360   ti_sysbios_knl_Task_Instance_State_4_stack__A
200027ec   ti_sysbios_knl_Task_Module_State_0_idleTask__A
200028ec   ti_sysbios_knl_Task_Module_State_0_readyQ__A
0000854c   ti_sysbios_knl_Task_Module_State_inactiveQ__O
00008550   ti_sysbios_knl_Task_Module__diagsEnabled__C
00008554   ti_sysbios_knl_Task_Module__diagsIncluded__C
00008558   ti_sysbios_knl_Task_Module__diagsMask__C
00008624   ti_sysbios_knl_Task_Module__id__C
200027e4   ti_sysbios_knl_Task_Module__root__V
20002a90   ti_sysbios_knl_Task_Module__state__V
0000604d   ti_sysbios_knl_Task_Module_startup__E
0000604d   ti_sysbios_knl_Task_Module_startup__F
0000855c   ti_sysbios_knl_Task_Object__count__C
00007a69   ti_sysbios_knl_Task_Object__get__S
20002588   ti_sysbios_knl_Task_Object__table__V
00007c8f   ti_sysbios_knl_Task_SupportProxy_Module__startupDone__S
00007af5   ti_sysbios_knl_Task_SupportProxy_checkStack__E
00006f51   ti_sysbios_knl_Task_SupportProxy_start__E
0000776d   ti_sysbios_knl_Task_SupportProxy_swap__E
00008560   ti_sysbios_knl_Task_allBlockedFunc__C
00006975   ti_sysbios_knl_Task_allBlockedFunction__I
000057d9   ti_sysbios_knl_Task_checkStacks__E
00007a79   ti_sysbios_knl_Task_disable__E
000075e9   ti_sysbios_knl_Task_enter__I
00005d8d   ti_sysbios_knl_Task_exit__E
00008418   ti_sysbios_knl_Task_hooks__A
00008490   ti_sysbios_knl_Task_hooks__C
00008628   ti_sysbios_knl_Task_initStackFlag__C
00008564   ti_sysbios_knl_Task_numConstructedTasks__C
000053d5   ti_sysbios_knl_Task_postInit__I
00006d71   ti_sysbios_knl_Task_processVitalTaskFlag__I
0000751d   ti_sysbios_knl_Task_restoreHwi__E
0000735d   ti_sysbios_knl_Task_restore__E
00005fc5   ti_sysbios_knl_Task_schedule__I
000072d5   ti_sysbios_knl_Task_sleepTimeout__I
00004099   ti_sysbios_knl_Task_sleep__E
00005e1d   ti_sysbios_knl_Task_startCore__E
00007c93   ti_sysbios_knl_Task_startup__E
00007779   ti_sysbios_knl_Task_swapReturn
000067ed   ti_sysbios_knl_Task_unblockI__E
20001db8   time_string
00008000   unshifted
00006449   writemsg
00008568   xdc_runtime_Assert_E_assertFailed__C
000069bd   xdc_runtime_Assert_raise__I
0000856c   xdc_runtime_Core_A_initializedParams__C
00008570   xdc_runtime_Core_Module__diagsEnabled__C
00008574   xdc_runtime_Core_Module__diagsIncluded__C
00008578   xdc_runtime_Core_Module__diagsMask__C
0000862c   xdc_runtime_Core_Module__id__C
000071b9   xdc_runtime_Core_assignLabel__I
00006a05   xdc_runtime_Core_assignParams__I
00004d31   xdc_runtime_Core_createObject__I
0000637d   xdc_runtime_Core_deleteObject__I
0000857c   xdc_runtime_Error_E_memory__C
00008580   xdc_runtime_Error_Module__diagsEnabled__C
00008584   xdc_runtime_Error_Module__diagsIncluded__C
00008588   xdc_runtime_Error_Module__diagsMask__C
00008630   xdc_runtime_Error_Module__loggerDefined__C
0000858c   xdc_runtime_Error_Module__loggerFxn8__C
00008590   xdc_runtime_Error_Module__loggerObj__C
200027f0   xdc_runtime_Error_Module__state__V
000076e5   xdc_runtime_Error_check__E
000076e5   xdc_runtime_Error_check__F
00007c97   xdc_runtime_Error_getSite__E
00007c97   xdc_runtime_Error_getSite__F
00007b65   xdc_runtime_Error_init__E
00007b65   xdc_runtime_Error_init__F
00008634   xdc_runtime_Error_maxDepth__C
00008660   xdc_runtime_Error_policy__C
000062a5   xdc_runtime_Error_print__E
000062a5   xdc_runtime_Error_print__F
00008594   xdc_runtime_Error_raiseHook__C
00004621   xdc_runtime_Error_raiseX__E
00004621   xdc_runtime_Error_raiseX__F
200027f4   xdc_runtime_GateNull_Module__root__V
00007b71   xdc_runtime_Gate_enterSystem__E
00007b71   xdc_runtime_Gate_enterSystem__F
00007a89   xdc_runtime_Gate_leaveSystem__E
00007a89   xdc_runtime_Gate_leaveSystem__F
00008598   xdc_runtime_HeapMin_A_zeroSize__C
0000859c   xdc_runtime_HeapMin_E_freeError__C
0000785d   xdc_runtime_HeapMin_Handle__label__S
20001d98   xdc_runtime_HeapMin_Instance_State_0_buf__A
00005f39   xdc_runtime_HeapMin_Instance_init__F
000082f0   xdc_runtime_HeapMin_Module__FXNS__C
000085a0   xdc_runtime_HeapMin_Module__diagsEnabled__C
000085a4   xdc_runtime_HeapMin_Module__diagsIncluded__C
000085a8   xdc_runtime_HeapMin_Module__diagsMask__C
00008638   xdc_runtime_HeapMin_Module__id__C
200027fc   xdc_runtime_HeapMin_Module__root__V
000083a0   xdc_runtime_HeapMin_Object__DESC__C
000083c0   xdc_runtime_HeapMin_Object__PARAMS__C
00007095   xdc_runtime_HeapMin_Object__create__S
00007609   xdc_runtime_HeapMin_Object__delete__S
20002804   xdc_runtime_HeapMin_Object__table__V
00006e69   xdc_runtime_HeapMin_alloc__E
00006e69   xdc_runtime_HeapMin_alloc__F
0000863c   xdc_runtime_HeapMin_freeError__C
000071e9   xdc_runtime_HeapMin_free__E
000071e9   xdc_runtime_HeapMin_free__F
00007b7d   xdc_runtime_HeapMin_getStats__E
00007b7d   xdc_runtime_HeapMin_getStats__F
00007c9b   xdc_runtime_HeapMin_isBlocking__E
00007c9b   xdc_runtime_HeapMin_isBlocking__F
000085ac   xdc_runtime_IFilterLogger_Interface__BASE__C
000085b0   xdc_runtime_IGateProvider_Interface__BASE__C
000085b4   xdc_runtime_IHeap_Interface__BASE__C
000085b8   xdc_runtime_ILogger_Interface__BASE__C
000085bc   xdc_runtime_IModule_Interface__BASE__C
000085c0   xdc_runtime_Log_L_error__C
000085c4   xdc_runtime_LoggerBuf_E_badLevel__C
00007875   xdc_runtime_LoggerBuf_Handle__label__S
20001c80   xdc_runtime_LoggerBuf_Instance_State_0_entryArr__A
000078f5   xdc_runtime_LoggerBuf_Instance_finalize__F
00006f89   xdc_runtime_LoggerBuf_Instance_init__F
00007c9f   xdc_runtime_LoggerBuf_Module_GateProxy_enter__E
00007ca3   xdc_runtime_LoggerBuf_Module_GateProxy_leave__E
00007c7f   xdc_runtime_LoggerBuf_Module_GateProxy_query__E
00008288   xdc_runtime_LoggerBuf_Module__FXNS__C
000085c8   xdc_runtime_LoggerBuf_Module__gateObj__C
00008640   xdc_runtime_LoggerBuf_Module__id__C
20002814   xdc_runtime_LoggerBuf_Module__root__V
2000281c   xdc_runtime_LoggerBuf_Module__state__V
00007485   xdc_runtime_LoggerBuf_Module_startup__E
00007485   xdc_runtime_LoggerBuf_Module_startup__F
000083e0   xdc_runtime_LoggerBuf_Object__DESC__C
0000833c   xdc_runtime_LoggerBuf_Object__PARAMS__C
000085cc   xdc_runtime_LoggerBuf_Object__count__C
00006569   xdc_runtime_LoggerBuf_Object__create__S
00007629   xdc_runtime_LoggerBuf_Object__delete__S
00007909   xdc_runtime_LoggerBuf_Object__get__S
20002bdc   xdc_runtime_LoggerBuf_Object__table__V
00004af5   xdc_runtime_LoggerBuf_TimestampProxy_get64__E
00007bf5   xdc_runtime_LoggerBuf_disable__E
00007bf5   xdc_runtime_LoggerBuf_disable__F
00007bff   xdc_runtime_LoggerBuf_enable__E
00007bff   xdc_runtime_LoggerBuf_enable__F
00008644   xdc_runtime_LoggerBuf_filterByLevel__C
00006c29   xdc_runtime_LoggerBuf_filterOutEvent__I
00006311   xdc_runtime_LoggerBuf_getFilterLevel__E
00006311   xdc_runtime_LoggerBuf_getFilterLevel__F
00007649   xdc_runtime_LoggerBuf_reset__E
00007649   xdc_runtime_LoggerBuf_reset__F
000060d1   xdc_runtime_LoggerBuf_setFilterLevel__E
000060d1   xdc_runtime_LoggerBuf_setFilterLevel__F
000085d0   xdc_runtime_LoggerBuf_statusLogger__C
00007a99   xdc_runtime_LoggerBuf_write0__E
00007a99   xdc_runtime_LoggerBuf_write0__F
000079c3   xdc_runtime_LoggerBuf_write1__E
000079c3   xdc_runtime_LoggerBuf_write1__F
0000791d   xdc_runtime_LoggerBuf_write2__E
0000791d   xdc_runtime_LoggerBuf_write2__F
00005589   xdc_runtime_LoggerBuf_write4__E
00005589   xdc_runtime_LoggerBuf_write4__F
000049c9   xdc_runtime_LoggerBuf_write8__E
000049c9   xdc_runtime_LoggerBuf_write8__F
00007c7f   xdc_runtime_Main_Module_GateProxy_query__E
00007ca7   xdc_runtime_Memory_HeapProxy_alloc__E
00007cab   xdc_runtime_Memory_HeapProxy_free__E
00008648   xdc_runtime_Memory_Module__id__C
20002824   xdc_runtime_Memory_Module__state__V
000061c9   xdc_runtime_Memory_alloc__E
000061c9   xdc_runtime_Memory_alloc__F
00007b89   xdc_runtime_Memory_calloc__E
00007b89   xdc_runtime_Memory_calloc__F
000085d4   xdc_runtime_Memory_defaultHeapInstance__C
00007aa9   xdc_runtime_Memory_free__E
00007aa9   xdc_runtime_Memory_free__F
00007b95   xdc_runtime_Memory_getMaxDefaultTypeAlign__E
00007b95   xdc_runtime_Memory_getMaxDefaultTypeAlign__F
00007701   xdc_runtime_Memory_valloc__E
00007701   xdc_runtime_Memory_valloc__F
20002828   xdc_runtime_Registry_Module__state__V
00007669   xdc_runtime_Registry_findById__E
00007669   xdc_runtime_Registry_findById__F
20002830   xdc_runtime_Startup_Module__state__V
00000001   xdc_runtime_Startup__EXECFXN__C
00000001   xdc_runtime_Startup__RESETFXN__C
000085d8   xdc_runtime_Startup_execImpl__C
00006845   xdc_runtime_Startup_exec__E
00006845   xdc_runtime_Startup_exec__F
000079d5   xdc_runtime_Startup_exec__I
0000845c   xdc_runtime_Startup_firstFxns__A
00008498   xdc_runtime_Startup_firstFxns__C
000084a0   xdc_runtime_Startup_lastFxns__A
000084a8   xdc_runtime_Startup_lastFxns__C
000085dc   xdc_runtime_Startup_maxPasses__C
00006627   xdc_runtime_Startup_reset__I
00008430   xdc_runtime_Startup_sfxnRts__A
000085e0   xdc_runtime_Startup_sfxnRts__C
000082c4   xdc_runtime_Startup_sfxnTab__A
000085e4   xdc_runtime_Startup_sfxnTab__C
00004f31   xdc_runtime_Startup_startMods__I
20001d00   xdc_runtime_SysMin_Module_State_0_outbuf__A
20002838   xdc_runtime_SysMin_Module__state__V
00007689   xdc_runtime_SysMin_Module_startup__E
00007689   xdc_runtime_SysMin_Module_startup__F
00007219   xdc_runtime_SysMin_abort__E
00007219   xdc_runtime_SysMin_abort__F
000085e8   xdc_runtime_SysMin_bufSize__C
0000771d   xdc_runtime_SysMin_exit__E
0000771d   xdc_runtime_SysMin_exit__F
0000864c   xdc_runtime_SysMin_flushAtExit__C
00006c6d   xdc_runtime_SysMin_flush__E
00006c6d   xdc_runtime_SysMin_flush__F
000085ec   xdc_runtime_SysMin_outputFunc__C
00007565   xdc_runtime_SysMin_output__I
00006fc1   xdc_runtime_SysMin_putch__E
00006fc1   xdc_runtime_SysMin_putch__F
00007ab9   xdc_runtime_SysMin_ready__E
00007ab9   xdc_runtime_SysMin_ready__F
00007caf   xdc_runtime_System_Module_GateProxy_enter__E
[...]
00007219   xdc_runtime_System_SupportProxy_abort__E
00007249   xdc_runtime_Text_printVisFxn__I
00007279   GPIODirModeSet
000072a7   malloc
000072d5   ti_sysbios_knl_Task_sleepTimeout__I
00007303   ti_sysbios_hal_Hwi_initStack
00007331   ti_sysbios_knl_Clock_doTick__I
0000735d   ti_sysbios_knl_Task_restore__E
00007389   xdc_runtime_System_rtsExit__I
000073b5   xdc_runtime_Text_cordText__E
000073b5   xdc_runtime_Text_cordText__F
000073e1   xdc_runtime_System_putchar__I
0000740d   TimerConfigure
00007435   ti_sysbios_family_arm_m3_Hwi_initStacks__E
0000745d   ti_sysbios_knl_Clock_addI__E
00007485   xdc_runtime_LoggerBuf_Module_startup__E
00007485   xdc_runtime_LoggerBuf_Module_startup__F
000074ad   xdc_runtime_System_avprintf__F
000074d5   ti_sysbios_knl_Clock_Module_startup__E
000074d5   ti_sysbios_knl_Clock_Module_startup__F
000074f9   ti_sysbios_knl_Swi_Module_startup__E
000074f9   ti_sysbios_knl_Swi_Module_startup__F
0000751d   ti_sysbios_knl_Task_restoreHwi__E
00007541   xdc_runtime_System_vprintf__F
00007565   xdc_runtime_SysMin_output__I
00007589   ti_sysbios_BIOS_removeRTSLock__I
000075a9   ti_sysbios_BIOS_startFunc__I
000075c9   ti_sysbios_gates_GateHwi_Object__delete__S
000075e9   ti_sysbios_knl_Task_enter__I
00007609   xdc_runtime_HeapMin_Object__delete__S
00007629   xdc_runtime_LoggerBuf_Object__delete__S
00007649   LoggerBuf_instanceStartup
00007649   xdc_runtime_LoggerBuf_reset__E
00007649   xdc_runtime_LoggerBuf_reset__F
00007669   xdc_runtime_Registry_findById__E
00007669   xdc_runtime_Registry_findById__F
00007689   xdc_runtime_SysMin_Module_startup__E
00007689   xdc_runtime_SysMin_Module_startup__F
000076a9   ti_sysbios_family_arm_lm4_Timer_write__I
000076c7   ti_sysbios_knl_Queue_put__E
000076e5   xdc_runtime_Error_check__E
000076e5   xdc_runtime_Error_check__F
00007701   xdc_runtime_Memory_valloc__E
00007701   xdc_runtime_Memory_valloc__F
0000771d   xdc_runtime_SysMin_exit__E
0000771d   xdc_runtime_SysMin_exit__F
0000771d   xdc_runtime_System_SupportProxy_exit__E
00007739   xdc_runtime_System_aprintf__E
00007753   xdc_runtime_System_printf__E
0000776d   ti_sysbios_family_arm_m3_TaskSupport_swap__E
0000776d   ti_sysbios_knl_Task_SupportProxy_swap__E
00007779   ti_sysbios_knl_Task_swapReturn
00007785   free
0000779d   _args_main
000077b5   ti_sysbios_family_arm_lm4_Timer_Module__startupDone__F
000077b5   ti_sysbios_family_arm_lm4_Timer_Module__startupDone__S
000077cd   ti_sysbios_family_arm_m3_Hwi_Handle__label__S
000077e5   ti_sysbios_family_arm_m3_Hwi_Module__startupDone__F
000077e5   ti_sysbios_family_arm_m3_Hwi_Module__startupDone__S
000077fd   ti_sysbios_gates_GateHwi_Handle__label__S
00007815   ti_sysbios_hal_Timer_Module__startupDone__F
00007815   ti_sysbios_hal_Timer_Module__startupDone__S
0000782d   ti_sysbios_knl_Swi_Handle__label__S
00007845   ti_sysbios_knl_Task_Handle__label__S
0000785d   xdc_runtime_HeapMin_Handle__label__S
00007875   xdc_runtime_LoggerBuf_Handle__label__S
0000788d   xdc_runtime_Text_ropeText__E
0000788d   xdc_runtime_Text_ropeText__F
000078a5   _register_unlock
000078ab   _register_lock
000078b3   _nop
000078b9   strlen
000078cd   ti_sysbios_family_arm_m3_Hwi_switchFromBootStack__E
000078cd   ti_sysbios_hal_Hwi_HwiProxy_switchFromBootStack__E
000078cd   ti_sysbios_hal_Hwi_switchFromBootStack__E
000078e1   ti_sysbios_knl_Swi_Object__get__S
000078f5   xdc_runtime_LoggerBuf_Instance_finalize__F
00007909   xdc_runtime_LoggerBuf_Object__get__S
0000791d   xdc_runtime_LoggerBuf_write2__E
0000791d   xdc_runtime_LoggerBuf_write2__F
00007931   xdc_runtime_System_abort__E
00007931   xdc_runtime_System_abort__F
00007945   GPIOPinTypeGPIOInput
00007957   GPIOPinTypeGPIOOutput
00007969   GPIOPinTypeSSI
0000797b   TimerLoadSet
0000798d   __TI_zero_init
0000799f   ti_sysbios_hal_Hwi_Module_startup__E
0000799f   ti_sysbios_hal_Hwi_Module_startup__F
000079b1   ti_sysbios_hal_Timer_Module_startup__E
000079b1   ti_sysbios_hal_Timer_Module_startup__F
000079c3   xdc_runtime_LoggerBuf_write1__E
000079c3   xdc_runtime_LoggerBuf_write1__F
000079d5   xdc_runtime_Startup_exec__I
000079e7   ti_sysbios_family_arm_m3_TaskSupport_glue
000079f7   ti_sysbios_family_xxx_Hwi_switchToIsrStack
00007a07   strcpy
00007a19   ti_sysbios_BIOS_setThreadType__E
00007a29   ti_sysbios_BIOS_start__E
00007a39   ti_sysbios_family_arm_lm4_TimestampProvider_rolloverFunc__E
00007a49   ti_sysbios_family_arm_m3_Hwi_excHandler__I
00007a59   ti_sysbios_knl_Swi_disable__E
00007a69   ti_sysbios_knl_Task_Object__get__S
00007a79   ti_sysbios_knl_Task_disable__E
00007a89   xdc_runtime_Gate_leaveSystem__E
00007a89   xdc_runtime_Gate_leaveSystem__F
00007a99   xdc_runtime_LoggerBuf_write0__E
00007a99   xdc_runtime_LoggerBuf_write0__F
00007aa9   xdc_runtime_Memory_free__E
00007aa9   xdc_runtime_Memory_free__F
00007ab9   xdc_runtime_SysMin_ready__E
00007ab9   xdc_runtime_SysMin_ready__F
00007ab9   xdc_runtime_System_SupportProxy_ready__E
00007ac9   xdc_runtime_System_vsnprintf__F
00007ad9   TimerEnable
00007ae7   __TI_decompress_none
00007af5   ti_sysbios_family_arm_m3_TaskSupport_checkStack__E
00007af5   ti_sysbios_knl_Task_SupportProxy_checkStack__E
00007b03   ti_sysbios_knl_Queue_empty__E
00007b11   ti_catalog_arm_cortexm4_tiva_ce_Boot_init__I
00007b1d   GPIOPinIntEnable
00007b29   ti_sysbios_family_xxx_Hwi_switchToTaskStack
00007b35   ti_sysbios_family_arm_lm4_Timer_masterDisable__I
00007b41   ti_sysbios_family_arm_lm4_TimestampProvider_startTimer__E
00007b4d   ti_sysbios_gates_GateHwi_enter__E
00007b59   ti_sysbios_knl_Queue_Object__get__S
00007b65   xdc_runtime_Error_init__E
00007b65   xdc_runtime_Error_init__F
00007b71   xdc_runtime_Gate_enterSystem__E
00007b71   xdc_runtime_Gate_enterSystem__F
00007b7d   xdc_runtime_HeapMin_getStats__E
00007b7d   xdc_runtime_HeapMin_getStats__F
00007b89   xdc_runtime_Memory_calloc__E
00007b89   xdc_runtime_Memory_calloc__F
00007b95   xdc_runtime_Memory_getMaxDefaultTypeAlign__E
00007b95   xdc_runtime_Memory_getMaxDefaultTypeAlign__F
00007ba1   xdc_runtime_System_exit__E
00007ba1   xdc_runtime_System_exit__F
00007bad   xdc_runtime_System_lastFxn__I
00007bb9   GPIOPinRead
00007bc3   GPIOPinWrite
00007bcd   SSIDataPut
00007bd7   SSIEnable
00007bf5   xdc_runtime_LoggerBuf_disable__E
00007bf5   xdc_runtime_LoggerBuf_disable__F
00007bff   xdc_runtime_LoggerBuf_enable__E
00007bff   xdc_runtime_LoggerBuf_enable__F
00007c09   SSIBusy
00007c11   TimerIntEnable
00007c19   ti_sysbios_family_arm_m3_Hwi_doSwiRestore__I
00007c21   ti_sysbios_family_arm_m3_Hwi_startup__E
00007c21   ti_sysbios_hal_Hwi_HwiProxy_startup__E
00007c21   ti_sysbios_hal_Hwi_startup__E
00007c29   ti_sysbios_knl_Idle_loop__E
00007c31   xdc_runtime_Text_visitRope__I
00007c39   GPIOPinIntClear
00007c3f   __xdc__init
00007c45   __TI_decompress_rle24
00007c4b   ti_catalog_arm_cortexm4_tiva_ce_Boot_sysCtlDelayI__I
00007c51   ti_sysbios_family_arm_lm4_TimestampProvider_Module_startup__E
00007c51   ti_sysbios_family_arm_lm4_TimestampProvider_Module_startup__F
00007c57   ti_sysbios_family_arm_m3_Hwi_doTaskRestore__I
00007c5d   ti_sysbios_gates_GateHwi_leave__E
00007c63   ti_sysbios_knl_Swi_startup__E
00007c69   xdc_runtime_System_Module_startup__E
00007c69   xdc_runtime_System_Module_startup__F
00007c6f   TimerIntClear
00007c73   ti_sysbios_family_arm_lm4_Timer_getPeriod__E
00007c77   ti_sysbios_family_arm_lm4_Timer_masterEnable__I
00007c7b   ti_sysbios_family_arm_m3_TaskSupport_Module__startupDone__S
00007c7f   ti_sysbios_gates_GateHwi_query__E
00007c7f   ti_sysbios_gates_GateHwi_query__F
00007c7f   xdc_runtime_LoggerBuf_Module_GateProxy_query__E
00007c7f   xdc_runtime_Main_Module_GateProxy_query__E
00007c7f   xdc_runtime_System_Module_GateProxy_query__E
00007c83   ti_sysbios_hal_Hwi_HwiProxy_Module__startupDone__S
00007c87   ti_sysbios_hal_Timer_TimerProxy_Module__startupDone__S
00007c8b   ti_sysbios_hal_Timer_TimerProxy_getPeriod__E
00007c8f   ti_sysbios_knl_Task_SupportProxy_Module__startupDone__S
00007c93   ti_sysbios_knl_Task_startup__E
00007c97   xdc_runtime_Error_getSite__E
00007c97   xdc_runtime_Error_getSite__F
00007c9b   xdc_runtime_HeapMin_isBlocking__E
00007c9b   xdc_runtime_HeapMin_isBlocking__F
00007c9f   xdc_runtime_LoggerBuf_Module_GateProxy_enter__E
00007ca3   xdc_runtime_LoggerBuf_Module_GateProxy_leave__E
00007ca7   xdc_runtime_Memory_HeapProxy_alloc__E
00007cab   xdc_runtime_Memory_HeapProxy_free__E
00007caf   xdc_runtime_System_Module_GateProxy_enter__E
00007cb3   xdc_runtime_System_Module_GateProxy_leave__E
00007cb7   xdc_runtime_System_aprintf_va__F
00007cbb   xdc_runtime_System_printf_va__F
00007cbf   xdc_runtime_System_vsnprintf__E
00007cc4   MyFont
00007e7c   ti_sysbios_family_arm_m3_Hwi_priorities__A
00007f54   shifted
00008000   unshifted
00008288   xdc_runtime_LoggerBuf_Module__FXNS__C
000082c4   xdc_runtime_Startup_sfxnTab__A
000082f0   xdc_runtime_HeapMin_Module__FXNS__C
00008318   ti_sysbios_gates_GateHwi_Module__FXNS__C
0000833c   xdc_runtime_LoggerBuf_Object__PARAMS__C
00008360   UI
00008364   States
00008368   Clock
0000836c   KeySem
00008370   Keyboard
00008374   KeyboardTask
00008378   StateSem
0000837c   Display
00008380   ti_sysbios_gates_GateHwi_Object__DESC__C
000083a0   xdc_runtime_HeapMin_Object__DESC__C
000083c0   xdc_runtime_HeapMin_Object__PARAMS__C
000083e0   xdc_runtime_LoggerBuf_Object__DESC__C
00008400   ti_sysbios_gates_GateHwi_Object__PARAMS__C
00008418   ti_sysbios_knl_Task_hooks__A
00008430   xdc_runtime_Startup_sfxnRts__A
0000845c   xdc_runtime_Startup_firstFxns__A
00008478   ti_sysbios_family_arm_m3_Hwi_excHookFuncs__A
00008480   ti_sysbios_knl_Idle_coreList__C
00008488   ti_sysbios_knl_Idle_funcList__C
00008490   ti_sysbios_knl_Task_hooks__C
00008498   xdc_runtime_Startup_firstFxns__C
000084a0   xdc_runtime_Startup_lastFxns__A
000084a8   xdc_runtime_Startup_lastFxns__C
000084b0   ti_catalog_arm_cortexm4_tiva_ce_Boot_A_mustUseEnhancedClockMode__C
000084b4   ti_catalog_arm_cortexm4_tiva_ce_Boot_Module__diagsEnabled__C
000084b8   ti_catalog_arm_cortexm4_tiva_ce_Boot_Module__diagsIncluded__C
000084bc   ti_catalog_arm_cortexm4_tiva_ce_Boot_Module__diagsMask__C
000084c0   ti_sysbios_BIOS_installedErrorHook__C
000084c4   ti_sysbios_family_arm_lm4_Timer_numTimerDevices__C
000084c8   ti_sysbios_family_arm_lm4_Timer_startupNeeded__C
000084cc   ti_sysbios_family_arm_m3_Hwi_E_NMI__C
000084d0   ti_sysbios_family_arm_m3_Hwi_E_busFault__C
000084d4   ti_sysbios_family_arm_m3_Hwi_E_debugMon__C
000084d8   ti_sysbios_family_arm_m3_Hwi_E_hardFault__C
000084dc   ti_sysbios_family_arm_m3_Hwi_E_memFault__C
000084e0   ti_sysbios_family_arm_m3_Hwi_E_noIsr__C
000084e4   ti_sysbios_family_arm_m3_Hwi_E_reserved__C
000084e8   ti_sysbios_family_arm_m3_Hwi_E_svCall__C
000084ec   ti_sysbios_family_arm_m3_Hwi_E_usageFault__C
000084f0   ti_sysbios_family_arm_m3_Hwi_NUM_INTERRUPTS__C
000084f4   ti_sysbios_family_arm_m3_Hwi_ccr__C
000084f8   ti_sysbios_family_arm_m3_Hwi_dispatchTable__C
000084fc   ti_sysbios_family_arm_m3_Hwi_excHandlerFunc__C
00008500   ti_sysbios_family_arm_m3_Hwi_excHookFuncs__C
00008504   ti_sysbios_family_arm_m3_Hwi_priGroup__C
00008508   ti_sysbios_family_arm_m3_Hwi_priorities__C
0000850c   ti_sysbios_hal_Hwi_E_stackOverflow__C
00008510   ti_sysbios_knl_Clock_Module_State_clockQ__O
00008514   ti_sysbios_knl_Idle_coreList__A
00008518   ti_sysbios_knl_Idle_funcList__A
0000851c   ti_sysbios_knl_Semaphore_A_badContext__C
00008520   ti_sysbios_knl_Semaphore_A_overflow__C
00008524   ti_sysbios_knl_Semaphore_A_pendTaskDisabled__C
00008528   ti_sysbios_knl_Semaphore_Instance_State_pendQ__O
0000852c   ti_sysbios_knl_Semaphore_Module__diagsEnabled__C
00008530   ti_sysbios_knl_Semaphore_Module__diagsIncluded__C
00008534   ti_sysbios_knl_Semaphore_Module__diagsMask__C
00008538   ti_sysbios_knl_Swi_Object__count__C
0000853c   ti_sysbios_knl_Task_A_badTimeout__C
00008540   ti_sysbios_knl_Task_A_sleepTaskDisabled__C
00008544   ti_sysbios_knl_Task_E_spOutOfBounds__C
00008548   ti_sysbios_knl_Task_E_stackOverflow__C
0000854c   ti_sysbios_knl_Task_Module_State_inactiveQ__O
00008550   ti_sysbios_knl_Task_Module__diagsEnabled__C
00008554   ti_sysbios_knl_Task_Module__diagsIncluded__C
00008558   ti_sysbios_knl_Task_Module__diagsMask__C
0000855c   ti_sysbios_knl_Task_Object__count__C
00008560   ti_sysbios_knl_Task_allBlockedFunc__C
00008564   ti_sysbios_knl_Task_numConstructedTasks__C
00008568   xdc_runtime_Assert_E_assertFailed__C
0000856c   xdc_runtime_Core_A_initializedParams__C
00008570   xdc_runtime_Core_Module__diagsEnabled__C
00008574   xdc_runtime_Core_Module__diagsIncluded__C
00008578   xdc_runtime_Core_Module__diagsMask__C
0000857c   xdc_runtime_Error_E_memory__C
00008580   xdc_runtime_Error_Module__diagsEnabled__C
00008584   xdc_runtime_Error_Module__diagsIncluded__C
00008588   xdc_runtime_Error_Module__diagsMask__C
0000858c   xdc_runtime_Error_Module__loggerFxn8__C
00008590   xdc_runtime_Error_Module__loggerObj__C
00008594   xdc_runtime_Error_raiseHook__C
00008598   xdc_runtime_HeapMin_A_zeroSize__C
0000859c   xdc_runtime_HeapMin_E_freeError__C
000085a0   xdc_runtime_HeapMin_Module__diagsEnabled__C
000085a4   xdc_runtime_HeapMin_Module__diagsIncluded__C
000085a8   xdc_runtime_HeapMin_Module__diagsMask__C
000085ac   xdc_runtime_IFilterLogger_Interface__BASE__C
000085b0   xdc_runtime_IGateProvider_Interface__BASE__C
000085b4   xdc_runtime_IHeap_Interface__BASE__C
000085b8   xdc_runtime_ILogger_Interface__BASE__C
000085bc   xdc_runtime_IModule_Interface__BASE__C
000085c0   xdc_runtime_Log_L_error__C
000085c4   xdc_runtime_LoggerBuf_E_badLevel__C
000085c8   xdc_runtime_LoggerBuf_Module__gateObj__C
000085cc   xdc_runtime_LoggerBuf_Object__count__C
000085d0   xdc_runtime_LoggerBuf_statusLogger__C
000085d4   xdc_runtime_Memory_defaultHeapInstance__C
000085d8   xdc_runtime_Startup_execImpl__C
000085dc   xdc_runtime_Startup_maxPasses__C
000085e0   xdc_runtime_Startup_sfxnRts__C
000085e4   xdc_runtime_Startup_sfxnTab__C
000085e8   xdc_runtime_SysMin_bufSize__C
000085ec   xdc_runtime_SysMin_outputFunc__C
000085f0   xdc_runtime_System_Module__gateObj__C
000085f4   xdc_runtime_System_extendFxn__C
000085f8   xdc_runtime_System_maxAtexitHandlers__C
000085fc   xdc_runtime_Text_charTab__C
00008600   xdc_runtime_Text_nameEmpty__C
00008604   xdc_runtime_Text_nameStatic__C
00008608   xdc_runtime_Text_nameUnknown__C
0000860c   xdc_runtime_Text_visitRopeFxn__C
00008610   ti_catalog_arm_cortexm4_tiva_ce_Boot_Module__id__C
00008614   ti_sysbios_family_arm_lm4_TimestampProvider_useClockTimer__C
00008618   ti_sysbios_family_arm_m3_Hwi_Module__id__C
0000861c   ti_sysbios_hal_Hwi_Module__id__C
00008620   ti_sysbios_knl_Semaphore_Module__id__C
00008624   ti_sysbios_knl_Task_Module__id__C
00008628   ti_sysbios_knl_Task_initStackFlag__C
0000862c   xdc_runtime_Core_Module__id__C
00008630   xdc_runtime_Error_Module__loggerDefined__C
00008634   xdc_runtime_Error_maxDepth__C
00008638   xdc_runtime_HeapMin_Module__id__C
0000863c   xdc_runtime_HeapMin_freeError__C
00008640   xdc_runtime_LoggerBuf_Module__id__C
00008644   xdc_runtime_LoggerBuf_filterByLevel__C
00008648   xdc_runtime_Memory_Module__id__C
0000864c   xdc_runtime_SysMin_flushAtExit__C
00008650   xdc_runtime_Text_charCnt__C
00008654   xdc_runtime_Text_isLoaded__C
00008658   xdc_runtime_Text_registryModsLastId__C
0000865c   xdc_runtime_Text_unnamedModsLastId__C
00008660   xdc_runtime_Error_policy__C
00008e6c   __TI_Handler_Table_Base
00008e78   __TI_Handler_Table_Limit
00008e88   __TI_CINIT_Base
00008ea0   __TI_CINIT_Limit
20000000   ti_sysbios_family_arm_m3_Hwi_ramVectors
20000360   ti_sysbios_knl_Task_Instance_State_0_stack__A
20000760   ti_sysbios_knl_Task_Instance_State_1_stack__A
20000b60   ti_sysbios_knl_Task_Instance_State_2_stack__A
20000f60   ti_sysbios_knl_Task_Instance_State_3_stack__A
20001360   ti_sysbios_knl_Task_Instance_State_4_stack__A
20001760   glcd_buffer
20001b60   __CIOBUF_
20001c80   xdc_runtime_LoggerBuf_Instance_State_0_entryArr__A
20001d00   xdc_runtime_SysMin_Module_State_0_outbuf__A
20001d80   ti_sysbios_knl_Task_Instance_State_0_hookEnv__A
20001d84   ti_sysbios_knl_Task_Instance_State_1_hookEnv__A
20001d88   ti_sysbios_knl_Task_Instance_State_2_hookEnv__A
20001d8c   ti_sysbios_knl_Task_Instance_State_3_hookEnv__A
20001d90   ti_sysbios_knl_Task_Instance_State_4_hookEnv__A
20001d98   xdc_runtime_HeapMin_Instance_State_0_buf__A
20001db8   time_string
20001dd8   glcd_dirty_pages
20001ddc   ItemBlock1
20002228   ti_sysbios_family_arm_m3_Hwi_Module_State_0_dispatchTable__A
20002588   ti_sysbios_knl_Task_Object__table__V
200026b8   TSK_idle
20002704   ti_sysbios_BIOS_Module__state__V
20002724   ti_sysbios_family_arm_lm4_Timer_Module__root__V
2000272c   ti_sysbios_family_arm_lm4_Timer_Module_State_0_handles__A
20002744   ti_sysbios_family_arm_lm4_Timer_Module__state__V
20002750   ti_sysbios_family_arm_lm4_TimestampProvider_Module__state__V
20002758   ti_sysbios_family_arm_m3_Hwi_Module__root__V
20002760   ti_sysbios_family_arm_m3_Hwi_Module_State_0_excActive__A
20002764   ti_sysbios_family_arm_m3_Hwi_Module_State_0_excContext__A
20002768   ti_sysbios_family_arm_m3_Hwi_Module_State_0_excStack__A
2000276c   ti_sysbios_gates_GateHwi_Module__root__V
20002774   ti_sysbios_gates_GateHwi_Object__table__V
20002778   ti_sysbios_gates_GateMutexPri_Module__root__V
20002780   ti_sysbios_hal_Hwi_Module__root__V
20002788   ti_sysbios_hal_Hwi_Object__table__V
20002798   ti_sysbios_hal_Timer_Module__root__V
200027a0   ti_sysbios_hal_Timer_Object__table__V
200027a8   ti_sysbios_knl_Clock_Module__root__V
200027b0   ti_sysbios_knl_Queue_Module__root__V
200027b8   ti_sysbios_knl_Semaphore_Module__root__V
200027c0   ti_sysbios_knl_Swi_Module__root__V
200027c8   ti_sysbios_knl_Swi_Module__state__V
200027e4   ti_sysbios_knl_Task_Module__root__V
200027ec   ti_sysbios_knl_Task_Module_State_0_idleTask__A
200027f0   xdc_runtime_Error_Module__state__V
200027f4   xdc_runtime_GateNull_Module__root__V
200027fc   xdc_runtime_HeapMin_Module__root__V
20002804   xdc_runtime_HeapMin_Object__table__V
20002814   xdc_runtime_LoggerBuf_Module__root__V
2000281c   xdc_runtime_LoggerBuf_Module__state__V
20002824   xdc_runtime_Memory_Module__state__V
20002828   xdc_runtime_Registry_Module__state__V
20002830   xdc_runtime_Startup_Module__state__V
20002838   xdc_runtime_SysMin_Module__state__V
20002844   xdc_runtime_System_Module_State_0_atexitHandlers__A
20002854   xdc_runtime_System_Module__state__V
20002860   xdc_runtime_Text_Module__state__V
20002868   __xdc__init__addr
2000286c   ti_sysbios_knl_Swi_Module_State_0_readyQ__A
200028ec   ti_sysbios_knl_Task_Module_State_0_readyQ__A
2000296c   ti_sysbios_family_arm_lm4_Timer_Object__table__V
200029dc   ti_sysbios_family_arm_m3_Hwi_Object__table__V
20002a3c   ti_sysbios_family_arm_m3_Hwi_Module__state__V
20002a90   ti_sysbios_knl_Task_Module__state__V
20002ad4   ItemLookUp
20002b08   ti_sysbios_family_arm_lm4_Timer_Module_State_0_device__A
20002b38   ti_sysbios_knl_Swi_Object__table__V
20002b68   ti_sysbios_knl_Clock_Module__state__V
20002b90   ti_sysbios_knl_Semaphore_Object__table__V
20002bb8   glcd_flipped
20002bbc   pagemap
20002bdc   xdc_runtime_LoggerBuf_Object__table__V
20002c00   ChartoDec
20002c10   _lock
20002c14   _unlock
20002c18   _cleanup_ptr
20002c1c   _dtors_ptr
20002c28   StateInfo
20002c2b   LastState
20002c30   main_func_sp
20002c38   TimeOfDay
20002c3c   __stack
20002e3c   __STACK_TOP
2000303c   __STACK_END
e000e000   ti_sysbios_family_arm_m3_Hwi_nvic
ffffffff   __binit__
ffffffff   __c_args__
ffffffff   binit
UNDEFED    SHT$$INIT_ARRAY$$Base
UNDEFED    SHT$$INIT_ARRAY$$Limit

[660 symbols]
