******************************************************************************
                  TI ARM Linker PC v5.0.4                      
******************************************************************************
>> Linked Mon May 27 19:30:32 2013

OUTPUT FILE NAME:   <Grocery.out>
ENTRY POINT SYMBOL: "_c_int00"  address: 00004c6d


MEMORY CONFIGURATION

         name            origin    length      used     unused   attr    fill
----------------------  --------  ---------  --------  --------  ----  --------
  FLASH                 00000000   00040000  0000736f  00038c91  R  X
  SRAM                  20000000   00008000  00002ff3  0000500d  RW X


SEGMENT ALLOCATION MAP

run origin  load origin   length   init length attrs members
----------  ----------- ---------- ----------- ----- -------
00000000    00000000    00007378   00007378    r-x
  00000000    00000000    00000360   00000360    r-- .resetVecs
  00000360    00000360    00005e92   00005e92    r-x .text
  000061f4    000061f4    00000995   00000995    r-- .const
  00006b90    00006b90    000007e8   000007e8    r-- .cinit
20000000    20000000    00001ddc   00000000    rw-
  20000000    20000000    00000360   00000000    rw- .vecs
  20000360    20000360    00001a7c   00000000    rw- .bss
20001ddc    20001ddc    00001218   00000e17    rw-
  20001ddc    20001ddc    00000e17   00000e17    rw- .data
  20002bf4    20002bf4    00000400   00000000    rw- .stack


SECTION ALLOCATION MAP

 output                                  attributes/
section   page    origin      length       input sections
--------  ----  ----------  ----------   ----------------
.bootVecs 
*          0    00000000    00000008     DSECT
                  00000000    00000008     boot.aem4f : boot.oem4f (.bootVecs)

.resetVecs 
*          0    00000000    00000360     
                  00000000    00000360     app_pem4f.oem4f (.resetVecs)

xdc.meta   0    00000000    000000d9     COPY SECTION
                  00000000    000000d9     app_pem4f.oem4f (xdc.meta)

xdc.noload 
*          0    00000000    00001242     COPY SECTION
                  00000000    00001242     app_pem4f.oem4f (xdc.noload)

.init_array 
*          0    00000000    00000000     UNINITIALIZED

.text      0    00000360    00005e92     
                  00000360    00000520     Ps2Keyboard.obj (.text)
                  00000880    00000428     main.obj (.text)
                  00000ca8    00000424     sysbios.aem4f : BIOS.obj (.text:ti_sysbios_family_arm_m3_Hwi_excDumpRegs__I)
                  000010cc    0000041c     st7565.obj (.text)
                  000014e8    00000344     ti.targets.arm.rtsarm.aem4f : System.oem4f (.text:xdc_runtime_System_doPrint__I)
                  0000182c    00000314     Graphics_Bmp.obj (.text)
                  00001b40    000002e4     rtsv7M4_T_le_v4SPD16_eabi.lib : trgdrv.obj (.text)
                  00001e24    00000238     sysbios.aem4f : BIOS.obj (.text:ti_sysbios_knl_Semaphore_pend__E)
                  0000205c    000001dc                   : BIOS.obj (.text:ti_sysbios_family_arm_m3_Hwi_excHandlerMax__I)
                  00002238    000001d8     driverlib-cm4f.lib : sysctl.obj (.text:SysCtlClockGet)
                  00002410    000001b8     buttons.obj (.text)
                  000025c8    0000018c     sysbios.aem4f : BIOS.obj (.text:ti_sysbios_knl_Task_sleep__E)
                  00002754    00000168                   : BIOS.obj (.text:ti_sysbios_family_arm_m3_Hwi_excBusFault__I)
                  000028bc    00000154                   : BIOS.obj (.text:ti_sysbios_family_arm_m3_Hwi_excUsageFault__I)
                  00002a10    00000140                   : BIOS.obj (.text:ti_sysbios_family_arm_m3_Hwi_excMemFault__I)
                  00002b50    0000013c     ti.targets.arm.rtsarm.aem4f : Error.oem4f (.text:xdc_runtime_Error_raiseX__F)
                  00002c8c    00000138     Boot.aem4f : Boot_sysctl.oem4f (.text:ti_catalog_arm_cortexm4_tiva_ce_Boot_sysCtlClockSetI__I)
                  00002dc4    00000134     sysbios.aem4f : m3_Hwi_asm.obj (.text:ti_sysbios_family_arm_m3_Hwi_dispatch__I)
                  00002ef8    0000012c     ti.targets.arm.rtsarm.aem4f : LoggerBuf.oem4f (.text:xdc_runtime_LoggerBuf_write8__F)
                  00003024    00000128     sysbios.aem4f : BIOS.obj (.text:ti_sysbios_family_arm_lm4_TimestampProvider_get64__E)
                  0000314c    00000114                   : BIOS.obj (.text:ti_sysbios_family_arm_lm4_Timer_initDevice__I)
                  00003260    00000104     ti.targets.arm.rtsarm.aem4f : Core-mem.oem4f (.text:xdc_runtime_Core_createObject__I)
                  00003364    000000fc     sysbios.aem4f : BIOS.obj (.text:ti_sysbios_family_arm_lm4_Timer_start__E)
                  00003460    000000f8     ti.targets.arm.rtsarm.aem4f : Startup.oem4f (.text:xdc_runtime_Startup_startMods__I)
                  00003558    000000f8     app_pem4f.oem4f (.text:xdc_runtime_System_printfExtend__I)
                  00003650    000000ec     rtsv7M4_T_le_v4SPD16_eabi.lib : dtor_list.obj (.text)
                  0000373c    000000ec     sysbios.aem4f : BIOS.obj (.text:ti_sysbios_knl_Semaphore_post__E)
                  00003828    000000dc                   : BIOS.obj (.text:ti_sysbios_family_arm_m3_Hwi_initNVIC__E)
                  00003904    000000dc                   : BIOS.obj (.text:ti_sysbios_knl_Task_postInit__I)
                  000039e0    000000d8     Clock.obj (.text)
                  00003ab8    000000d4     ti.targets.arm.rtsarm.aem4f : LoggerBuf.oem4f (.text:xdc_runtime_LoggerBuf_write4__F)
                  00003b8c    000000c8     driverlib-cm4f.lib : gpio.obj (.text:GPIOPadConfigSet)
                  00003c54    000000b4     sysbios.aem4f : BIOS.obj (.text:ti_sysbios_family_arm_m3_Hwi_excHardFault__I)
                  00003d08    000000b4                   : BIOS.obj (.text:ti_sysbios_knl_Task_checkStacks__E)
                  00003dbc    000000b0                   : BIOS.obj (.text:ti_sysbios_family_arm_m3_Hwi_excDebugMon__I)
                  00003e6c    000000ac                   : BIOS.obj (.text:ti_sysbios_knl_Swi_schedule__I)
                  00003f18    000000a4                   : BIOS.obj (.text:ti_sysbios_family_arm_m3_Hwi_Module_startup__F)
                  00003fbc    000000a0     auto_init.aem4f : auto_init.oem4f (.text)
                  0000405c    0000009c     rtsv7M4_T_le_v4SPD16_eabi.lib : memcpy_t2.obj (.text)
                  000040f8    0000009a     ti.targets.arm.rtsarm.aem4f : Text.oem4f (.text:xdc_runtime_Text_putSite__F)
                  00004192    00000002     sysbios.aem4f : BIOS.obj (.text:ti_sysbios_BIOS_nullFunc__I)
                  00004194    00000094     Boot.aem4f : Boot.oem4f (.text:ti_catalog_arm_cortexm4_tiva_ce_Boot_sysCtlClockSet__E)
                  00004228    00000094     ti.targets.arm.rtsarm.aem4f : Text.oem4f (.text:xdc_runtime_Text_putMod__F)
                  000042bc    00000090     sysbios.aem4f : BIOS.obj (.text:ti_sysbios_knl_Task_exit__E)
                  0000434c    00000090                   : BIOS.obj (.text:ti_sysbios_knl_Task_startCore__E)
                  000043dc    0000008c                   : m3_TaskSupport_asm.obj (.text:_ti_sysbios_family_arm_m3_TaskSupport_buildTaskStack)
                  00004468    0000008c     ti.targets.arm.rtsarm.aem4f : HeapMin.oem4f (.text:xdc_runtime_HeapMin_Instance_init__F)
                  000044f4    00000088     sysbios.aem4f : BIOS.obj (.text:ti_sysbios_knl_Task_schedule__I)
                  0000457c    00000084                   : BIOS.obj (.text:ti_sysbios_knl_Task_Module_startup__F)
                  00004600    00000080     ti.targets.arm.rtsarm.aem4f : LoggerBuf.oem4f (.text:xdc_runtime_LoggerBuf_setFilterLevel__F)
                  00004680    00000078     rtsv7M4_T_le_v4SPD16_eabi.lib : memset_t2.obj (.text)
                  000046f8    00000070     ti.targets.arm.rtsarm.aem4f : Memory.oem4f (.text:xdc_runtime_Memory_alloc__F)
                  00004768    0000006c     sysbios.aem4f : BIOS.obj (.text:ti_sysbios_knl_Clock_workFunc__E)
                  000047d4    0000006c     ti.targets.arm.rtsarm.aem4f : Error.oem4f (.text:xdc_runtime_Error_print__F)
                  00004840    0000006c                                 : LoggerBuf.oem4f (.text:xdc_runtime_LoggerBuf_getFilterLevel__F)
                  000048ac    00000066                                 : Core-mem.oem4f (.text:xdc_runtime_Core_deleteObject__I)
                  00004912    00000002     sysbios.aem4f : BIOS.obj (.text:ti_sysbios_gates_GateHwi_Instance_init__F)
                  00004914    00000064     driverlib-cm4f.lib : interrupt.obj (.text:IntEnable)
                  00004978    00000060     rtsv7M4_T_le_v4SPD16_eabi.lib : trgmsg.obj (.text)
                  000049d8    00000060     sysbios.aem4f : BIOS.obj (.text:ti_sysbios_family_arm_m3_Hwi_dispatchC__I)
                  00004a38    00000060                   : BIOS.obj (.text:ti_sysbios_knl_Swi_run__I)
                  00004a98    00000060     app_pem4f.oem4f (.text:xdc_runtime_LoggerBuf_Object__create__S)
                  00004af8    0000005e     rtsv7M4_T_le_v4SPD16_eabi.lib : copy_decompress_rle.obj (.text)
                  00004b56    00000002     sysbios.aem4f : BIOS.obj (.text:ti_sysbios_knl_Clock_logTick__E)
                  00004b58    0000005c                   : BIOS.obj (.text:ti_sysbios_family_arm_lm4_Timer_Module_startup__F)
                  00004bb4    0000005c                   : BIOS.obj (.text:ti_sysbios_knl_Swi_restoreHwi__E)
                  00004c10    0000005b     ti.targets.arm.rtsarm.aem4f : Text.oem4f (.text:xdc_runtime_Text_putLab__F)
                  00004c6b    00000001     --HOLE-- [fill = 0]
                  00004c6c    00000058     boot.aem4f : boot.oem4f (.text)
                  00004cc4    00000058     driverlib-cm4f.lib : sysctl.obj (.text:SysCtlPeripheralEnable)
                  00004d1c    00000058     sysbios.aem4f : BIOS.obj (.text:ti_sysbios_knl_Task_unblockI__E)
                  00004d74    00000050     ti.targets.arm.rtsarm.aem4f : Startup.oem4f (.text:xdc_runtime_Startup_exec__F)
                  00004dc4    00000050                                 : System.oem4f (.text:xdc_runtime_System_formatNum__I)
                  00004e14    00000048     driverlib-cm4f.lib : gpio.obj (.text:GPIOPinConfigure)
                  00004e5c    00000048     sysbios.aem4f : BIOS.obj (.text:ti_sysbios_family_arm_m3_Hwi_excReserved__I)
                  00004ea4    00000048                   : BIOS.obj (.text:ti_sysbios_knl_Task_allBlockedFunction__I)
                  00004eec    00000048     ti.targets.arm.rtsarm.aem4f : Assert.oem4f (.text:xdc_runtime_Assert_raise__I)
                  00004f34    00000048                                 : Core-params.oem4f (.text:xdc_runtime_Core_assignParams__I)
                  00004f7c    00000044     driverlib-cm4f.lib : gpio.obj (.text:GPIOIntTypeSet)
                  00004fc0    00000044                        : ssi.obj (.text:SSIConfigSetExpClk)
                  00005004    00000044     rtsv7M4_T_le_v4SPD16_eabi.lib : cpy_tbl.obj (.text)
                  00005048    00000044     sysbios.aem4f : BIOS.obj (.text:ti_sysbios_family_arm_lm4_Timer_isrStub__E)
                  0000508c    00000044                   : BIOS.obj (.text:ti_sysbios_family_arm_m3_Hwi_disableInterrupt__E)
                  000050d0    00000044                   : BIOS.obj (.text:ti_sysbios_family_arm_m3_Hwi_enableInterrupt__E)
                  00005114    00000044                   : BIOS.obj (.text:ti_sysbios_knl_Swi_post__E)
                  00005158    00000044     ti.targets.arm.rtsarm.aem4f : LoggerBuf.oem4f (.text:xdc_runtime_LoggerBuf_filterOutEvent__I)
                  0000519c    00000044                                 : SysMin.oem4f (.text:xdc_runtime_SysMin_flush__F)
                  000051e0    00000040     rtsv7M4_T_le_v4SPD16_eabi.lib : exit.obj (.text)
                  00005220    00000040     sysbios.aem4f : BIOS.obj (.text:ti_sysbios_family_arm_lm4_Timer_startup__E)
                  00005260    00000040                   : BIOS.obj (.text:ti_sysbios_knl_Semaphore_pendTimeout__I)
                  000052a0    00000040                   : BIOS.obj (.text:ti_sysbios_knl_Task_processVitalTaskFlag__I)
                  000052e0    00000040     ti.targets.arm.rtsarm.aem4f : System.oem4f (.text:xdc_runtime_System_atexit__F)
                  00005320    0000003c     sysbios.aem4f : BIOS.obj (.text:ti_sysbios_family_arm_m3_Hwi_excSvCall__I)
                  0000535c    0000003c                   : BIOS.obj (.text:ti_sysbios_knl_Swi_restore__E)
                  00005398    0000003c     ti.targets.arm.rtsarm.aem4f : HeapMin.oem4f (.text:xdc_runtime_HeapMin_alloc__F)
                  000053d4    0000003c                                 : Text.oem4f (.text:xdc_runtime_Text_xprintf__I)
                  00005410    00000038     sysbios.aem4f : BIOS.obj (.text:ti_sysbios_family_arm_m3_Hwi_excNoIsr__I)
                  00005448    00000038                   : BIOS.obj (.text:ti_sysbios_family_arm_m3_Hwi_getStackInfo__E)
                  00005480    00000038                   : BIOS.obj (.text:ti_sysbios_family_arm_m3_TaskSupport_start__E)
                  000054b8    00000038     ti.targets.arm.rtsarm.aem4f : LoggerBuf.oem4f (.text:xdc_runtime_LoggerBuf_Instance_init__F)
                  000054f0    00000038                                 : SysMin.oem4f (.text:xdc_runtime_SysMin_putch__F)
                  00005528    00000034     sysbios.aem4f : BIOS.obj (.text:ti_sysbios_family_arm_m3_Hwi_excNmi__I)
                  0000555c    00000034     app_pem4f.oem4f (.text:ti_sysbios_gates_GateHwi_Object__create__S)
                  00005590    00000034     sysbios.aem4f : BIOS.obj (.text:ti_sysbios_hal_Hwi_checkStack:ti_sysbios_hal_Hwi_checkStack)
                  000055c4    00000034     app_pem4f.oem4f (.text:xdc_runtime_HeapMin_Object__create__S)
                  000055f8    00000030     sysbios.aem4f : BIOS.obj (.text:ti_sysbios_BIOS_errorRaiseHook__I)
                  00005628    00000030     app_pem4f.oem4f (.text:ti_sysbios_BIOS_exitFunc__I)
                  00005658    00000030     sysbios.aem4f : BIOS.obj (.text:ti_sysbios_family_arm_lm4_Timer_enableTimers__I)
                  00005688    00000030                   : BIOS.obj (.text:ti_sysbios_family_arm_lm4_Timer_stop__E)
                  000056b8    00000030                   : BIOS.obj (.text:ti_sysbios_knl_Idle_run__E)
                  000056e8    00000030     ti.targets.arm.rtsarm.aem4f : Core-label.oem4f (.text:xdc_runtime_Core_assignLabel__I)
                  00005718    00000030                                 : HeapMin.oem4f (.text:xdc_runtime_HeapMin_free__F)
                  00005748    00000030                                 : SysMin.oem4f (.text:xdc_runtime_SysMin_abort__F)
                  00005778    0000002f                                 : Text.oem4f (.text:xdc_runtime_Text_printVisFxn__I)
                  000057a7    00000001     --HOLE-- [fill = 0]
                  000057a8    0000002e     driverlib-cm4f.lib : gpio.obj (.text:GPIODirModeSet)
                  000057d6    0000002e     app_pem4f.oem4f (.text:malloc)
                  00005804    0000002e     sysbios.aem4f : BIOS.obj (.text:ti_sysbios_knl_Task_sleepTimeout__I)
                  00005832    0000002c                   : BIOS.obj (.text:ti_sysbios_hal_Hwi_initStack:ti_sysbios_hal_Hwi_initStack)
                  0000585e    00000002     app_pem4f.oem4f (.text:xdc_runtime_Startup_reset__I)
                  00005860    0000002c     app_pem4f.oem4f (.text:ti_sysbios_knl_Clock_doTick__I)
                  0000588c    0000002c     sysbios.aem4f : BIOS.obj (.text:ti_sysbios_knl_Task_restore__E)
                  000058b8    0000002c     ti.targets.arm.rtsarm.aem4f : System.oem4f (.text:xdc_runtime_System_rtsExit__I)
                  000058e4    0000002c                                 : Text.oem4f (.text:xdc_runtime_Text_cordText__F)
                  00005910    0000002a                                 : System.oem4f (.text:xdc_runtime_System_putchar__I)
                  0000593a    00000002     --HOLE-- [fill = 0]
                  0000593c    00000028     driverlib-cm4f.lib : timer.obj (.text:TimerConfigure)
                  00005964    00000028     sysbios.aem4f : m3_Hwi_asm_switch.obj (.text:_ti_sysbios_family_arm_m3_Hwi_initStacks__E)
                  0000598c    00000028                   : BIOS.obj (.text:ti_sysbios_knl_Clock_addI__E)
                  000059b4    00000028     ti.targets.arm.rtsarm.aem4f : LoggerBuf.oem4f (.text:xdc_runtime_LoggerBuf_Module_startup__F)
                  000059dc    00000026                                 : System.oem4f (.text:xdc_runtime_System_avprintf__F)
                  00005a02    00000002     --HOLE-- [fill = 0]
                  00005a04    00000024     sysbios.aem4f : BIOS.obj (.text:ti_sysbios_knl_Clock_Module_startup__F)
                  00005a28    00000024                   : BIOS.obj (.text:ti_sysbios_knl_Swi_Module_startup__F)
                  00005a4c    00000024                   : BIOS.obj (.text:ti_sysbios_knl_Task_restoreHwi__E)
                  00005a70    00000024     ti.targets.arm.rtsarm.aem4f : System.oem4f (.text:xdc_runtime_System_vprintf__F)
                  00005a94    00000022     app_pem4f.oem4f (.text:xdc_runtime_SysMin_output__I)
                  00005ab6    00000002     --HOLE-- [fill = 0]
                  00005ab8    00000020     sysbios.aem4f : BIOS.obj (.text:ti_sysbios_BIOS_removeRTSLock__I)
                  00005ad8    00000020     app_pem4f.oem4f (.text:ti_sysbios_BIOS_startFunc__I)
                  00005af8    00000020     app_pem4f.oem4f (.text:ti_sysbios_gates_GateHwi_Object__delete__S)
                  00005b18    00000020     sysbios.aem4f : BIOS.obj (.text:ti_sysbios_knl_Task_enter__I)
                  00005b38    00000020     app_pem4f.oem4f (.text:xdc_runtime_HeapMin_Object__delete__S)
                  00005b58    00000020     app_pem4f.oem4f (.text:xdc_runtime_LoggerBuf_Object__delete__S)
                  00005b78    00000020     ti.targets.arm.rtsarm.aem4f : LoggerBuf.oem4f (.text:xdc_runtime_LoggerBuf_reset__F)
                  00005b98    00000020                                 : Registry.oem4f (.text:xdc_runtime_Registry_findById__F)
                  00005bb8    00000020                                 : SysMin.oem4f (.text:xdc_runtime_SysMin_Module_startup__F)
                  00005bd8    0000001e     sysbios.aem4f : BIOS.obj (.text:ti_sysbios_family_arm_lm4_Timer_write__I)
                  00005bf6    0000001c                   : BIOS.obj (.text:ti_sysbios_knl_Queue_put__E)
                  00005c12    00000002     --HOLE-- [fill = 0]
                  00005c14    0000001c     ti.targets.arm.rtsarm.aem4f : Error.oem4f (.text:xdc_runtime_Error_check__F)
                  00005c30    0000001c                                 : Memory.oem4f (.text:xdc_runtime_Memory_valloc__F)
                  00005c4c    0000001c                                 : SysMin.oem4f (.text:xdc_runtime_SysMin_exit__F)
                  00005c68    0000001a     app_pem4f.oem4f (.text:xdc_runtime_System_aprintf__E)
                  00005c82    0000001a     app_pem4f.oem4f (.text:xdc_runtime_System_printf__E)
                  00005c9c    00000018     sysbios.aem4f : m3_TaskSupport_asm.obj (.text:_ti_sysbios_family_arm_m3_TaskSupport_swap__E)
                  00005cb4    00000018     app_pem4f.oem4f (.text:free)
                  00005ccc    00000018     rtsv7M4_T_le_v4SPD16_eabi.lib : args_main.obj (.text)
                  00005ce4    00000018     app_pem4f.oem4f (.text:ti_sysbios_family_arm_lm4_Timer_Module__startupDone__F)
                  00005cfc    00000018     app_pem4f.oem4f (.text:ti_sysbios_family_arm_m3_Hwi_Handle__label__S)
                  00005d14    00000018     app_pem4f.oem4f (.text:ti_sysbios_family_arm_m3_Hwi_Module__startupDone__F)
                  00005d2c    00000018     app_pem4f.oem4f (.text:ti_sysbios_gates_GateHwi_Handle__label__S)
                  00005d44    00000018     app_pem4f.oem4f (.text:ti_sysbios_hal_Timer_Module__startupDone__F)
                  00005d5c    00000018     app_pem4f.oem4f (.text:ti_sysbios_knl_Swi_Handle__label__S)
                  00005d74    00000018     app_pem4f.oem4f (.text:ti_sysbios_knl_Task_Handle__label__S)
                  00005d8c    00000018     app_pem4f.oem4f (.text:xdc_runtime_HeapMin_Handle__label__S)
                  00005da4    00000018     app_pem4f.oem4f (.text:xdc_runtime_LoggerBuf_Handle__label__S)
                  00005dbc    00000018     ti.targets.arm.rtsarm.aem4f : Text.oem4f (.text:xdc_runtime_Text_ropeText__F)
                  00005dd4    00000014     rtsv7M4_T_le_v4SPD16_eabi.lib : _lock.obj (.text)
                  00005de8    00000014                                   : strlen.obj (.text)
                  00005dfc    00000014     sysbios.aem4f : BIOS.obj (.text:ti_sysbios_family_arm_m3_Hwi_switchFromBootStack__E)
                  00005e10    00000014     app_pem4f.oem4f (.text:ti_sysbios_knl_Swi_Object__get__S)
                  00005e24    00000014     ti.targets.arm.rtsarm.aem4f : LoggerBuf.oem4f (.text:xdc_runtime_LoggerBuf_Instance_finalize__F)
                  00005e38    00000014     app_pem4f.oem4f (.text:xdc_runtime_LoggerBuf_Object__get__S)
                  00005e4c    00000014     ti.targets.arm.rtsarm.aem4f : LoggerBuf.oem4f (.text:xdc_runtime_LoggerBuf_write2__F)
                  00005e60    00000014                                 : System.oem4f (.text:xdc_runtime_System_abort__F)
                  00005e74    00000012     driverlib-cm4f.lib : gpio.obj (.text:GPIOPinTypeGPIOInput)
                  00005e86    00000012                        : gpio.obj (.text:GPIOPinTypeGPIOOutput)
                  00005e98    00000012                        : gpio.obj (.text:GPIOPinTypeSSI)
                  00005eaa    00000012                        : timer.obj (.text:TimerLoadSet)
                  00005ebc    00000012     rtsv7M4_T_le_v4SPD16_eabi.lib : copy_zero_init.obj (.text:decompress:ZI)
                  00005ece    00000012     sysbios.aem4f : BIOS.obj (.text:ti_sysbios_hal_Hwi_Module_startup__F)
                  00005ee0    00000012                   : BIOS.obj (.text:ti_sysbios_hal_Timer_Module_startup__F)
                  00005ef2    00000012     ti.targets.arm.rtsarm.aem4f : LoggerBuf.oem4f (.text:xdc_runtime_LoggerBuf_write1__F)
                  00005f04    00000012     app_pem4f.oem4f (.text:xdc_runtime_Startup_exec__I)
                  00005f16    00000010     sysbios.aem4f : m3_TaskSupport_asm.obj (.text:_ti_sysbios_family_arm_m3_TaskSupport_glue)
                  00005f26    00000010                   : m3_Hwi_asm_switch.obj (.text:_ti_sysbios_family_xxx_Hwi_switchToIsrStack)
                  00005f36    00000010     rtsv7M4_T_le_v4SPD16_eabi.lib : strcpy.obj (.text)
                  00005f46    00000002     --HOLE-- [fill = 0]
                  00005f48    00000010     sysbios.aem4f : BIOS.obj (.text:ti_sysbios_BIOS_setThreadType__E)
                  00005f58    00000010                   : BIOS.obj (.text:ti_sysbios_BIOS_start__E)
                  00005f68    00000010                   : BIOS.obj (.text:ti_sysbios_family_arm_lm4_TimestampProvider_rolloverFunc__E)
                  00005f78    00000010                   : BIOS.obj (.text:ti_sysbios_family_arm_m3_Hwi_excHandler__I)
                  00005f88    00000010                   : BIOS.obj (.text:ti_sysbios_knl_Swi_disable__E)
                  00005f98    00000010     app_pem4f.oem4f (.text:ti_sysbios_knl_Task_Object__get__S)
                  00005fa8    00000010     sysbios.aem4f : BIOS.obj (.text:ti_sysbios_knl_Task_disable__E)
                  00005fb8    00000010     ti.targets.arm.rtsarm.aem4f : Gate.oem4f (.text:xdc_runtime_Gate_leaveSystem__F)
                  00005fc8    00000010                                 : LoggerBuf.oem4f (.text:xdc_runtime_LoggerBuf_write0__F)
                  00005fd8    00000010                                 : Memory.oem4f (.text:xdc_runtime_Memory_free__F)
                  00005fe8    00000010                                 : SysMin.oem4f (.text:xdc_runtime_SysMin_ready__F)
                  00005ff8    00000010                                 : System.oem4f (.text:xdc_runtime_System_vsnprintf__F)
                  00006008    0000000e     driverlib-cm4f.lib : timer.obj (.text:TimerEnable)
                  00006016    0000000e     rtsv7M4_T_le_v4SPD16_eabi.lib : copy_decompress_none.obj (.text:decompress:none)
                  00006024    0000000e     sysbios.aem4f : BIOS.obj (.text:ti_sysbios_family_arm_m3_TaskSupport_checkStack__E)
                  00006032    0000000e                   : BIOS.obj (.text:ti_sysbios_knl_Queue_empty__E)
                  00006040    0000000c     app_pem4f.oem4f (.text:.bootCodeSection:ti_catalog_arm_cortexm4_tiva_ce_Boot_init__I)
                  0000604c    0000000c     driverlib-cm4f.lib : gpio.obj (.text:GPIOPinIntEnable)
                  00006058    0000000c     sysbios.aem4f : m3_Hwi_asm_switch.obj (.text:_ti_sysbios_family_xxx_Hwi_switchToTaskStack)
                  00006064    0000000c                   : BIOS.obj (.text:ti_sysbios_family_arm_lm4_Timer_masterDisable__I)
                  00006070    0000000c                   : BIOS.obj (.text:ti_sysbios_family_arm_lm4_TimestampProvider_startTimer__E)
                  0000607c    0000000c                   : BIOS.obj (.text:ti_sysbios_gates_GateHwi_enter__E)
                  00006088    0000000c     app_pem4f.oem4f (.text:ti_sysbios_knl_Queue_Object__get__S)
                  00006094    0000000c     ti.targets.arm.rtsarm.aem4f : Error.oem4f (.text:xdc_runtime_Error_init__F)
                  000060a0    0000000c                                 : Gate.oem4f (.text:xdc_runtime_Gate_enterSystem__F)
                  000060ac    0000000c                                 : HeapMin.oem4f (.text:xdc_runtime_HeapMin_getStats__F)
                  000060b8    0000000c                                 : Memory.oem4f (.text:xdc_runtime_Memory_calloc__F)
                  000060c4    0000000c                                 : Memory.oem4f (.text:xdc_runtime_Memory_getMaxDefaultTypeAlign__F)
                  000060d0    0000000c                                 : System.oem4f (.text:xdc_runtime_System_exit__F)
                  000060dc    0000000c                                 : System.oem4f (.text:xdc_runtime_System_lastFxn__I)
                  000060e8    0000000a     driverlib-cm4f.lib : gpio.obj (.text:GPIOPinRead)
                  000060f2    0000000a                        : gpio.obj (.text:GPIOPinWrite)
                  000060fc    0000000a                        : ssi.obj (.text:SSIDataPut)
                  00006106    0000000a                        : ssi.obj (.text:SSIEnable)
                  00006110    0000000a     app_pem4f.oem4f (.text:xdc_runtime_IHeap_alloc)
                  0000611a    0000000a     app_pem4f.oem4f (.text:xdc_runtime_IHeap_free)
                  00006124    0000000a     ti.targets.arm.rtsarm.aem4f : LoggerBuf.oem4f (.text:xdc_runtime_LoggerBuf_disable__F)
                  0000612e    0000000a                                 : LoggerBuf.oem4f (.text:xdc_runtime_LoggerBuf_enable__F)
                  00006138    00000008     driverlib-cm4f.lib : ssi.obj (.text:SSIBusy)
                  00006140    00000008                        : timer.obj (.text:TimerIntEnable)
                  00006148    00000008     sysbios.aem4f : BIOS.obj (.text:ti_sysbios_family_arm_m3_Hwi_doSwiRestore__I)
                  00006150    00000008                   : BIOS.obj (.text:ti_sysbios_family_arm_m3_Hwi_startup__E)
                  00006158    00000008                   : BIOS.obj (.text:ti_sysbios_knl_Idle_loop__E)
                  00006160    00000008     app_pem4f.oem4f (.text:xdc_runtime_Text_visitRope__I)
                  00006168    00000006     driverlib-cm4f.lib : gpio.obj (.text:GPIOPinIntClear)
                  0000616e    00000006     ti.targets.arm.rtsarm.aem4f : xdc_noinit.oem4f (.text:__xdc__init)
                  00006174    00000006     rtsv7M4_T_le_v4SPD16_eabi.lib : copy_decompress_rle.obj (.text:decompress:rle24)
                  0000617a    00000006     Boot.aem4f : Boot_sysctl.oem4f (.text:ti_catalog_arm_cortexm4_tiva_ce_Boot_sysCtlDelayI__I)
                  00006180    00000006     sysbios.aem4f : BIOS.obj (.text:ti_sysbios_family_arm_lm4_TimestampProvider_Module_startup__F)
                  00006186    00000006                   : BIOS.obj (.text:ti_sysbios_family_arm_m3_Hwi_doTaskRestore__I)
                  0000618c    00000006                   : BIOS.obj (.text:ti_sysbios_gates_GateHwi_leave__E)
                  00006192    00000006                   : BIOS.obj (.text:ti_sysbios_knl_Swi_startup__E)
                  00006198    00000006     ti.targets.arm.rtsarm.aem4f : System.oem4f (.text:xdc_runtime_System_Module_startup__F)
                  0000619e    00000004     driverlib-cm4f.lib : timer.obj (.text:TimerIntClear)
                  000061a2    00000004     sysbios.aem4f : BIOS.obj (.text:ti_sysbios_family_arm_lm4_Timer_getPeriod__E)
                  000061a6    00000004                   : BIOS.obj (.text:ti_sysbios_family_arm_lm4_Timer_masterEnable__I)
                  000061aa    00000004     app_pem4f.oem4f (.text:ti_sysbios_family_arm_m3_TaskSupport_Module__startupDone__S)
                  000061ae    00000004     sysbios.aem4f : BIOS.obj (.text:ti_sysbios_gates_GateHwi_query__F)
                  000061b2    00000004     app_pem4f.oem4f (.text:ti_sysbios_hal_Hwi_HwiProxy_Module__startupDone__S)
                  000061b6    00000004     app_pem4f.oem4f (.text:ti_sysbios_hal_Timer_TimerProxy_Module__startupDone__S)
                  000061ba    00000004     app_pem4f.oem4f (.text:ti_sysbios_hal_Timer_TimerProxy_getPeriod__E)
                  000061be    00000004     app_pem4f.oem4f (.text:ti_sysbios_knl_Task_SupportProxy_Module__startupDone__S)
                  000061c2    00000004     sysbios.aem4f : BIOS.obj (.text:ti_sysbios_knl_Task_startup__E)
                  000061c6    00000004     ti.targets.arm.rtsarm.aem4f : Error.oem4f (.text:xdc_runtime_Error_getSite__F)
                  000061ca    00000004                                 : HeapMin.oem4f (.text:xdc_runtime_HeapMin_isBlocking__F)
                  000061ce    00000004     app_pem4f.oem4f (.text:xdc_runtime_LoggerBuf_Module_GateProxy_enter__E)
                  000061d2    00000004     app_pem4f.oem4f (.text:xdc_runtime_LoggerBuf_Module_GateProxy_leave__E)
                  000061d6    00000004     app_pem4f.oem4f (.text:xdc_runtime_Memory_HeapProxy_alloc__E)
                  000061da    00000004     app_pem4f.oem4f (.text:xdc_runtime_Memory_HeapProxy_free__E)
                  000061de    00000004     app_pem4f.oem4f (.text:xdc_runtime_System_Module_GateProxy_enter__E)
                  000061e2    00000004     app_pem4f.oem4f (.text:xdc_runtime_System_Module_GateProxy_leave__E)
                  000061e6    00000004     ti.targets.arm.rtsarm.aem4f : System.oem4f (.text:xdc_runtime_System_aprintf_va__F)
                  000061ea    00000004                                 : System.oem4f (.text:xdc_runtime_System_printf_va__F)
                  000061ee    00000004     app_pem4f.oem4f (.text:xdc_runtime_System_vsnprintf__E)

.const     0    000061f4    00000995     
                  000061f4    000001b6     Font.obj (.const:.string:MyFont)
                  000063aa    00000002     --HOLE-- [fill = 0]
                  000063ac    000000d8     app_pem4f.oem4f (.const:ti_sysbios_family_arm_m3_Hwi_priorities__A)
                  00006484    000000ac     scancodes.obj (.const:shifted)
                  00006530    000000ac     scancodes.obj (.const:unshifted)
                  000065dc    00000078     driverlib-cm4f.lib : gpio.obj (.const:g_pulGPIOBaseAddrs)
                  00006654    00000070                        : interrupt.obj (.const)
                  000066c4    0000006c                        : sysctl.obj (.const:g_pulXtals)
                  00006730    00000048     app_pem4f.oem4f (.const:.string)
                  00006778    00000040     driverlib-cm4f.lib : sysctl.obj (.const)
                  000067b8    0000003c     app_pem4f.oem4f (.const:xdc_runtime_LoggerBuf_Module__FXNS__C)
                  000067f4    0000002c     app_pem4f.oem4f (.const:xdc_runtime_Startup_sfxnTab__A)
                  00006820    00000028     app_pem4f.oem4f (.const:xdc_runtime_HeapMin_Module__FXNS__C)
                  00006848    00000024     app_pem4f.oem4f (.const)
                  0000686c    00000024     app_pem4f.oem4f (.const:ti_sysbios_gates_GateHwi_Module__FXNS__C)
                  00006890    00000024     app_pem4f.oem4f (.const:xdc_runtime_LoggerBuf_Object__PARAMS__C)
                  000068b4    00000020     app_pem4f.oem4f (.const:ti_sysbios_gates_GateHwi_Object__DESC__C)
                  000068d4    00000020     app_pem4f.oem4f (.const:xdc_runtime_HeapMin_Object__DESC__C)
                  000068f4    00000020     app_pem4f.oem4f (.const:xdc_runtime_HeapMin_Object__PARAMS__C)
                  00006914    00000020     app_pem4f.oem4f (.const:xdc_runtime_LoggerBuf_Object__DESC__C)
                  00006934    00000018     app_pem4f.oem4f (.const:ti_sysbios_gates_GateHwi_Object__PARAMS__C)
                  0000694c    00000018     app_pem4f.oem4f (.const:ti_sysbios_knl_Task_hooks__A)
                  00006964    00000016     app_pem4f.oem4f (.const:xdc_runtime_Startup_sfxnRts__A)
                  0000697a    00000002     --HOLE-- [fill = 0]
                  0000697c    00000011     ti.targets.arm.rtsarm.aem4f : System.oem4f (.const)
                  0000698d    00000003     --HOLE-- [fill = 0]
                  00006990    00000010     app_pem4f.oem4f (.const:xdc_runtime_Startup_firstFxns__A)
                  000069a0    00000008     app_pem4f.oem4f (.const:ti_sysbios_family_arm_m3_Hwi_excHookFuncs__A)
                  000069a8    00000008     app_pem4f.oem4f (.const:ti_sysbios_knl_Idle_coreList__C)
                  000069b0    00000008     app_pem4f.oem4f (.const:ti_sysbios_knl_Idle_funcList__C)
                  000069b8    00000008     app_pem4f.oem4f (.const:ti_sysbios_knl_Task_hooks__C)
                  000069c0    00000008     app_pem4f.oem4f (.const:xdc_runtime_Startup_firstFxns__C)
                  000069c8    00000008     app_pem4f.oem4f (.const:xdc_runtime_Startup_lastFxns__A)
                  000069d0    00000008     app_pem4f.oem4f (.const:xdc_runtime_Startup_lastFxns__C)
                  000069d8    00000004     app_pem4f.oem4f (.const:ti_catalog_arm_cortexm4_tiva_ce_Boot_A_mustUseEnhancedClockMode__C)
                  000069dc    00000004     app_pem4f.oem4f (.const:ti_catalog_arm_cortexm4_tiva_ce_Boot_Module__diagsEnabled__C)
                  000069e0    00000004     app_pem4f.oem4f (.const:ti_catalog_arm_cortexm4_tiva_ce_Boot_Module__diagsIncluded__C)
                  000069e4    00000004     app_pem4f.oem4f (.const:ti_catalog_arm_cortexm4_tiva_ce_Boot_Module__diagsMask__C)
                  000069e8    00000004     app_pem4f.oem4f (.const:ti_sysbios_BIOS_installedErrorHook__C)
                  000069ec    00000004     app_pem4f.oem4f (.const:ti_sysbios_family_arm_lm4_Timer_numTimerDevices__C)
                  000069f0    00000004     app_pem4f.oem4f (.const:ti_sysbios_family_arm_lm4_Timer_startupNeeded__C)
                  000069f4    00000004     app_pem4f.oem4f (.const:ti_sysbios_family_arm_m3_Hwi_E_NMI__C)
                  000069f8    00000004     app_pem4f.oem4f (.const:ti_sysbios_family_arm_m3_Hwi_E_busFault__C)
                  000069fc    00000004     app_pem4f.oem4f (.const:ti_sysbios_family_arm_m3_Hwi_E_debugMon__C)
                  00006a00    00000004     app_pem4f.oem4f (.const:ti_sysbios_family_arm_m3_Hwi_E_hardFault__C)
                  00006a04    00000004     app_pem4f.oem4f (.const:ti_sysbios_family_arm_m3_Hwi_E_memFault__C)
                  00006a08    00000004     app_pem4f.oem4f (.const:ti_sysbios_family_arm_m3_Hwi_E_noIsr__C)
                  00006a0c    00000004     app_pem4f.oem4f (.const:ti_sysbios_family_arm_m3_Hwi_E_reserved__C)
                  00006a10    00000004     app_pem4f.oem4f (.const:ti_sysbios_family_arm_m3_Hwi_E_svCall__C)
                  00006a14    00000004     app_pem4f.oem4f (.const:ti_sysbios_family_arm_m3_Hwi_E_usageFault__C)
                  00006a18    00000004     app_pem4f.oem4f (.const:ti_sysbios_family_arm_m3_Hwi_NUM_INTERRUPTS__C)
                  00006a1c    00000004     app_pem4f.oem4f (.const:ti_sysbios_family_arm_m3_Hwi_ccr__C)
                  00006a20    00000004     app_pem4f.oem4f (.const:ti_sysbios_family_arm_m3_Hwi_dispatchTable__C)
                  00006a24    00000004     app_pem4f.oem4f (.const:ti_sysbios_family_arm_m3_Hwi_excHandlerFunc__C)
                  00006a28    00000004     app_pem4f.oem4f (.const:ti_sysbios_family_arm_m3_Hwi_excHookFuncs__C)
                  00006a2c    00000004     app_pem4f.oem4f (.const:ti_sysbios_family_arm_m3_Hwi_priGroup__C)
                  00006a30    00000004     app_pem4f.oem4f (.const:ti_sysbios_family_arm_m3_Hwi_priorities__C)
                  00006a34    00000004     app_pem4f.oem4f (.const:ti_sysbios_hal_Hwi_E_stackOverflow__C)
                  00006a38    00000004     app_pem4f.oem4f (.const:ti_sysbios_knl_Clock_Module_State_clockQ__O)
                  00006a3c    00000004     app_pem4f.oem4f (.const:ti_sysbios_knl_Idle_coreList__A)
                  00006a40    00000004     app_pem4f.oem4f (.const:ti_sysbios_knl_Idle_funcList__A)
                  00006a44    00000004     app_pem4f.oem4f (.const:ti_sysbios_knl_Semaphore_A_badContext__C)
                  00006a48    00000004     app_pem4f.oem4f (.const:ti_sysbios_knl_Semaphore_A_overflow__C)
                  00006a4c    00000004     app_pem4f.oem4f (.const:ti_sysbios_knl_Semaphore_A_pendTaskDisabled__C)
                  00006a50    00000004     app_pem4f.oem4f (.const:ti_sysbios_knl_Semaphore_Instance_State_pendQ__O)
                  00006a54    00000004     app_pem4f.oem4f (.const:ti_sysbios_knl_Semaphore_Module__diagsEnabled__C)
                  00006a58    00000004     app_pem4f.oem4f (.const:ti_sysbios_knl_Semaphore_Module__diagsIncluded__C)
                  00006a5c    00000004     app_pem4f.oem4f (.const:ti_sysbios_knl_Semaphore_Module__diagsMask__C)
                  00006a60    00000004     app_pem4f.oem4f (.const:ti_sysbios_knl_Swi_Object__count__C)
                  00006a64    00000004     app_pem4f.oem4f (.const:ti_sysbios_knl_Task_A_badTimeout__C)
                  00006a68    00000004     app_pem4f.oem4f (.const:ti_sysbios_knl_Task_A_sleepTaskDisabled__C)
                  00006a6c    00000004     app_pem4f.oem4f (.const:ti_sysbios_knl_Task_E_spOutOfBounds__C)
                  00006a70    00000004     app_pem4f.oem4f (.const:ti_sysbios_knl_Task_E_stackOverflow__C)
                  00006a74    00000004     app_pem4f.oem4f (.const:ti_sysbios_knl_Task_Module_State_inactiveQ__O)
                  00006a78    00000004     app_pem4f.oem4f (.const:ti_sysbios_knl_Task_Module__diagsEnabled__C)
                  00006a7c    00000004     app_pem4f.oem4f (.const:ti_sysbios_knl_Task_Module__diagsIncluded__C)
                  00006a80    00000004     app_pem4f.oem4f (.const:ti_sysbios_knl_Task_Module__diagsMask__C)
                  00006a84    00000004     app_pem4f.oem4f (.const:ti_sysbios_knl_Task_Object__count__C)
                  00006a88    00000004     app_pem4f.oem4f (.const:ti_sysbios_knl_Task_allBlockedFunc__C)
                  00006a8c    00000004     app_pem4f.oem4f (.const:ti_sysbios_knl_Task_numConstructedTasks__C)
                  00006a90    00000004     app_pem4f.oem4f (.const:xdc_runtime_Assert_E_assertFailed__C)
                  00006a94    00000004     app_pem4f.oem4f (.const:xdc_runtime_Core_A_initializedParams__C)
                  00006a98    00000004     app_pem4f.oem4f (.const:xdc_runtime_Core_Module__diagsEnabled__C)
                  00006a9c    00000004     app_pem4f.oem4f (.const:xdc_runtime_Core_Module__diagsIncluded__C)
                  00006aa0    00000004     app_pem4f.oem4f (.const:xdc_runtime_Core_Module__diagsMask__C)
                  00006aa4    00000004     app_pem4f.oem4f (.const:xdc_runtime_Error_E_memory__C)
                  00006aa8    00000004     app_pem4f.oem4f (.const:xdc_runtime_Error_Module__diagsEnabled__C)
                  00006aac    00000004     app_pem4f.oem4f (.const:xdc_runtime_Error_Module__diagsIncluded__C)
                  00006ab0    00000004     app_pem4f.oem4f (.const:xdc_runtime_Error_Module__diagsMask__C)
                  00006ab4    00000004     app_pem4f.oem4f (.const:xdc_runtime_Error_Module__loggerFxn8__C)
                  00006ab8    00000004     app_pem4f.oem4f (.const:xdc_runtime_Error_Module__loggerObj__C)
                  00006abc    00000004     app_pem4f.oem4f (.const:xdc_runtime_Error_raiseHook__C)
                  00006ac0    00000004     app_pem4f.oem4f (.const:xdc_runtime_HeapMin_A_zeroSize__C)
                  00006ac4    00000004     app_pem4f.oem4f (.const:xdc_runtime_HeapMin_E_freeError__C)
                  00006ac8    00000004     app_pem4f.oem4f (.const:xdc_runtime_HeapMin_Module__diagsEnabled__C)
                  00006acc    00000004     app_pem4f.oem4f (.const:xdc_runtime_HeapMin_Module__diagsIncluded__C)
                  00006ad0    00000004     app_pem4f.oem4f (.const:xdc_runtime_HeapMin_Module__diagsMask__C)
                  00006ad4    00000004     app_pem4f.oem4f (.const:xdc_runtime_IFilterLogger_Interface__BASE__C)
                  00006ad8    00000004     app_pem4f.oem4f (.const:xdc_runtime_IGateProvider_Interface__BASE__C)
                  00006adc    00000004     app_pem4f.oem4f (.const:xdc_runtime_IHeap_Interface__BASE__C)
                  00006ae0    00000004     app_pem4f.oem4f (.const:xdc_runtime_ILogger_Interface__BASE__C)
                  00006ae4    00000004     app_pem4f.oem4f (.const:xdc_runtime_IModule_Interface__BASE__C)
                  00006ae8    00000004     app_pem4f.oem4f (.const:xdc_runtime_Log_L_error__C)
                  00006aec    00000004     app_pem4f.oem4f (.const:xdc_runtime_LoggerBuf_E_badLevel__C)
                  00006af0    00000004     app_pem4f.oem4f (.const:xdc_runtime_LoggerBuf_Module__gateObj__C)
                  00006af4    00000004     app_pem4f.oem4f (.const:xdc_runtime_LoggerBuf_Object__count__C)
                  00006af8    00000004     app_pem4f.oem4f (.const:xdc_runtime_LoggerBuf_statusLogger__C)
                  00006afc    00000004     app_pem4f.oem4f (.const:xdc_runtime_Memory_defaultHeapInstance__C)
                  00006b00    00000004     app_pem4f.oem4f (.const:xdc_runtime_Startup_execImpl__C)
                  00006b04    00000004     app_pem4f.oem4f (.const:xdc_runtime_Startup_maxPasses__C)
                  00006b08    00000004     app_pem4f.oem4f (.const:xdc_runtime_Startup_sfxnRts__C)
                  00006b0c    00000004     app_pem4f.oem4f (.const:xdc_runtime_Startup_sfxnTab__C)
                  00006b10    00000004     app_pem4f.oem4f (.const:xdc_runtime_SysMin_bufSize__C)
                  00006b14    00000004     app_pem4f.oem4f (.const:xdc_runtime_SysMin_outputFunc__C)
                  00006b18    00000004     app_pem4f.oem4f (.const:xdc_runtime_System_Module__gateObj__C)
                  00006b1c    00000004     app_pem4f.oem4f (.const:xdc_runtime_System_extendFxn__C)
                  00006b20    00000004     app_pem4f.oem4f (.const:xdc_runtime_System_maxAtexitHandlers__C)
                  00006b24    00000004     app_pem4f.oem4f (.const:xdc_runtime_Text_charTab__C)
                  00006b28    00000004     app_pem4f.oem4f (.const:xdc_runtime_Text_nameEmpty__C)
                  00006b2c    00000004     app_pem4f.oem4f (.const:xdc_runtime_Text_nameStatic__C)
                  00006b30    00000004     app_pem4f.oem4f (.const:xdc_runtime_Text_nameUnknown__C)
                  00006b34    00000004     app_pem4f.oem4f (.const:xdc_runtime_Text_visitRopeFxn__C)
                  00006b38    00000002     app_pem4f.oem4f (.const:ti_catalog_arm_cortexm4_tiva_ce_Boot_Module__id__C)
                  00006b3a    00000002     --HOLE-- [fill = 0]
                  00006b3c    00000002     app_pem4f.oem4f (.const:ti_sysbios_family_arm_lm4_TimestampProvider_useClockTimer__C)
                  00006b3e    00000002     --HOLE-- [fill = 0]
                  00006b40    00000002     app_pem4f.oem4f (.const:ti_sysbios_family_arm_m3_Hwi_Module__id__C)
                  00006b42    00000002     --HOLE-- [fill = 0]
                  00006b44    00000002     app_pem4f.oem4f (.const:ti_sysbios_hal_Hwi_Module__id__C)
                  00006b46    00000002     --HOLE-- [fill = 0]
                  00006b48    00000002     app_pem4f.oem4f (.const:ti_sysbios_knl_Semaphore_Module__id__C)
                  00006b4a    00000002     --HOLE-- [fill = 0]
                  00006b4c    00000002     app_pem4f.oem4f (.const:ti_sysbios_knl_Task_Module__id__C)
                  00006b4e    00000002     --HOLE-- [fill = 0]
                  00006b50    00000002     app_pem4f.oem4f (.const:ti_sysbios_knl_Task_initStackFlag__C)
                  00006b52    00000002     --HOLE-- [fill = 0]
                  00006b54    00000002     app_pem4f.oem4f (.const:xdc_runtime_Core_Module__id__C)
                  00006b56    00000002     --HOLE-- [fill = 0]
                  00006b58    00000002     app_pem4f.oem4f (.const:xdc_runtime_Error_Module__loggerDefined__C)
                  00006b5a    00000002     --HOLE-- [fill = 0]
                  00006b5c    00000002     app_pem4f.oem4f (.const:xdc_runtime_Error_maxDepth__C)
                  00006b5e    00000002     --HOLE-- [fill = 0]
                  00006b60    00000002     app_pem4f.oem4f (.const:xdc_runtime_HeapMin_Module__id__C)
                  00006b62    00000002     --HOLE-- [fill = 0]
                  00006b64    00000002     app_pem4f.oem4f (.const:xdc_runtime_HeapMin_freeError__C)
                  00006b66    00000002     --HOLE-- [fill = 0]
                  00006b68    00000002     app_pem4f.oem4f (.const:xdc_runtime_LoggerBuf_Module__id__C)
                  00006b6a    00000002     --HOLE-- [fill = 0]
                  00006b6c    00000002     app_pem4f.oem4f (.const:xdc_runtime_LoggerBuf_filterByLevel__C)
                  00006b6e    00000002     --HOLE-- [fill = 0]
                  00006b70    00000002     app_pem4f.oem4f (.const:xdc_runtime_Memory_Module__id__C)
                  00006b72    00000002     --HOLE-- [fill = 0]
                  00006b74    00000002     app_pem4f.oem4f (.const:xdc_runtime_SysMin_flushAtExit__C)
                  00006b76    00000002     --HOLE-- [fill = 0]
                  00006b78    00000002     app_pem4f.oem4f (.const:xdc_runtime_Text_charCnt__C)
                  00006b7a    00000002     --HOLE-- [fill = 0]
                  00006b7c    00000002     app_pem4f.oem4f (.const:xdc_runtime_Text_isLoaded__C)
                  00006b7e    00000002     --HOLE-- [fill = 0]
                  00006b80    00000002     app_pem4f.oem4f (.const:xdc_runtime_Text_registryModsLastId__C)
                  00006b82    00000002     --HOLE-- [fill = 0]
                  00006b84    00000002     app_pem4f.oem4f (.const:xdc_runtime_Text_unnamedModsLastId__C)
                  00006b86    00000002     --HOLE-- [fill = 0]
                  00006b88    00000001     app_pem4f.oem4f (.const:xdc_runtime_Error_policy__C)

.cinit     0    00006b90    000007e8     
                  00006b90    000007ad     (.cinit..data.load) [load image, compression = rle]
                  0000733d    00000003     --HOLE-- [fill = 0]
                  00007340    0000000c     (__TI_handler_table)
                  0000734c    00000004     --HOLE-- [fill = 0]
                  00007350    00000008     (.cinit..bss.load) [load image, compression = zero_init]
                  00007358    00000008     (.cinit..vecs.load) [load image, compression = zero_init]
                  00007360    00000018     (__TI_cinit_table)

.vecs      0    20000000    00000360     UNINITIALIZED
                  20000000    00000360     app_pem4f.oem4f (.vecs)

.bss       0    20000360    00001a7c     UNINITIALIZED
                  20000360    00001400     app_pem4f.oem4f (.bss:taskStackSection)
                  20001760    00000400     st7565.obj (.bss:glcd_buffer)
                  20001b60    00000120     rtsv7M4_T_le_v4SPD16_eabi.lib : trgmsg.obj (.bss:__CIOBUF_)
                  20001c80    00000080     app_pem4f.oem4f (.bss:xdc_runtime_LoggerBuf_Instance_State_0_entryArr__A)
                  20001d00    00000080     app_pem4f.oem4f (.bss:xdc_runtime_SysMin_Module_State_0_outbuf__A)
                  20001d80    00000038     app_pem4f.oem4f (.bss)
                  20001db8    0000000f     Ps2Keyboard.obj (.bss)
                  20001dc7    0000000c     Graphics_Bmp.obj (.bss)
                  20001dd3    00000008     rtsv7M4_T_le_v4SPD16_eabi.lib : trgdrv.obj (.bss)
                  20001ddb    00000001     st7565.obj (.bss)

.data      0    20001ddc    00000e17     
                  20001ddc    000003e8     Items.obj (.data:ItemBlock1)
                  200021c4    00000360     app_pem4f.oem4f (.data:ti_sysbios_family_arm_m3_Hwi_Module_State_0_dispatchTable__A)
                  20002524    0000017c     app_pem4f.oem4f (.data:ti_sysbios_knl_Task_Object__table__V)
                  200026a0    00000170     app_pem4f.oem4f (.data)
                  20002810    00000080     app_pem4f.oem4f (.data:ti_sysbios_knl_Swi_Module_State_0_readyQ__A)
                  20002890    00000080     app_pem4f.oem4f (.data:ti_sysbios_knl_Task_Module_State_0_readyQ__A)
                  20002910    00000078     app_pem4f.oem4f (.data:ti_sysbios_family_arm_m3_Hwi_Object__table__V)
                  20002988    00000070     app_pem4f.oem4f (.data:ti_sysbios_family_arm_lm4_Timer_Object__table__V)
                  200029f8    00000054     app_pem4f.oem4f (.data:ti_sysbios_family_arm_m3_Hwi_Module__state__V)
                  20002a4c    00000044     app_pem4f.oem4f (.data:ti_sysbios_knl_Task_Module__state__V)
                  20002a90    00000032     Items.obj (.data:ItemLookUp)
                  20002ac2    00000002     --HOLE--
                  20002ac4    00000030     app_pem4f.oem4f (.data:ti_sysbios_family_arm_lm4_Timer_Module_State_0_device__A)
                  20002af4    00000030     app_pem4f.oem4f (.data:ti_sysbios_knl_Swi_Object__table__V)
                  20002b24    00000028     app_pem4f.oem4f (.data:ti_sysbios_knl_Clock_Module__state__V)
                  20002b4c    00000028     app_pem4f.oem4f (.data:ti_sysbios_knl_Semaphore_Object__table__V)
                  20002b74    00000024     st7565.obj (.data)
                  20002b98    00000024     app_pem4f.oem4f (.data:xdc_runtime_LoggerBuf_Object__table__V)
                  20002bbc    0000000d     Ps2Keyboard.obj (.data)
                  20002bc9    00000003     --HOLE--
                  20002bcc    00000008     rtsv7M4_T_le_v4SPD16_eabi.lib : _lock.obj (.data)
                  20002bd4    00000008                                   : exit.obj (.data)
                  20002bdc    00000006     buttons.obj (.data)
                  20002be2    00000002     --HOLE--
                  20002be4    00000004     rtsv7M4_T_le_v4SPD16_eabi.lib : dtor_list.obj (.data)
                  20002be8    00000004                                   : stkdepth_vars.obj (.data)
                  20002bec    00000003     Clock.obj (.data)
                  20002bef    00000001     --HOLE--
                  20002bf0    00000003     main.obj (.data)

.stack     0    20002bf4    00000400     UNINITIALIZED
                  20002bf4    00000400     --HOLE--


LINKER GENERATED COPY TABLES

__TI_cinit_table @ 00007360 records: 3, size/record: 8, table size: 24
	.data: load addr=00006b90, load size=000007ad bytes, run addr=20001ddc, run size=00000e17 bytes, compression=rle
	.bss: load addr=00007350, load size=00000008 bytes, run addr=20000360, run size=00001a7c bytes, compression=zero_init
	.vecs: load addr=00007358, load size=00000008 bytes, run addr=20000000, run size=00000360 bytes, compression=zero_init


LINKER GENERATED HANDLER TABLE

__TI_handler_table @ 00007340 records: 3, size/record: 4, table size: 12
	index: 0, handler: __TI_zero_init
	index: 1, handler: __TI_decompress_rle24
	index: 2, handler: __TI_decompress_none


GLOBAL SYMBOLS: SORTED ALPHABETICALLY BY Name 

address    name
--------   ----
00006854   ButTask
00002411   ButtonISR
00002517   ButtonTask
000024c9   ButtonsInit
0000241f   ButtonsPoll
000007c1   Byte_Reverse
000051e1   C$$EXIT
000049a3   C$$IO$$
00006858   Clock
000039e1   ClockInit
20002bc0   Data
00006868   DataSem
00000445   Decode
00000361   FSSIntHandler
000057a9   GPIODirModeSet
00004f7d   GPIOIntTypeSet
00003b8d   GPIOPadConfigSet
00004e15   GPIOPinConfigure
00006169   GPIOPinIntClear
0000604d   GPIOPinIntEnable
000060e9   GPIOPinRead
00005e75   GPIOPinTypeGPIOInput
00005e87   GPIOPinTypeGPIOOutput
00005e99   GPIOPinTypeSSI
000060f3   GPIOPinWrite
000006f9   GetKey
00001a1d   GlcdDispTime
00001dd7   HOSTclock
00001d9d   HOSTclose
00001d5f   HOSTgetenv
00001d03   HOSTlseek
00001cb3   HOSTopen
00001c65   HOSTread
00001c05   HOSTrename
00001bc9   HOSTtime
00001b8f   HOSTunlink
00001b41   HOSTwrite
00004915   IntEnable
20001ddc   ItemBlock1
20002a90   ItemLookUp
20001dbc   KeyBuf
20002bc4   KeyBuffer
20001dc0   KeyIn
20001dc1   KeyOut
00000749   KeyPend
20001dc2   KeyRead
00000839   KeyScan
0000685c   KeySem
00000789   KeyTask
00000403   KeyboardInit
00006864   KeyboardTask
20002bf2   LastState
00005b79   LoggerBuf_instanceStartup
000061f4   MyFont
000006b5   PutKeyBuf
UNDEFED    SHT$$INIT_ARRAY$$Base
UNDEFED    SHT$$INIT_ARRAY$$Limit
00006139   SSIBusy
00004fc1   SSIConfigSetExpClk
000060fd   SSIDataPut
00006107   SSIEnable
20002bf0   StateInfo
00002239   SysCtlClockGet
00004cc5   SysCtlPeripheralEnable
20002654   TSK_idle
00003a71   TimeGet
20002bdc   TimeOfDay
00003a87   TimeSet
00003a21   Timer0IntHandler
0000593d   TimerConfigure
00006009   TimerEnable
0000619f   TimerIntClear
00006141   TimerIntEnable
00005eab   TimerLoadSet
00006850   UI
000008ab   UiTask
00000000   __ASM__
20001b60   __CIOBUF_
00000052   __ISA__
00000065   __PLAT__
20002ff4   __STACK_END
00000400   __STACK_SIZE
20002df4   __STACK_TOP
0000008b   __TARG__
00007360   __TI_CINIT_Base
00007378   __TI_CINIT_Limit
00007340   __TI_Handler_Table_Base
0000734c   __TI_Handler_Table_Limit
00000001   __TI_args_main
00003fbd   __TI_auto_init
00006017   __TI_decompress_none
00006175   __TI_decompress_rle24
00000000   __TI_static_base__
00005ebd   __TI_zero_init
000000b1   __TRDR__
000036a7   __aeabi_atexit
00004681   __aeabi_memclr
00004681   __aeabi_memclr4
00004681   __aeabi_memclr8
0000405d   __aeabi_memcpy
0000405d   __aeabi_memcpy4
0000405d   __aeabi_memcpy8
00004683   __aeabi_memset
00004683   __aeabi_memset4
00004683   __aeabi_memset8
ffffffff   __binit__
ffffffff   __c_args__
00003695   __cxa_atexit
00003651   __cxa_finalize
0000368f   __cxa_ia64_exit
20002bf4   __stack
0000616f   __xdc__init
2000280c   __xdc__init__addr
00005ccd   _args_main
00004c6d   _c_int00
20002bd4   _cleanup_ptr
20002bd8   _dtors_ptr
20002bcc   _lock
00005de3   _nop
00005ddb   _register_lock
00005dd5   _register_unlock
20002bd0   _unlock
000051e5   abort
00003699   atexit
ffffffff   binit
20002bc5   bitcount
20001dc3   clkstat
00005005   copy_in
20001dc6   data
20001dc4   datstat
000018e1   draw_char_bmp
0000182d   draw_text_bmp
000051ed   exit
00005cb5   free
00001183   glcd_blank
20001760   glcd_buffer
00001391   glcd_command
0000148b   glcd_contrast
00001351   glcd_data
20001ddb   glcd_dirty_pages
000013d1   glcd_flip_screen
20002b74   glcd_flipped
0000127d   glcd_init
00001405   glcd_inverse_screen
000010cd   glcd_pixel
000011fd   glcd_refresh
00001425   glcd_test_card
0000684c   hwi0
00006860   hwi2
00000c51   main
20002be8   main_func_sp
000057d7   malloc
0000405d   memcpy
00004689   memset
20002b78   pagemap
20001dc5   paritystat
000049a7   readmsg
00006484   shifted
00005f37   strcpy
00005de9   strlen
00000881   taskFxn
20002bbc   temp_count
20001db8   temp_count_string
00006848   testTask
000069d8   ti_catalog_arm_cortexm4_tiva_ce_Boot_A_mustUseEnhancedClockMode__C
000069dc   ti_catalog_arm_cortexm4_tiva_ce_Boot_Module__diagsEnabled__C
000069e0   ti_catalog_arm_cortexm4_tiva_ce_Boot_Module__diagsIncluded__C
000069e4   ti_catalog_arm_cortexm4_tiva_ce_Boot_Module__diagsMask__C
00006b38   ti_catalog_arm_cortexm4_tiva_ce_Boot_Module__id__C
00006041   ti_catalog_arm_cortexm4_tiva_ce_Boot_init__I
00002c8d   ti_catalog_arm_cortexm4_tiva_ce_Boot_sysCtlClockSetI__I
00004195   ti_catalog_arm_cortexm4_tiva_ce_Boot_sysCtlClockSet__E
0000617b   ti_catalog_arm_cortexm4_tiva_ce_Boot_sysCtlDelayI__I
200026a0   ti_sysbios_BIOS_Module__state__V
000055f9   ti_sysbios_BIOS_errorRaiseHook__I
00005629   ti_sysbios_BIOS_exitFunc__I
000069e8   ti_sysbios_BIOS_installedErrorHook__C
00004193   ti_sysbios_BIOS_nullFunc__I
00005ab9   ti_sysbios_BIOS_removeRTSLock__I
00005f49   ti_sysbios_BIOS_setThreadType__E
00005ad9   ti_sysbios_BIOS_startFunc__I
00005f59   ti_sysbios_BIOS_start__E
20002ac4   ti_sysbios_family_arm_lm4_Timer_Module_State_0_device__A
200026c8   ti_sysbios_family_arm_lm4_Timer_Module_State_0_handles__A
200026c0   ti_sysbios_family_arm_lm4_Timer_Module__root__V
00005ce5   ti_sysbios_family_arm_lm4_Timer_Module__startupDone__F
00005ce5   ti_sysbios_family_arm_lm4_Timer_Module__startupDone__S
200026e0   ti_sysbios_family_arm_lm4_Timer_Module__state__V
00004b59   ti_sysbios_family_arm_lm4_Timer_Module_startup__E
00004b59   ti_sysbios_family_arm_lm4_Timer_Module_startup__F
20002988   ti_sysbios_family_arm_lm4_Timer_Object__table__V
00005659   ti_sysbios_family_arm_lm4_Timer_enableTimers__I
000061a3   ti_sysbios_family_arm_lm4_Timer_getPeriod__E
0000314d   ti_sysbios_family_arm_lm4_Timer_initDevice__I
00005049   ti_sysbios_family_arm_lm4_Timer_isrStub__E
00006065   ti_sysbios_family_arm_lm4_Timer_masterDisable__I
000061a7   ti_sysbios_family_arm_lm4_Timer_masterEnable__I
000069ec   ti_sysbios_family_arm_lm4_Timer_numTimerDevices__C
00003365   ti_sysbios_family_arm_lm4_Timer_start__E
000069f0   ti_sysbios_family_arm_lm4_Timer_startupNeeded__C
00005221   ti_sysbios_family_arm_lm4_Timer_startup__E
00005689   ti_sysbios_family_arm_lm4_Timer_stop__E
00005bd9   ti_sysbios_family_arm_lm4_Timer_write__I
200026ec   ti_sysbios_family_arm_lm4_TimestampProvider_Module__state__V
00006181   ti_sysbios_family_arm_lm4_TimestampProvider_Module_startup__E
00006181   ti_sysbios_family_arm_lm4_TimestampProvider_Module_startup__F
00003025   ti_sysbios_family_arm_lm4_TimestampProvider_get64__E
00005f69   ti_sysbios_family_arm_lm4_TimestampProvider_rolloverFunc__E
00006071   ti_sysbios_family_arm_lm4_TimestampProvider_startTimer__E
00006b3c   ti_sysbios_family_arm_lm4_TimestampProvider_useClockTimer__C
000069f4   ti_sysbios_family_arm_m3_Hwi_E_NMI__C
000069f8   ti_sysbios_family_arm_m3_Hwi_E_busFault__C
000069fc   ti_sysbios_family_arm_m3_Hwi_E_debugMon__C
00006a00   ti_sysbios_family_arm_m3_Hwi_E_hardFault__C
00006a04   ti_sysbios_family_arm_m3_Hwi_E_memFault__C
00006a08   ti_sysbios_family_arm_m3_Hwi_E_noIsr__C
00006a0c   ti_sysbios_family_arm_m3_Hwi_E_reserved__C
00006a10   ti_sysbios_family_arm_m3_Hwi_E_svCall__C
00006a14   ti_sysbios_family_arm_m3_Hwi_E_usageFault__C
00005cfd   ti_sysbios_family_arm_m3_Hwi_Handle__label__S
200021c4   ti_sysbios_family_arm_m3_Hwi_Module_State_0_dispatchTable__A
200026fc   ti_sysbios_family_arm_m3_Hwi_Module_State_0_excActive__A
20002700   ti_sysbios_family_arm_m3_Hwi_Module_State_0_excContext__A
20002704   ti_sysbios_family_arm_m3_Hwi_Module_State_0_excStack__A
00006b40   ti_sysbios_family_arm_m3_Hwi_Module__id__C
200026f4   ti_sysbios_family_arm_m3_Hwi_Module__root__V
00005d15   ti_sysbios_family_arm_m3_Hwi_Module__startupDone__F
00005d15   ti_sysbios_family_arm_m3_Hwi_Module__startupDone__S
200029f8   ti_sysbios_family_arm_m3_Hwi_Module__state__V
00003f19   ti_sysbios_family_arm_m3_Hwi_Module_startup__E
00003f19   ti_sysbios_family_arm_m3_Hwi_Module_startup__F
00006a18   ti_sysbios_family_arm_m3_Hwi_NUM_INTERRUPTS__C
20002910   ti_sysbios_family_arm_m3_Hwi_Object__table__V
00006a1c   ti_sysbios_family_arm_m3_Hwi_ccr__C
0000508d   ti_sysbios_family_arm_m3_Hwi_disableInterrupt__E
000049d9   ti_sysbios_family_arm_m3_Hwi_dispatchC__I
00006a20   ti_sysbios_family_arm_m3_Hwi_dispatchTable__C
00002dc5   ti_sysbios_family_arm_m3_Hwi_dispatch__I
00006149   ti_sysbios_family_arm_m3_Hwi_doSwiRestore__I
00006187   ti_sysbios_family_arm_m3_Hwi_doTaskRestore__I
000050d1   ti_sysbios_family_arm_m3_Hwi_enableInterrupt__E
00002755   ti_sysbios_family_arm_m3_Hwi_excBusFault__I
00003dbd   ti_sysbios_family_arm_m3_Hwi_excDebugMon__I
00000ca9   ti_sysbios_family_arm_m3_Hwi_excDumpRegs__I
00002ed9   ti_sysbios_family_arm_m3_Hwi_excHandlerAsm__I
00006a24   ti_sysbios_family_arm_m3_Hwi_excHandlerFunc__C
0000205d   ti_sysbios_family_arm_m3_Hwi_excHandlerMax__I
00005f79   ti_sysbios_family_arm_m3_Hwi_excHandler__I
00003c55   ti_sysbios_family_arm_m3_Hwi_excHardFault__I
000069a0   ti_sysbios_family_arm_m3_Hwi_excHookFuncs__A
00006a28   ti_sysbios_family_arm_m3_Hwi_excHookFuncs__C
00002a11   ti_sysbios_family_arm_m3_Hwi_excMemFault__I
00005529   ti_sysbios_family_arm_m3_Hwi_excNmi__I
00005411   ti_sysbios_family_arm_m3_Hwi_excNoIsr__I
00004e5d   ti_sysbios_family_arm_m3_Hwi_excReserved__I
00005321   ti_sysbios_family_arm_m3_Hwi_excSvCall__I
000028bd   ti_sysbios_family_arm_m3_Hwi_excUsageFault__I
00005449   ti_sysbios_family_arm_m3_Hwi_getStackInfo__E
00003829   ti_sysbios_family_arm_m3_Hwi_initNVIC__E
00005965   ti_sysbios_family_arm_m3_Hwi_initStacks__E
e000e000   ti_sysbios_family_arm_m3_Hwi_nvic
00002e9b   ti_sysbios_family_arm_m3_Hwi_pendSV__I
00006a2c   ti_sysbios_family_arm_m3_Hwi_priGroup__C
000063ac   ti_sysbios_family_arm_m3_Hwi_priorities__A
00006a30   ti_sysbios_family_arm_m3_Hwi_priorities__C
20000000   ti_sysbios_family_arm_m3_Hwi_ramVectors
00000000   ti_sysbios_family_arm_m3_Hwi_resetVectors
00002ebf   ti_sysbios_family_arm_m3_Hwi_return
00006151   ti_sysbios_family_arm_m3_Hwi_startup__E
00005dfd   ti_sysbios_family_arm_m3_Hwi_switchFromBootStack__E
000061ab   ti_sysbios_family_arm_m3_TaskSupport_Module__startupDone__S
000043dd   ti_sysbios_family_arm_m3_TaskSupport_buildTaskStack
00006025   ti_sysbios_family_arm_m3_TaskSupport_checkStack__E
00005f17   ti_sysbios_family_arm_m3_TaskSupport_glue
00005481   ti_sysbios_family_arm_m3_TaskSupport_start__E
00005c9d   ti_sysbios_family_arm_m3_TaskSupport_swap__E
00005f27   ti_sysbios_family_xxx_Hwi_switchToIsrStack
00006059   ti_sysbios_family_xxx_Hwi_switchToTaskStack
00005d2d   ti_sysbios_gates_GateHwi_Handle__label__S
00004913   ti_sysbios_gates_GateHwi_Instance_init__F
0000686c   ti_sysbios_gates_GateHwi_Module__FXNS__C
20002708   ti_sysbios_gates_GateHwi_Module__root__V
000068b4   ti_sysbios_gates_GateHwi_Object__DESC__C
00006934   ti_sysbios_gates_GateHwi_Object__PARAMS__C
0000555d   ti_sysbios_gates_GateHwi_Object__create__S
00005af9   ti_sysbios_gates_GateHwi_Object__delete__S
20002710   ti_sysbios_gates_GateHwi_Object__table__V
0000607d   ti_sysbios_gates_GateHwi_enter__E
0000618d   ti_sysbios_gates_GateHwi_leave__E
000061af   ti_sysbios_gates_GateHwi_query__E
000061af   ti_sysbios_gates_GateHwi_query__F
20002714   ti_sysbios_gates_GateMutexPri_Module__root__V
00006a34   ti_sysbios_hal_Hwi_E_stackOverflow__C
000061b3   ti_sysbios_hal_Hwi_HwiProxy_Module__startupDone__S
0000508d   ti_sysbios_hal_Hwi_HwiProxy_disableInterrupt__E
000050d1   ti_sysbios_hal_Hwi_HwiProxy_enableInterrupt__E
00005449   ti_sysbios_hal_Hwi_HwiProxy_getStackInfo__E
00006151   ti_sysbios_hal_Hwi_HwiProxy_startup__E
00005dfd   ti_sysbios_hal_Hwi_HwiProxy_switchFromBootStack__E
00006b44   ti_sysbios_hal_Hwi_Module__id__C
2000271c   ti_sysbios_hal_Hwi_Module__root__V
00005ecf   ti_sysbios_hal_Hwi_Module_startup__E
00005ecf   ti_sysbios_hal_Hwi_Module_startup__F
20002724   ti_sysbios_hal_Hwi_Object__table__V
00005591   ti_sysbios_hal_Hwi_checkStack
0000508d   ti_sysbios_hal_Hwi_disableInterrupt__E
000050d1   ti_sysbios_hal_Hwi_enableInterrupt__E
00005449   ti_sysbios_hal_Hwi_getStackInfo__E
00005833   ti_sysbios_hal_Hwi_initStack
00006151   ti_sysbios_hal_Hwi_startup__E
00005dfd   ti_sysbios_hal_Hwi_switchFromBootStack__E
2000273c   ti_sysbios_hal_Timer_Module__root__V
00005d45   ti_sysbios_hal_Timer_Module__startupDone__F
00005d45   ti_sysbios_hal_Timer_Module__startupDone__S
00005ee1   ti_sysbios_hal_Timer_Module_startup__E
00005ee1   ti_sysbios_hal_Timer_Module_startup__F
20002744   ti_sysbios_hal_Timer_Object__table__V
000061b7   ti_sysbios_hal_Timer_TimerProxy_Module__startupDone__S
000061bb   ti_sysbios_hal_Timer_TimerProxy_getPeriod__E
00005221   ti_sysbios_hal_Timer_TimerProxy_startup__E
00005221   ti_sysbios_hal_Timer_startup__E
00006a38   ti_sysbios_knl_Clock_Module_State_clockQ__O
2000274c   ti_sysbios_knl_Clock_Module__root__V
20002b24   ti_sysbios_knl_Clock_Module__state__V
00005a05   ti_sysbios_knl_Clock_Module_startup__E
00005a05   ti_sysbios_knl_Clock_Module_startup__F
0000598d   ti_sysbios_knl_Clock_addI__E
00005861   ti_sysbios_knl_Clock_doTick__I
00004b57   ti_sysbios_knl_Clock_logTick__E
00004769   ti_sysbios_knl_Clock_workFunc__E
00006a3c   ti_sysbios_knl_Idle_coreList__A
000069a8   ti_sysbios_knl_Idle_coreList__C
00006a40   ti_sysbios_knl_Idle_funcList__A
000069b0   ti_sysbios_knl_Idle_funcList__C
00006159   ti_sysbios_knl_Idle_loop__E
000056b9   ti_sysbios_knl_Idle_run__E
20002754   ti_sysbios_knl_Queue_Module__root__V
00006089   ti_sysbios_knl_Queue_Object__get__S
00006033   ti_sysbios_knl_Queue_empty__E
00005bf7   ti_sysbios_knl_Queue_put__E
00006a44   ti_sysbios_knl_Semaphore_A_badContext__C
00006a48   ti_sysbios_knl_Semaphore_A_overflow__C
00006a4c   ti_sysbios_knl_Semaphore_A_pendTaskDisabled__C
00006a50   ti_sysbios_knl_Semaphore_Instance_State_pendQ__O
00006a54   ti_sysbios_knl_Semaphore_Module__diagsEnabled__C
00006a58   ti_sysbios_knl_Semaphore_Module__diagsIncluded__C
00006a5c   ti_sysbios_knl_Semaphore_Module__diagsMask__C
00006b48   ti_sysbios_knl_Semaphore_Module__id__C
2000275c   ti_sysbios_knl_Semaphore_Module__root__V
20002b4c   ti_sysbios_knl_Semaphore_Object__table__V
00005261   ti_sysbios_knl_Semaphore_pendTimeout__I
00001e25   ti_sysbios_knl_Semaphore_pend__E
0000373d   ti_sysbios_knl_Semaphore_post__E
00005d5d   ti_sysbios_knl_Swi_Handle__label__S
20002810   ti_sysbios_knl_Swi_Module_State_0_readyQ__A
20002764   ti_sysbios_knl_Swi_Module__root__V
2000276c   ti_sysbios_knl_Swi_Module__state__V
00005a29   ti_sysbios_knl_Swi_Module_startup__E
00005a29   ti_sysbios_knl_Swi_Module_startup__F
00006a60   ti_sysbios_knl_Swi_Object__count__C
00005e11   ti_sysbios_knl_Swi_Object__get__S
20002af4   ti_sysbios_knl_Swi_Object__table__V
00005f89   ti_sysbios_knl_Swi_disable__E
00005115   ti_sysbios_knl_Swi_post__E
00004bb5   ti_sysbios_knl_Swi_restoreHwi__E
0000535d   ti_sysbios_knl_Swi_restore__E
00004a39   ti_sysbios_knl_Swi_run__I
00003e6d   ti_sysbios_knl_Swi_schedule__I
00006193   ti_sysbios_knl_Swi_startup__E
00006a64   ti_sysbios_knl_Task_A_badTimeout__C
00006a68   ti_sysbios_knl_Task_A_sleepTaskDisabled__C
00006a6c   ti_sysbios_knl_Task_E_spOutOfBounds__C
00006a70   ti_sysbios_knl_Task_E_stackOverflow__C
00005d75   ti_sysbios_knl_Task_Handle__label__S
20001d80   ti_sysbios_knl_Task_Instance_State_0_hookEnv__A
20000360   ti_sysbios_knl_Task_Instance_State_0_stack__A
20001d84   ti_sysbios_knl_Task_Instance_State_1_hookEnv__A
20000760   ti_sysbios_knl_Task_Instance_State_1_stack__A
20001d88   ti_sysbios_knl_Task_Instance_State_2_hookEnv__A
20000b60   ti_sysbios_knl_Task_Instance_State_2_stack__A
20001d8c   ti_sysbios_knl_Task_Instance_State_3_hookEnv__A
20000f60   ti_sysbios_knl_Task_Instance_State_3_stack__A
20001d90   ti_sysbios_knl_Task_Instance_State_4_hookEnv__A
20001360   ti_sysbios_knl_Task_Instance_State_4_stack__A
20002790   ti_sysbios_knl_Task_Module_State_0_idleTask__A
20002890   ti_sysbios_knl_Task_Module_State_0_readyQ__A
00006a74   ti_sysbios_knl_Task_Module_State_inactiveQ__O
00006a78   ti_sysbios_knl_Task_Module__diagsEnabled__C
00006a7c   ti_sysbios_knl_Task_Module__diagsIncluded__C
00006a80   ti_sysbios_knl_Task_Module__diagsMask__C
00006b4c   ti_sysbios_knl_Task_Module__id__C
20002788   ti_sysbios_knl_Task_Module__root__V
20002a4c   ti_sysbios_knl_Task_Module__state__V
0000457d   ti_sysbios_knl_Task_Module_startup__E
0000457d   ti_sysbios_knl_Task_Module_startup__F
00006a84   ti_sysbios_knl_Task_Object__count__C
00005f99   ti_sysbios_knl_Task_Object__get__S
20002524   ti_sysbios_knl_Task_Object__table__V
000061bf   ti_sysbios_knl_Task_SupportProxy_Module__startupDone__S
00006025   ti_sysbios_knl_Task_SupportProxy_checkStack__E
00005481   ti_sysbios_knl_Task_SupportProxy_start__E
00005c9d   ti_sysbios_knl_Task_SupportProxy_swap__E
00006a88   ti_sysbios_knl_Task_allBlockedFunc__C
00004ea5   ti_sysbios_knl_Task_allBlockedFunction__I
00003d09   ti_sysbios_knl_Task_checkStacks__E
00005fa9   ti_sysbios_knl_Task_disable__E
00005b19   ti_sysbios_knl_Task_enter__I
000042bd   ti_sysbios_knl_Task_exit__E
0000694c   ti_sysbios_knl_Task_hooks__A
000069b8   ti_sysbios_knl_Task_hooks__C
00006b50   ti_sysbios_knl_Task_initStackFlag__C
00006a8c   ti_sysbios_knl_Task_numConstructedTasks__C
00003905   ti_sysbios_knl_Task_postInit__I
000052a1   ti_sysbios_knl_Task_processVitalTaskFlag__I
00005a4d   ti_sysbios_knl_Task_restoreHwi__E
0000588d   ti_sysbios_knl_Task_restore__E
000044f5   ti_sysbios_knl_Task_schedule__I
00005805   ti_sysbios_knl_Task_sleepTimeout__I
000025c9   ti_sysbios_knl_Task_sleep__E
0000434d   ti_sysbios_knl_Task_startCore__E
000061c3   ti_sysbios_knl_Task_startup__E
00005ca9   ti_sysbios_knl_Task_swapReturn
00004d1d   ti_sysbios_knl_Task_unblockI__E
20001dc7   time_string
00006530   unshifted
00004979   writemsg
00006a90   xdc_runtime_Assert_E_assertFailed__C
00004eed   xdc_runtime_Assert_raise__I
00006a94   xdc_runtime_Core_A_initializedParams__C
00006a98   xdc_runtime_Core_Module__diagsEnabled__C
00006a9c   xdc_runtime_Core_Module__diagsIncluded__C
00006aa0   xdc_runtime_Core_Module__diagsMask__C
00006b54   xdc_runtime_Core_Module__id__C
000056e9   xdc_runtime_Core_assignLabel__I
00004f35   xdc_runtime_Core_assignParams__I
00003261   xdc_runtime_Core_createObject__I
000048ad   xdc_runtime_Core_deleteObject__I
00006aa4   xdc_runtime_Error_E_memory__C
00006aa8   xdc_runtime_Error_Module__diagsEnabled__C
00006aac   xdc_runtime_Error_Module__diagsIncluded__C
00006ab0   xdc_runtime_Error_Module__diagsMask__C
00006b58   xdc_runtime_Error_Module__loggerDefined__C
00006ab4   xdc_runtime_Error_Module__loggerFxn8__C
00006ab8   xdc_runtime_Error_Module__loggerObj__C
20002794   xdc_runtime_Error_Module__state__V
00005c15   xdc_runtime_Error_check__E
00005c15   xdc_runtime_Error_check__F
000061c7   xdc_runtime_Error_getSite__E
000061c7   xdc_runtime_Error_getSite__F
00006095   xdc_runtime_Error_init__E
00006095   xdc_runtime_Error_init__F
00006b5c   xdc_runtime_Error_maxDepth__C
00006b88   xdc_runtime_Error_policy__C
000047d5   xdc_runtime_Error_print__E
000047d5   xdc_runtime_Error_print__F
00006abc   xdc_runtime_Error_raiseHook__C
00002b51   xdc_runtime_Error_raiseX__E
00002b51   xdc_runtime_Error_raiseX__F
20002798   xdc_runtime_GateNull_Module__root__V
000060a1   xdc_runtime_Gate_enterSystem__E
000060a1   xdc_runtime_Gate_enterSystem__F
00005fb9   xdc_runtime_Gate_leaveSystem__E
00005fb9   xdc_runtime_Gate_leaveSystem__F
00006ac0   xdc_runtime_HeapMin_A_zeroSize__C
00006ac4   xdc_runtime_HeapMin_E_freeError__C
00005d8d   xdc_runtime_HeapMin_Handle__label__S
20001d98   xdc_runtime_HeapMin_Instance_State_0_buf__A
00004469   xdc_runtime_HeapMin_Instance_init__F
00006820   xdc_runtime_HeapMin_Module__FXNS__C
00006ac8   xdc_runtime_HeapMin_Module__diagsEnabled__C
00006acc   xdc_runtime_HeapMin_Module__diagsIncluded__C
00006ad0   xdc_runtime_HeapMin_Module__diagsMask__C
00006b60   xdc_runtime_HeapMin_Module__id__C
200027a0   xdc_runtime_HeapMin_Module__root__V
000068d4   xdc_runtime_HeapMin_Object__DESC__C
000068f4   xdc_runtime_HeapMin_Object__PARAMS__C
000055c5   xdc_runtime_HeapMin_Object__create__S
00005b39   xdc_runtime_HeapMin_Object__delete__S
200027a8   xdc_runtime_HeapMin_Object__table__V
00005399   xdc_runtime_HeapMin_alloc__E
00005399   xdc_runtime_HeapMin_alloc__F
00006b64   xdc_runtime_HeapMin_freeError__C
00005719   xdc_runtime_HeapMin_free__E
00005719   xdc_runtime_HeapMin_free__F
000060ad   xdc_runtime_HeapMin_getStats__E
000060ad   xdc_runtime_HeapMin_getStats__F
000061cb   xdc_runtime_HeapMin_isBlocking__E
000061cb   xdc_runtime_HeapMin_isBlocking__F
00006ad4   xdc_runtime_IFilterLogger_Interface__BASE__C
00006ad8   xdc_runtime_IGateProvider_Interface__BASE__C
00006adc   xdc_runtime_IHeap_Interface__BASE__C
00006ae0   xdc_runtime_ILogger_Interface__BASE__C
00006ae4   xdc_runtime_IModule_Interface__BASE__C
00006ae8   xdc_runtime_Log_L_error__C
00006aec   xdc_runtime_LoggerBuf_E_badLevel__C
00005da5   xdc_runtime_LoggerBuf_Handle__label__S
20001c80   xdc_runtime_LoggerBuf_Instance_State_0_entryArr__A
00005e25   xdc_runtime_LoggerBuf_Instance_finalize__F
000054b9   xdc_runtime_LoggerBuf_Instance_init__F
000061cf   xdc_runtime_LoggerBuf_Module_GateProxy_enter__E
000061d3   xdc_runtime_LoggerBuf_Module_GateProxy_leave__E
000061af   xdc_runtime_LoggerBuf_Module_GateProxy_query__E
000067b8   xdc_runtime_LoggerBuf_Module__FXNS__C
00006af0   xdc_runtime_LoggerBuf_Module__gateObj__C
00006b68   xdc_runtime_LoggerBuf_Module__id__C
200027b8   xdc_runtime_LoggerBuf_Module__root__V
200027c0   xdc_runtime_LoggerBuf_Module__state__V
000059b5   xdc_runtime_LoggerBuf_Module_startup__E
000059b5   xdc_runtime_LoggerBuf_Module_startup__F
00006914   xdc_runtime_LoggerBuf_Object__DESC__C
00006890   xdc_runtime_LoggerBuf_Object__PARAMS__C
00006af4   xdc_runtime_LoggerBuf_Object__count__C
00004a99   xdc_runtime_LoggerBuf_Object__create__S
00005b59   xdc_runtime_LoggerBuf_Object__delete__S
00005e39   xdc_runtime_LoggerBuf_Object__get__S
20002b98   xdc_runtime_LoggerBuf_Object__table__V
00003025   xdc_runtime_LoggerBuf_TimestampProxy_get64__E
00006125   xdc_runtime_LoggerBuf_disable__E
00006125   xdc_runtime_LoggerBuf_disable__F
0000612f   xdc_runtime_LoggerBuf_enable__E
0000612f   xdc_runtime_LoggerBuf_enable__F
00006b6c   xdc_runtime_LoggerBuf_filterByLevel__C
00005159   xdc_runtime_LoggerBuf_filterOutEvent__I
00004841   xdc_runtime_LoggerBuf_getFilterLevel__E
00004841   xdc_runtime_LoggerBuf_getFilterLevel__F
00005b79   xdc_runtime_LoggerBuf_reset__E
00005b79   xdc_runtime_LoggerBuf_reset__F
00004601   xdc_runtime_LoggerBuf_setFilterLevel__E
00004601   xdc_runtime_LoggerBuf_setFilterLevel__F
00006af8   xdc_runtime_LoggerBuf_statusLogger__C
00005fc9   xdc_runtime_LoggerBuf_write0__E
00005fc9   xdc_runtime_LoggerBuf_write0__F
00005ef3   xdc_runtime_LoggerBuf_write1__E
00005ef3   xdc_runtime_LoggerBuf_write1__F
00005e4d   xdc_runtime_LoggerBuf_write2__E
00005e4d   xdc_runtime_LoggerBuf_write2__F
00003ab9   xdc_runtime_LoggerBuf_write4__E
00003ab9   xdc_runtime_LoggerBuf_write4__F
00002ef9   xdc_runtime_LoggerBuf_write8__E
00002ef9   xdc_runtime_LoggerBuf_write8__F
000061af   xdc_runtime_Main_Module_GateProxy_query__E
000061d7   xdc_runtime_Memory_HeapProxy_alloc__E
000061db   xdc_runtime_Memory_HeapProxy_free__E
00006b70   xdc_runtime_Memory_Module__id__C
200027c8   xdc_runtime_Memory_Module__state__V
000046f9   xdc_runtime_Memory_alloc__E
000046f9   xdc_runtime_Memory_alloc__F
000060b9   xdc_runtime_Memory_calloc__E
000060b9   xdc_runtime_Memory_calloc__F
00006afc   xdc_runtime_Memory_defaultHeapInstance__C
00005fd9   xdc_runtime_Memory_free__E
00005fd9   xdc_runtime_Memory_free__F
000060c5   xdc_runtime_Memory_getMaxDefaultTypeAlign__E
000060c5   xdc_runtime_Memory_getMaxDefaultTypeAlign__F
00005c31   xdc_runtime_Memory_valloc__E
00005c31   xdc_runtime_Memory_valloc__F
200027cc   xdc_runtime_Registry_Module__state__V
00005b99   xdc_runtime_Registry_findById__E
00005b99   xdc_runtime_Registry_findById__F
200027d4   xdc_runtime_Startup_Module__state__V
00000001   xdc_runtime_Startup__EXECFXN__C
00000001   xdc_runtime_Startup__RESETFXN__C
00006b00   xdc_runtime_Startup_execImpl__C
00004d75   xdc_runtime_Startup_exec__E
00004d75   xdc_runtime_Startup_exec__F
00005f05   xdc_runtime_Startup_exec__I
00006990   xdc_runtime_Startup_firstFxns__A
000069c0   xdc_runtime_Startup_firstFxns__C
000069c8   xdc_runtime_Startup_lastFxns__A
000069d0   xdc_runtime_Startup_lastFxns__C
00006b04   xdc_runtime_Startup_maxPasses__C
0000585f   xdc_runtime_Startup_reset__I
00006964   xdc_runtime_Startup_sfxnRts__A
00006b08   xdc_runtime_Startup_sfxnRts__C
000067f4   xdc_runtime_Startup_sfxnTab__A
00006b0c   xdc_runtime_Startup_sfxnTab__C
00003461   xdc_runtime_Startup_startMods__I
20001d00   xdc_runtime_SysMin_Module_State_0_outbuf__A
200027dc   xdc_runtime_SysMin_Module__state__V
00005bb9   xdc_runtime_SysMin_Module_startup__E
00005bb9   xdc_runtime_SysMin_Module_startup__F
00005749   xdc_runtime_SysMin_abort__E
00005749   xdc_runtime_SysMin_abort__F
00006b10   xdc_runtime_SysMin_bufSize__C
00005c4d   xdc_runtime_SysMin_exit__E
00005c4d   xdc_runtime_SysMin_exit__F
00006b74   xdc_runtime_SysMin_flushAtExit__C
0000519d   xdc_runtime_SysMin_flush__E
0000519d   xdc_runtime_SysMin_flush__F
00006b14   xdc_runtime_SysMin_outputFunc__C
00005a95   xdc_runtime_SysMin_output__I
000054f1   xdc_runtime_SysMin_putch__E
000054f1   xdc_runtime_SysMin_putch__F
00005fe9   xdc_runtime_SysMin_ready__E
00005fe9   xdc_runtime_SysMin_ready__F
000061df   xdc_runtime_System_Module_GateProxy_enter__E
000061e3   xdc_runtime_System_Module_GateProxy_leave__E
000061af   xdc_runtime_System_Module_GateProxy_query__E
200027e8   xdc_runtime_System_Module_State_0_atexitHandlers__A
00006b18   xdc_runtime_System_Module__gateObj__C
200027f8   xdc_runtime_System_Module__state__V
00006199   xdc_runtime_System_Module_startup__E
00006199   xdc_runtime_System_Module_startup__F
00005749   xdc_runtime_System_SupportProxy_abort__E
00005c4d   xdc_runtime_System_SupportProxy_exit__E
0000519d   xdc_runtime_System_SupportProxy_flush__E
000054f1   xdc_runtime_System_SupportProxy_putch__E
[...]
0000588d   ti_sysbios_knl_Task_restore__E
000058b9   xdc_runtime_System_rtsExit__I
000058e5   xdc_runtime_Text_cordText__E
000058e5   xdc_runtime_Text_cordText__F
00005911   xdc_runtime_System_putchar__I
0000593d   TimerConfigure
00005965   ti_sysbios_family_arm_m3_Hwi_initStacks__E
0000598d   ti_sysbios_knl_Clock_addI__E
000059b5   xdc_runtime_LoggerBuf_Module_startup__E
000059b5   xdc_runtime_LoggerBuf_Module_startup__F
000059dd   xdc_runtime_System_avprintf__F
00005a05   ti_sysbios_knl_Clock_Module_startup__E
00005a05   ti_sysbios_knl_Clock_Module_startup__F
00005a29   ti_sysbios_knl_Swi_Module_startup__E
00005a29   ti_sysbios_knl_Swi_Module_startup__F
00005a4d   ti_sysbios_knl_Task_restoreHwi__E
00005a71   xdc_runtime_System_vprintf__F
00005a95   xdc_runtime_SysMin_output__I
00005ab9   ti_sysbios_BIOS_removeRTSLock__I
00005ad9   ti_sysbios_BIOS_startFunc__I
00005af9   ti_sysbios_gates_GateHwi_Object__delete__S
00005b19   ti_sysbios_knl_Task_enter__I
00005b39   xdc_runtime_HeapMin_Object__delete__S
00005b59   xdc_runtime_LoggerBuf_Object__delete__S
00005b79   LoggerBuf_instanceStartup
00005b79   xdc_runtime_LoggerBuf_reset__E
00005b79   xdc_runtime_LoggerBuf_reset__F
00005b99   xdc_runtime_Registry_findById__E
00005b99   xdc_runtime_Registry_findById__F
00005bb9   xdc_runtime_SysMin_Module_startup__E
00005bb9   xdc_runtime_SysMin_Module_startup__F
00005bd9   ti_sysbios_family_arm_lm4_Timer_write__I
00005bf7   ti_sysbios_knl_Queue_put__E
00005c15   xdc_runtime_Error_check__E
00005c15   xdc_runtime_Error_check__F
00005c31   xdc_runtime_Memory_valloc__E
00005c31   xdc_runtime_Memory_valloc__F
00005c4d   xdc_runtime_SysMin_exit__E
00005c4d   xdc_runtime_SysMin_exit__F
00005c4d   xdc_runtime_System_SupportProxy_exit__E
00005c69   xdc_runtime_System_aprintf__E
00005c83   xdc_runtime_System_printf__E
00005c9d   ti_sysbios_family_arm_m3_TaskSupport_swap__E
00005c9d   ti_sysbios_knl_Task_SupportProxy_swap__E
00005ca9   ti_sysbios_knl_Task_swapReturn
00005cb5   free
00005ccd   _args_main
00005ce5   ti_sysbios_family_arm_lm4_Timer_Module__startupDone__F
00005ce5   ti_sysbios_family_arm_lm4_Timer_Module__startupDone__S
00005cfd   ti_sysbios_family_arm_m3_Hwi_Handle__label__S
00005d15   ti_sysbios_family_arm_m3_Hwi_Module__startupDone__F
00005d15   ti_sysbios_family_arm_m3_Hwi_Module__startupDone__S
00005d2d   ti_sysbios_gates_GateHwi_Handle__label__S
00005d45   ti_sysbios_hal_Timer_Module__startupDone__F
00005d45   ti_sysbios_hal_Timer_Module__startupDone__S
00005d5d   ti_sysbios_knl_Swi_Handle__label__S
00005d75   ti_sysbios_knl_Task_Handle__label__S
00005d8d   xdc_runtime_HeapMin_Handle__label__S
00005da5   xdc_runtime_LoggerBuf_Handle__label__S
00005dbd   xdc_runtime_Text_ropeText__E
00005dbd   xdc_runtime_Text_ropeText__F
00005dd5   _register_unlock
00005ddb   _register_lock
00005de3   _nop
00005de9   strlen
00005dfd   ti_sysbios_family_arm_m3_Hwi_switchFromBootStack__E
00005dfd   ti_sysbios_hal_Hwi_HwiProxy_switchFromBootStack__E
00005dfd   ti_sysbios_hal_Hwi_switchFromBootStack__E
00005e11   ti_sysbios_knl_Swi_Object__get__S
00005e25   xdc_runtime_LoggerBuf_Instance_finalize__F
00005e39   xdc_runtime_LoggerBuf_Object__get__S
00005e4d   xdc_runtime_LoggerBuf_write2__E
00005e4d   xdc_runtime_LoggerBuf_write2__F
00005e61   xdc_runtime_System_abort__E
00005e61   xdc_runtime_System_abort__F
00005e75   GPIOPinTypeGPIOInput
00005e87   GPIOPinTypeGPIOOutput
00005e99   GPIOPinTypeSSI
00005eab   TimerLoadSet
00005ebd   __TI_zero_init
00005ecf   ti_sysbios_hal_Hwi_Module_startup__E
00005ecf   ti_sysbios_hal_Hwi_Module_startup__F
00005ee1   ti_sysbios_hal_Timer_Module_startup__E
00005ee1   ti_sysbios_hal_Timer_Module_startup__F
00005ef3   xdc_runtime_LoggerBuf_write1__E
00005ef3   xdc_runtime_LoggerBuf_write1__F
00005f05   xdc_runtime_Startup_exec__I
00005f17   ti_sysbios_family_arm_m3_TaskSupport_glue
00005f27   ti_sysbios_family_xxx_Hwi_switchToIsrStack
00005f37   strcpy
00005f49   ti_sysbios_BIOS_setThreadType__E
00005f59   ti_sysbios_BIOS_start__E
00005f69   ti_sysbios_family_arm_lm4_TimestampProvider_rolloverFunc__E
00005f79   ti_sysbios_family_arm_m3_Hwi_excHandler__I
00005f89   ti_sysbios_knl_Swi_disable__E
00005f99   ti_sysbios_knl_Task_Object__get__S
00005fa9   ti_sysbios_knl_Task_disable__E
00005fb9   xdc_runtime_Gate_leaveSystem__E
00005fb9   xdc_runtime_Gate_leaveSystem__F
00005fc9   xdc_runtime_LoggerBuf_write0__E
00005fc9   xdc_runtime_LoggerBuf_write0__F
00005fd9   xdc_runtime_Memory_free__E
00005fd9   xdc_runtime_Memory_free__F
00005fe9   xdc_runtime_SysMin_ready__E
00005fe9   xdc_runtime_SysMin_ready__F
00005fe9   xdc_runtime_System_SupportProxy_ready__E
00005ff9   xdc_runtime_System_vsnprintf__F
00006009   TimerEnable
00006017   __TI_decompress_none
00006025   ti_sysbios_family_arm_m3_TaskSupport_checkStack__E
00006025   ti_sysbios_knl_Task_SupportProxy_checkStack__E
00006033   ti_sysbios_knl_Queue_empty__E
00006041   ti_catalog_arm_cortexm4_tiva_ce_Boot_init__I
0000604d   GPIOPinIntEnable
00006059   ti_sysbios_family_xxx_Hwi_switchToTaskStack
00006065   ti_sysbios_family_arm_lm4_Timer_masterDisable__I
00006071   ti_sysbios_family_arm_lm4_TimestampProvider_startTimer__E
0000607d   ti_sysbios_gates_GateHwi_enter__E
00006089   ti_sysbios_knl_Queue_Object__get__S
00006095   xdc_runtime_Error_init__E
00006095   xdc_runtime_Error_init__F
000060a1   xdc_runtime_Gate_enterSystem__E
000060a1   xdc_runtime_Gate_enterSystem__F
000060ad   xdc_runtime_HeapMin_getStats__E
000060ad   xdc_runtime_HeapMin_getStats__F
000060b9   xdc_runtime_Memory_calloc__E
000060b9   xdc_runtime_Memory_calloc__F
000060c5   xdc_runtime_Memory_getMaxDefaultTypeAlign__E
000060c5   xdc_runtime_Memory_getMaxDefaultTypeAlign__F
000060d1   xdc_runtime_System_exit__E
000060d1   xdc_runtime_System_exit__F
000060dd   xdc_runtime_System_lastFxn__I
000060e9   GPIOPinRead
000060f3   GPIOPinWrite
000060fd   SSIDataPut
00006107   SSIEnable
00006125   xdc_runtime_LoggerBuf_disable__E
00006125   xdc_runtime_LoggerBuf_disable__F
0000612f   xdc_runtime_LoggerBuf_enable__E
0000612f   xdc_runtime_LoggerBuf_enable__F
00006139   SSIBusy
00006141   TimerIntEnable
00006149   ti_sysbios_family_arm_m3_Hwi_doSwiRestore__I
00006151   ti_sysbios_family_arm_m3_Hwi_startup__E
00006151   ti_sysbios_hal_Hwi_HwiProxy_startup__E
00006151   ti_sysbios_hal_Hwi_startup__E
00006159   ti_sysbios_knl_Idle_loop__E
00006161   xdc_runtime_Text_visitRope__I
00006169   GPIOPinIntClear
0000616f   __xdc__init
00006175   __TI_decompress_rle24
0000617b   ti_catalog_arm_cortexm4_tiva_ce_Boot_sysCtlDelayI__I
00006181   ti_sysbios_family_arm_lm4_TimestampProvider_Module_startup__E
00006181   ti_sysbios_family_arm_lm4_TimestampProvider_Module_startup__F
00006187   ti_sysbios_family_arm_m3_Hwi_doTaskRestore__I
0000618d   ti_sysbios_gates_GateHwi_leave__E
00006193   ti_sysbios_knl_Swi_startup__E
00006199   xdc_runtime_System_Module_startup__E
00006199   xdc_runtime_System_Module_startup__F
0000619f   TimerIntClear
000061a3   ti_sysbios_family_arm_lm4_Timer_getPeriod__E
000061a7   ti_sysbios_family_arm_lm4_Timer_masterEnable__I
000061ab   ti_sysbios_family_arm_m3_TaskSupport_Module__startupDone__S
000061af   ti_sysbios_gates_GateHwi_query__E
000061af   ti_sysbios_gates_GateHwi_query__F
000061af   xdc_runtime_LoggerBuf_Module_GateProxy_query__E
000061af   xdc_runtime_Main_Module_GateProxy_query__E
000061af   xdc_runtime_System_Module_GateProxy_query__E
000061b3   ti_sysbios_hal_Hwi_HwiProxy_Module__startupDone__S
000061b7   ti_sysbios_hal_Timer_TimerProxy_Module__startupDone__S
000061bb   ti_sysbios_hal_Timer_TimerProxy_getPeriod__E
000061bf   ti_sysbios_knl_Task_SupportProxy_Module__startupDone__S
000061c3   ti_sysbios_knl_Task_startup__E
000061c7   xdc_runtime_Error_getSite__E
000061c7   xdc_runtime_Error_getSite__F
000061cb   xdc_runtime_HeapMin_isBlocking__E
000061cb   xdc_runtime_HeapMin_isBlocking__F
000061cf   xdc_runtime_LoggerBuf_Module_GateProxy_enter__E
000061d3   xdc_runtime_LoggerBuf_Module_GateProxy_leave__E
000061d7   xdc_runtime_Memory_HeapProxy_alloc__E
000061db   xdc_runtime_Memory_HeapProxy_free__E
000061df   xdc_runtime_System_Module_GateProxy_enter__E
000061e3   xdc_runtime_System_Module_GateProxy_leave__E
000061e7   xdc_runtime_System_aprintf_va__F
000061eb   xdc_runtime_System_printf_va__F
000061ef   xdc_runtime_System_vsnprintf__E
000061f4   MyFont
000063ac   ti_sysbios_family_arm_m3_Hwi_priorities__A
00006484   shifted
00006530   unshifted
000067b8   xdc_runtime_LoggerBuf_Module__FXNS__C
000067f4   xdc_runtime_Startup_sfxnTab__A
00006820   xdc_runtime_HeapMin_Module__FXNS__C
00006848   testTask
0000684c   hwi0
00006850   UI
00006854   ButTask
00006858   Clock
0000685c   KeySem
00006860   hwi2
00006864   KeyboardTask
00006868   DataSem
0000686c   ti_sysbios_gates_GateHwi_Module__FXNS__C
00006890   xdc_runtime_LoggerBuf_Object__PARAMS__C
000068b4   ti_sysbios_gates_GateHwi_Object__DESC__C
000068d4   xdc_runtime_HeapMin_Object__DESC__C
000068f4   xdc_runtime_HeapMin_Object__PARAMS__C
00006914   xdc_runtime_LoggerBuf_Object__DESC__C
00006934   ti_sysbios_gates_GateHwi_Object__PARAMS__C
0000694c   ti_sysbios_knl_Task_hooks__A
00006964   xdc_runtime_Startup_sfxnRts__A
00006990   xdc_runtime_Startup_firstFxns__A
000069a0   ti_sysbios_family_arm_m3_Hwi_excHookFuncs__A
000069a8   ti_sysbios_knl_Idle_coreList__C
000069b0   ti_sysbios_knl_Idle_funcList__C
000069b8   ti_sysbios_knl_Task_hooks__C
000069c0   xdc_runtime_Startup_firstFxns__C
000069c8   xdc_runtime_Startup_lastFxns__A
000069d0   xdc_runtime_Startup_lastFxns__C
000069d8   ti_catalog_arm_cortexm4_tiva_ce_Boot_A_mustUseEnhancedClockMode__C
000069dc   ti_catalog_arm_cortexm4_tiva_ce_Boot_Module__diagsEnabled__C
000069e0   ti_catalog_arm_cortexm4_tiva_ce_Boot_Module__diagsIncluded__C
000069e4   ti_catalog_arm_cortexm4_tiva_ce_Boot_Module__diagsMask__C
000069e8   ti_sysbios_BIOS_installedErrorHook__C
000069ec   ti_sysbios_family_arm_lm4_Timer_numTimerDevices__C
000069f0   ti_sysbios_family_arm_lm4_Timer_startupNeeded__C
000069f4   ti_sysbios_family_arm_m3_Hwi_E_NMI__C
000069f8   ti_sysbios_family_arm_m3_Hwi_E_busFault__C
000069fc   ti_sysbios_family_arm_m3_Hwi_E_debugMon__C
00006a00   ti_sysbios_family_arm_m3_Hwi_E_hardFault__C
00006a04   ti_sysbios_family_arm_m3_Hwi_E_memFault__C
00006a08   ti_sysbios_family_arm_m3_Hwi_E_noIsr__C
00006a0c   ti_sysbios_family_arm_m3_Hwi_E_reserved__C
00006a10   ti_sysbios_family_arm_m3_Hwi_E_svCall__C
00006a14   ti_sysbios_family_arm_m3_Hwi_E_usageFault__C
00006a18   ti_sysbios_family_arm_m3_Hwi_NUM_INTERRUPTS__C
00006a1c   ti_sysbios_family_arm_m3_Hwi_ccr__C
00006a20   ti_sysbios_family_arm_m3_Hwi_dispatchTable__C
00006a24   ti_sysbios_family_arm_m3_Hwi_excHandlerFunc__C
00006a28   ti_sysbios_family_arm_m3_Hwi_excHookFuncs__C
00006a2c   ti_sysbios_family_arm_m3_Hwi_priGroup__C
00006a30   ti_sysbios_family_arm_m3_Hwi_priorities__C
00006a34   ti_sysbios_hal_Hwi_E_stackOverflow__C
00006a38   ti_sysbios_knl_Clock_Module_State_clockQ__O
00006a3c   ti_sysbios_knl_Idle_coreList__A
00006a40   ti_sysbios_knl_Idle_funcList__A
00006a44   ti_sysbios_knl_Semaphore_A_badContext__C
00006a48   ti_sysbios_knl_Semaphore_A_overflow__C
00006a4c   ti_sysbios_knl_Semaphore_A_pendTaskDisabled__C
00006a50   ti_sysbios_knl_Semaphore_Instance_State_pendQ__O
00006a54   ti_sysbios_knl_Semaphore_Module__diagsEnabled__C
00006a58   ti_sysbios_knl_Semaphore_Module__diagsIncluded__C
00006a5c   ti_sysbios_knl_Semaphore_Module__diagsMask__C
00006a60   ti_sysbios_knl_Swi_Object__count__C
00006a64   ti_sysbios_knl_Task_A_badTimeout__C
00006a68   ti_sysbios_knl_Task_A_sleepTaskDisabled__C
00006a6c   ti_sysbios_knl_Task_E_spOutOfBounds__C
00006a70   ti_sysbios_knl_Task_E_stackOverflow__C
00006a74   ti_sysbios_knl_Task_Module_State_inactiveQ__O
00006a78   ti_sysbios_knl_Task_Module__diagsEnabled__C
00006a7c   ti_sysbios_knl_Task_Module__diagsIncluded__C
00006a80   ti_sysbios_knl_Task_Module__diagsMask__C
00006a84   ti_sysbios_knl_Task_Object__count__C
00006a88   ti_sysbios_knl_Task_allBlockedFunc__C
00006a8c   ti_sysbios_knl_Task_numConstructedTasks__C
00006a90   xdc_runtime_Assert_E_assertFailed__C
00006a94   xdc_runtime_Core_A_initializedParams__C
00006a98   xdc_runtime_Core_Module__diagsEnabled__C
00006a9c   xdc_runtime_Core_Module__diagsIncluded__C
00006aa0   xdc_runtime_Core_Module__diagsMask__C
00006aa4   xdc_runtime_Error_E_memory__C
00006aa8   xdc_runtime_Error_Module__diagsEnabled__C
00006aac   xdc_runtime_Error_Module__diagsIncluded__C
00006ab0   xdc_runtime_Error_Module__diagsMask__C
00006ab4   xdc_runtime_Error_Module__loggerFxn8__C
00006ab8   xdc_runtime_Error_Module__loggerObj__C
00006abc   xdc_runtime_Error_raiseHook__C
00006ac0   xdc_runtime_HeapMin_A_zeroSize__C
00006ac4   xdc_runtime_HeapMin_E_freeError__C
00006ac8   xdc_runtime_HeapMin_Module__diagsEnabled__C
00006acc   xdc_runtime_HeapMin_Module__diagsIncluded__C
00006ad0   xdc_runtime_HeapMin_Module__diagsMask__C
00006ad4   xdc_runtime_IFilterLogger_Interface__BASE__C
00006ad8   xdc_runtime_IGateProvider_Interface__BASE__C
00006adc   xdc_runtime_IHeap_Interface__BASE__C
00006ae0   xdc_runtime_ILogger_Interface__BASE__C
00006ae4   xdc_runtime_IModule_Interface__BASE__C
00006ae8   xdc_runtime_Log_L_error__C
00006aec   xdc_runtime_LoggerBuf_E_badLevel__C
00006af0   xdc_runtime_LoggerBuf_Module__gateObj__C
00006af4   xdc_runtime_LoggerBuf_Object__count__C
00006af8   xdc_runtime_LoggerBuf_statusLogger__C
00006afc   xdc_runtime_Memory_defaultHeapInstance__C
00006b00   xdc_runtime_Startup_execImpl__C
00006b04   xdc_runtime_Startup_maxPasses__C
00006b08   xdc_runtime_Startup_sfxnRts__C
00006b0c   xdc_runtime_Startup_sfxnTab__C
00006b10   xdc_runtime_SysMin_bufSize__C
00006b14   xdc_runtime_SysMin_outputFunc__C
00006b18   xdc_runtime_System_Module__gateObj__C
00006b1c   xdc_runtime_System_extendFxn__C
00006b20   xdc_runtime_System_maxAtexitHandlers__C
00006b24   xdc_runtime_Text_charTab__C
00006b28   xdc_runtime_Text_nameEmpty__C
00006b2c   xdc_runtime_Text_nameStatic__C
00006b30   xdc_runtime_Text_nameUnknown__C
00006b34   xdc_runtime_Text_visitRopeFxn__C
00006b38   ti_catalog_arm_cortexm4_tiva_ce_Boot_Module__id__C
00006b3c   ti_sysbios_family_arm_lm4_TimestampProvider_useClockTimer__C
00006b40   ti_sysbios_family_arm_m3_Hwi_Module__id__C
00006b44   ti_sysbios_hal_Hwi_Module__id__C
00006b48   ti_sysbios_knl_Semaphore_Module__id__C
00006b4c   ti_sysbios_knl_Task_Module__id__C
00006b50   ti_sysbios_knl_Task_initStackFlag__C
00006b54   xdc_runtime_Core_Module__id__C
00006b58   xdc_runtime_Error_Module__loggerDefined__C
00006b5c   xdc_runtime_Error_maxDepth__C
00006b60   xdc_runtime_HeapMin_Module__id__C
00006b64   xdc_runtime_HeapMin_freeError__C
00006b68   xdc_runtime_LoggerBuf_Module__id__C
00006b6c   xdc_runtime_LoggerBuf_filterByLevel__C
00006b70   xdc_runtime_Memory_Module__id__C
00006b74   xdc_runtime_SysMin_flushAtExit__C
00006b78   xdc_runtime_Text_charCnt__C
00006b7c   xdc_runtime_Text_isLoaded__C
00006b80   xdc_runtime_Text_registryModsLastId__C
00006b84   xdc_runtime_Text_unnamedModsLastId__C
00006b88   xdc_runtime_Error_policy__C
00007340   __TI_Handler_Table_Base
0000734c   __TI_Handler_Table_Limit
00007360   __TI_CINIT_Base
00007378   __TI_CINIT_Limit
20000000   ti_sysbios_family_arm_m3_Hwi_ramVectors
20000360   ti_sysbios_knl_Task_Instance_State_0_stack__A
20000760   ti_sysbios_knl_Task_Instance_State_1_stack__A
20000b60   ti_sysbios_knl_Task_Instance_State_2_stack__A
20000f60   ti_sysbios_knl_Task_Instance_State_3_stack__A
20001360   ti_sysbios_knl_Task_Instance_State_4_stack__A
20001760   glcd_buffer
20001b60   __CIOBUF_
20001c80   xdc_runtime_LoggerBuf_Instance_State_0_entryArr__A
20001d00   xdc_runtime_SysMin_Module_State_0_outbuf__A
20001d80   ti_sysbios_knl_Task_Instance_State_0_hookEnv__A
20001d84   ti_sysbios_knl_Task_Instance_State_1_hookEnv__A
20001d88   ti_sysbios_knl_Task_Instance_State_2_hookEnv__A
20001d8c   ti_sysbios_knl_Task_Instance_State_3_hookEnv__A
20001d90   ti_sysbios_knl_Task_Instance_State_4_hookEnv__A
20001d98   xdc_runtime_HeapMin_Instance_State_0_buf__A
20001db8   temp_count_string
20001dbc   KeyBuf
20001dc0   KeyIn
20001dc1   KeyOut
20001dc2   KeyRead
20001dc3   clkstat
20001dc4   datstat
20001dc5   paritystat
20001dc6   data
20001dc7   time_string
20001ddb   glcd_dirty_pages
20001ddc   ItemBlock1
200021c4   ti_sysbios_family_arm_m3_Hwi_Module_State_0_dispatchTable__A
20002524   ti_sysbios_knl_Task_Object__table__V
20002654   TSK_idle
200026a0   ti_sysbios_BIOS_Module__state__V
200026c0   ti_sysbios_family_arm_lm4_Timer_Module__root__V
200026c8   ti_sysbios_family_arm_lm4_Timer_Module_State_0_handles__A
200026e0   ti_sysbios_family_arm_lm4_Timer_Module__state__V
200026ec   ti_sysbios_family_arm_lm4_TimestampProvider_Module__state__V
200026f4   ti_sysbios_family_arm_m3_Hwi_Module__root__V
200026fc   ti_sysbios_family_arm_m3_Hwi_Module_State_0_excActive__A
20002700   ti_sysbios_family_arm_m3_Hwi_Module_State_0_excContext__A
20002704   ti_sysbios_family_arm_m3_Hwi_Module_State_0_excStack__A
20002708   ti_sysbios_gates_GateHwi_Module__root__V
20002710   ti_sysbios_gates_GateHwi_Object__table__V
20002714   ti_sysbios_gates_GateMutexPri_Module__root__V
2000271c   ti_sysbios_hal_Hwi_Module__root__V
20002724   ti_sysbios_hal_Hwi_Object__table__V
2000273c   ti_sysbios_hal_Timer_Module__root__V
20002744   ti_sysbios_hal_Timer_Object__table__V
2000274c   ti_sysbios_knl_Clock_Module__root__V
20002754   ti_sysbios_knl_Queue_Module__root__V
2000275c   ti_sysbios_knl_Semaphore_Module__root__V
20002764   ti_sysbios_knl_Swi_Module__root__V
2000276c   ti_sysbios_knl_Swi_Module__state__V
20002788   ti_sysbios_knl_Task_Module__root__V
20002790   ti_sysbios_knl_Task_Module_State_0_idleTask__A
20002794   xdc_runtime_Error_Module__state__V
20002798   xdc_runtime_GateNull_Module__root__V
200027a0   xdc_runtime_HeapMin_Module__root__V
200027a8   xdc_runtime_HeapMin_Object__table__V
200027b8   xdc_runtime_LoggerBuf_Module__root__V
200027c0   xdc_runtime_LoggerBuf_Module__state__V
200027c8   xdc_runtime_Memory_Module__state__V
200027cc   xdc_runtime_Registry_Module__state__V
200027d4   xdc_runtime_Startup_Module__state__V
200027dc   xdc_runtime_SysMin_Module__state__V
200027e8   xdc_runtime_System_Module_State_0_atexitHandlers__A
200027f8   xdc_runtime_System_Module__state__V
20002804   xdc_runtime_Text_Module__state__V
2000280c   __xdc__init__addr
20002810   ti_sysbios_knl_Swi_Module_State_0_readyQ__A
20002890   ti_sysbios_knl_Task_Module_State_0_readyQ__A
20002910   ti_sysbios_family_arm_m3_Hwi_Object__table__V
20002988   ti_sysbios_family_arm_lm4_Timer_Object__table__V
200029f8   ti_sysbios_family_arm_m3_Hwi_Module__state__V
20002a4c   ti_sysbios_knl_Task_Module__state__V
20002a90   ItemLookUp
20002ac4   ti_sysbios_family_arm_lm4_Timer_Module_State_0_device__A
20002af4   ti_sysbios_knl_Swi_Object__table__V
20002b24   ti_sysbios_knl_Clock_Module__state__V
20002b4c   ti_sysbios_knl_Semaphore_Object__table__V
20002b74   glcd_flipped
20002b78   pagemap
20002b98   xdc_runtime_LoggerBuf_Object__table__V
20002bbc   temp_count
20002bc0   Data
20002bc4   KeyBuffer
20002bc5   bitcount
20002bcc   _lock
20002bd0   _unlock
20002bd4   _cleanup_ptr
20002bd8   _dtors_ptr
20002bdc   TimeOfDay
20002be8   main_func_sp
20002bf0   StateInfo
20002bf2   LastState
20002bf4   __stack
20002df4   __STACK_TOP
20002ff4   __STACK_END
e000e000   ti_sysbios_family_arm_m3_Hwi_nvic
ffffffff   __binit__
ffffffff   __c_args__
ffffffff   binit
UNDEFED    SHT$$INIT_ARRAY$$Base
UNDEFED    SHT$$INIT_ARRAY$$Limit

[657 symbols]
