<?xml version="1.0"?>
<link_info>
   <banner>TI ARM Linker PC v5.0.4</banner>
   <copyright>Copyright (c) 1996-2013 Texas Instruments Incorporated</copyright>
   <link_time>0x51a2ea33</link_time>
   <output_file>Grocery.out</output_file>
   <entry_point>
      <name>_c_int00</name>
      <address>0x1629</address>
   </entry_point>
   <input_file_list>
      <input_file id="fl-7">
         <path>.\</path>
         <kind>object</kind>
         <file>st7565.obj</file>
         <name>st7565.obj</name>
      </input_file>
      <input_file id="fl-8">
         <path>.\</path>
         <kind>object</kind>
         <file>scancodes.obj</file>
         <name>scancodes.obj</name>
      </input_file>
      <input_file id="fl-9">
         <path>.\</path>
         <kind>object</kind>
         <file>main.obj</file>
         <name>main.obj</name>
      </input_file>
      <input_file id="fl-a">
         <path>.\</path>
         <kind>object</kind>
         <file>graphics.obj</file>
         <name>graphics.obj</name>
      </input_file>
      <input_file id="fl-b">
         <path>.\</path>
         <kind>object</kind>
         <file>buttons.obj</file>
         <name>buttons.obj</name>
      </input_file>
      <input_file id="fl-c">
         <path>.\</path>
         <kind>object</kind>
         <file>Ps2Keyboard.obj</file>
         <name>Ps2Keyboard.obj</name>
      </input_file>
      <input_file id="fl-d">
         <path>.\</path>
         <kind>object</kind>
         <file>Graphics_Bmp.obj</file>
         <name>Graphics_Bmp.obj</name>
      </input_file>
      <input_file id="fl-e">
         <path>.\</path>
         <kind>object</kind>
         <file>Font.obj</file>
         <name>Font.obj</name>
      </input_file>
      <input_file id="fl-f">
         <path>.\</path>
         <kind>object</kind>
         <file>Encoder.obj</file>
         <name>Encoder.obj</name>
      </input_file>
      <input_file id="fl-10">
         <path>.\</path>
         <kind>object</kind>
         <file>Clock.obj</file>
         <name>Clock.obj</name>
      </input_file>
      <input_file id="fl-14">
         <path>C:\ti\xdctools_3_25_00_48\packages\ti\targets\arm\rtsarm\lib\</path>
         <kind>archive</kind>
         <file>boot.aem4f</file>
         <name>boot.oem4f</name>
      </input_file>
      <input_file id="fl-16">
         <path>C:\ti\xdctools_3_25_00_48\packages\ti\targets\arm\rtsarm\lib\</path>
         <kind>archive</kind>
         <file>auto_init.aem4f</file>
         <name>auto_init.oem4f</name>
      </input_file>
      <input_file id="fl-140">
         <path>C:\ti\ccsv5\tools\compiler\arm_5.0.4\lib\</path>
         <kind>archive</kind>
         <file>rtsv7M4_T_le_v4SPD16_eabi.lib</file>
         <name>args_main.obj</name>
      </input_file>
      <input_file id="fl-141">
         <path>C:\ti\ccsv5\tools\compiler\arm_5.0.4\lib\</path>
         <kind>archive</kind>
         <file>rtsv7M4_T_le_v4SPD16_eabi.lib</file>
         <name>copy_decompress_none.obj</name>
      </input_file>
      <input_file id="fl-142">
         <path>C:\ti\ccsv5\tools\compiler\arm_5.0.4\lib\</path>
         <kind>archive</kind>
         <file>rtsv7M4_T_le_v4SPD16_eabi.lib</file>
         <name>copy_decompress_rle.obj</name>
      </input_file>
      <input_file id="fl-143">
         <path>C:\ti\ccsv5\tools\compiler\arm_5.0.4\lib\</path>
         <kind>archive</kind>
         <file>rtsv7M4_T_le_v4SPD16_eabi.lib</file>
         <name>copy_zero_init.obj</name>
      </input_file>
      <input_file id="fl-144">
         <path>C:\ti\ccsv5\tools\compiler\arm_5.0.4\lib\</path>
         <kind>archive</kind>
         <file>rtsv7M4_T_le_v4SPD16_eabi.lib</file>
         <name>cpy_tbl.obj</name>
      </input_file>
      <input_file id="fl-145">
         <path>C:\ti\ccsv5\tools\compiler\arm_5.0.4\lib\</path>
         <kind>archive</kind>
         <file>rtsv7M4_T_le_v4SPD16_eabi.lib</file>
         <name>exit.obj</name>
      </input_file>
      <input_file id="fl-146">
         <path>C:\ti\ccsv5\tools\compiler\arm_5.0.4\lib\</path>
         <kind>archive</kind>
         <file>rtsv7M4_T_le_v4SPD16_eabi.lib</file>
         <name>memcpy_t2.obj</name>
      </input_file>
      <input_file id="fl-147">
         <path>C:\ti\ccsv5\tools\compiler\arm_5.0.4\lib\</path>
         <kind>archive</kind>
         <file>rtsv7M4_T_le_v4SPD16_eabi.lib</file>
         <name>stkdepth_vars.obj</name>
      </input_file>
      <input_file id="fl-148">
         <path>C:\ti\ccsv5\tools\compiler\arm_5.0.4\lib\</path>
         <kind>archive</kind>
         <file>rtsv7M4_T_le_v4SPD16_eabi.lib</file>
         <name>_lock.obj</name>
      </input_file>
      <input_file id="fl-149">
         <path>C:\StellarisWare\driverlib\ccs-cm4f\Debug\</path>
         <kind>archive</kind>
         <file>driverlib-cm4f.lib</file>
         <name>timer.obj</name>
      </input_file>
      <input_file id="fl-14a">
         <path>C:\StellarisWare\driverlib\ccs-cm4f\Debug\</path>
         <kind>archive</kind>
         <file>driverlib-cm4f.lib</file>
         <name>sysctl.obj</name>
      </input_file>
      <input_file id="fl-14b">
         <path>C:\StellarisWare\driverlib\ccs-cm4f\Debug\</path>
         <kind>archive</kind>
         <file>driverlib-cm4f.lib</file>
         <name>ssi.obj</name>
      </input_file>
      <input_file id="fl-14c">
         <path>C:\StellarisWare\driverlib\ccs-cm4f\Debug\</path>
         <kind>archive</kind>
         <file>driverlib-cm4f.lib</file>
         <name>interrupt.obj</name>
      </input_file>
      <input_file id="fl-14d">
         <path>C:\StellarisWare\driverlib\ccs-cm4f\Debug\</path>
         <kind>archive</kind>
         <file>driverlib-cm4f.lib</file>
         <name>gpio.obj</name>
      </input_file>
      <input_file id="fl-14e">
         <path>C:\StellarisWare\driverlib\ccs-cm4f\Debug\</path>
         <kind>archive</kind>
         <file>driverlib-cm4f.lib</file>
         <name>cpu.obj</name>
      </input_file>
   </input_file_list>
   <object_component_list>
      <object_component id="oc-27">
         <name>.bootVecs</name>
         <load_address>0x0</load_address>
         <run_address>0x0</run_address>
         <size>0x8</size>
         <input_file_ref idref="fl-14"/>
      </object_component>
      <object_component id="oc-92">
         <name>.text</name>
         <load_address>0x0</load_address>
         <run_address>0x0</run_address>
         <size>0x534</size>
         <input_file_ref idref="fl-c"/>
      </object_component>
      <object_component id="oc-8d">
         <name>.text</name>
         <load_address>0x534</load_address>
         <run_address>0x534</run_address>
         <size>0x41c</size>
         <input_file_ref idref="fl-7"/>
      </object_component>
      <object_component id="oc-88">
         <name>.text</name>
         <load_address>0x950</load_address>
         <run_address>0x950</run_address>
         <size>0x314</size>
         <input_file_ref idref="fl-d"/>
      </object_component>
      <object_component id="oc-55">
         <name>.text</name>
         <load_address>0xc64</load_address>
         <run_address>0xc64</run_address>
         <size>0x250</size>
         <input_file_ref idref="fl-9"/>
      </object_component>
      <object_component id="oc-ea">
         <name>.text:SysCtlClockGet</name>
         <load_address>0xeb4</load_address>
         <run_address>0xeb4</run_address>
         <size>0x1d8</size>
         <input_file_ref idref="fl-14a"/>
      </object_component>
      <object_component id="oc-9c">
         <name>.text</name>
         <load_address>0x108c</load_address>
         <run_address>0x108c</run_address>
         <size>0x1a4</size>
         <input_file_ref idref="fl-b"/>
      </object_component>
      <object_component id="oc-97">
         <name>.text</name>
         <load_address>0x1230</load_address>
         <run_address>0x1230</run_address>
         <size>0xd8</size>
         <input_file_ref idref="fl-10"/>
      </object_component>
      <object_component id="oc-1c1">
         <name>.text:GPIOPadConfigSet</name>
         <load_address>0x1308</load_address>
         <run_address>0x1308</run_address>
         <size>0xc8</size>
         <input_file_ref idref="fl-14d"/>
      </object_component>
      <object_component id="oc-28">
         <name>.text</name>
         <load_address>0x13d0</load_address>
         <run_address>0x13d0</run_address>
         <size>0xa0</size>
         <input_file_ref idref="fl-16"/>
      </object_component>
      <object_component id="oc-36">
         <name>.text</name>
         <load_address>0x1470</load_address>
         <run_address>0x1470</run_address>
         <size>0x9c</size>
         <input_file_ref idref="fl-146"/>
      </object_component>
      <object_component id="oc-12b">
         <name>.text:IntEnable</name>
         <load_address>0x150c</load_address>
         <run_address>0x150c</run_address>
         <size>0x64</size>
         <input_file_ref idref="fl-14c"/>
      </object_component>
      <object_component id="oc-46">
         <name>.text</name>
         <load_address>0x1570</load_address>
         <run_address>0x1570</run_address>
         <size>0x5e</size>
         <input_file_ref idref="fl-142"/>
      </object_component>
      <object_component id="oc-d6">
         <name>.text:SysCtlPeripheralEnable</name>
         <load_address>0x15d0</load_address>
         <run_address>0x15d0</run_address>
         <size>0x58</size>
         <input_file_ref idref="fl-14a"/>
      </object_component>
      <object_component id="oc-16">
         <name>.text</name>
         <load_address>0x1628</load_address>
         <run_address>0x1628</run_address>
         <size>0x58</size>
         <input_file_ref idref="fl-14"/>
      </object_component>
      <object_component id="oc-e2">
         <name>.text:GPIOPinConfigure</name>
         <load_address>0x1680</load_address>
         <run_address>0x1680</run_address>
         <size>0x48</size>
         <input_file_ref idref="fl-14d"/>
      </object_component>
      <object_component id="oc-116">
         <name>.text:GPIOIntTypeSet</name>
         <load_address>0x16c8</load_address>
         <run_address>0x16c8</run_address>
         <size>0x44</size>
         <input_file_ref idref="fl-14d"/>
      </object_component>
      <object_component id="oc-ee">
         <name>.text:SSIConfigSetExpClk</name>
         <load_address>0x170c</load_address>
         <run_address>0x170c</run_address>
         <size>0x44</size>
         <input_file_ref idref="fl-14b"/>
      </object_component>
      <object_component id="oc-51">
         <name>.text</name>
         <load_address>0x1750</load_address>
         <run_address>0x1750</run_address>
         <size>0x44</size>
         <input_file_ref idref="fl-144"/>
      </object_component>
      <object_component id="oc-30">
         <name>.text</name>
         <load_address>0x1794</load_address>
         <run_address>0x1794</run_address>
         <size>0x40</size>
         <input_file_ref idref="fl-145"/>
      </object_component>
      <object_component id="oc-1c5">
         <name>.text:GPIODirModeSet</name>
         <load_address>0x17d4</load_address>
         <run_address>0x17d4</run_address>
         <size>0x2e</size>
         <input_file_ref idref="fl-14d"/>
      </object_component>
      <object_component id="oc-123">
         <name>.text:TimerConfigure</name>
         <load_address>0x1804</load_address>
         <run_address>0x1804</run_address>
         <size>0x28</size>
         <input_file_ref idref="fl-149"/>
      </object_component>
      <object_component id="oc-2c">
         <name>.text</name>
         <load_address>0x182c</load_address>
         <run_address>0x182c</run_address>
         <size>0x18</size>
         <input_file_ref idref="fl-140"/>
      </object_component>
      <object_component id="oc-b3">
         <name>.text</name>
         <load_address>0x1844</load_address>
         <run_address>0x1844</run_address>
         <size>0x14</size>
         <input_file_ref idref="fl-148"/>
      </object_component>
      <object_component id="oc-da">
         <name>.text:GPIOPinTypeGPIOOutput</name>
         <load_address>0x1858</load_address>
         <run_address>0x1858</run_address>
         <size>0x12</size>
         <input_file_ref idref="fl-14d"/>
      </object_component>
      <object_component id="oc-e6">
         <name>.text:GPIOPinTypeSSI</name>
         <load_address>0x186a</load_address>
         <run_address>0x186a</run_address>
         <size>0x12</size>
         <input_file_ref idref="fl-14d"/>
      </object_component>
      <object_component id="oc-127">
         <name>.text:TimerLoadSet</name>
         <load_address>0x187c</load_address>
         <run_address>0x187c</run_address>
         <size>0x12</size>
         <input_file_ref idref="fl-149"/>
      </object_component>
      <object_component id="oc-1e">
         <name>.text:decompress:ZI</name>
         <load_address>0x188e</load_address>
         <run_address>0x188e</run_address>
         <size>0x12</size>
         <input_file_ref idref="fl-143"/>
      </object_component>
      <object_component id="oc-10e">
         <name>.text:GPIOPinIntDisable</name>
         <load_address>0x18a0</load_address>
         <run_address>0x18a0</run_address>
         <size>0xe</size>
         <input_file_ref idref="fl-14d"/>
      </object_component>
      <object_component id="oc-133">
         <name>.text:TimerEnable</name>
         <load_address>0x18ae</load_address>
         <run_address>0x18ae</run_address>
         <size>0xe</size>
         <input_file_ref idref="fl-149"/>
      </object_component>
      <object_component id="oc-1a">
         <name>.text:decompress:none</name>
         <load_address>0x18bc</load_address>
         <run_address>0x18bc</run_address>
         <size>0xe</size>
         <input_file_ref idref="fl-141"/>
      </object_component>
      <object_component id="oc-112">
         <name>.text:GPIOPinIntEnable</name>
         <load_address>0x18ca</load_address>
         <run_address>0x18ca</run_address>
         <size>0xc</size>
         <input_file_ref idref="fl-14d"/>
      </object_component>
      <object_component id="oc-de">
         <name>.text:GPIOPinWrite</name>
         <load_address>0x18d6</load_address>
         <run_address>0x18d6</run_address>
         <size>0xa</size>
         <input_file_ref idref="fl-14d"/>
      </object_component>
      <object_component id="oc-f6">
         <name>.text:SSIDataPut</name>
         <load_address>0x18e0</load_address>
         <run_address>0x18e0</run_address>
         <size>0xa</size>
         <input_file_ref idref="fl-14b"/>
      </object_component>
      <object_component id="oc-f2">
         <name>.text:SSIEnable</name>
         <load_address>0x18ea</load_address>
         <run_address>0x18ea</run_address>
         <size>0xa</size>
         <input_file_ref idref="fl-14b"/>
      </object_component>
      <object_component id="oc-fa">
         <name>.text:SSIBusy</name>
         <load_address>0x18f4</load_address>
         <run_address>0x18f4</run_address>
         <size>0x8</size>
         <input_file_ref idref="fl-14b"/>
      </object_component>
      <object_component id="oc-12f">
         <name>.text:TimerIntEnable</name>
         <load_address>0x18fc</load_address>
         <run_address>0x18fc</run_address>
         <size>0x8</size>
         <input_file_ref idref="fl-149"/>
      </object_component>
      <object_component id="oc-10a">
         <name>.text:GPIOPinIntClear</name>
         <load_address>0x1904</load_address>
         <run_address>0x1904</run_address>
         <size>0x6</size>
         <input_file_ref idref="fl-14d"/>
      </object_component>
      <object_component id="oc-22">
         <name>.text:decompress:rle24</name>
         <load_address>0x190a</load_address>
         <run_address>0x190a</run_address>
         <size>0x6</size>
         <input_file_ref idref="fl-142"/>
      </object_component>
      <object_component id="oc-137">
         <name>.text:TimerIntClear</name>
         <load_address>0x1910</load_address>
         <run_address>0x1910</run_address>
         <size>0x4</size>
         <input_file_ref idref="fl-149"/>
      </object_component>
      <object_component id="oc-a1">
         <name>.const:.string:MyFont</name>
         <load_address>0x1914</load_address>
         <run_address>0x1914</run_address>
         <size>0x1b6</size>
         <input_file_ref idref="fl-e"/>
      </object_component>
      <object_component id="oc-11e">
         <name>.const:shifted</name>
         <load_address>0x1acc</load_address>
         <run_address>0x1acc</run_address>
         <size>0xac</size>
         <input_file_ref idref="fl-8"/>
      </object_component>
      <object_component id="oc-11c">
         <name>.const:unshifted</name>
         <load_address>0x1b78</load_address>
         <run_address>0x1b78</run_address>
         <size>0xac</size>
         <input_file_ref idref="fl-8"/>
      </object_component>
      <object_component id="oc-1cc">
         <name>.const:g_pulGPIOBaseAddrs</name>
         <load_address>0x1c24</load_address>
         <run_address>0x1c24</run_address>
         <size>0x78</size>
         <input_file_ref idref="fl-14d"/>
      </object_component>
      <object_component id="oc-1f4">
         <name>.const</name>
         <load_address>0x1c9c</load_address>
         <run_address>0x1c9c</run_address>
         <size>0x70</size>
         <input_file_ref idref="fl-14c"/>
      </object_component>
      <object_component id="oc-1d0">
         <name>.const:g_pulXtals</name>
         <load_address>0x1d0c</load_address>
         <run_address>0x1d0c</run_address>
         <size>0x6c</size>
         <input_file_ref idref="fl-14a"/>
      </object_component>
      <object_component id="oc-1b9">
         <name>.const</name>
         <load_address>0x1d78</load_address>
         <run_address>0x1d78</run_address>
         <size>0x40</size>
         <input_file_ref idref="fl-14a"/>
      </object_component>
      <object_component id="oc-a3">
         <name>.const:.string</name>
         <load_address>0x1db8</load_address>
         <run_address>0x1db8</run_address>
         <size>0xc</size>
         <input_file_ref idref="fl-9"/>
      </object_component>
      <object_component id="oc-36c">
         <name>.cinit..data.load</name>
         <load_address>0x1dc8</load_address>
         <run_address>0x1dc8</run_address>
         <size>0x37</size>
      </object_component>
      <object_component id="oc-36a">
         <name>__TI_handler_table</name>
         <load_address>0x1e00</load_address>
         <run_address>0x1e00</run_address>
         <size>0xc</size>
      </object_component>
      <object_component id="oc-36d">
         <name>.cinit..bss.load</name>
         <load_address>0x1e10</load_address>
         <run_address>0x1e10</run_address>
         <size>0x8</size>
      </object_component>
      <object_component id="oc-36b">
         <name>__TI_cinit_table</name>
         <load_address>0x1e18</load_address>
         <run_address>0x1e18</run_address>
         <size>0x10</size>
      </object_component>
      <object_component id="oc-34">
         <name>.data</name>
         <load_address>0x20000860</load_address>
         <run_address>0x20000860</run_address>
         <size>0x4</size>
         <input_file_ref idref="fl-147"/>
      </object_component>
      <object_component id="oc-60">
         <name>.data</name>
         <load_address>0x20000848</load_address>
         <run_address>0x20000848</run_address>
         <size>0x8</size>
         <input_file_ref idref="fl-148"/>
      </object_component>
      <object_component id="oc-62">
         <name>.data</name>
         <load_address>0x20000850</load_address>
         <run_address>0x20000850</run_address>
         <size>0x8</size>
         <input_file_ref idref="fl-145"/>
      </object_component>
      <object_component id="oc-a5">
         <name>.data</name>
         <load_address>0x20000868</load_address>
         <run_address>0x20000868</run_address>
         <size>0x3</size>
         <input_file_ref idref="fl-9"/>
      </object_component>
      <object_component id="oc-102">
         <name>.data</name>
         <load_address>0x20000818</load_address>
         <run_address>0x20000818</run_address>
         <size>0x24</size>
         <input_file_ref idref="fl-7"/>
      </object_component>
      <object_component id="oc-11a">
         <name>.data</name>
         <load_address>0x2000083c</load_address>
         <run_address>0x2000083c</run_address>
         <size>0xc</size>
         <input_file_ref idref="fl-c"/>
      </object_component>
      <object_component id="oc-13b">
         <name>.data</name>
         <load_address>0x20000864</load_address>
         <run_address>0x20000864</run_address>
         <size>0x3</size>
         <input_file_ref idref="fl-10"/>
      </object_component>
      <object_component id="oc-13f">
         <name>.data</name>
         <load_address>0x20000858</load_address>
         <run_address>0x20000858</run_address>
         <size>0x6</size>
         <input_file_ref idref="fl-b"/>
      </object_component>
      <object_component id="oc-c8">
         <name>.bss</name>
         <uninitialized>true</uninitialized>
         <run_address>0x20000400</run_address>
         <size>0xc</size>
         <input_file_ref idref="fl-d"/>
      </object_component>
      <object_component id="oc-fe">
         <name>.bss</name>
         <uninitialized>true</uninitialized>
         <run_address>0x20000417</run_address>
         <size>0x1</size>
         <input_file_ref idref="fl-7"/>
      </object_component>
      <object_component id="oc-100">
         <name>.bss:glcd_buffer</name>
         <uninitialized>true</uninitialized>
         <run_address>0x20000000</run_address>
         <size>0x400</size>
         <input_file_ref idref="fl-7"/>
      </object_component>
      <object_component id="oc-120">
         <name>.bss</name>
         <uninitialized>true</uninitialized>
         <run_address>0x2000040c</run_address>
         <size>0xb</size>
         <input_file_ref idref="fl-c"/>
      </object_component>
      <object_component id="oc-26">
         <name>.stack</name>
         <uninitialized>true</uninitialized>
         <run_address>0x20000418</run_address>
         <size>0x0</size>
         <input_file_ref idref="fl-14"/>
      </object_component>
      <object_component id="oc-36e">
         <name>.stack</name>
         <uninitialized>true</uninitialized>
         <run_address>0x20000418</run_address>
         <size>0x0</size>
      </object_component>
      <object_component id="oc-17">
         <name>.debug_info</name>
         <load_address>0x0</load_address>
         <run_address>0x0</run_address>
         <size>0x121</size>
         <input_file_ref idref="fl-14"/>
      </object_component>
      <object_component id="oc-1b">
         <name>.debug_info</name>
         <load_address>0x121</load_address>
         <run_address>0x121</run_address>
         <size>0x159</size>
         <input_file_ref idref="fl-141"/>
      </object_component>
      <object_component id="oc-1f">
         <name>.debug_info</name>
         <load_address>0x27a</load_address>
         <run_address>0x27a</run_address>
         <size>0x193</size>
         <input_file_ref idref="fl-143"/>
      </object_component>
      <object_component id="oc-23">
         <name>.debug_info</name>
         <load_address>0x40d</load_address>
         <run_address>0x40d</run_address>
         <size>0x16a</size>
         <input_file_ref idref="fl-142"/>
      </object_component>
      <object_component id="oc-29">
         <name>.debug_info</name>
         <load_address>0x577</load_address>
         <run_address>0x577</run_address>
         <size>0x15d</size>
         <input_file_ref idref="fl-16"/>
      </object_component>
      <object_component id="oc-2d">
         <name>.debug_info</name>
         <load_address>0x6d4</load_address>
         <run_address>0x6d4</run_address>
         <size>0xfe</size>
         <input_file_ref idref="fl-140"/>
      </object_component>
      <object_component id="oc-31">
         <name>.debug_info</name>
         <load_address>0x7d2</load_address>
         <run_address>0x7d2</run_address>
         <size>0x205</size>
         <input_file_ref idref="fl-145"/>
      </object_component>
      <object_component id="oc-35">
         <name>.debug_info</name>
         <load_address>0x9d7</load_address>
         <run_address>0x9d7</run_address>
         <size>0xbe</size>
         <input_file_ref idref="fl-147"/>
      </object_component>
      <object_component id="oc-37">
         <name>.debug_info</name>
         <load_address>0xa95</load_address>
         <run_address>0xa95</run_address>
         <size>0xcd</size>
         <input_file_ref idref="fl-146"/>
      </object_component>
      <object_component id="oc-3b">
         <name>.debug_info</name>
         <load_address>0xb62</load_address>
         <run_address>0xb62</run_address>
         <size>0x46</size>
         <input_file_ref idref="fl-141"/>
      </object_component>
      <object_component id="oc-41">
         <name>.debug_info</name>
         <load_address>0xba8</load_address>
         <run_address>0xba8</run_address>
         <size>0x46</size>
         <input_file_ref idref="fl-143"/>
      </object_component>
      <object_component id="oc-47">
         <name>.debug_info</name>
         <load_address>0xbee</load_address>
         <run_address>0xbee</run_address>
         <size>0x318</size>
         <input_file_ref idref="fl-142"/>
      </object_component>
      <object_component id="oc-4b">
         <name>.debug_info</name>
         <load_address>0xf06</load_address>
         <run_address>0xf06</run_address>
         <size>0xb2</size>
         <input_file_ref idref="fl-142"/>
      </object_component>
      <object_component id="oc-4c">
         <name>.debug_info</name>
         <load_address>0xfb8</load_address>
         <run_address>0xfb8</run_address>
         <size>0x39</size>
         <input_file_ref idref="fl-142"/>
      </object_component>
      <object_component id="oc-52">
         <name>.debug_info</name>
         <load_address>0xff1</load_address>
         <run_address>0xff1</run_address>
         <size>0x191</size>
         <input_file_ref idref="fl-144"/>
      </object_component>
      <object_component id="oc-56">
         <name>.debug_info</name>
         <load_address>0x1182</load_address>
         <run_address>0x1182</run_address>
         <size>0x5f3</size>
         <input_file_ref idref="fl-9"/>
      </object_component>
      <object_component id="oc-5b">
         <name>.debug_info</name>
         <load_address>0x1775</load_address>
         <run_address>0x1775</run_address>
         <size>0x90</size>
         <input_file_ref idref="fl-140"/>
      </object_component>
      <object_component id="oc-61">
         <name>.debug_info</name>
         <load_address>0x1805</load_address>
         <run_address>0x1805</run_address>
         <size>0xc8</size>
         <input_file_ref idref="fl-148"/>
      </object_component>
      <object_component id="oc-63">
         <name>.debug_info</name>
         <load_address>0x18cd</load_address>
         <run_address>0x18cd</run_address>
         <size>0xdb</size>
         <input_file_ref idref="fl-145"/>
      </object_component>
      <object_component id="oc-65">
         <name>.debug_info</name>
         <load_address>0x19a8</load_address>
         <run_address>0x19a8</run_address>
         <size>0x89</size>
         <input_file_ref idref="fl-141"/>
      </object_component>
      <object_component id="oc-6c">
         <name>.debug_info</name>
         <load_address>0x1a31</load_address>
         <run_address>0x1a31</run_address>
         <size>0x83</size>
         <input_file_ref idref="fl-147"/>
      </object_component>
      <object_component id="oc-72">
         <name>.debug_info</name>
         <load_address>0x1ab4</load_address>
         <run_address>0x1ab4</run_address>
         <size>0x46</size>
         <input_file_ref idref="fl-141"/>
      </object_component>
      <object_component id="oc-77">
         <name>.debug_info</name>
         <load_address>0x1afa</load_address>
         <run_address>0x1afa</run_address>
         <size>0xe8</size>
         <input_file_ref idref="fl-141"/>
      </object_component>
      <object_component id="oc-78">
         <name>.debug_info</name>
         <load_address>0x1be2</load_address>
         <run_address>0x1be2</run_address>
         <size>0x2c</size>
         <input_file_ref idref="fl-142"/>
      </object_component>
      <object_component id="oc-7d">
         <name>.debug_info</name>
         <load_address>0x1c0e</load_address>
         <run_address>0x1c0e</run_address>
         <size>0xa8</size>
         <input_file_ref idref="fl-143"/>
      </object_component>
      <object_component id="oc-7f">
         <name>.debug_info</name>
         <load_address>0x1cb6</load_address>
         <run_address>0x1cb6</run_address>
         <size>0x84</size>
         <input_file_ref idref="fl-142"/>
      </object_component>
      <object_component id="oc-87">
         <name>.debug_info</name>
         <load_address>0x1d3a</load_address>
         <run_address>0x1d3a</run_address>
         <size>0x143</size>
         <input_file_ref idref="fl-144"/>
      </object_component>
      <object_component id="oc-89">
         <name>.debug_info</name>
         <load_address>0x1e7d</load_address>
         <run_address>0x1e7d</run_address>
         <size>0x610</size>
         <input_file_ref idref="fl-d"/>
      </object_component>
      <object_component id="oc-8e">
         <name>.debug_info</name>
         <load_address>0x248d</load_address>
         <run_address>0x248d</run_address>
         <size>0xd86</size>
         <input_file_ref idref="fl-7"/>
      </object_component>
      <object_component id="oc-93">
         <name>.debug_info</name>
         <load_address>0x3213</load_address>
         <run_address>0x3213</run_address>
         <size>0xb07</size>
         <input_file_ref idref="fl-c"/>
      </object_component>
      <object_component id="oc-98">
         <name>.debug_info</name>
         <load_address>0x3d1a</load_address>
         <run_address>0x3d1a</run_address>
         <size>0x2bf</size>
         <input_file_ref idref="fl-10"/>
      </object_component>
      <object_component id="oc-9d">
         <name>.debug_info</name>
         <load_address>0x3fd9</load_address>
         <run_address>0x3fd9</run_address>
         <size>0x49d</size>
         <input_file_ref idref="fl-b"/>
      </object_component>
      <object_component id="oc-a2">
         <name>.debug_info</name>
         <load_address>0x4476</load_address>
         <run_address>0x4476</run_address>
         <size>0xb7</size>
         <input_file_ref idref="fl-e"/>
      </object_component>
      <object_component id="oc-a4">
         <name>.debug_info</name>
         <load_address>0x452d</load_address>
         <run_address>0x452d</run_address>
         <size>0xb8</size>
         <input_file_ref idref="fl-9"/>
      </object_component>
      <object_component id="oc-a6">
         <name>.debug_info</name>
         <load_address>0x45e5</load_address>
         <run_address>0x45e5</run_address>
         <size>0xe0</size>
         <input_file_ref idref="fl-9"/>
      </object_component>
      <object_component id="oc-a8">
         <name>.debug_info</name>
         <load_address>0x46c5</load_address>
         <run_address>0x46c5</run_address>
         <size>0x363</size>
         <input_file_ref idref="fl-9"/>
      </object_component>
      <object_component id="oc-ad">
         <name>.debug_info</name>
         <load_address>0x4a28</load_address>
         <run_address>0x4a28</run_address>
         <size>0xf0</size>
         <input_file_ref idref="fl-8"/>
      </object_component>
      <object_component id="oc-b2">
         <name>.debug_info</name>
         <load_address>0x4b18</load_address>
         <run_address>0x4b18</run_address>
         <size>0x12c7</size>
         <input_file_ref idref="fl-9"/>
      </object_component>
      <object_component id="oc-b4">
         <name>.debug_info</name>
         <load_address>0x5ddf</load_address>
         <run_address>0x5ddf</run_address>
         <size>0x1ba</size>
         <input_file_ref idref="fl-148"/>
      </object_component>
      <object_component id="oc-b9">
         <name>.debug_info</name>
         <load_address>0x5f99</load_address>
         <run_address>0x5f99</run_address>
         <size>0xd4</size>
         <input_file_ref idref="fl-148"/>
      </object_component>
      <object_component id="oc-bc">
         <name>.debug_info</name>
         <load_address>0x606d</load_address>
         <run_address>0x606d</run_address>
         <size>0x131</size>
         <input_file_ref idref="fl-145"/>
      </object_component>
      <object_component id="oc-c3">
         <name>.debug_info</name>
         <load_address>0x619e</load_address>
         <run_address>0x619e</run_address>
         <size>0xcd</size>
         <input_file_ref idref="fl-144"/>
      </object_component>
      <object_component id="oc-c9">
         <name>.debug_info</name>
         <load_address>0x626b</load_address>
         <run_address>0x626b</run_address>
         <size>0xc9</size>
         <input_file_ref idref="fl-d"/>
      </object_component>
      <object_component id="oc-cb">
         <name>.debug_info</name>
         <load_address>0x6334</load_address>
         <run_address>0x6334</run_address>
         <size>0x86</size>
         <input_file_ref idref="fl-9"/>
      </object_component>
      <object_component id="oc-d0">
         <name>.debug_info</name>
         <load_address>0x63ba</load_address>
         <run_address>0x63ba</run_address>
         <size>0x11a</size>
         <input_file_ref idref="fl-d"/>
      </object_component>
      <object_component id="oc-d1">
         <name>.debug_info</name>
         <load_address>0x64d4</load_address>
         <run_address>0x64d4</run_address>
         <size>0x84</size>
         <input_file_ref idref="fl-8"/>
      </object_component>
      <object_component id="oc-d7">
         <name>.debug_info</name>
         <load_address>0x6558</load_address>
         <run_address>0x6558</run_address>
         <size>0x1da</size>
         <input_file_ref idref="fl-14a"/>
      </object_component>
      <object_component id="oc-db">
         <name>.debug_info</name>
         <load_address>0x6732</load_address>
         <run_address>0x6732</run_address>
         <size>0x1e6</size>
         <input_file_ref idref="fl-14d"/>
      </object_component>
      <object_component id="oc-df">
         <name>.debug_info</name>
         <load_address>0x6918</load_address>
         <run_address>0x6918</run_address>
         <size>0x1f8</size>
         <input_file_ref idref="fl-14d"/>
      </object_component>
      <object_component id="oc-e3">
         <name>.debug_info</name>
         <load_address>0x6b10</load_address>
         <run_address>0x6b10</run_address>
         <size>0x1d9</size>
         <input_file_ref idref="fl-14d"/>
      </object_component>
      <object_component id="oc-e7">
         <name>.debug_info</name>
         <load_address>0x6ce9</load_address>
         <run_address>0x6ce9</run_address>
         <size>0x1d8</size>
         <input_file_ref idref="fl-14d"/>
      </object_component>
      <object_component id="oc-eb">
         <name>.debug_info</name>
         <load_address>0x6ec1</load_address>
         <run_address>0x6ec1</run_address>
         <size>0x202</size>
         <input_file_ref idref="fl-14a"/>
      </object_component>
      <object_component id="oc-ef">
         <name>.debug_info</name>
         <load_address>0x70c3</load_address>
         <run_address>0x70c3</run_address>
         <size>0x381</size>
         <input_file_ref idref="fl-14b"/>
      </object_component>
      <object_component id="oc-f3">
         <name>.debug_info</name>
         <load_address>0x7444</load_address>
         <run_address>0x7444</run_address>
         <size>0x19f</size>
         <input_file_ref idref="fl-14b"/>
      </object_component>
      <object_component id="oc-f7">
         <name>.debug_info</name>
         <load_address>0x75e3</load_address>
         <run_address>0x75e3</run_address>
         <size>0x24c</size>
         <input_file_ref idref="fl-14b"/>
      </object_component>
      <object_component id="oc-fb">
         <name>.debug_info</name>
         <load_address>0x782f</load_address>
         <run_address>0x782f</run_address>
         <size>0x19f</size>
         <input_file_ref idref="fl-14b"/>
      </object_component>
      <object_component id="oc-ff">
         <name>.debug_info</name>
         <load_address>0x79ce</load_address>
         <run_address>0x79ce</run_address>
         <size>0xcd</size>
         <input_file_ref idref="fl-7"/>
      </object_component>
      <object_component id="oc-101">
         <name>.debug_info</name>
         <load_address>0x7a9b</load_address>
         <run_address>0x7a9b</run_address>
         <size>0xc3</size>
         <input_file_ref idref="fl-7"/>
      </object_component>
      <object_component id="oc-103">
         <name>.debug_info</name>
         <load_address>0x7b5e</load_address>
         <run_address>0x7b5e</run_address>
         <size>0xe4</size>
         <input_file_ref idref="fl-7"/>
      </object_component>
      <object_component id="oc-105">
         <name>.debug_info</name>
         <load_address>0x7c42</load_address>
         <run_address>0x7c42</run_address>
         <size>0x8b</size>
         <input_file_ref idref="fl-7"/>
      </object_component>
      <object_component id="oc-10b">
         <name>.debug_info</name>
         <load_address>0x7ccd</load_address>
         <run_address>0x7ccd</run_address>
         <size>0x1d8</size>
         <input_file_ref idref="fl-14d"/>
      </object_component>
      <object_component id="oc-10f">
         <name>.debug_info</name>
         <load_address>0x7ea5</load_address>
         <run_address>0x7ea5</run_address>
         <size>0x1dc</size>
         <input_file_ref idref="fl-14d"/>
      </object_component>
      <object_component id="oc-113">
         <name>.debug_info</name>
         <load_address>0x8081</load_address>
         <run_address>0x8081</run_address>
         <size>0x1da</size>
         <input_file_ref idref="fl-14d"/>
      </object_component>
      <object_component id="oc-117">
         <name>.debug_info</name>
         <load_address>0x825b</load_address>
         <run_address>0x825b</run_address>
         <size>0x20c</size>
         <input_file_ref idref="fl-14d"/>
      </object_component>
      <object_component id="oc-11b">
         <name>.debug_info</name>
         <load_address>0x8467</load_address>
         <run_address>0x8467</run_address>
         <size>0x102</size>
         <input_file_ref idref="fl-c"/>
      </object_component>
      <object_component id="oc-11d">
         <name>.debug_info</name>
         <load_address>0x8569</load_address>
         <run_address>0x8569</run_address>
         <size>0xc2</size>
         <input_file_ref idref="fl-8"/>
      </object_component>
      <object_component id="oc-11f">
         <name>.debug_info</name>
         <load_address>0x862b</load_address>
         <run_address>0x862b</run_address>
         <size>0xbe</size>
         <input_file_ref idref="fl-8"/>
      </object_component>
      <object_component id="oc-121">
         <name>.debug_info</name>
         <load_address>0x86e9</load_address>
         <run_address>0x86e9</run_address>
         <size>0x148</size>
         <input_file_ref idref="fl-c"/>
      </object_component>
      <object_component id="oc-124">
         <name>.debug_info</name>
         <load_address>0x8831</load_address>
         <run_address>0x8831</run_address>
         <size>0x1e1</size>
         <input_file_ref idref="fl-149"/>
      </object_component>
      <object_component id="oc-128">
         <name>.debug_info</name>
         <load_address>0x8a12</load_address>
         <run_address>0x8a12</run_address>
         <size>0x207</size>
         <input_file_ref idref="fl-149"/>
      </object_component>
      <object_component id="oc-12c">
         <name>.debug_info</name>
         <load_address>0x8c19</load_address>
         <run_address>0x8c19</run_address>
         <size>0x1c5</size>
         <input_file_ref idref="fl-14c"/>
      </object_component>
      <object_component id="oc-130">
         <name>.debug_info</name>
         <load_address>0x8dde</load_address>
         <run_address>0x8dde</run_address>
         <size>0x1e9</size>
         <input_file_ref idref="fl-149"/>
      </object_component>
      <object_component id="oc-134">
         <name>.debug_info</name>
         <load_address>0x8fc7</load_address>
         <run_address>0x8fc7</run_address>
         <size>0x1d4</size>
         <input_file_ref idref="fl-149"/>
      </object_component>
      <object_component id="oc-138">
         <name>.debug_info</name>
         <load_address>0x919b</load_address>
         <run_address>0x919b</run_address>
         <size>0x1e7</size>
         <input_file_ref idref="fl-149"/>
      </object_component>
      <object_component id="oc-13c">
         <name>.debug_info</name>
         <load_address>0x9382</load_address>
         <run_address>0x9382</run_address>
         <size>0xb3</size>
         <input_file_ref idref="fl-10"/>
      </object_component>
      <object_component id="oc-13e">
         <name>.debug_info</name>
         <load_address>0x9435</load_address>
         <run_address>0x9435</run_address>
         <size>0x10a5</size>
         <input_file_ref idref="fl-10"/>
      </object_component>
      <object_component id="oc-140">
         <name>.debug_info</name>
         <load_address>0xa4da</load_address>
         <run_address>0xa4da</run_address>
         <size>0xf0</size>
         <input_file_ref idref="fl-b"/>
      </object_component>
      <object_component id="oc-142">
         <name>.debug_info</name>
         <load_address>0xa5ca</load_address>
         <run_address>0xa5ca</run_address>
         <size>0x90</size>
         <input_file_ref idref="fl-9"/>
      </object_component>
      <object_component id="oc-147">
         <name>.debug_info</name>
         <load_address>0xa65a</load_address>
         <run_address>0xa65a</run_address>
         <size>0x10cd</size>
         <input_file_ref idref="fl-b"/>
      </object_component>
      <object_component id="oc-14a">
         <name>.debug_info</name>
         <load_address>0xb727</load_address>
         <run_address>0xb727</run_address>
         <size>0xaf</size>
         <input_file_ref idref="fl-e"/>
      </object_component>
      <object_component id="oc-14f">
         <name>.debug_info</name>
         <load_address>0xb7d6</load_address>
         <run_address>0xb7d6</run_address>
         <size>0x46</size>
         <input_file_ref idref="fl-9"/>
      </object_component>
      <object_component id="oc-154">
         <name>.debug_info</name>
         <load_address>0xb81c</load_address>
         <run_address>0xb81c</run_address>
         <size>0x4e</size>
         <input_file_ref idref="fl-9"/>
      </object_component>
      <object_component id="oc-159">
         <name>.debug_info</name>
         <load_address>0xb86a</load_address>
         <run_address>0xb86a</run_address>
         <size>0xd5</size>
         <input_file_ref idref="fl-9"/>
      </object_component>
      <object_component id="oc-160">
         <name>.debug_info</name>
         <load_address>0xb93f</load_address>
         <run_address>0xb93f</run_address>
         <size>0x13c</size>
         <input_file_ref idref="fl-9"/>
      </object_component>
      <object_component id="oc-165">
         <name>.debug_info</name>
         <load_address>0xba7b</load_address>
         <run_address>0xba7b</run_address>
         <size>0xb22</size>
         <input_file_ref idref="fl-9"/>
      </object_component>
      <object_component id="oc-16a">
         <name>.debug_info</name>
         <load_address>0xc59d</load_address>
         <run_address>0xc59d</run_address>
         <size>0x76</size>
         <input_file_ref idref="fl-9"/>
      </object_component>
      <object_component id="oc-16f">
         <name>.debug_info</name>
         <load_address>0xc613</load_address>
         <run_address>0xc613</run_address>
         <size>0x417</size>
         <input_file_ref idref="fl-9"/>
      </object_component>
      <object_component id="oc-174">
         <name>.debug_info</name>
         <load_address>0xca2a</load_address>
         <run_address>0xca2a</run_address>
         <size>0x46c</size>
         <input_file_ref idref="fl-9"/>
      </object_component>
      <object_component id="oc-179">
         <name>.debug_info</name>
         <load_address>0xce96</load_address>
         <run_address>0xce96</run_address>
         <size>0x30f</size>
         <input_file_ref idref="fl-9"/>
      </object_component>
      <object_component id="oc-17e">
         <name>.debug_info</name>
         <load_address>0xd1a5</load_address>
         <run_address>0xd1a5</run_address>
         <size>0x58c</size>
         <input_file_ref idref="fl-9"/>
      </object_component>
      <object_component id="oc-183">
         <name>.debug_info</name>
         <load_address>0xd731</load_address>
         <run_address>0xd731</run_address>
         <size>0xa55</size>
         <input_file_ref idref="fl-9"/>
      </object_component>
      <object_component id="oc-188">
         <name>.debug_info</name>
         <load_address>0xe186</load_address>
         <run_address>0xe186</run_address>
         <size>0x233</size>
         <input_file_ref idref="fl-9"/>
      </object_component>
      <object_component id="oc-18d">
         <name>.debug_info</name>
         <load_address>0xe3b9</load_address>
         <run_address>0xe3b9</run_address>
         <size>0x3e4</size>
         <input_file_ref idref="fl-9"/>
      </object_component>
      <object_component id="oc-192">
         <name>.debug_info</name>
         <load_address>0xe79d</load_address>
         <run_address>0xe79d</run_address>
         <size>0x529</size>
         <input_file_ref idref="fl-9"/>
      </object_component>
      <object_component id="oc-197">
         <name>.debug_info</name>
         <load_address>0xecc6</load_address>
         <run_address>0xecc6</run_address>
         <size>0x30e</size>
         <input_file_ref idref="fl-9"/>
      </object_component>
      <object_component id="oc-19c">
         <name>.debug_info</name>
         <load_address>0xefd4</load_address>
         <run_address>0xefd4</run_address>
         <size>0x42f</size>
         <input_file_ref idref="fl-9"/>
      </object_component>
      <object_component id="oc-1a1">
         <name>.debug_info</name>
         <load_address>0xf403</load_address>
         <run_address>0xf403</run_address>
         <size>0x1a5</size>
         <input_file_ref idref="fl-9"/>
      </object_component>
      <object_component id="oc-1a6">
         <name>.debug_info</name>
         <load_address>0xf5a8</load_address>
         <run_address>0xf5a8</run_address>
         <size>0x2b7</size>
         <input_file_ref idref="fl-9"/>
      </object_component>
      <object_component id="oc-1ab">
         <name>.debug_info</name>
         <load_address>0xf85f</load_address>
         <run_address>0xf85f</run_address>
         <size>0x1fa</size>
         <input_file_ref idref="fl-9"/>
      </object_component>
      <object_component id="oc-1ba">
         <name>.debug_info</name>
         <load_address>0xfa59</load_address>
         <run_address>0xfa59</run_address>
         <size>0x1b2</size>
         <input_file_ref idref="fl-14a"/>
      </object_component>
      <object_component id="oc-1bc">
         <name>.debug_info</name>
         <load_address>0xfc0b</load_address>
         <run_address>0xfc0b</run_address>
         <size>0x84</size>
         <input_file_ref idref="fl-149"/>
      </object_component>
      <object_component id="oc-1c0">
         <name>.debug_info</name>
         <load_address>0xfc8f</load_address>
         <run_address>0xfc8f</run_address>
         <size>0x391</size>
         <input_file_ref idref="fl-14a"/>
      </object_component>
      <object_component id="oc-1c2">
         <name>.debug_info</name>
         <load_address>0x10020</load_address>
         <run_address>0x10020</run_address>
         <size>0x24a</size>
         <input_file_ref idref="fl-14d"/>
      </object_component>
      <object_component id="oc-1c6">
         <name>.debug_info</name>
         <load_address>0x1026a</load_address>
         <run_address>0x1026a</run_address>
         <size>0x204</size>
         <input_file_ref idref="fl-14d"/>
      </object_component>
      <object_component id="oc-1cb">
         <name>.debug_info</name>
         <load_address>0x1046e</load_address>
         <run_address>0x1046e</run_address>
         <size>0x336</size>
         <input_file_ref idref="fl-14d"/>
      </object_component>
      <object_component id="oc-1cd">
         <name>.debug_info</name>
         <load_address>0x107a4</load_address>
         <run_address>0x107a4</run_address>
         <size>0x116</size>
         <input_file_ref idref="fl-14d"/>
      </object_component>
      <object_component id="oc-1d1">
         <name>.debug_info</name>
         <load_address>0x108ba</load_address>
         <run_address>0x108ba</run_address>
         <size>0x108</size>
         <input_file_ref idref="fl-14a"/>
      </object_component>
      <object_component id="oc-1d4">
         <name>.debug_info</name>
         <load_address>0x109c2</load_address>
         <run_address>0x109c2</run_address>
         <size>0x33c</size>
         <input_file_ref idref="fl-14b"/>
      </object_component>
      <object_component id="oc-1d8">
         <name>.debug_info</name>
         <load_address>0x10cfe</load_address>
         <run_address>0x10cfe</run_address>
         <size>0x2c</size>
         <input_file_ref idref="fl-149"/>
      </object_component>
      <object_component id="oc-1e0">
         <name>.debug_info</name>
         <load_address>0x10d2a</load_address>
         <run_address>0x10d2a</run_address>
         <size>0x2be</size>
         <input_file_ref idref="fl-7"/>
      </object_component>
      <object_component id="oc-1eb">
         <name>.debug_info</name>
         <load_address>0x10fe8</load_address>
         <run_address>0x10fe8</run_address>
         <size>0xc2</size>
         <input_file_ref idref="fl-8"/>
      </object_component>
      <object_component id="oc-1f0">
         <name>.debug_info</name>
         <load_address>0x110aa</load_address>
         <run_address>0x110aa</run_address>
         <size>0x1274</size>
         <input_file_ref idref="fl-c"/>
      </object_component>
      <object_component id="oc-1f2">
         <name>.debug_info</name>
         <load_address>0x1231e</load_address>
         <run_address>0x1231e</run_address>
         <size>0x338</size>
         <input_file_ref idref="fl-149"/>
      </object_component>
      <object_component id="oc-1f5">
         <name>.debug_info</name>
         <load_address>0x12656</load_address>
         <run_address>0x12656</run_address>
         <size>0x1b7</size>
         <input_file_ref idref="fl-14c"/>
      </object_component>
      <object_component id="oc-1f7">
         <name>.debug_info</name>
         <load_address>0x1280d</load_address>
         <run_address>0x1280d</run_address>
         <size>0x342</size>
         <input_file_ref idref="fl-14c"/>
      </object_component>
      <object_component id="oc-1fd">
         <name>.debug_info</name>
         <load_address>0x12b4f</load_address>
         <run_address>0x12b4f</run_address>
         <size>0x72</size>
         <input_file_ref idref="fl-9"/>
      </object_component>
      <object_component id="oc-204">
         <name>.debug_info</name>
         <load_address>0x12bc1</load_address>
         <run_address>0x12bc1</run_address>
         <size>0x363</size>
         <input_file_ref idref="fl-10"/>
      </object_component>
      <object_component id="oc-209">
         <name>.debug_info</name>
         <load_address>0x12f24</load_address>
         <run_address>0x12f24</run_address>
         <size>0x13c</size>
         <input_file_ref idref="fl-10"/>
      </object_component>
      <object_component id="oc-20e">
         <name>.debug_info</name>
         <load_address>0x13060</load_address>
         <run_address>0x13060</run_address>
         <size>0xb22</size>
         <input_file_ref idref="fl-10"/>
      </object_component>
      <object_component id="oc-213">
         <name>.debug_info</name>
         <load_address>0x13b82</load_address>
         <run_address>0x13b82</run_address>
         <size>0x417</size>
         <input_file_ref idref="fl-10"/>
      </object_component>
      <object_component id="oc-218">
         <name>.debug_info</name>
         <load_address>0x13f99</load_address>
         <run_address>0x13f99</run_address>
         <size>0x46c</size>
         <input_file_ref idref="fl-10"/>
      </object_component>
      <object_component id="oc-21d">
         <name>.debug_info</name>
         <load_address>0x14405</load_address>
         <run_address>0x14405</run_address>
         <size>0x30f</size>
         <input_file_ref idref="fl-10"/>
      </object_component>
      <object_component id="oc-222">
         <name>.debug_info</name>
         <load_address>0x14714</load_address>
         <run_address>0x14714</run_address>
         <size>0x58c</size>
         <input_file_ref idref="fl-10"/>
      </object_component>
      <object_component id="oc-227">
         <name>.debug_info</name>
         <load_address>0x14ca0</load_address>
         <run_address>0x14ca0</run_address>
         <size>0xa55</size>
         <input_file_ref idref="fl-10"/>
      </object_component>
      <object_component id="oc-22c">
         <name>.debug_info</name>
         <load_address>0x156f5</load_address>
         <run_address>0x156f5</run_address>
         <size>0x233</size>
         <input_file_ref idref="fl-10"/>
      </object_component>
      <object_component id="oc-231">
         <name>.debug_info</name>
         <load_address>0x15928</load_address>
         <run_address>0x15928</run_address>
         <size>0x41a</size>
         <input_file_ref idref="fl-10"/>
      </object_component>
      <object_component id="oc-236">
         <name>.debug_info</name>
         <load_address>0x15d42</load_address>
         <run_address>0x15d42</run_address>
         <size>0x529</size>
         <input_file_ref idref="fl-10"/>
      </object_component>
      <object_component id="oc-23b">
         <name>.debug_info</name>
         <load_address>0x1626b</load_address>
         <run_address>0x1626b</run_address>
         <size>0x30e</size>
         <input_file_ref idref="fl-10"/>
      </object_component>
      <object_component id="oc-240">
         <name>.debug_info</name>
         <load_address>0x16579</load_address>
         <run_address>0x16579</run_address>
         <size>0x42f</size>
         <input_file_ref idref="fl-10"/>
      </object_component>
      <object_component id="oc-245">
         <name>.debug_info</name>
         <load_address>0x169a8</load_address>
         <run_address>0x169a8</run_address>
         <size>0x1a5</size>
         <input_file_ref idref="fl-10"/>
      </object_component>
      <object_component id="oc-24a">
         <name>.debug_info</name>
         <load_address>0x16b4d</load_address>
         <run_address>0x16b4d</run_address>
         <size>0x1fa</size>
         <input_file_ref idref="fl-10"/>
      </object_component>
      <object_component id="oc-255">
         <name>.debug_info</name>
         <load_address>0x16d47</load_address>
         <run_address>0x16d47</run_address>
         <size>0x18b</size>
         <input_file_ref idref="fl-9"/>
      </object_component>
      <object_component id="oc-25a">
         <name>.debug_info</name>
         <load_address>0x16ed2</load_address>
         <run_address>0x16ed2</run_address>
         <size>0x69</size>
         <input_file_ref idref="fl-9"/>
      </object_component>
      <object_component id="oc-25f">
         <name>.debug_info</name>
         <load_address>0x16f3b</load_address>
         <run_address>0x16f3b</run_address>
         <size>0x287</size>
         <input_file_ref idref="fl-9"/>
      </object_component>
      <object_component id="oc-264">
         <name>.debug_info</name>
         <load_address>0x171c2</load_address>
         <run_address>0x171c2</run_address>
         <size>0x12a</size>
         <input_file_ref idref="fl-9"/>
      </object_component>
      <object_component id="oc-269">
         <name>.debug_info</name>
         <load_address>0x172ec</load_address>
         <run_address>0x172ec</run_address>
         <size>0x22a</size>
         <input_file_ref idref="fl-9"/>
      </object_component>
      <object_component id="oc-26e">
         <name>.debug_info</name>
         <load_address>0x17516</load_address>
         <run_address>0x17516</run_address>
         <size>0x16d</size>
         <input_file_ref idref="fl-9"/>
      </object_component>
      <object_component id="oc-273">
         <name>.debug_info</name>
         <load_address>0x17683</load_address>
         <run_address>0x17683</run_address>
         <size>0x14b</size>
         <input_file_ref idref="fl-9"/>
      </object_component>
      <object_component id="oc-278">
         <name>.debug_info</name>
         <load_address>0x177ce</load_address>
         <run_address>0x177ce</run_address>
         <size>0x10e</size>
         <input_file_ref idref="fl-9"/>
      </object_component>
      <object_component id="oc-27d">
         <name>.debug_info</name>
         <load_address>0x178dc</load_address>
         <run_address>0x178dc</run_address>
         <size>0x9f</size>
         <input_file_ref idref="fl-9"/>
      </object_component>
      <object_component id="oc-282">
         <name>.debug_info</name>
         <load_address>0x1797b</load_address>
         <run_address>0x1797b</run_address>
         <size>0x253</size>
         <input_file_ref idref="fl-9"/>
      </object_component>
      <object_component id="oc-287">
         <name>.debug_info</name>
         <load_address>0x17bce</load_address>
         <run_address>0x17bce</run_address>
         <size>0x283</size>
         <input_file_ref idref="fl-9"/>
      </object_component>
      <object_component id="oc-28c">
         <name>.debug_info</name>
         <load_address>0x17e51</load_address>
         <run_address>0x17e51</run_address>
         <size>0x1b7</size>
         <input_file_ref idref="fl-9"/>
      </object_component>
      <object_component id="oc-291">
         <name>.debug_info</name>
         <load_address>0x18008</load_address>
         <run_address>0x18008</run_address>
         <size>0x253</size>
         <input_file_ref idref="fl-9"/>
      </object_component>
      <object_component id="oc-296">
         <name>.debug_info</name>
         <load_address>0x1825b</load_address>
         <run_address>0x1825b</run_address>
         <size>0x253</size>
         <input_file_ref idref="fl-9"/>
      </object_component>
      <object_component id="oc-29b">
         <name>.debug_info</name>
         <load_address>0x184ae</load_address>
         <run_address>0x184ae</run_address>
         <size>0x2bd</size>
         <input_file_ref idref="fl-9"/>
      </object_component>
      <object_component id="oc-2a0">
         <name>.debug_info</name>
         <load_address>0x1876b</load_address>
         <run_address>0x1876b</run_address>
         <size>0x506</size>
         <input_file_ref idref="fl-9"/>
      </object_component>
      <object_component id="oc-2a5">
         <name>.debug_info</name>
         <load_address>0x18c71</load_address>
         <run_address>0x18c71</run_address>
         <size>0x4ed</size>
         <input_file_ref idref="fl-9"/>
      </object_component>
      <object_component id="oc-2aa">
         <name>.debug_info</name>
         <load_address>0x1915e</load_address>
         <run_address>0x1915e</run_address>
         <size>0x2c</size>
         <input_file_ref idref="fl-9"/>
      </object_component>
      <object_component id="oc-2af">
         <name>.debug_info</name>
         <load_address>0x1918a</load_address>
         <run_address>0x1918a</run_address>
         <size>0x2c</size>
         <input_file_ref idref="fl-9"/>
      </object_component>
      <object_component id="oc-2b4">
         <name>.debug_info</name>
         <load_address>0x191b6</load_address>
         <run_address>0x191b6</run_address>
         <size>0x2c</size>
         <input_file_ref idref="fl-9"/>
      </object_component>
      <object_component id="oc-2b9">
         <name>.debug_info</name>
         <load_address>0x191e2</load_address>
         <run_address>0x191e2</run_address>
         <size>0x31e</size>
         <input_file_ref idref="fl-9"/>
      </object_component>
      <object_component id="oc-2be">
         <name>.debug_info</name>
         <load_address>0x19500</load_address>
         <run_address>0x19500</run_address>
         <size>0x23b</size>
         <input_file_ref idref="fl-9"/>
      </object_component>
      <object_component id="oc-2c3">
         <name>.debug_info</name>
         <load_address>0x1973b</load_address>
         <run_address>0x1973b</run_address>
         <size>0x3f2</size>
         <input_file_ref idref="fl-9"/>
      </object_component>
      <object_component id="oc-2c8">
         <name>.debug_info</name>
         <load_address>0x19b2d</load_address>
         <run_address>0x19b2d</run_address>
         <size>0x1f2</size>
         <input_file_ref idref="fl-9"/>
      </object_component>
      <object_component id="oc-2dd">
         <name>.debug_info</name>
         <load_address>0x19d1f</load_address>
         <run_address>0x19d1f</run_address>
         <size>0x2c</size>
         <input_file_ref idref="fl-7"/>
      </object_component>
      <object_component id="oc-2e6">
         <name>.debug_info</name>
         <load_address>0x19d4b</load_address>
         <run_address>0x19d4b</run_address>
         <size>0xb52</size>
         <input_file_ref idref="fl-c"/>
      </object_component>
      <object_component id="oc-2f1">
         <name>.debug_info</name>
         <load_address>0x1a89d</load_address>
         <run_address>0x1a89d</run_address>
         <size>0xf6</size>
         <input_file_ref idref="fl-a"/>
      </object_component>
      <object_component id="oc-2f6">
         <name>.debug_info</name>
         <load_address>0x1a993</load_address>
         <run_address>0x1a993</run_address>
         <size>0x69</size>
         <input_file_ref idref="fl-10"/>
      </object_component>
      <object_component id="oc-2fb">
         <name>.debug_info</name>
         <load_address>0x1a9fc</load_address>
         <run_address>0x1a9fc</run_address>
         <size>0x287</size>
         <input_file_ref idref="fl-10"/>
      </object_component>
      <object_component id="oc-300">
         <name>.debug_info</name>
         <load_address>0x1ac83</load_address>
         <run_address>0x1ac83</run_address>
         <size>0x12a</size>
         <input_file_ref idref="fl-10"/>
      </object_component>
      <object_component id="oc-305">
         <name>.debug_info</name>
         <load_address>0x1adad</load_address>
         <run_address>0x1adad</run_address>
         <size>0x22a</size>
         <input_file_ref idref="fl-10"/>
      </object_component>
      <object_component id="oc-30a">
         <name>.debug_info</name>
         <load_address>0x1afd7</load_address>
         <run_address>0x1afd7</run_address>
         <size>0x16d</size>
         <input_file_ref idref="fl-10"/>
      </object_component>
      <object_component id="oc-30f">
         <name>.debug_info</name>
         <load_address>0x1b144</load_address>
         <run_address>0x1b144</run_address>
         <size>0x14b</size>
         <input_file_ref idref="fl-10"/>
      </object_component>
      <object_component id="oc-314">
         <name>.debug_info</name>
         <load_address>0x1b28f</load_address>
         <run_address>0x1b28f</run_address>
         <size>0x10e</size>
         <input_file_ref idref="fl-10"/>
      </object_component>
      <object_component id="oc-319">
         <name>.debug_info</name>
         <load_address>0x1b39d</load_address>
         <run_address>0x1b39d</run_address>
         <size>0x9f</size>
         <input_file_ref idref="fl-10"/>
      </object_component>
      <object_component id="oc-31e">
         <name>.debug_info</name>
         <load_address>0x1b43c</load_address>
         <run_address>0x1b43c</run_address>
         <size>0x253</size>
         <input_file_ref idref="fl-10"/>
      </object_component>
      <object_component id="oc-323">
         <name>.debug_info</name>
         <load_address>0x1b68f</load_address>
         <run_address>0x1b68f</run_address>
         <size>0x283</size>
         <input_file_ref idref="fl-10"/>
      </object_component>
      <object_component id="oc-328">
         <name>.debug_info</name>
         <load_address>0x1b912</load_address>
         <run_address>0x1b912</run_address>
         <size>0x1b7</size>
         <input_file_ref idref="fl-10"/>
      </object_component>
      <object_component id="oc-32d">
         <name>.debug_info</name>
         <load_address>0x1bac9</load_address>
         <run_address>0x1bac9</run_address>
         <size>0x253</size>
         <input_file_ref idref="fl-10"/>
      </object_component>
      <object_component id="oc-332">
         <name>.debug_info</name>
         <load_address>0x1bd1c</load_address>
         <run_address>0x1bd1c</run_address>
         <size>0x2bd</size>
         <input_file_ref idref="fl-10"/>
      </object_component>
      <object_component id="oc-337">
         <name>.debug_info</name>
         <load_address>0x1bfd9</load_address>
         <run_address>0x1bfd9</run_address>
         <size>0x506</size>
         <input_file_ref idref="fl-10"/>
      </object_component>
      <object_component id="oc-33c">
         <name>.debug_info</name>
         <load_address>0x1c4df</load_address>
         <run_address>0x1c4df</run_address>
         <size>0x4ed</size>
         <input_file_ref idref="fl-10"/>
      </object_component>
      <object_component id="oc-341">
         <name>.debug_info</name>
         <load_address>0x1c9cc</load_address>
         <run_address>0x1c9cc</run_address>
         <size>0x23b</size>
         <input_file_ref idref="fl-10"/>
      </object_component>
      <object_component id="oc-346">
         <name>.debug_info</name>
         <load_address>0x1cc07</load_address>
         <run_address>0x1cc07</run_address>
         <size>0x1f2</size>
         <input_file_ref idref="fl-10"/>
      </object_component>
      <object_component id="oc-36f">
         <name>.debug_info</name>
         <load_address>0x1cdf9</load_address>
         <run_address>0x1cdf9</run_address>
         <size>0x95</size>
      </object_component>
      <object_component id="oc-18">
         <name>.debug_abbrev</name>
         <load_address>0x0</load_address>
         <run_address>0x0</run_address>
         <size>0x4c</size>
         <input_file_ref idref="fl-14"/>
      </object_component>
      <object_component id="oc-2a">
         <name>.debug_abbrev</name>
         <load_address>0x4c</load_address>
         <run_address>0x4c</run_address>
         <size>0x7c</size>
         <input_file_ref idref="fl-16"/>
      </object_component>
      <object_component id="oc-3a">
         <name>.debug_abbrev</name>
         <load_address>0xc8</load_address>
         <run_address>0xc8</run_address>
         <size>0x6b</size>
         <input_file_ref idref="fl-141"/>
      </object_component>
      <object_component id="oc-3c">
         <name>.debug_abbrev</name>
         <load_address>0x133</load_address>
         <run_address>0x133</run_address>
         <size>0x24</size>
         <input_file_ref idref="fl-141"/>
      </object_component>
      <object_component id="oc-40">
         <name>.debug_abbrev</name>
         <load_address>0x157</load_address>
         <run_address>0x157</run_address>
         <size>0x85</size>
         <input_file_ref idref="fl-143"/>
      </object_component>
      <object_component id="oc-42">
         <name>.debug_abbrev</name>
         <load_address>0x1dc</load_address>
         <run_address>0x1dc</run_address>
         <size>0x24</size>
         <input_file_ref idref="fl-143"/>
      </object_component>
      <object_component id="oc-4a">
         <name>.debug_abbrev</name>
         <load_address>0x200</load_address>
         <run_address>0x200</run_address>
         <size>0x6b</size>
         <input_file_ref idref="fl-142"/>
      </object_component>
      <object_component id="oc-4d">
         <name>.debug_abbrev</name>
         <load_address>0x26b</load_address>
         <run_address>0x26b</run_address>
         <size>0x24</size>
         <input_file_ref idref="fl-142"/>
      </object_component>
      <object_component id="oc-5a">
         <name>.debug_abbrev</name>
         <load_address>0x28f</load_address>
         <run_address>0x28f</run_address>
         <size>0x5f</size>
         <input_file_ref idref="fl-140"/>
      </object_component>
      <object_component id="oc-5c">
         <name>.debug_abbrev</name>
         <load_address>0x2ee</load_address>
         <run_address>0x2ee</run_address>
         <size>0x23</size>
         <input_file_ref idref="fl-140"/>
      </object_component>
      <object_component id="oc-64">
         <name>.debug_abbrev</name>
         <load_address>0x311</load_address>
         <run_address>0x311</run_address>
         <size>0xd5</size>
         <input_file_ref idref="fl-145"/>
      </object_component>
      <object_component id="oc-66">
         <name>.debug_abbrev</name>
         <load_address>0x3e6</load_address>
         <run_address>0x3e6</run_address>
         <size>0x23</size>
         <input_file_ref idref="fl-141"/>
      </object_component>
      <object_component id="oc-6a">
         <name>.debug_abbrev</name>
         <load_address>0x409</load_address>
         <run_address>0x409</run_address>
         <size>0x27</size>
         <input_file_ref idref="fl-147"/>
      </object_component>
      <object_component id="oc-6d">
         <name>.debug_abbrev</name>
         <load_address>0x430</load_address>
         <run_address>0x430</run_address>
         <size>0x1a</size>
         <input_file_ref idref="fl-147"/>
      </object_component>
      <object_component id="oc-71">
         <name>.debug_abbrev</name>
         <load_address>0x44a</load_address>
         <run_address>0x44a</run_address>
         <size>0x40</size>
         <input_file_ref idref="fl-146"/>
      </object_component>
      <object_component id="oc-73">
         <name>.debug_abbrev</name>
         <load_address>0x48a</load_address>
         <run_address>0x48a</run_address>
         <size>0x24</size>
         <input_file_ref idref="fl-141"/>
      </object_component>
      <object_component id="oc-79">
         <name>.debug_abbrev</name>
         <load_address>0x4ae</load_address>
         <run_address>0x4ae</run_address>
         <size>0x24</size>
         <input_file_ref idref="fl-142"/>
      </object_component>
      <object_component id="oc-7e">
         <name>.debug_abbrev</name>
         <load_address>0x4d2</load_address>
         <run_address>0x4d2</run_address>
         <size>0x83</size>
         <input_file_ref idref="fl-142"/>
      </object_component>
      <object_component id="oc-80">
         <name>.debug_abbrev</name>
         <load_address>0x555</load_address>
         <run_address>0x555</run_address>
         <size>0x1c</size>
         <input_file_ref idref="fl-142"/>
      </object_component>
      <object_component id="oc-84">
         <name>.debug_abbrev</name>
         <load_address>0x571</load_address>
         <run_address>0x571</run_address>
         <size>0x2c</size>
         <input_file_ref idref="fl-142"/>
      </object_component>
      <object_component id="oc-86">
         <name>.debug_abbrev</name>
         <load_address>0x59d</load_address>
         <run_address>0x59d</run_address>
         <size>0xa2</size>
         <input_file_ref idref="fl-144"/>
      </object_component>
      <object_component id="oc-a7">
         <name>.debug_abbrev</name>
         <load_address>0x63f</load_address>
         <run_address>0x63f</run_address>
         <size>0x99</size>
         <input_file_ref idref="fl-9"/>
      </object_component>
      <object_component id="oc-a9">
         <name>.debug_abbrev</name>
         <load_address>0x6d8</load_address>
         <run_address>0x6d8</run_address>
         <size>0x81</size>
         <input_file_ref idref="fl-9"/>
      </object_component>
      <object_component id="oc-ae">
         <name>.debug_abbrev</name>
         <load_address>0x759</load_address>
         <run_address>0x759</run_address>
         <size>0x78</size>
         <input_file_ref idref="fl-8"/>
      </object_component>
      <object_component id="oc-b7">
         <name>.debug_abbrev</name>
         <load_address>0x7d1</load_address>
         <run_address>0x7d1</run_address>
         <size>0x29</size>
         <input_file_ref idref="fl-148"/>
      </object_component>
      <object_component id="oc-ba">
         <name>.debug_abbrev</name>
         <load_address>0x7fa</load_address>
         <run_address>0x7fa</run_address>
         <size>0x29</size>
         <input_file_ref idref="fl-145"/>
      </object_component>
      <object_component id="oc-bd">
         <name>.debug_abbrev</name>
         <load_address>0x823</load_address>
         <run_address>0x823</run_address>
         <size>0x4c</size>
         <input_file_ref idref="fl-141"/>
      </object_component>
      <object_component id="oc-bf">
         <name>.debug_abbrev</name>
         <load_address>0x86f</load_address>
         <run_address>0x86f</run_address>
         <size>0x2c</size>
         <input_file_ref idref="fl-143"/>
      </object_component>
      <object_component id="oc-c1">
         <name>.debug_abbrev</name>
         <load_address>0x89b</load_address>
         <run_address>0x89b</run_address>
         <size>0x85</size>
         <input_file_ref idref="fl-144"/>
      </object_component>
      <object_component id="oc-c4">
         <name>.debug_abbrev</name>
         <load_address>0x920</load_address>
         <run_address>0x920</run_address>
         <size>0x4b</size>
         <input_file_ref idref="fl-144"/>
      </object_component>
      <object_component id="oc-ca">
         <name>.debug_abbrev</name>
         <load_address>0x96b</load_address>
         <run_address>0x96b</run_address>
         <size>0xc8</size>
         <input_file_ref idref="fl-d"/>
      </object_component>
      <object_component id="oc-cc">
         <name>.debug_abbrev</name>
         <load_address>0xa33</load_address>
         <run_address>0xa33</run_address>
         <size>0x49</size>
         <input_file_ref idref="fl-9"/>
      </object_component>
      <object_component id="oc-d2">
         <name>.debug_abbrev</name>
         <load_address>0xa7c</load_address>
         <run_address>0xa7c</run_address>
         <size>0x1c</size>
         <input_file_ref idref="fl-8"/>
      </object_component>
      <object_component id="oc-104">
         <name>.debug_abbrev</name>
         <load_address>0xa98</load_address>
         <run_address>0xa98</run_address>
         <size>0x112</size>
         <input_file_ref idref="fl-7"/>
      </object_component>
      <object_component id="oc-106">
         <name>.debug_abbrev</name>
         <load_address>0xbaa</load_address>
         <run_address>0xbaa</run_address>
         <size>0x1c</size>
         <input_file_ref idref="fl-7"/>
      </object_component>
      <object_component id="oc-122">
         <name>.debug_abbrev</name>
         <load_address>0xbc6</load_address>
         <run_address>0xbc6</run_address>
         <size>0xf7</size>
         <input_file_ref idref="fl-c"/>
      </object_component>
      <object_component id="oc-13d">
         <name>.debug_abbrev</name>
         <load_address>0xcbd</load_address>
         <run_address>0xcbd</run_address>
         <size>0x89</size>
         <input_file_ref idref="fl-10"/>
      </object_component>
      <object_component id="oc-141">
         <name>.debug_abbrev</name>
         <load_address>0xd46</load_address>
         <run_address>0xd46</run_address>
         <size>0x104</size>
         <input_file_ref idref="fl-b"/>
      </object_component>
      <object_component id="oc-143">
         <name>.debug_abbrev</name>
         <load_address>0xe4a</load_address>
         <run_address>0xe4a</run_address>
         <size>0x23</size>
         <input_file_ref idref="fl-9"/>
      </object_component>
      <object_component id="oc-148">
         <name>.debug_abbrev</name>
         <load_address>0xe6d</load_address>
         <run_address>0xe6d</run_address>
         <size>0x29</size>
         <input_file_ref idref="fl-e"/>
      </object_component>
      <object_component id="oc-14b">
         <name>.debug_abbrev</name>
         <load_address>0xe96</load_address>
         <run_address>0xe96</run_address>
         <size>0x27</size>
         <input_file_ref idref="fl-9"/>
      </object_component>
      <object_component id="oc-14d">
         <name>.debug_abbrev</name>
         <load_address>0xebd</load_address>
         <run_address>0xebd</run_address>
[...]
      </memory_area>
   </placement_map>
   <cptbl_list>
      <cptbl>
         <name>__TI_cinit_table</name>
         <cprec>
            <name>.data</name>
            <load_address>0x1dc8</load_address>
            <load_size>0x37</load_size>
            <run_address>0x20000818</run_address>
            <run_size>0x53</run_size>
            <compression>rle</compression>
         </cprec>
         <cprec>
            <name>.bss</name>
            <load_address>0x1e10</load_address>
            <load_size>0x8</load_size>
            <run_address>0x20000000</run_address>
            <run_size>0x418</run_size>
            <compression>zero_init</compression>
         </cprec>
      </cptbl>
   </cptbl_list>
   <handler_table>
      <handler_table_name>__TI_handler_table</handler_table_name>
      <handler>
         <index>0x0</index>
         <name>__TI_decompress_rle24</name>
      </handler>
      <handler>
         <index>0x1</index>
         <name>__TI_decompress_none</name>
      </handler>
      <handler>
         <index>0x2</index>
         <name>__TI_zero_init</name>
      </handler>
   </handler_table>
   <symbol_table>
      <symbol id="sm-1">
         <name>xdc_runtime_Startup__EXECFXN__C</name>
         <value>0x1</value>
      </symbol>
      <symbol id="sm-2">
         <name>xdc_runtime_Startup__RESETFXN__C</name>
         <value>0x1</value>
      </symbol>
      <symbol id="sm-3">
         <name>TSK_idle</name>
         <value>0x130</value>
      </symbol>
      <symbol id="sm-4">
         <name>__STACK_TOP</name>
         <value>0x20000618</value>
      </symbol>
      <symbol id="sm-5">
         <name>__TI_CINIT_Base</name>
         <value>0x1e18</value>
      </symbol>
      <symbol id="sm-6">
         <name>__TI_CINIT_Limit</name>
         <value>0x1e28</value>
      </symbol>
      <symbol id="sm-7">
         <name>__TI_Handler_Table_Base</name>
         <value>0x1e00</value>
      </symbol>
      <symbol id="sm-8">
         <name>__TI_Handler_Table_Limit</name>
         <value>0x1e0c</value>
      </symbol>
      <symbol id="sm-9">
         <name>binit</name>
         <value>0xffffffff</value>
      </symbol>
      <symbol id="sm-a">
         <name>__binit__</name>
         <value>0xffffffff</value>
      </symbol>
      <symbol id="sm-b">
         <name>__STACK_SIZE</name>
         <value>0x400</value>
      </symbol>
      <symbol id="sm-c">
         <name>__STACK_END</name>
         <value>0x20000818</value>
      </symbol>
      <symbol id="sm-d">
         <name>__c_args__</name>
         <value>0xffffffff</value>
      </symbol>
      <symbol id="sm-9b">
         <name>glcd_flipped</name>
         <value>0x20000818</value>
         <object_component_ref idref="oc-102"/>
      </symbol>
      <symbol id="sm-9c">
         <name>glcd_inverse_screen</name>
         <value>0x86d</value>
         <object_component_ref idref="oc-8d"/>
      </symbol>
      <symbol id="sm-9d">
         <name>glcd_contrast</name>
         <value>0x8f3</value>
         <object_component_ref idref="oc-8d"/>
      </symbol>
      <symbol id="sm-9e">
         <name>pagemap</name>
         <value>0x2000081c</value>
         <object_component_ref idref="oc-102"/>
      </symbol>
      <symbol id="sm-9f">
         <name>glcd_pixel</name>
         <value>0x535</value>
         <object_component_ref idref="oc-8d"/>
      </symbol>
      <symbol id="sm-a0">
         <name>glcd_init</name>
         <value>0x6e5</value>
         <object_component_ref idref="oc-8d"/>
      </symbol>
      <symbol id="sm-a1">
         <name>glcd_data</name>
         <value>0x7b9</value>
         <object_component_ref idref="oc-8d"/>
      </symbol>
      <symbol id="sm-a2">
         <name>glcd_command</name>
         <value>0x7f9</value>
         <object_component_ref idref="oc-8d"/>
      </symbol>
      <symbol id="sm-a3">
         <name>glcd_dirty_pages</name>
         <value>0x20000417</value>
         <object_component_ref idref="oc-fe"/>
      </symbol>
      <symbol id="sm-a4">
         <name>glcd_flip_screen</name>
         <value>0x839</value>
         <object_component_ref idref="oc-8d"/>
      </symbol>
      <symbol id="sm-a5">
         <name>glcd_buffer</name>
         <value>0x20000000</value>
         <object_component_ref idref="oc-100"/>
      </symbol>
      <symbol id="sm-a6">
         <name>glcd_test_card</name>
         <value>0x88d</value>
         <object_component_ref idref="oc-8d"/>
      </symbol>
      <symbol id="sm-a7">
         <name>glcd_refresh</name>
         <value>0x665</value>
         <object_component_ref idref="oc-8d"/>
      </symbol>
      <symbol id="sm-a8">
         <name>glcd_blank</name>
         <value>0x5eb</value>
         <object_component_ref idref="oc-8d"/>
      </symbol>
      <symbol id="sm-c1">
         <name>shifted</name>
         <value>0x1acc</value>
         <object_component_ref idref="oc-11e"/>
      </symbol>
      <symbol id="sm-c2">
         <name>unshifted</name>
         <value>0x1b78</value>
         <object_component_ref idref="oc-11c"/>
      </symbol>
      <symbol id="sm-21c">
         <name>taskFxn</name>
         <value>0xc65</value>
         <object_component_ref idref="oc-55"/>
      </symbol>
      <symbol id="sm-21d">
         <name>StateInfo</name>
         <value>0x20000868</value>
         <object_component_ref idref="oc-a5"/>
      </symbol>
      <symbol id="sm-21e">
         <name>main</name>
         <value>0xe09</value>
         <object_component_ref idref="oc-55"/>
      </symbol>
      <symbol id="sm-21f">
         <name>UiTask</name>
         <value>0xc9b</value>
         <object_component_ref idref="oc-55"/>
      </symbol>
      <symbol id="sm-220">
         <name>LastState</name>
         <value>0x2000086a</value>
         <object_component_ref idref="oc-a5"/>
      </symbol>
      <symbol id="sm-266">
         <name>ButtonsInit</name>
         <value>0x1145</value>
         <object_component_ref idref="oc-9c"/>
      </symbol>
      <symbol id="sm-267">
         <name>TimeOfDay</name>
         <value>0x20000858</value>
         <object_component_ref idref="oc-13f"/>
      </symbol>
      <symbol id="sm-268">
         <name>ButtonISR</name>
         <value>0x108d</value>
         <object_component_ref idref="oc-9c"/>
      </symbol>
      <symbol id="sm-269">
         <name>ButtonTask</name>
         <value>0x1193</value>
         <object_component_ref idref="oc-9c"/>
      </symbol>
      <symbol id="sm-26a">
         <name>ButtonsPoll</name>
         <value>0x109b</value>
         <object_component_ref idref="oc-9c"/>
      </symbol>
      <symbol id="sm-302">
         <name>GetKey</name>
         <value>0x39d</value>
         <object_component_ref idref="oc-92"/>
      </symbol>
      <symbol id="sm-303">
         <name>KeyPend</name>
         <value>0x3ed</value>
         <object_component_ref idref="oc-92"/>
      </symbol>
      <symbol id="sm-304">
         <name>temp_count_string</name>
         <value>0x2000040c</value>
         <object_component_ref idref="oc-120"/>
      </symbol>
      <symbol id="sm-305">
         <name>KeyBuf</name>
         <value>0x20000410</value>
         <object_component_ref idref="oc-120"/>
      </symbol>
      <symbol id="sm-306">
         <name>Decode</name>
         <value>0xe9</value>
         <object_component_ref idref="oc-92"/>
      </symbol>
      <symbol id="sm-307">
         <name>FSSIntHandler</name>
         <value>0x1</value>
         <object_component_ref idref="oc-92"/>
      </symbol>
      <symbol id="sm-308">
         <name>KeyIn</name>
         <value>0x20000414</value>
         <object_component_ref idref="oc-120"/>
      </symbol>
      <symbol id="sm-309">
         <name>KeyboardInit</name>
         <value>0x65</value>
         <object_component_ref idref="oc-92"/>
      </symbol>
      <symbol id="sm-30a">
         <name>KeyBuffer</name>
         <value>0x20000844</value>
         <object_component_ref idref="oc-11a"/>
      </symbol>
      <symbol id="sm-30b">
         <name>KeyRead</name>
         <value>0x20000416</value>
         <object_component_ref idref="oc-120"/>
      </symbol>
      <symbol id="sm-30c">
         <name>KeyTask</name>
         <value>0x42d</value>
         <object_component_ref idref="oc-92"/>
      </symbol>
      <symbol id="sm-30d">
         <name>temp_count</name>
         <value>0x2000083c</value>
         <object_component_ref idref="oc-11a"/>
      </symbol>
      <symbol id="sm-30e">
         <name>KeyScan</name>
         <value>0x4dd</value>
         <object_component_ref idref="oc-92"/>
      </symbol>
      <symbol id="sm-30f">
         <name>Data</name>
         <value>0x20000840</value>
         <object_component_ref idref="oc-11a"/>
      </symbol>
      <symbol id="sm-310">
         <name>Byte_Reverse</name>
         <value>0x465</value>
         <object_component_ref idref="oc-92"/>
      </symbol>
      <symbol id="sm-311">
         <name>KeyOut</name>
         <value>0x20000415</value>
         <object_component_ref idref="oc-120"/>
      </symbol>
      <symbol id="sm-312">
         <name>PutKeyBuf</name>
         <value>0x359</value>
         <object_component_ref idref="oc-92"/>
      </symbol>
      <symbol id="sm-357">
         <name>time_string</name>
         <value>0x20000400</value>
         <object_component_ref idref="oc-c8"/>
      </symbol>
      <symbol id="sm-358">
         <name>draw_text_bmp</name>
         <value>0x951</value>
         <object_component_ref idref="oc-88"/>
      </symbol>
      <symbol id="sm-359">
         <name>draw_char_bmp</name>
         <value>0xa05</value>
         <object_component_ref idref="oc-88"/>
      </symbol>
      <symbol id="sm-35a">
         <name>GlcdDispTime</name>
         <value>0xb41</value>
         <object_component_ref idref="oc-88"/>
      </symbol>
      <symbol id="sm-364">
         <name>MyFont</name>
         <value>0x1914</value>
         <object_component_ref idref="oc-a1"/>
      </symbol>
      <symbol id="sm-425">
         <name>TimeSet</name>
         <value>0x12d7</value>
         <object_component_ref idref="oc-97"/>
      </symbol>
      <symbol id="sm-426">
         <name>ClockInit</name>
         <value>0x1231</value>
         <object_component_ref idref="oc-97"/>
      </symbol>
      <symbol id="sm-427">
         <name>TimeGet</name>
         <value>0x12c1</value>
         <object_component_ref idref="oc-97"/>
      </symbol>
      <symbol id="sm-428">
         <name>Timer0IntHandler</name>
         <value>0x1271</value>
         <object_component_ref idref="oc-97"/>
      </symbol>
      <symbol id="sm-43a">
         <name>_c_int00</name>
         <value>0x1629</value>
         <object_component_ref idref="oc-16"/>
      </symbol>
      <symbol id="sm-43b">
         <name>__stack</name>
         <value>0x20000418</value>
         <object_component_ref idref="oc-26"/>
      </symbol>
      <symbol id="sm-456">
         <name>__TI_auto_init</name>
         <value>0x13d1</value>
         <object_component_ref idref="oc-28"/>
      </symbol>
      <symbol id="sm-465">
         <name>_args_main</name>
         <value>0x182d</value>
         <object_component_ref idref="oc-2c"/>
      </symbol>
      <symbol id="sm-47f">
         <name>__TI_decompress_none</name>
         <value>0x18bd</value>
         <object_component_ref idref="oc-1a"/>
      </symbol>
      <symbol id="sm-4a9">
         <name>__TI_decompress_rle24</name>
         <value>0x190b</value>
         <object_component_ref idref="oc-22"/>
      </symbol>
      <symbol id="sm-4bb">
         <name>__TI_zero_init</name>
         <value>0x188f</value>
         <object_component_ref idref="oc-1e"/>
      </symbol>
      <symbol id="sm-4d2">
         <name>copy_in</name>
         <value>0x1751</value>
         <object_component_ref idref="oc-51"/>
      </symbol>
      <symbol id="sm-4ed">
         <name>C$$EXIT</name>
         <value>0x1795</value>
         <object_component_ref idref="oc-30"/>
      </symbol>
      <symbol id="sm-4ee">
         <name>_dtors_ptr</name>
         <value>0x20000854</value>
         <object_component_ref idref="oc-62"/>
      </symbol>
      <symbol id="sm-4ef">
         <name>abort</name>
         <value>0x1799</value>
         <object_component_ref idref="oc-30"/>
      </symbol>
      <symbol id="sm-4f0">
         <name>_cleanup_ptr</name>
         <value>0x20000850</value>
         <object_component_ref idref="oc-62"/>
      </symbol>
      <symbol id="sm-4f1">
         <name>exit</name>
         <value>0x17a1</value>
         <object_component_ref idref="oc-30"/>
      </symbol>
      <symbol id="sm-506">
         <name>memcpy</name>
         <value>0x1471</value>
         <object_component_ref idref="oc-36"/>
      </symbol>
      <symbol id="sm-507">
         <name>__aeabi_memcpy</name>
         <value>0x1471</value>
         <object_component_ref idref="oc-36"/>
      </symbol>
      <symbol id="sm-508">
         <name>__aeabi_memcpy8</name>
         <value>0x1471</value>
         <object_component_ref idref="oc-36"/>
      </symbol>
      <symbol id="sm-509">
         <name>__aeabi_memcpy4</name>
         <value>0x1471</value>
         <object_component_ref idref="oc-36"/>
      </symbol>
      <symbol id="sm-515">
         <name>main_func_sp</name>
         <value>0x20000860</value>
         <object_component_ref idref="oc-34"/>
      </symbol>
      <symbol id="sm-52a">
         <name>_nop</name>
         <value>0x1853</value>
         <object_component_ref idref="oc-b3"/>
      </symbol>
      <symbol id="sm-52b">
         <name>_lock</name>
         <value>0x20000848</value>
         <object_component_ref idref="oc-60"/>
      </symbol>
      <symbol id="sm-52c">
         <name>_unlock</name>
         <value>0x2000084c</value>
         <object_component_ref idref="oc-60"/>
      </symbol>
      <symbol id="sm-52d">
         <name>_register_lock</name>
         <value>0x184b</value>
         <object_component_ref idref="oc-b3"/>
      </symbol>
      <symbol id="sm-52e">
         <name>_register_unlock</name>
         <value>0x1845</value>
         <object_component_ref idref="oc-b3"/>
      </symbol>
      <symbol id="sm-55d">
         <name>TimerLoadSet</name>
         <value>0x187d</value>
         <object_component_ref idref="oc-127"/>
      </symbol>
      <symbol id="sm-55e">
         <name>TimerEnable</name>
         <value>0x18af</value>
         <object_component_ref idref="oc-133"/>
      </symbol>
      <symbol id="sm-55f">
         <name>TimerIntEnable</name>
         <value>0x18fd</value>
         <object_component_ref idref="oc-12f"/>
      </symbol>
      <symbol id="sm-560">
         <name>TimerConfigure</name>
         <value>0x1805</value>
         <object_component_ref idref="oc-123"/>
      </symbol>
      <symbol id="sm-561">
         <name>TimerIntClear</name>
         <value>0x1911</value>
         <object_component_ref idref="oc-137"/>
      </symbol>
      <symbol id="sm-5b1">
         <name>SysCtlPeripheralEnable</name>
         <value>0x15d1</value>
         <object_component_ref idref="oc-d6"/>
      </symbol>
      <symbol id="sm-5b2">
         <name>SysCtlClockGet</name>
         <value>0xeb5</value>
         <object_component_ref idref="oc-ea"/>
      </symbol>
      <symbol id="sm-5d8">
         <name>SSIDataPut</name>
         <value>0x18e1</value>
         <object_component_ref idref="oc-f6"/>
      </symbol>
      <symbol id="sm-5d9">
         <name>SSIConfigSetExpClk</name>
         <value>0x170d</value>
         <object_component_ref idref="oc-ee"/>
      </symbol>
      <symbol id="sm-5da">
         <name>SSIEnable</name>
         <value>0x18eb</value>
         <object_component_ref idref="oc-f2"/>
      </symbol>
      <symbol id="sm-5db">
         <name>SSIBusy</name>
         <value>0x18f5</value>
         <object_component_ref idref="oc-fa"/>
      </symbol>
      <symbol id="sm-5fd">
         <name>IntEnable</name>
         <value>0x150d</value>
         <object_component_ref idref="oc-12b"/>
      </symbol>
      <symbol id="sm-665">
         <name>GPIOPinIntClear</name>
         <value>0x1905</value>
         <object_component_ref idref="oc-10a"/>
      </symbol>
      <symbol id="sm-666">
         <name>GPIOPinConfigure</name>
         <value>0x1681</value>
         <object_component_ref idref="oc-e2"/>
      </symbol>
      <symbol id="sm-667">
         <name>GPIOPinIntDisable</name>
         <value>0x18a1</value>
         <object_component_ref idref="oc-10e"/>
      </symbol>
      <symbol id="sm-668">
         <name>GPIOIntTypeSet</name>
         <value>0x16c9</value>
         <object_component_ref idref="oc-116"/>
      </symbol>
      <symbol id="sm-669">
         <name>GPIOPinIntEnable</name>
         <value>0x18cb</value>
         <object_component_ref idref="oc-112"/>
      </symbol>
      <symbol id="sm-66a">
         <name>GPIOPinTypeGPIOOutput</name>
         <value>0x1859</value>
         <object_component_ref idref="oc-da"/>
      </symbol>
      <symbol id="sm-66b">
         <name>GPIODirModeSet</name>
         <value>0x17d5</value>
         <object_component_ref idref="oc-1c5"/>
      </symbol>
      <symbol id="sm-66c">
         <name>GPIOPinWrite</name>
         <value>0x18d7</value>
         <object_component_ref idref="oc-de"/>
      </symbol>
      <symbol id="sm-66d">
         <name>GPIOPadConfigSet</name>
         <value>0x1309</value>
         <object_component_ref idref="oc-1c1"/>
      </symbol>
      <symbol id="sm-66e">
         <name>GPIOPinTypeSSI</name>
         <value>0x186b</value>
         <object_component_ref idref="oc-e6"/>
      </symbol>
      <symbol id="sm-670">
         <name>__TI_static_base__</name>
         <value>0x0</value>
      </symbol>
      <symbol id="sm-671">
         <name>ti_sysbios_knl_Task_sleep__E</name>
         <value>0x0</value>
      </symbol>
      <symbol id="sm-672">
         <name>xdc_runtime_System_printf__E</name>
         <value>0x0</value>
      </symbol>
      <symbol id="sm-673">
         <name>ti_sysbios_BIOS_start__E</name>
         <value>0x0</value>
      </symbol>
      <symbol id="sm-674">
         <name>xdc_runtime_System_flush__E</name>
         <value>0x0</value>
      </symbol>
      <symbol id="sm-675">
         <name>ti_sysbios_knl_Semaphore_pend__E</name>
         <value>0x0</value>
      </symbol>
      <symbol id="sm-676">
         <name>ti_sysbios_knl_Semaphore_post__E</name>
         <value>0x0</value>
      </symbol>
      <symbol id="sm-677">
         <name>DataSem</name>
         <value>0x0</value>
      </symbol>
      <symbol id="sm-678">
         <name>KeySem</name>
         <value>0x0</value>
      </symbol>
      <symbol id="sm-679">
         <name>xdc_runtime_Startup_reset__I</name>
         <value>0x0</value>
      </symbol>
      <symbol id="sm-67a">
         <name>SHT$$INIT_ARRAY$$Limit</name>
         <value>0x0</value>
      </symbol>
      <symbol id="sm-67b">
         <name>SHT$$INIT_ARRAY$$Base</name>
         <value>0x0</value>
      </symbol>
      <symbol id="sm-67c">
         <name>xdc_runtime_Startup_exec__E</name>
         <value>0x0</value>
      </symbol>
      <symbol id="sm-67d">
         <name>__TI_args_main</name>
         <value>0x1</value>
      </symbol>
   </symbol_table>
</link_info>
