******************************************************************************
                  TI ARM Linker PC v5.0.4                      
******************************************************************************
>> Linked Mon May 27 21:55:21 2013

OUTPUT FILE NAME:   <Grocery.out>
ENTRY POINT SYMBOL: "_c_int00"  address: 00004f05


MEMORY CONFIGURATION

         name            origin    length      used     unused   attr    fill
----------------------  --------  ---------  --------  --------  ----  --------
  FLASH                 00000000   00040000  00007607  000389f9  R  X
  SRAM                  20000000   00008000  00002ff3  0000500d  RW X


SEGMENT ALLOCATION MAP

run origin  load origin   length   init length attrs members
----------  ----------- ---------- ----------- ----- -------
00000000    00000000    00007610   00007610    r-x
  00000000    00000000    00000360   00000360    r-- .resetVecs
  00000360    00000360    0000612a   0000612a    r-x .text
  0000648c    0000648c    00000995   00000995    r-- .const
  00006e28    00006e28    000007e8   000007e8    r-- .cinit
20000000    20000000    00001ddc   00000000    rw-
  20000000    20000000    00000360   00000000    rw- .vecs
  20000360    20000360    00001a7c   00000000    rw- .bss
20001ddc    20001ddc    00001218   00000e17    rw-
  20001ddc    20001ddc    00000e17   00000e17    rw- .data
  20002bf4    20002bf4    00000400   00000000    rw- .stack


SECTION ALLOCATION MAP

 output                                  attributes/
section   page    origin      length       input sections
--------  ----  ----------  ----------   ----------------
.bootVecs 
*          0    00000000    00000008     DSECT
                  00000000    00000008     boot.aem4f : boot.oem4f (.bootVecs)

.resetVecs 
*          0    00000000    00000360     
                  00000000    00000360     app_pem4f.oem4f (.resetVecs)

xdc.meta   0    00000000    000000d9     COPY SECTION
                  00000000    000000d9     app_pem4f.oem4f (xdc.meta)

xdc.noload 
*          0    00000000    00001242     COPY SECTION
                  00000000    00001242     app_pem4f.oem4f (xdc.noload)

.init_array 
*          0    00000000    00000000     UNINITIALIZED

.text      0    00000360    0000612a     
                  00000360    000006c0     main.obj (.text)
                  00000a20    00000520     Ps2Keyboard.obj (.text)
                  00000f40    00000424     sysbios.aem4f : BIOS.obj (.text:ti_sysbios_family_arm_m3_Hwi_excDumpRegs__I)
                  00001364    0000041c     st7565.obj (.text)
                  00001780    00000344     ti.targets.arm.rtsarm.aem4f : System.oem4f (.text:xdc_runtime_System_doPrint__I)
                  00001ac4    00000314     Graphics_Bmp.obj (.text)
                  00001dd8    000002e4     rtsv7M4_T_le_v4SPD16_eabi.lib : trgdrv.obj (.text)
                  000020bc    00000238     sysbios.aem4f : BIOS.obj (.text:ti_sysbios_knl_Semaphore_pend__E)
                  000022f4    000001dc                   : BIOS.obj (.text:ti_sysbios_family_arm_m3_Hwi_excHandlerMax__I)
                  000024d0    000001d8     driverlib-cm4f.lib : sysctl.obj (.text:SysCtlClockGet)
                  000026a8    000001b8     buttons.obj (.text)
                  00002860    0000018c     sysbios.aem4f : BIOS.obj (.text:ti_sysbios_knl_Task_sleep__E)
                  000029ec    00000168                   : BIOS.obj (.text:ti_sysbios_family_arm_m3_Hwi_excBusFault__I)
                  00002b54    00000154                   : BIOS.obj (.text:ti_sysbios_family_arm_m3_Hwi_excUsageFault__I)
                  00002ca8    00000140                   : BIOS.obj (.text:ti_sysbios_family_arm_m3_Hwi_excMemFault__I)
                  00002de8    0000013c     ti.targets.arm.rtsarm.aem4f : Error.oem4f (.text:xdc_runtime_Error_raiseX__F)
                  00002f24    00000138     Boot.aem4f : Boot_sysctl.oem4f (.text:ti_catalog_arm_cortexm4_tiva_ce_Boot_sysCtlClockSetI__I)
                  0000305c    00000134     sysbios.aem4f : m3_Hwi_asm.obj (.text:ti_sysbios_family_arm_m3_Hwi_dispatch__I)
                  00003190    0000012c     ti.targets.arm.rtsarm.aem4f : LoggerBuf.oem4f (.text:xdc_runtime_LoggerBuf_write8__F)
                  000032bc    00000128     sysbios.aem4f : BIOS.obj (.text:ti_sysbios_family_arm_lm4_TimestampProvider_get64__E)
                  000033e4    00000114                   : BIOS.obj (.text:ti_sysbios_family_arm_lm4_Timer_initDevice__I)
                  000034f8    00000104     ti.targets.arm.rtsarm.aem4f : Core-mem.oem4f (.text:xdc_runtime_Core_createObject__I)
                  000035fc    000000fc     sysbios.aem4f : BIOS.obj (.text:ti_sysbios_family_arm_lm4_Timer_start__E)
                  000036f8    000000f8     ti.targets.arm.rtsarm.aem4f : Startup.oem4f (.text:xdc_runtime_Startup_startMods__I)
                  000037f0    000000f8     app_pem4f.oem4f (.text:xdc_runtime_System_printfExtend__I)
                  000038e8    000000ec     rtsv7M4_T_le_v4SPD16_eabi.lib : dtor_list.obj (.text)
                  000039d4    000000ec     sysbios.aem4f : BIOS.obj (.text:ti_sysbios_knl_Semaphore_post__E)
                  00003ac0    000000dc                   : BIOS.obj (.text:ti_sysbios_family_arm_m3_Hwi_initNVIC__E)
                  00003b9c    000000dc                   : BIOS.obj (.text:ti_sysbios_knl_Task_postInit__I)
                  00003c78    000000d8     Clock.obj (.text)
                  00003d50    000000d4     ti.targets.arm.rtsarm.aem4f : LoggerBuf.oem4f (.text:xdc_runtime_LoggerBuf_write4__F)
                  00003e24    000000c8     driverlib-cm4f.lib : gpio.obj (.text:GPIOPadConfigSet)
                  00003eec    000000b4     sysbios.aem4f : BIOS.obj (.text:ti_sysbios_family_arm_m3_Hwi_excHardFault__I)
                  00003fa0    000000b4                   : BIOS.obj (.text:ti_sysbios_knl_Task_checkStacks__E)
                  00004054    000000b0                   : BIOS.obj (.text:ti_sysbios_family_arm_m3_Hwi_excDebugMon__I)
                  00004104    000000ac                   : BIOS.obj (.text:ti_sysbios_knl_Swi_schedule__I)
                  000041b0    000000a4                   : BIOS.obj (.text:ti_sysbios_family_arm_m3_Hwi_Module_startup__F)
                  00004254    000000a0     auto_init.aem4f : auto_init.oem4f (.text)
                  000042f4    0000009c     rtsv7M4_T_le_v4SPD16_eabi.lib : memcpy_t2.obj (.text)
                  00004390    0000009a     ti.targets.arm.rtsarm.aem4f : Text.oem4f (.text:xdc_runtime_Text_putSite__F)
                  0000442a    00000002     sysbios.aem4f : BIOS.obj (.text:ti_sysbios_BIOS_nullFunc__I)
                  0000442c    00000094     Boot.aem4f : Boot.oem4f (.text:ti_catalog_arm_cortexm4_tiva_ce_Boot_sysCtlClockSet__E)
                  000044c0    00000094     ti.targets.arm.rtsarm.aem4f : Text.oem4f (.text:xdc_runtime_Text_putMod__F)
                  00004554    00000090     sysbios.aem4f : BIOS.obj (.text:ti_sysbios_knl_Task_exit__E)
                  000045e4    00000090                   : BIOS.obj (.text:ti_sysbios_knl_Task_startCore__E)
                  00004674    0000008c                   : m3_TaskSupport_asm.obj (.text:_ti_sysbios_family_arm_m3_TaskSupport_buildTaskStack)
                  00004700    0000008c     ti.targets.arm.rtsarm.aem4f : HeapMin.oem4f (.text:xdc_runtime_HeapMin_Instance_init__F)
                  0000478c    00000088     sysbios.aem4f : BIOS.obj (.text:ti_sysbios_knl_Task_schedule__I)
                  00004814    00000084                   : BIOS.obj (.text:ti_sysbios_knl_Task_Module_startup__F)
                  00004898    00000080     ti.targets.arm.rtsarm.aem4f : LoggerBuf.oem4f (.text:xdc_runtime_LoggerBuf_setFilterLevel__F)
                  00004918    00000078     rtsv7M4_T_le_v4SPD16_eabi.lib : memset_t2.obj (.text)
                  00004990    00000070     ti.targets.arm.rtsarm.aem4f : Memory.oem4f (.text:xdc_runtime_Memory_alloc__F)
                  00004a00    0000006c     sysbios.aem4f : BIOS.obj (.text:ti_sysbios_knl_Clock_workFunc__E)
                  00004a6c    0000006c     ti.targets.arm.rtsarm.aem4f : Error.oem4f (.text:xdc_runtime_Error_print__F)
                  00004ad8    0000006c                                 : LoggerBuf.oem4f (.text:xdc_runtime_LoggerBuf_getFilterLevel__F)
                  00004b44    00000066                                 : Core-mem.oem4f (.text:xdc_runtime_Core_deleteObject__I)
                  00004baa    00000002     sysbios.aem4f : BIOS.obj (.text:ti_sysbios_gates_GateHwi_Instance_init__F)
                  00004bac    00000064     driverlib-cm4f.lib : interrupt.obj (.text:IntEnable)
                  00004c10    00000060     rtsv7M4_T_le_v4SPD16_eabi.lib : trgmsg.obj (.text)
                  00004c70    00000060     sysbios.aem4f : BIOS.obj (.text:ti_sysbios_family_arm_m3_Hwi_dispatchC__I)
                  00004cd0    00000060                   : BIOS.obj (.text:ti_sysbios_knl_Swi_run__I)
                  00004d30    00000060     app_pem4f.oem4f (.text:xdc_runtime_LoggerBuf_Object__create__S)
                  00004d90    0000005e     rtsv7M4_T_le_v4SPD16_eabi.lib : copy_decompress_rle.obj (.text)
                  00004dee    00000002     sysbios.aem4f : BIOS.obj (.text:ti_sysbios_knl_Clock_logTick__E)
                  00004df0    0000005c                   : BIOS.obj (.text:ti_sysbios_family_arm_lm4_Timer_Module_startup__F)
                  00004e4c    0000005c                   : BIOS.obj (.text:ti_sysbios_knl_Swi_restoreHwi__E)
                  00004ea8    0000005b     ti.targets.arm.rtsarm.aem4f : Text.oem4f (.text:xdc_runtime_Text_putLab__F)
                  00004f03    00000001     --HOLE-- [fill = 0]
                  00004f04    00000058     boot.aem4f : boot.oem4f (.text)
                  00004f5c    00000058     driverlib-cm4f.lib : sysctl.obj (.text:SysCtlPeripheralEnable)
                  00004fb4    00000058     sysbios.aem4f : BIOS.obj (.text:ti_sysbios_knl_Task_unblockI__E)
                  0000500c    00000050     ti.targets.arm.rtsarm.aem4f : Startup.oem4f (.text:xdc_runtime_Startup_exec__F)
                  0000505c    00000050                                 : System.oem4f (.text:xdc_runtime_System_formatNum__I)
                  000050ac    00000048     driverlib-cm4f.lib : gpio.obj (.text:GPIOPinConfigure)
                  000050f4    00000048     sysbios.aem4f : BIOS.obj (.text:ti_sysbios_family_arm_m3_Hwi_excReserved__I)
                  0000513c    00000048                   : BIOS.obj (.text:ti_sysbios_knl_Task_allBlockedFunction__I)
                  00005184    00000048     ti.targets.arm.rtsarm.aem4f : Assert.oem4f (.text:xdc_runtime_Assert_raise__I)
                  000051cc    00000048                                 : Core-params.oem4f (.text:xdc_runtime_Core_assignParams__I)
                  00005214    00000044     driverlib-cm4f.lib : gpio.obj (.text:GPIOIntTypeSet)
                  00005258    00000044                        : ssi.obj (.text:SSIConfigSetExpClk)
                  0000529c    00000044     rtsv7M4_T_le_v4SPD16_eabi.lib : cpy_tbl.obj (.text)
                  000052e0    00000044     sysbios.aem4f : BIOS.obj (.text:ti_sysbios_family_arm_lm4_Timer_isrStub__E)
                  00005324    00000044                   : BIOS.obj (.text:ti_sysbios_family_arm_m3_Hwi_disableInterrupt__E)
                  00005368    00000044                   : BIOS.obj (.text:ti_sysbios_family_arm_m3_Hwi_enableInterrupt__E)
                  000053ac    00000044                   : BIOS.obj (.text:ti_sysbios_knl_Swi_post__E)
                  000053f0    00000044     ti.targets.arm.rtsarm.aem4f : LoggerBuf.oem4f (.text:xdc_runtime_LoggerBuf_filterOutEvent__I)
                  00005434    00000044                                 : SysMin.oem4f (.text:xdc_runtime_SysMin_flush__F)
                  00005478    00000040     rtsv7M4_T_le_v4SPD16_eabi.lib : exit.obj (.text)
                  000054b8    00000040     sysbios.aem4f : BIOS.obj (.text:ti_sysbios_family_arm_lm4_Timer_startup__E)
                  000054f8    00000040                   : BIOS.obj (.text:ti_sysbios_knl_Semaphore_pendTimeout__I)
                  00005538    00000040                   : BIOS.obj (.text:ti_sysbios_knl_Task_processVitalTaskFlag__I)
                  00005578    00000040     ti.targets.arm.rtsarm.aem4f : System.oem4f (.text:xdc_runtime_System_atexit__F)
                  000055b8    0000003c     sysbios.aem4f : BIOS.obj (.text:ti_sysbios_family_arm_m3_Hwi_excSvCall__I)
                  000055f4    0000003c                   : BIOS.obj (.text:ti_sysbios_knl_Swi_restore__E)
                  00005630    0000003c     ti.targets.arm.rtsarm.aem4f : HeapMin.oem4f (.text:xdc_runtime_HeapMin_alloc__F)
                  0000566c    0000003c                                 : Text.oem4f (.text:xdc_runtime_Text_xprintf__I)
                  000056a8    00000038     sysbios.aem4f : BIOS.obj (.text:ti_sysbios_family_arm_m3_Hwi_excNoIsr__I)
                  000056e0    00000038                   : BIOS.obj (.text:ti_sysbios_family_arm_m3_Hwi_getStackInfo__E)
                  00005718    00000038                   : BIOS.obj (.text:ti_sysbios_family_arm_m3_TaskSupport_start__E)
                  00005750    00000038     ti.targets.arm.rtsarm.aem4f : LoggerBuf.oem4f (.text:xdc_runtime_LoggerBuf_Instance_init__F)
                  00005788    00000038                                 : SysMin.oem4f (.text:xdc_runtime_SysMin_putch__F)
                  000057c0    00000034     sysbios.aem4f : BIOS.obj (.text:ti_sysbios_family_arm_m3_Hwi_excNmi__I)
                  000057f4    00000034     app_pem4f.oem4f (.text:ti_sysbios_gates_GateHwi_Object__create__S)
                  00005828    00000034     sysbios.aem4f : BIOS.obj (.text:ti_sysbios_hal_Hwi_checkStack:ti_sysbios_hal_Hwi_checkStack)
                  0000585c    00000034     app_pem4f.oem4f (.text:xdc_runtime_HeapMin_Object__create__S)
                  00005890    00000030     sysbios.aem4f : BIOS.obj (.text:ti_sysbios_BIOS_errorRaiseHook__I)
                  000058c0    00000030     app_pem4f.oem4f (.text:ti_sysbios_BIOS_exitFunc__I)
                  000058f0    00000030     sysbios.aem4f : BIOS.obj (.text:ti_sysbios_family_arm_lm4_Timer_enableTimers__I)
                  00005920    00000030                   : BIOS.obj (.text:ti_sysbios_family_arm_lm4_Timer_stop__E)
                  00005950    00000030                   : BIOS.obj (.text:ti_sysbios_knl_Idle_run__E)
                  00005980    00000030     ti.targets.arm.rtsarm.aem4f : Core-label.oem4f (.text:xdc_runtime_Core_assignLabel__I)
                  000059b0    00000030                                 : HeapMin.oem4f (.text:xdc_runtime_HeapMin_free__F)
                  000059e0    00000030                                 : SysMin.oem4f (.text:xdc_runtime_SysMin_abort__F)
                  00005a10    0000002f                                 : Text.oem4f (.text:xdc_runtime_Text_printVisFxn__I)
                  00005a3f    00000001     --HOLE-- [fill = 0]
                  00005a40    0000002e     driverlib-cm4f.lib : gpio.obj (.text:GPIODirModeSet)
                  00005a6e    0000002e     app_pem4f.oem4f (.text:malloc)
                  00005a9c    0000002e     sysbios.aem4f : BIOS.obj (.text:ti_sysbios_knl_Task_sleepTimeout__I)
                  00005aca    0000002c                   : BIOS.obj (.text:ti_sysbios_hal_Hwi_initStack:ti_sysbios_hal_Hwi_initStack)
                  00005af6    00000002     app_pem4f.oem4f (.text:xdc_runtime_Startup_reset__I)
                  00005af8    0000002c     app_pem4f.oem4f (.text:ti_sysbios_knl_Clock_doTick__I)
                  00005b24    0000002c     sysbios.aem4f : BIOS.obj (.text:ti_sysbios_knl_Task_restore__E)
                  00005b50    0000002c     ti.targets.arm.rtsarm.aem4f : System.oem4f (.text:xdc_runtime_System_rtsExit__I)
                  00005b7c    0000002c                                 : Text.oem4f (.text:xdc_runtime_Text_cordText__F)
                  00005ba8    0000002a                                 : System.oem4f (.text:xdc_runtime_System_putchar__I)
                  00005bd2    00000002     --HOLE-- [fill = 0]
                  00005bd4    00000028     driverlib-cm4f.lib : timer.obj (.text:TimerConfigure)
                  00005bfc    00000028     sysbios.aem4f : m3_Hwi_asm_switch.obj (.text:_ti_sysbios_family_arm_m3_Hwi_initStacks__E)
                  00005c24    00000028                   : BIOS.obj (.text:ti_sysbios_knl_Clock_addI__E)
                  00005c4c    00000028     ti.targets.arm.rtsarm.aem4f : LoggerBuf.oem4f (.text:xdc_runtime_LoggerBuf_Module_startup__F)
                  00005c74    00000026                                 : System.oem4f (.text:xdc_runtime_System_avprintf__F)
                  00005c9a    00000002     --HOLE-- [fill = 0]
                  00005c9c    00000024     sysbios.aem4f : BIOS.obj (.text:ti_sysbios_knl_Clock_Module_startup__F)
                  00005cc0    00000024                   : BIOS.obj (.text:ti_sysbios_knl_Swi_Module_startup__F)
                  00005ce4    00000024                   : BIOS.obj (.text:ti_sysbios_knl_Task_restoreHwi__E)
                  00005d08    00000024     ti.targets.arm.rtsarm.aem4f : System.oem4f (.text:xdc_runtime_System_vprintf__F)
                  00005d2c    00000022     app_pem4f.oem4f (.text:xdc_runtime_SysMin_output__I)
                  00005d4e    00000002     --HOLE-- [fill = 0]
                  00005d50    00000020     sysbios.aem4f : BIOS.obj (.text:ti_sysbios_BIOS_removeRTSLock__I)
                  00005d70    00000020     app_pem4f.oem4f (.text:ti_sysbios_BIOS_startFunc__I)
                  00005d90    00000020     app_pem4f.oem4f (.text:ti_sysbios_gates_GateHwi_Object__delete__S)
                  00005db0    00000020     sysbios.aem4f : BIOS.obj (.text:ti_sysbios_knl_Task_enter__I)
                  00005dd0    00000020     app_pem4f.oem4f (.text:xdc_runtime_HeapMin_Object__delete__S)
                  00005df0    00000020     app_pem4f.oem4f (.text:xdc_runtime_LoggerBuf_Object__delete__S)
                  00005e10    00000020     ti.targets.arm.rtsarm.aem4f : LoggerBuf.oem4f (.text:xdc_runtime_LoggerBuf_reset__F)
                  00005e30    00000020                                 : Registry.oem4f (.text:xdc_runtime_Registry_findById__F)
                  00005e50    00000020                                 : SysMin.oem4f (.text:xdc_runtime_SysMin_Module_startup__F)
                  00005e70    0000001e     sysbios.aem4f : BIOS.obj (.text:ti_sysbios_family_arm_lm4_Timer_write__I)
                  00005e8e    0000001c                   : BIOS.obj (.text:ti_sysbios_knl_Queue_put__E)
                  00005eaa    00000002     --HOLE-- [fill = 0]
                  00005eac    0000001c     ti.targets.arm.rtsarm.aem4f : Error.oem4f (.text:xdc_runtime_Error_check__F)
                  00005ec8    0000001c                                 : Memory.oem4f (.text:xdc_runtime_Memory_valloc__F)
                  00005ee4    0000001c                                 : SysMin.oem4f (.text:xdc_runtime_SysMin_exit__F)
                  00005f00    0000001a     app_pem4f.oem4f (.text:xdc_runtime_System_aprintf__E)
                  00005f1a    0000001a     app_pem4f.oem4f (.text:xdc_runtime_System_printf__E)
                  00005f34    00000018     sysbios.aem4f : m3_TaskSupport_asm.obj (.text:_ti_sysbios_family_arm_m3_TaskSupport_swap__E)
                  00005f4c    00000018     app_pem4f.oem4f (.text:free)
                  00005f64    00000018     rtsv7M4_T_le_v4SPD16_eabi.lib : args_main.obj (.text)
                  00005f7c    00000018     app_pem4f.oem4f (.text:ti_sysbios_family_arm_lm4_Timer_Module__startupDone__F)
                  00005f94    00000018     app_pem4f.oem4f (.text:ti_sysbios_family_arm_m3_Hwi_Handle__label__S)
                  00005fac    00000018     app_pem4f.oem4f (.text:ti_sysbios_family_arm_m3_Hwi_Module__startupDone__F)
                  00005fc4    00000018     app_pem4f.oem4f (.text:ti_sysbios_gates_GateHwi_Handle__label__S)
                  00005fdc    00000018     app_pem4f.oem4f (.text:ti_sysbios_hal_Timer_Module__startupDone__F)
                  00005ff4    00000018     app_pem4f.oem4f (.text:ti_sysbios_knl_Swi_Handle__label__S)
                  0000600c    00000018     app_pem4f.oem4f (.text:ti_sysbios_knl_Task_Handle__label__S)
                  00006024    00000018     app_pem4f.oem4f (.text:xdc_runtime_HeapMin_Handle__label__S)
                  0000603c    00000018     app_pem4f.oem4f (.text:xdc_runtime_LoggerBuf_Handle__label__S)
                  00006054    00000018     ti.targets.arm.rtsarm.aem4f : Text.oem4f (.text:xdc_runtime_Text_ropeText__F)
                  0000606c    00000014     rtsv7M4_T_le_v4SPD16_eabi.lib : _lock.obj (.text)
                  00006080    00000014                                   : strlen.obj (.text)
                  00006094    00000014     sysbios.aem4f : BIOS.obj (.text:ti_sysbios_family_arm_m3_Hwi_switchFromBootStack__E)
                  000060a8    00000014     app_pem4f.oem4f (.text:ti_sysbios_knl_Swi_Object__get__S)
                  000060bc    00000014     ti.targets.arm.rtsarm.aem4f : LoggerBuf.oem4f (.text:xdc_runtime_LoggerBuf_Instance_finalize__F)
                  000060d0    00000014     app_pem4f.oem4f (.text:xdc_runtime_LoggerBuf_Object__get__S)
                  000060e4    00000014     ti.targets.arm.rtsarm.aem4f : LoggerBuf.oem4f (.text:xdc_runtime_LoggerBuf_write2__F)
                  000060f8    00000014                                 : System.oem4f (.text:xdc_runtime_System_abort__F)
                  0000610c    00000012     driverlib-cm4f.lib : gpio.obj (.text:GPIOPinTypeGPIOInput)
                  0000611e    00000012                        : gpio.obj (.text:GPIOPinTypeGPIOOutput)
                  00006130    00000012                        : gpio.obj (.text:GPIOPinTypeSSI)
                  00006142    00000012                        : timer.obj (.text:TimerLoadSet)
                  00006154    00000012     rtsv7M4_T_le_v4SPD16_eabi.lib : copy_zero_init.obj (.text:decompress:ZI)
                  00006166    00000012     sysbios.aem4f : BIOS.obj (.text:ti_sysbios_hal_Hwi_Module_startup__F)
                  00006178    00000012                   : BIOS.obj (.text:ti_sysbios_hal_Timer_Module_startup__F)
                  0000618a    00000012     ti.targets.arm.rtsarm.aem4f : LoggerBuf.oem4f (.text:xdc_runtime_LoggerBuf_write1__F)
                  0000619c    00000012     app_pem4f.oem4f (.text:xdc_runtime_Startup_exec__I)
                  000061ae    00000010     sysbios.aem4f : m3_TaskSupport_asm.obj (.text:_ti_sysbios_family_arm_m3_TaskSupport_glue)
                  000061be    00000010                   : m3_Hwi_asm_switch.obj (.text:_ti_sysbios_family_xxx_Hwi_switchToIsrStack)
                  000061ce    00000010     rtsv7M4_T_le_v4SPD16_eabi.lib : strcpy.obj (.text)
                  000061de    00000002     --HOLE-- [fill = 0]
                  000061e0    00000010     sysbios.aem4f : BIOS.obj (.text:ti_sysbios_BIOS_setThreadType__E)
                  000061f0    00000010                   : BIOS.obj (.text:ti_sysbios_BIOS_start__E)
                  00006200    00000010                   : BIOS.obj (.text:ti_sysbios_family_arm_lm4_TimestampProvider_rolloverFunc__E)
                  00006210    00000010                   : BIOS.obj (.text:ti_sysbios_family_arm_m3_Hwi_excHandler__I)
                  00006220    00000010                   : BIOS.obj (.text:ti_sysbios_knl_Swi_disable__E)
                  00006230    00000010     app_pem4f.oem4f (.text:ti_sysbios_knl_Task_Object__get__S)
                  00006240    00000010     sysbios.aem4f : BIOS.obj (.text:ti_sysbios_knl_Task_disable__E)
                  00006250    00000010     ti.targets.arm.rtsarm.aem4f : Gate.oem4f (.text:xdc_runtime_Gate_leaveSystem__F)
                  00006260    00000010                                 : LoggerBuf.oem4f (.text:xdc_runtime_LoggerBuf_write0__F)
                  00006270    00000010                                 : Memory.oem4f (.text:xdc_runtime_Memory_free__F)
                  00006280    00000010                                 : SysMin.oem4f (.text:xdc_runtime_SysMin_ready__F)
                  00006290    00000010                                 : System.oem4f (.text:xdc_runtime_System_vsnprintf__F)
                  000062a0    0000000e     driverlib-cm4f.lib : timer.obj (.text:TimerEnable)
                  000062ae    0000000e     rtsv7M4_T_le_v4SPD16_eabi.lib : copy_decompress_none.obj (.text:decompress:none)
                  000062bc    0000000e     sysbios.aem4f : BIOS.obj (.text:ti_sysbios_family_arm_m3_TaskSupport_checkStack__E)
                  000062ca    0000000e                   : BIOS.obj (.text:ti_sysbios_knl_Queue_empty__E)
                  000062d8    0000000c     app_pem4f.oem4f (.text:.bootCodeSection:ti_catalog_arm_cortexm4_tiva_ce_Boot_init__I)
                  000062e4    0000000c     driverlib-cm4f.lib : gpio.obj (.text:GPIOPinIntEnable)
                  000062f0    0000000c     sysbios.aem4f : m3_Hwi_asm_switch.obj (.text:_ti_sysbios_family_xxx_Hwi_switchToTaskStack)
                  000062fc    0000000c                   : BIOS.obj (.text:ti_sysbios_family_arm_lm4_Timer_masterDisable__I)
                  00006308    0000000c                   : BIOS.obj (.text:ti_sysbios_family_arm_lm4_TimestampProvider_startTimer__E)
                  00006314    0000000c                   : BIOS.obj (.text:ti_sysbios_gates_GateHwi_enter__E)
                  00006320    0000000c     app_pem4f.oem4f (.text:ti_sysbios_knl_Queue_Object__get__S)
                  0000632c    0000000c     ti.targets.arm.rtsarm.aem4f : Error.oem4f (.text:xdc_runtime_Error_init__F)
                  00006338    0000000c                                 : Gate.oem4f (.text:xdc_runtime_Gate_enterSystem__F)
                  00006344    0000000c                                 : HeapMin.oem4f (.text:xdc_runtime_HeapMin_getStats__F)
                  00006350    0000000c                                 : Memory.oem4f (.text:xdc_runtime_Memory_calloc__F)
                  0000635c    0000000c                                 : Memory.oem4f (.text:xdc_runtime_Memory_getMaxDefaultTypeAlign__F)
                  00006368    0000000c                                 : System.oem4f (.text:xdc_runtime_System_exit__F)
                  00006374    0000000c                                 : System.oem4f (.text:xdc_runtime_System_lastFxn__I)
                  00006380    0000000a     driverlib-cm4f.lib : gpio.obj (.text:GPIOPinRead)
                  0000638a    0000000a                        : gpio.obj (.text:GPIOPinWrite)
                  00006394    0000000a                        : ssi.obj (.text:SSIDataPut)
                  0000639e    0000000a                        : ssi.obj (.text:SSIEnable)
                  000063a8    0000000a     app_pem4f.oem4f (.text:xdc_runtime_IHeap_alloc)
                  000063b2    0000000a     app_pem4f.oem4f (.text:xdc_runtime_IHeap_free)
                  000063bc    0000000a     ti.targets.arm.rtsarm.aem4f : LoggerBuf.oem4f (.text:xdc_runtime_LoggerBuf_disable__F)
                  000063c6    0000000a                                 : LoggerBuf.oem4f (.text:xdc_runtime_LoggerBuf_enable__F)
                  000063d0    00000008     driverlib-cm4f.lib : ssi.obj (.text:SSIBusy)
                  000063d8    00000008                        : timer.obj (.text:TimerIntEnable)
                  000063e0    00000008     sysbios.aem4f : BIOS.obj (.text:ti_sysbios_family_arm_m3_Hwi_doSwiRestore__I)
                  000063e8    00000008                   : BIOS.obj (.text:ti_sysbios_family_arm_m3_Hwi_startup__E)
                  000063f0    00000008                   : BIOS.obj (.text:ti_sysbios_knl_Idle_loop__E)
                  000063f8    00000008     app_pem4f.oem4f (.text:xdc_runtime_Text_visitRope__I)
                  00006400    00000006     driverlib-cm4f.lib : gpio.obj (.text:GPIOPinIntClear)
                  00006406    00000006     ti.targets.arm.rtsarm.aem4f : xdc_noinit.oem4f (.text:__xdc__init)
                  0000640c    00000006     rtsv7M4_T_le_v4SPD16_eabi.lib : copy_decompress_rle.obj (.text:decompress:rle24)
                  00006412    00000006     Boot.aem4f : Boot_sysctl.oem4f (.text:ti_catalog_arm_cortexm4_tiva_ce_Boot_sysCtlDelayI__I)
                  00006418    00000006     sysbios.aem4f : BIOS.obj (.text:ti_sysbios_family_arm_lm4_TimestampProvider_Module_startup__F)
                  0000641e    00000006                   : BIOS.obj (.text:ti_sysbios_family_arm_m3_Hwi_doTaskRestore__I)
                  00006424    00000006                   : BIOS.obj (.text:ti_sysbios_gates_GateHwi_leave__E)
                  0000642a    00000006                   : BIOS.obj (.text:ti_sysbios_knl_Swi_startup__E)
                  00006430    00000006     ti.targets.arm.rtsarm.aem4f : System.oem4f (.text:xdc_runtime_System_Module_startup__F)
                  00006436    00000004     driverlib-cm4f.lib : timer.obj (.text:TimerIntClear)
                  0000643a    00000004     sysbios.aem4f : BIOS.obj (.text:ti_sysbios_family_arm_lm4_Timer_getPeriod__E)
                  0000643e    00000004                   : BIOS.obj (.text:ti_sysbios_family_arm_lm4_Timer_masterEnable__I)
                  00006442    00000004     app_pem4f.oem4f (.text:ti_sysbios_family_arm_m3_TaskSupport_Module__startupDone__S)
                  00006446    00000004     sysbios.aem4f : BIOS.obj (.text:ti_sysbios_gates_GateHwi_query__F)
                  0000644a    00000004     app_pem4f.oem4f (.text:ti_sysbios_hal_Hwi_HwiProxy_Module__startupDone__S)
                  0000644e    00000004     app_pem4f.oem4f (.text:ti_sysbios_hal_Timer_TimerProxy_Module__startupDone__S)
                  00006452    00000004     app_pem4f.oem4f (.text:ti_sysbios_hal_Timer_TimerProxy_getPeriod__E)
                  00006456    00000004     app_pem4f.oem4f (.text:ti_sysbios_knl_Task_SupportProxy_Module__startupDone__S)
                  0000645a    00000004     sysbios.aem4f : BIOS.obj (.text:ti_sysbios_knl_Task_startup__E)
                  0000645e    00000004     ti.targets.arm.rtsarm.aem4f : Error.oem4f (.text:xdc_runtime_Error_getSite__F)
                  00006462    00000004                                 : HeapMin.oem4f (.text:xdc_runtime_HeapMin_isBlocking__F)
                  00006466    00000004     app_pem4f.oem4f (.text:xdc_runtime_LoggerBuf_Module_GateProxy_enter__E)
                  0000646a    00000004     app_pem4f.oem4f (.text:xdc_runtime_LoggerBuf_Module_GateProxy_leave__E)
                  0000646e    00000004     app_pem4f.oem4f (.text:xdc_runtime_Memory_HeapProxy_alloc__E)
                  00006472    00000004     app_pem4f.oem4f (.text:xdc_runtime_Memory_HeapProxy_free__E)
                  00006476    00000004     app_pem4f.oem4f (.text:xdc_runtime_System_Module_GateProxy_enter__E)
                  0000647a    00000004     app_pem4f.oem4f (.text:xdc_runtime_System_Module_GateProxy_leave__E)
                  0000647e    00000004     ti.targets.arm.rtsarm.aem4f : System.oem4f (.text:xdc_runtime_System_aprintf_va__F)
                  00006482    00000004                                 : System.oem4f (.text:xdc_runtime_System_printf_va__F)
                  00006486    00000004     app_pem4f.oem4f (.text:xdc_runtime_System_vsnprintf__E)

.const     0    0000648c    00000995     
                  0000648c    000001b6     Font.obj (.const:.string:MyFont)
                  00006642    00000002     --HOLE-- [fill = 0]
                  00006644    000000d8     app_pem4f.oem4f (.const:ti_sysbios_family_arm_m3_Hwi_priorities__A)
                  0000671c    000000ac     scancodes.obj (.const:shifted)
                  000067c8    000000ac     scancodes.obj (.const:unshifted)
                  00006874    00000078     driverlib-cm4f.lib : gpio.obj (.const:g_pulGPIOBaseAddrs)
                  000068ec    00000070                        : interrupt.obj (.const)
                  0000695c    0000006c                        : sysctl.obj (.const:g_pulXtals)
                  000069c8    00000048     app_pem4f.oem4f (.const:.string)
                  00006a10    00000040     driverlib-cm4f.lib : sysctl.obj (.const)
                  00006a50    0000003c     app_pem4f.oem4f (.const:xdc_runtime_LoggerBuf_Module__FXNS__C)
                  00006a8c    0000002c     app_pem4f.oem4f (.const:xdc_runtime_Startup_sfxnTab__A)
                  00006ab8    00000028     app_pem4f.oem4f (.const:xdc_runtime_HeapMin_Module__FXNS__C)
                  00006ae0    00000024     app_pem4f.oem4f (.const)
                  00006b04    00000024     app_pem4f.oem4f (.const:ti_sysbios_gates_GateHwi_Module__FXNS__C)
                  00006b28    00000024     app_pem4f.oem4f (.const:xdc_runtime_LoggerBuf_Object__PARAMS__C)
                  00006b4c    00000020     app_pem4f.oem4f (.const:ti_sysbios_gates_GateHwi_Object__DESC__C)
                  00006b6c    00000020     app_pem4f.oem4f (.const:xdc_runtime_HeapMin_Object__DESC__C)
                  00006b8c    00000020     app_pem4f.oem4f (.const:xdc_runtime_HeapMin_Object__PARAMS__C)
                  00006bac    00000020     app_pem4f.oem4f (.const:xdc_runtime_LoggerBuf_Object__DESC__C)
                  00006bcc    00000018     app_pem4f.oem4f (.const:ti_sysbios_gates_GateHwi_Object__PARAMS__C)
                  00006be4    00000018     app_pem4f.oem4f (.const:ti_sysbios_knl_Task_hooks__A)
                  00006bfc    00000016     app_pem4f.oem4f (.const:xdc_runtime_Startup_sfxnRts__A)
                  00006c12    00000002     --HOLE-- [fill = 0]
                  00006c14    00000011     ti.targets.arm.rtsarm.aem4f : System.oem4f (.const)
                  00006c25    00000003     --HOLE-- [fill = 0]
                  00006c28    00000010     app_pem4f.oem4f (.const:xdc_runtime_Startup_firstFxns__A)
                  00006c38    00000008     app_pem4f.oem4f (.const:ti_sysbios_family_arm_m3_Hwi_excHookFuncs__A)
                  00006c40    00000008     app_pem4f.oem4f (.const:ti_sysbios_knl_Idle_coreList__C)
                  00006c48    00000008     app_pem4f.oem4f (.const:ti_sysbios_knl_Idle_funcList__C)
                  00006c50    00000008     app_pem4f.oem4f (.const:ti_sysbios_knl_Task_hooks__C)
                  00006c58    00000008     app_pem4f.oem4f (.const:xdc_runtime_Startup_firstFxns__C)
                  00006c60    00000008     app_pem4f.oem4f (.const:xdc_runtime_Startup_lastFxns__A)
                  00006c68    00000008     app_pem4f.oem4f (.const:xdc_runtime_Startup_lastFxns__C)
                  00006c70    00000004     app_pem4f.oem4f (.const:ti_catalog_arm_cortexm4_tiva_ce_Boot_A_mustUseEnhancedClockMode__C)
                  00006c74    00000004     app_pem4f.oem4f (.const:ti_catalog_arm_cortexm4_tiva_ce_Boot_Module__diagsEnabled__C)
                  00006c78    00000004     app_pem4f.oem4f (.const:ti_catalog_arm_cortexm4_tiva_ce_Boot_Module__diagsIncluded__C)
                  00006c7c    00000004     app_pem4f.oem4f (.const:ti_catalog_arm_cortexm4_tiva_ce_Boot_Module__diagsMask__C)
                  00006c80    00000004     app_pem4f.oem4f (.const:ti_sysbios_BIOS_installedErrorHook__C)
                  00006c84    00000004     app_pem4f.oem4f (.const:ti_sysbios_family_arm_lm4_Timer_numTimerDevices__C)
                  00006c88    00000004     app_pem4f.oem4f (.const:ti_sysbios_family_arm_lm4_Timer_startupNeeded__C)
                  00006c8c    00000004     app_pem4f.oem4f (.const:ti_sysbios_family_arm_m3_Hwi_E_NMI__C)
                  00006c90    00000004     app_pem4f.oem4f (.const:ti_sysbios_family_arm_m3_Hwi_E_busFault__C)
                  00006c94    00000004     app_pem4f.oem4f (.const:ti_sysbios_family_arm_m3_Hwi_E_debugMon__C)
                  00006c98    00000004     app_pem4f.oem4f (.const:ti_sysbios_family_arm_m3_Hwi_E_hardFault__C)
                  00006c9c    00000004     app_pem4f.oem4f (.const:ti_sysbios_family_arm_m3_Hwi_E_memFault__C)
                  00006ca0    00000004     app_pem4f.oem4f (.const:ti_sysbios_family_arm_m3_Hwi_E_noIsr__C)
                  00006ca4    00000004     app_pem4f.oem4f (.const:ti_sysbios_family_arm_m3_Hwi_E_reserved__C)
                  00006ca8    00000004     app_pem4f.oem4f (.const:ti_sysbios_family_arm_m3_Hwi_E_svCall__C)
                  00006cac    00000004     app_pem4f.oem4f (.const:ti_sysbios_family_arm_m3_Hwi_E_usageFault__C)
                  00006cb0    00000004     app_pem4f.oem4f (.const:ti_sysbios_family_arm_m3_Hwi_NUM_INTERRUPTS__C)
                  00006cb4    00000004     app_pem4f.oem4f (.const:ti_sysbios_family_arm_m3_Hwi_ccr__C)
                  00006cb8    00000004     app_pem4f.oem4f (.const:ti_sysbios_family_arm_m3_Hwi_dispatchTable__C)
                  00006cbc    00000004     app_pem4f.oem4f (.const:ti_sysbios_family_arm_m3_Hwi_excHandlerFunc__C)
                  00006cc0    00000004     app_pem4f.oem4f (.const:ti_sysbios_family_arm_m3_Hwi_excHookFuncs__C)
                  00006cc4    00000004     app_pem4f.oem4f (.const:ti_sysbios_family_arm_m3_Hwi_priGroup__C)
                  00006cc8    00000004     app_pem4f.oem4f (.const:ti_sysbios_family_arm_m3_Hwi_priorities__C)
                  00006ccc    00000004     app_pem4f.oem4f (.const:ti_sysbios_hal_Hwi_E_stackOverflow__C)
                  00006cd0    00000004     app_pem4f.oem4f (.const:ti_sysbios_knl_Clock_Module_State_clockQ__O)
                  00006cd4    00000004     app_pem4f.oem4f (.const:ti_sysbios_knl_Idle_coreList__A)
                  00006cd8    00000004     app_pem4f.oem4f (.const:ti_sysbios_knl_Idle_funcList__A)
                  00006cdc    00000004     app_pem4f.oem4f (.const:ti_sysbios_knl_Semaphore_A_badContext__C)
                  00006ce0    00000004     app_pem4f.oem4f (.const:ti_sysbios_knl_Semaphore_A_overflow__C)
                  00006ce4    00000004     app_pem4f.oem4f (.const:ti_sysbios_knl_Semaphore_A_pendTaskDisabled__C)
                  00006ce8    00000004     app_pem4f.oem4f (.const:ti_sysbios_knl_Semaphore_Instance_State_pendQ__O)
                  00006cec    00000004     app_pem4f.oem4f (.const:ti_sysbios_knl_Semaphore_Module__diagsEnabled__C)
                  00006cf0    00000004     app_pem4f.oem4f (.const:ti_sysbios_knl_Semaphore_Module__diagsIncluded__C)
                  00006cf4    00000004     app_pem4f.oem4f (.const:ti_sysbios_knl_Semaphore_Module__diagsMask__C)
                  00006cf8    00000004     app_pem4f.oem4f (.const:ti_sysbios_knl_Swi_Object__count__C)
                  00006cfc    00000004     app_pem4f.oem4f (.const:ti_sysbios_knl_Task_A_badTimeout__C)
                  00006d00    00000004     app_pem4f.oem4f (.const:ti_sysbios_knl_Task_A_sleepTaskDisabled__C)
                  00006d04    00000004     app_pem4f.oem4f (.const:ti_sysbios_knl_Task_E_spOutOfBounds__C)
                  00006d08    00000004     app_pem4f.oem4f (.const:ti_sysbios_knl_Task_E_stackOverflow__C)
                  00006d0c    00000004     app_pem4f.oem4f (.const:ti_sysbios_knl_Task_Module_State_inactiveQ__O)
                  00006d10    00000004     app_pem4f.oem4f (.const:ti_sysbios_knl_Task_Module__diagsEnabled__C)
                  00006d14    00000004     app_pem4f.oem4f (.const:ti_sysbios_knl_Task_Module__diagsIncluded__C)
                  00006d18    00000004     app_pem4f.oem4f (.const:ti_sysbios_knl_Task_Module__diagsMask__C)
                  00006d1c    00000004     app_pem4f.oem4f (.const:ti_sysbios_knl_Task_Object__count__C)
                  00006d20    00000004     app_pem4f.oem4f (.const:ti_sysbios_knl_Task_allBlockedFunc__C)
                  00006d24    00000004     app_pem4f.oem4f (.const:ti_sysbios_knl_Task_numConstructedTasks__C)
                  00006d28    00000004     app_pem4f.oem4f (.const:xdc_runtime_Assert_E_assertFailed__C)
                  00006d2c    00000004     app_pem4f.oem4f (.const:xdc_runtime_Core_A_initializedParams__C)
                  00006d30    00000004     app_pem4f.oem4f (.const:xdc_runtime_Core_Module__diagsEnabled__C)
                  00006d34    00000004     app_pem4f.oem4f (.const:xdc_runtime_Core_Module__diagsIncluded__C)
                  00006d38    00000004     app_pem4f.oem4f (.const:xdc_runtime_Core_Module__diagsMask__C)
                  00006d3c    00000004     app_pem4f.oem4f (.const:xdc_runtime_Error_E_memory__C)
                  00006d40    00000004     app_pem4f.oem4f (.const:xdc_runtime_Error_Module__diagsEnabled__C)
                  00006d44    00000004     app_pem4f.oem4f (.const:xdc_runtime_Error_Module__diagsIncluded__C)
                  00006d48    00000004     app_pem4f.oem4f (.const:xdc_runtime_Error_Module__diagsMask__C)
                  00006d4c    00000004     app_pem4f.oem4f (.const:xdc_runtime_Error_Module__loggerFxn8__C)
                  00006d50    00000004     app_pem4f.oem4f (.const:xdc_runtime_Error_Module__loggerObj__C)
                  00006d54    00000004     app_pem4f.oem4f (.const:xdc_runtime_Error_raiseHook__C)
                  00006d58    00000004     app_pem4f.oem4f (.const:xdc_runtime_HeapMin_A_zeroSize__C)
                  00006d5c    00000004     app_pem4f.oem4f (.const:xdc_runtime_HeapMin_E_freeError__C)
                  00006d60    00000004     app_pem4f.oem4f (.const:xdc_runtime_HeapMin_Module__diagsEnabled__C)
                  00006d64    00000004     app_pem4f.oem4f (.const:xdc_runtime_HeapMin_Module__diagsIncluded__C)
                  00006d68    00000004     app_pem4f.oem4f (.const:xdc_runtime_HeapMin_Module__diagsMask__C)
                  00006d6c    00000004     app_pem4f.oem4f (.const:xdc_runtime_IFilterLogger_Interface__BASE__C)
                  00006d70    00000004     app_pem4f.oem4f (.const:xdc_runtime_IGateProvider_Interface__BASE__C)
                  00006d74    00000004     app_pem4f.oem4f (.const:xdc_runtime_IHeap_Interface__BASE__C)
                  00006d78    00000004     app_pem4f.oem4f (.const:xdc_runtime_ILogger_Interface__BASE__C)
                  00006d7c    00000004     app_pem4f.oem4f (.const:xdc_runtime_IModule_Interface__BASE__C)
                  00006d80    00000004     app_pem4f.oem4f (.const:xdc_runtime_Log_L_error__C)
                  00006d84    00000004     app_pem4f.oem4f (.const:xdc_runtime_LoggerBuf_E_badLevel__C)
                  00006d88    00000004     app_pem4f.oem4f (.const:xdc_runtime_LoggerBuf_Module__gateObj__C)
                  00006d8c    00000004     app_pem4f.oem4f (.const:xdc_runtime_LoggerBuf_Object__count__C)
                  00006d90    00000004     app_pem4f.oem4f (.const:xdc_runtime_LoggerBuf_statusLogger__C)
                  00006d94    00000004     app_pem4f.oem4f (.const:xdc_runtime_Memory_defaultHeapInstance__C)
                  00006d98    00000004     app_pem4f.oem4f (.const:xdc_runtime_Startup_execImpl__C)
                  00006d9c    00000004     app_pem4f.oem4f (.const:xdc_runtime_Startup_maxPasses__C)
                  00006da0    00000004     app_pem4f.oem4f (.const:xdc_runtime_Startup_sfxnRts__C)
                  00006da4    00000004     app_pem4f.oem4f (.const:xdc_runtime_Startup_sfxnTab__C)
                  00006da8    00000004     app_pem4f.oem4f (.const:xdc_runtime_SysMin_bufSize__C)
                  00006dac    00000004     app_pem4f.oem4f (.const:xdc_runtime_SysMin_outputFunc__C)
                  00006db0    00000004     app_pem4f.oem4f (.const:xdc_runtime_System_Module__gateObj__C)
                  00006db4    00000004     app_pem4f.oem4f (.const:xdc_runtime_System_extendFxn__C)
                  00006db8    00000004     app_pem4f.oem4f (.const:xdc_runtime_System_maxAtexitHandlers__C)
                  00006dbc    00000004     app_pem4f.oem4f (.const:xdc_runtime_Text_charTab__C)
                  00006dc0    00000004     app_pem4f.oem4f (.const:xdc_runtime_Text_nameEmpty__C)
                  00006dc4    00000004     app_pem4f.oem4f (.const:xdc_runtime_Text_nameStatic__C)
                  00006dc8    00000004     app_pem4f.oem4f (.const:xdc_runtime_Text_nameUnknown__C)
                  00006dcc    00000004     app_pem4f.oem4f (.const:xdc_runtime_Text_visitRopeFxn__C)
                  00006dd0    00000002     app_pem4f.oem4f (.const:ti_catalog_arm_cortexm4_tiva_ce_Boot_Module__id__C)
                  00006dd2    00000002     --HOLE-- [fill = 0]
                  00006dd4    00000002     app_pem4f.oem4f (.const:ti_sysbios_family_arm_lm4_TimestampProvider_useClockTimer__C)
                  00006dd6    00000002     --HOLE-- [fill = 0]
                  00006dd8    00000002     app_pem4f.oem4f (.const:ti_sysbios_family_arm_m3_Hwi_Module__id__C)
                  00006dda    00000002     --HOLE-- [fill = 0]
                  00006ddc    00000002     app_pem4f.oem4f (.const:ti_sysbios_hal_Hwi_Module__id__C)
                  00006dde    00000002     --HOLE-- [fill = 0]
                  00006de0    00000002     app_pem4f.oem4f (.const:ti_sysbios_knl_Semaphore_Module__id__C)
                  00006de2    00000002     --HOLE-- [fill = 0]
                  00006de4    00000002     app_pem4f.oem4f (.const:ti_sysbios_knl_Task_Module__id__C)
                  00006de6    00000002     --HOLE-- [fill = 0]
                  00006de8    00000002     app_pem4f.oem4f (.const:ti_sysbios_knl_Task_initStackFlag__C)
                  00006dea    00000002     --HOLE-- [fill = 0]
                  00006dec    00000002     app_pem4f.oem4f (.const:xdc_runtime_Core_Module__id__C)
                  00006dee    00000002     --HOLE-- [fill = 0]
                  00006df0    00000002     app_pem4f.oem4f (.const:xdc_runtime_Error_Module__loggerDefined__C)
                  00006df2    00000002     --HOLE-- [fill = 0]
                  00006df4    00000002     app_pem4f.oem4f (.const:xdc_runtime_Error_maxDepth__C)
                  00006df6    00000002     --HOLE-- [fill = 0]
                  00006df8    00000002     app_pem4f.oem4f (.const:xdc_runtime_HeapMin_Module__id__C)
                  00006dfa    00000002     --HOLE-- [fill = 0]
                  00006dfc    00000002     app_pem4f.oem4f (.const:xdc_runtime_HeapMin_freeError__C)
                  00006dfe    00000002     --HOLE-- [fill = 0]
                  00006e00    00000002     app_pem4f.oem4f (.const:xdc_runtime_LoggerBuf_Module__id__C)
                  00006e02    00000002     --HOLE-- [fill = 0]
                  00006e04    00000002     app_pem4f.oem4f (.const:xdc_runtime_LoggerBuf_filterByLevel__C)
                  00006e06    00000002     --HOLE-- [fill = 0]
                  00006e08    00000002     app_pem4f.oem4f (.const:xdc_runtime_Memory_Module__id__C)
                  00006e0a    00000002     --HOLE-- [fill = 0]
                  00006e0c    00000002     app_pem4f.oem4f (.const:xdc_runtime_SysMin_flushAtExit__C)
                  00006e0e    00000002     --HOLE-- [fill = 0]
                  00006e10    00000002     app_pem4f.oem4f (.const:xdc_runtime_Text_charCnt__C)
                  00006e12    00000002     --HOLE-- [fill = 0]
                  00006e14    00000002     app_pem4f.oem4f (.const:xdc_runtime_Text_isLoaded__C)
                  00006e16    00000002     --HOLE-- [fill = 0]
                  00006e18    00000002     app_pem4f.oem4f (.const:xdc_runtime_Text_registryModsLastId__C)
                  00006e1a    00000002     --HOLE-- [fill = 0]
                  00006e1c    00000002     app_pem4f.oem4f (.const:xdc_runtime_Text_unnamedModsLastId__C)
                  00006e1e    00000002     --HOLE-- [fill = 0]
                  00006e20    00000001     app_pem4f.oem4f (.const:xdc_runtime_Error_policy__C)

.cinit     0    00006e28    000007e8     
                  00006e28    000007b0     (.cinit..data.load) [load image, compression = rle]
                  000075d8    0000000c     (__TI_handler_table)
                  000075e4    00000004     --HOLE-- [fill = 0]
                  000075e8    00000008     (.cinit..bss.load) [load image, compression = zero_init]
                  000075f0    00000008     (.cinit..vecs.load) [load image, compression = zero_init]
                  000075f8    00000018     (__TI_cinit_table)

.vecs      0    20000000    00000360     UNINITIALIZED
                  20000000    00000360     app_pem4f.oem4f (.vecs)

.bss       0    20000360    00001a7c     UNINITIALIZED
                  20000360    00001400     app_pem4f.oem4f (.bss:taskStackSection)
                  20001760    00000400     st7565.obj (.bss:glcd_buffer)
                  20001b60    00000120     rtsv7M4_T_le_v4SPD16_eabi.lib : trgmsg.obj (.bss:__CIOBUF_)
                  20001c80    00000080     app_pem4f.oem4f (.bss:xdc_runtime_LoggerBuf_Instance_State_0_entryArr__A)
                  20001d00    00000080     app_pem4f.oem4f (.bss:xdc_runtime_SysMin_Module_State_0_outbuf__A)
                  20001d80    00000038     app_pem4f.oem4f (.bss)
                  20001db8    0000000f     Ps2Keyboard.obj (.bss)
                  20001dc7    0000000c     Graphics_Bmp.obj (.bss)
                  20001dd3    00000008     rtsv7M4_T_le_v4SPD16_eabi.lib : trgdrv.obj (.bss)
                  20001ddb    00000001     st7565.obj (.bss)

.data      0    20001ddc    00000e17     
                  20001ddc    000003e8     Items.obj (.data:ItemBlock1)
                  200021c4    00000360     app_pem4f.oem4f (.data:ti_sysbios_family_arm_m3_Hwi_Module_State_0_dispatchTable__A)
                  20002524    0000017c     app_pem4f.oem4f (.data:ti_sysbios_knl_Task_Object__table__V)
                  200026a0    00000170     app_pem4f.oem4f (.data)
                  20002810    00000080     app_pem4f.oem4f (.data:ti_sysbios_knl_Swi_Module_State_0_readyQ__A)
                  20002890    00000080     app_pem4f.oem4f (.data:ti_sysbios_knl_Task_Module_State_0_readyQ__A)
                  20002910    00000078     app_pem4f.oem4f (.data:ti_sysbios_family_arm_m3_Hwi_Object__table__V)
                  20002988    00000070     app_pem4f.oem4f (.data:ti_sysbios_family_arm_lm4_Timer_Object__table__V)
                  200029f8    00000054     app_pem4f.oem4f (.data:ti_sysbios_family_arm_m3_Hwi_Module__state__V)
                  20002a4c    00000044     app_pem4f.oem4f (.data:ti_sysbios_knl_Task_Module__state__V)
                  20002a90    00000032     Items.obj (.data:ItemLookUp)
                  20002ac2    00000002     --HOLE--
                  20002ac4    00000030     app_pem4f.oem4f (.data:ti_sysbios_family_arm_lm4_Timer_Module_State_0_device__A)
                  20002af4    00000030     app_pem4f.oem4f (.data:ti_sysbios_knl_Swi_Object__table__V)
                  20002b24    00000028     app_pem4f.oem4f (.data:ti_sysbios_knl_Clock_Module__state__V)
                  20002b4c    00000028     app_pem4f.oem4f (.data:ti_sysbios_knl_Semaphore_Object__table__V)
                  20002b74    00000024     st7565.obj (.data)
                  20002b98    00000024     app_pem4f.oem4f (.data:xdc_runtime_LoggerBuf_Object__table__V)
                  20002bbc    0000000d     Ps2Keyboard.obj (.data)
                  20002bc9    00000003     --HOLE--
                  20002bcc    00000008     rtsv7M4_T_le_v4SPD16_eabi.lib : _lock.obj (.data)
                  20002bd4    00000008                                   : exit.obj (.data)
                  20002bdc    00000006     buttons.obj (.data)
                  20002be2    00000002     --HOLE--
                  20002be4    00000004     main.obj (.data)
                  20002be8    00000004     rtsv7M4_T_le_v4SPD16_eabi.lib : dtor_list.obj (.data)
                  20002bec    00000004                                   : stkdepth_vars.obj (.data)
                  20002bf0    00000003     Clock.obj (.data)

.stack     0    20002bf4    00000400     UNINITIALIZED
                  20002bf4    00000400     --HOLE--


LINKER GENERATED COPY TABLES

__TI_cinit_table @ 000075f8 records: 3, size/record: 8, table size: 24
	.data: load addr=00006e28, load size=000007b0 bytes, run addr=20001ddc, run size=00000e17 bytes, compression=rle
	.bss: load addr=000075e8, load size=00000008 bytes, run addr=20000360, run size=00001a7c bytes, compression=zero_init
	.vecs: load addr=000075f0, load size=00000008 bytes, run addr=20000000, run size=00000360 bytes, compression=zero_init


LINKER GENERATED HANDLER TABLE

__TI_handler_table @ 000075d8 records: 3, size/record: 4, table size: 12
	index: 0, handler: __TI_zero_init
	index: 1, handler: __TI_decompress_rle24
	index: 2, handler: __TI_decompress_none


GLOBAL SYMBOLS: SORTED ALPHABETICALLY BY Name 

address    name
--------   ----
00006aec   ButTask
000026a9   ButtonISR
000027af   ButtonTask
00002761   ButtonsInit
000026b7   ButtonsPoll
00000e81   Byte_Reverse
00005479   C$$EXIT
00004c3b   C$$IO$$
00006af0   Clock
00003c79   ClockInit
20002bc0   Data
00006b00   DataSem
00000b05   Decode
00000a21   FSSIntHandler
00005a41   GPIODirModeSet
00005215   GPIOIntTypeSet
00003e25   GPIOPadConfigSet
000050ad   GPIOPinConfigure
00006401   GPIOPinIntClear
000062e5   GPIOPinIntEnable
00006381   GPIOPinRead
0000610d   GPIOPinTypeGPIOInput
0000611f   GPIOPinTypeGPIOOutput
00006131   GPIOPinTypeSSI
0000638b   GPIOPinWrite
00000db9   GetKey
00001cb5   GlcdDispTime
0000206f   HOSTclock
00002035   HOSTclose
00001ff7   HOSTgetenv
00001f9b   HOSTlseek
00001f4b   HOSTopen
00001efd   HOSTread
00001e9d   HOSTrename
00001e61   HOSTtime
00001e27   HOSTunlink
00001dd9   HOSTwrite
00004bad   IntEnable
20001ddc   ItemBlock1
20002a90   ItemLookUp
20001dbc   KeyBuf
20002bc4   KeyBuffer
20001dc0   KeyIn
20001dc1   KeyOut
00000e09   KeyPend
20001dc2   KeyRead
00000ef9   KeyScan
00006af4   KeySem
00000e49   KeyTask
00000ac3   KeyboardInit
00006afc   KeyboardTask
20002be7   LastState
00005e11   LoggerBuf_instanceStartup
0000648c   MyFont
00000d75   PutKeyBuf
UNDEFED    SHT$$INIT_ARRAY$$Base
UNDEFED    SHT$$INIT_ARRAY$$Limit
000063d1   SSIBusy
00005259   SSIConfigSetExpClk
00006395   SSIDataPut
0000639f   SSIEnable
20002be4   StateInfo
000024d1   SysCtlClockGet
00004f5d   SysCtlPeripheralEnable
20002654   TSK_idle
00003d09   TimeGet
20002bdc   TimeOfDay
00003d1f   TimeSet
00003cb9   Timer0IntHandler
00005bd5   TimerConfigure
000062a1   TimerEnable
00006437   TimerIntClear
000063d9   TimerIntEnable
00006143   TimerLoadSet
00006ae8   UI
0000038b   UiTask
00000000   __ASM__
20001b60   __CIOBUF_
00000052   __ISA__
00000065   __PLAT__
20002ff4   __STACK_END
00000400   __STACK_SIZE
20002df4   __STACK_TOP
0000008b   __TARG__
000075f8   __TI_CINIT_Base
00007610   __TI_CINIT_Limit
000075d8   __TI_Handler_Table_Base
000075e4   __TI_Handler_Table_Limit
00000001   __TI_args_main
00004255   __TI_auto_init
000062af   __TI_decompress_none
0000640d   __TI_decompress_rle24
00000000   __TI_static_base__
00006155   __TI_zero_init
000000b1   __TRDR__
0000393f   __aeabi_atexit
00004919   __aeabi_memclr
00004919   __aeabi_memclr4
00004919   __aeabi_memclr8
000042f5   __aeabi_memcpy
000042f5   __aeabi_memcpy4
000042f5   __aeabi_memcpy8
0000491b   __aeabi_memset
0000491b   __aeabi_memset4
0000491b   __aeabi_memset8
ffffffff   __binit__
ffffffff   __c_args__
0000392d   __cxa_atexit
000038e9   __cxa_finalize
00003927   __cxa_ia64_exit
20002bf4   __stack
00006407   __xdc__init
2000280c   __xdc__init__addr
00005f65   _args_main
00004f05   _c_int00
20002bd4   _cleanup_ptr
20002bd8   _dtors_ptr
20002bcc   _lock
0000607b   _nop
00006073   _register_lock
0000606d   _register_unlock
20002bd0   _unlock
0000547d   abort
00003931   atexit
ffffffff   binit
20002bc5   bitcount
20001dc3   clkstat
0000529d   copy_in
20001dc6   data
20001dc4   datstat
00001b79   draw_char_bmp
00001ac5   draw_text_bmp
00005485   exit
00005f4d   free
0000141b   glcd_blank
20001760   glcd_buffer
00001629   glcd_command
00001723   glcd_contrast
000015e9   glcd_data
20001ddb   glcd_dirty_pages
00001669   glcd_flip_screen
20002b74   glcd_flipped
00001515   glcd_init
0000169d   glcd_inverse_screen
00001365   glcd_pixel
00001495   glcd_refresh
000016bd   glcd_test_card
00006ae4   hwi0
00006af8   hwi2
0000098d   main
20002bec   main_func_sp
00005a6f   malloc
000042f5   memcpy
00004921   memset
20002b78   pagemap
20001dc5   paritystat
00004c3f   readmsg
0000671c   shifted
000061cf   strcpy
00006081   strlen
00000361   taskFxn
20002bbc   temp_count
20001db8   temp_count_string
00006ae0   testTask
00006c70   ti_catalog_arm_cortexm4_tiva_ce_Boot_A_mustUseEnhancedClockMode__C
00006c74   ti_catalog_arm_cortexm4_tiva_ce_Boot_Module__diagsEnabled__C
00006c78   ti_catalog_arm_cortexm4_tiva_ce_Boot_Module__diagsIncluded__C
00006c7c   ti_catalog_arm_cortexm4_tiva_ce_Boot_Module__diagsMask__C
00006dd0   ti_catalog_arm_cortexm4_tiva_ce_Boot_Module__id__C
000062d9   ti_catalog_arm_cortexm4_tiva_ce_Boot_init__I
00002f25   ti_catalog_arm_cortexm4_tiva_ce_Boot_sysCtlClockSetI__I
0000442d   ti_catalog_arm_cortexm4_tiva_ce_Boot_sysCtlClockSet__E
00006413   ti_catalog_arm_cortexm4_tiva_ce_Boot_sysCtlDelayI__I
200026a0   ti_sysbios_BIOS_Module__state__V
00005891   ti_sysbios_BIOS_errorRaiseHook__I
000058c1   ti_sysbios_BIOS_exitFunc__I
00006c80   ti_sysbios_BIOS_installedErrorHook__C
0000442b   ti_sysbios_BIOS_nullFunc__I
00005d51   ti_sysbios_BIOS_removeRTSLock__I
000061e1   ti_sysbios_BIOS_setThreadType__E
00005d71   ti_sysbios_BIOS_startFunc__I
000061f1   ti_sysbios_BIOS_start__E
20002ac4   ti_sysbios_family_arm_lm4_Timer_Module_State_0_device__A
200026c8   ti_sysbios_family_arm_lm4_Timer_Module_State_0_handles__A
200026c0   ti_sysbios_family_arm_lm4_Timer_Module__root__V
00005f7d   ti_sysbios_family_arm_lm4_Timer_Module__startupDone__F
00005f7d   ti_sysbios_family_arm_lm4_Timer_Module__startupDone__S
200026e0   ti_sysbios_family_arm_lm4_Timer_Module__state__V
00004df1   ti_sysbios_family_arm_lm4_Timer_Module_startup__E
00004df1   ti_sysbios_family_arm_lm4_Timer_Module_startup__F
20002988   ti_sysbios_family_arm_lm4_Timer_Object__table__V
000058f1   ti_sysbios_family_arm_lm4_Timer_enableTimers__I
0000643b   ti_sysbios_family_arm_lm4_Timer_getPeriod__E
000033e5   ti_sysbios_family_arm_lm4_Timer_initDevice__I
000052e1   ti_sysbios_family_arm_lm4_Timer_isrStub__E
000062fd   ti_sysbios_family_arm_lm4_Timer_masterDisable__I
0000643f   ti_sysbios_family_arm_lm4_Timer_masterEnable__I
00006c84   ti_sysbios_family_arm_lm4_Timer_numTimerDevices__C
000035fd   ti_sysbios_family_arm_lm4_Timer_start__E
00006c88   ti_sysbios_family_arm_lm4_Timer_startupNeeded__C
000054b9   ti_sysbios_family_arm_lm4_Timer_startup__E
00005921   ti_sysbios_family_arm_lm4_Timer_stop__E
00005e71   ti_sysbios_family_arm_lm4_Timer_write__I
200026ec   ti_sysbios_family_arm_lm4_TimestampProvider_Module__state__V
00006419   ti_sysbios_family_arm_lm4_TimestampProvider_Module_startup__E
00006419   ti_sysbios_family_arm_lm4_TimestampProvider_Module_startup__F
000032bd   ti_sysbios_family_arm_lm4_TimestampProvider_get64__E
00006201   ti_sysbios_family_arm_lm4_TimestampProvider_rolloverFunc__E
00006309   ti_sysbios_family_arm_lm4_TimestampProvider_startTimer__E
00006dd4   ti_sysbios_family_arm_lm4_TimestampProvider_useClockTimer__C
00006c8c   ti_sysbios_family_arm_m3_Hwi_E_NMI__C
00006c90   ti_sysbios_family_arm_m3_Hwi_E_busFault__C
00006c94   ti_sysbios_family_arm_m3_Hwi_E_debugMon__C
00006c98   ti_sysbios_family_arm_m3_Hwi_E_hardFault__C
00006c9c   ti_sysbios_family_arm_m3_Hwi_E_memFault__C
00006ca0   ti_sysbios_family_arm_m3_Hwi_E_noIsr__C
00006ca4   ti_sysbios_family_arm_m3_Hwi_E_reserved__C
00006ca8   ti_sysbios_family_arm_m3_Hwi_E_svCall__C
00006cac   ti_sysbios_family_arm_m3_Hwi_E_usageFault__C
00005f95   ti_sysbios_family_arm_m3_Hwi_Handle__label__S
200021c4   ti_sysbios_family_arm_m3_Hwi_Module_State_0_dispatchTable__A
200026fc   ti_sysbios_family_arm_m3_Hwi_Module_State_0_excActive__A
20002700   ti_sysbios_family_arm_m3_Hwi_Module_State_0_excContext__A
20002704   ti_sysbios_family_arm_m3_Hwi_Module_State_0_excStack__A
00006dd8   ti_sysbios_family_arm_m3_Hwi_Module__id__C
200026f4   ti_sysbios_family_arm_m3_Hwi_Module__root__V
00005fad   ti_sysbios_family_arm_m3_Hwi_Module__startupDone__F
00005fad   ti_sysbios_family_arm_m3_Hwi_Module__startupDone__S
200029f8   ti_sysbios_family_arm_m3_Hwi_Module__state__V
000041b1   ti_sysbios_family_arm_m3_Hwi_Module_startup__E
000041b1   ti_sysbios_family_arm_m3_Hwi_Module_startup__F
00006cb0   ti_sysbios_family_arm_m3_Hwi_NUM_INTERRUPTS__C
20002910   ti_sysbios_family_arm_m3_Hwi_Object__table__V
00006cb4   ti_sysbios_family_arm_m3_Hwi_ccr__C
00005325   ti_sysbios_family_arm_m3_Hwi_disableInterrupt__E
00004c71   ti_sysbios_family_arm_m3_Hwi_dispatchC__I
00006cb8   ti_sysbios_family_arm_m3_Hwi_dispatchTable__C
0000305d   ti_sysbios_family_arm_m3_Hwi_dispatch__I
000063e1   ti_sysbios_family_arm_m3_Hwi_doSwiRestore__I
0000641f   ti_sysbios_family_arm_m3_Hwi_doTaskRestore__I
00005369   ti_sysbios_family_arm_m3_Hwi_enableInterrupt__E
000029ed   ti_sysbios_family_arm_m3_Hwi_excBusFault__I
00004055   ti_sysbios_family_arm_m3_Hwi_excDebugMon__I
00000f41   ti_sysbios_family_arm_m3_Hwi_excDumpRegs__I
00003171   ti_sysbios_family_arm_m3_Hwi_excHandlerAsm__I
00006cbc   ti_sysbios_family_arm_m3_Hwi_excHandlerFunc__C
000022f5   ti_sysbios_family_arm_m3_Hwi_excHandlerMax__I
00006211   ti_sysbios_family_arm_m3_Hwi_excHandler__I
00003eed   ti_sysbios_family_arm_m3_Hwi_excHardFault__I
00006c38   ti_sysbios_family_arm_m3_Hwi_excHookFuncs__A
00006cc0   ti_sysbios_family_arm_m3_Hwi_excHookFuncs__C
00002ca9   ti_sysbios_family_arm_m3_Hwi_excMemFault__I
000057c1   ti_sysbios_family_arm_m3_Hwi_excNmi__I
000056a9   ti_sysbios_family_arm_m3_Hwi_excNoIsr__I
000050f5   ti_sysbios_family_arm_m3_Hwi_excReserved__I
000055b9   ti_sysbios_family_arm_m3_Hwi_excSvCall__I
00002b55   ti_sysbios_family_arm_m3_Hwi_excUsageFault__I
000056e1   ti_sysbios_family_arm_m3_Hwi_getStackInfo__E
00003ac1   ti_sysbios_family_arm_m3_Hwi_initNVIC__E
00005bfd   ti_sysbios_family_arm_m3_Hwi_initStacks__E
e000e000   ti_sysbios_family_arm_m3_Hwi_nvic
00003133   ti_sysbios_family_arm_m3_Hwi_pendSV__I
00006cc4   ti_sysbios_family_arm_m3_Hwi_priGroup__C
00006644   ti_sysbios_family_arm_m3_Hwi_priorities__A
00006cc8   ti_sysbios_family_arm_m3_Hwi_priorities__C
20000000   ti_sysbios_family_arm_m3_Hwi_ramVectors
00000000   ti_sysbios_family_arm_m3_Hwi_resetVectors
00003157   ti_sysbios_family_arm_m3_Hwi_return
000063e9   ti_sysbios_family_arm_m3_Hwi_startup__E
00006095   ti_sysbios_family_arm_m3_Hwi_switchFromBootStack__E
00006443   ti_sysbios_family_arm_m3_TaskSupport_Module__startupDone__S
00004675   ti_sysbios_family_arm_m3_TaskSupport_buildTaskStack
000062bd   ti_sysbios_family_arm_m3_TaskSupport_checkStack__E
000061af   ti_sysbios_family_arm_m3_TaskSupport_glue
00005719   ti_sysbios_family_arm_m3_TaskSupport_start__E
00005f35   ti_sysbios_family_arm_m3_TaskSupport_swap__E
000061bf   ti_sysbios_family_xxx_Hwi_switchToIsrStack
000062f1   ti_sysbios_family_xxx_Hwi_switchToTaskStack
00005fc5   ti_sysbios_gates_GateHwi_Handle__label__S
00004bab   ti_sysbios_gates_GateHwi_Instance_init__F
00006b04   ti_sysbios_gates_GateHwi_Module__FXNS__C
20002708   ti_sysbios_gates_GateHwi_Module__root__V
00006b4c   ti_sysbios_gates_GateHwi_Object__DESC__C
00006bcc   ti_sysbios_gates_GateHwi_Object__PARAMS__C
000057f5   ti_sysbios_gates_GateHwi_Object__create__S
00005d91   ti_sysbios_gates_GateHwi_Object__delete__S
20002710   ti_sysbios_gates_GateHwi_Object__table__V
00006315   ti_sysbios_gates_GateHwi_enter__E
00006425   ti_sysbios_gates_GateHwi_leave__E
00006447   ti_sysbios_gates_GateHwi_query__E
00006447   ti_sysbios_gates_GateHwi_query__F
20002714   ti_sysbios_gates_GateMutexPri_Module__root__V
00006ccc   ti_sysbios_hal_Hwi_E_stackOverflow__C
0000644b   ti_sysbios_hal_Hwi_HwiProxy_Module__startupDone__S
00005325   ti_sysbios_hal_Hwi_HwiProxy_disableInterrupt__E
00005369   ti_sysbios_hal_Hwi_HwiProxy_enableInterrupt__E
000056e1   ti_sysbios_hal_Hwi_HwiProxy_getStackInfo__E
000063e9   ti_sysbios_hal_Hwi_HwiProxy_startup__E
00006095   ti_sysbios_hal_Hwi_HwiProxy_switchFromBootStack__E
00006ddc   ti_sysbios_hal_Hwi_Module__id__C
2000271c   ti_sysbios_hal_Hwi_Module__root__V
00006167   ti_sysbios_hal_Hwi_Module_startup__E
00006167   ti_sysbios_hal_Hwi_Module_startup__F
20002724   ti_sysbios_hal_Hwi_Object__table__V
00005829   ti_sysbios_hal_Hwi_checkStack
00005325   ti_sysbios_hal_Hwi_disableInterrupt__E
00005369   ti_sysbios_hal_Hwi_enableInterrupt__E
000056e1   ti_sysbios_hal_Hwi_getStackInfo__E
00005acb   ti_sysbios_hal_Hwi_initStack
000063e9   ti_sysbios_hal_Hwi_startup__E
00006095   ti_sysbios_hal_Hwi_switchFromBootStack__E
2000273c   ti_sysbios_hal_Timer_Module__root__V
00005fdd   ti_sysbios_hal_Timer_Module__startupDone__F
00005fdd   ti_sysbios_hal_Timer_Module__startupDone__S
00006179   ti_sysbios_hal_Timer_Module_startup__E
00006179   ti_sysbios_hal_Timer_Module_startup__F
20002744   ti_sysbios_hal_Timer_Object__table__V
0000644f   ti_sysbios_hal_Timer_TimerProxy_Module__startupDone__S
00006453   ti_sysbios_hal_Timer_TimerProxy_getPeriod__E
000054b9   ti_sysbios_hal_Timer_TimerProxy_startup__E
000054b9   ti_sysbios_hal_Timer_startup__E
00006cd0   ti_sysbios_knl_Clock_Module_State_clockQ__O
2000274c   ti_sysbios_knl_Clock_Module__root__V
20002b24   ti_sysbios_knl_Clock_Module__state__V
00005c9d   ti_sysbios_knl_Clock_Module_startup__E
00005c9d   ti_sysbios_knl_Clock_Module_startup__F
00005c25   ti_sysbios_knl_Clock_addI__E
00005af9   ti_sysbios_knl_Clock_doTick__I
00004def   ti_sysbios_knl_Clock_logTick__E
00004a01   ti_sysbios_knl_Clock_workFunc__E
00006cd4   ti_sysbios_knl_Idle_coreList__A
00006c40   ti_sysbios_knl_Idle_coreList__C
00006cd8   ti_sysbios_knl_Idle_funcList__A
00006c48   ti_sysbios_knl_Idle_funcList__C
000063f1   ti_sysbios_knl_Idle_loop__E
00005951   ti_sysbios_knl_Idle_run__E
20002754   ti_sysbios_knl_Queue_Module__root__V
00006321   ti_sysbios_knl_Queue_Object__get__S
000062cb   ti_sysbios_knl_Queue_empty__E
00005e8f   ti_sysbios_knl_Queue_put__E
00006cdc   ti_sysbios_knl_Semaphore_A_badContext__C
00006ce0   ti_sysbios_knl_Semaphore_A_overflow__C
00006ce4   ti_sysbios_knl_Semaphore_A_pendTaskDisabled__C
00006ce8   ti_sysbios_knl_Semaphore_Instance_State_pendQ__O
00006cec   ti_sysbios_knl_Semaphore_Module__diagsEnabled__C
00006cf0   ti_sysbios_knl_Semaphore_Module__diagsIncluded__C
00006cf4   ti_sysbios_knl_Semaphore_Module__diagsMask__C
00006de0   ti_sysbios_knl_Semaphore_Module__id__C
2000275c   ti_sysbios_knl_Semaphore_Module__root__V
20002b4c   ti_sysbios_knl_Semaphore_Object__table__V
000054f9   ti_sysbios_knl_Semaphore_pendTimeout__I
000020bd   ti_sysbios_knl_Semaphore_pend__E
000039d5   ti_sysbios_knl_Semaphore_post__E
00005ff5   ti_sysbios_knl_Swi_Handle__label__S
20002810   ti_sysbios_knl_Swi_Module_State_0_readyQ__A
20002764   ti_sysbios_knl_Swi_Module__root__V
2000276c   ti_sysbios_knl_Swi_Module__state__V
00005cc1   ti_sysbios_knl_Swi_Module_startup__E
00005cc1   ti_sysbios_knl_Swi_Module_startup__F
00006cf8   ti_sysbios_knl_Swi_Object__count__C
000060a9   ti_sysbios_knl_Swi_Object__get__S
20002af4   ti_sysbios_knl_Swi_Object__table__V
00006221   ti_sysbios_knl_Swi_disable__E
000053ad   ti_sysbios_knl_Swi_post__E
00004e4d   ti_sysbios_knl_Swi_restoreHwi__E
000055f5   ti_sysbios_knl_Swi_restore__E
00004cd1   ti_sysbios_knl_Swi_run__I
00004105   ti_sysbios_knl_Swi_schedule__I
0000642b   ti_sysbios_knl_Swi_startup__E
00006cfc   ti_sysbios_knl_Task_A_badTimeout__C
00006d00   ti_sysbios_knl_Task_A_sleepTaskDisabled__C
00006d04   ti_sysbios_knl_Task_E_spOutOfBounds__C
00006d08   ti_sysbios_knl_Task_E_stackOverflow__C
0000600d   ti_sysbios_knl_Task_Handle__label__S
20001d80   ti_sysbios_knl_Task_Instance_State_0_hookEnv__A
20000360   ti_sysbios_knl_Task_Instance_State_0_stack__A
20001d84   ti_sysbios_knl_Task_Instance_State_1_hookEnv__A
20000760   ti_sysbios_knl_Task_Instance_State_1_stack__A
20001d88   ti_sysbios_knl_Task_Instance_State_2_hookEnv__A
20000b60   ti_sysbios_knl_Task_Instance_State_2_stack__A
20001d8c   ti_sysbios_knl_Task_Instance_State_3_hookEnv__A
20000f60   ti_sysbios_knl_Task_Instance_State_3_stack__A
20001d90   ti_sysbios_knl_Task_Instance_State_4_hookEnv__A
20001360   ti_sysbios_knl_Task_Instance_State_4_stack__A
20002790   ti_sysbios_knl_Task_Module_State_0_idleTask__A
20002890   ti_sysbios_knl_Task_Module_State_0_readyQ__A
00006d0c   ti_sysbios_knl_Task_Module_State_inactiveQ__O
00006d10   ti_sysbios_knl_Task_Module__diagsEnabled__C
00006d14   ti_sysbios_knl_Task_Module__diagsIncluded__C
00006d18   ti_sysbios_knl_Task_Module__diagsMask__C
00006de4   ti_sysbios_knl_Task_Module__id__C
20002788   ti_sysbios_knl_Task_Module__root__V
20002a4c   ti_sysbios_knl_Task_Module__state__V
00004815   ti_sysbios_knl_Task_Module_startup__E
00004815   ti_sysbios_knl_Task_Module_startup__F
00006d1c   ti_sysbios_knl_Task_Object__count__C
00006231   ti_sysbios_knl_Task_Object__get__S
20002524   ti_sysbios_knl_Task_Object__table__V
00006457   ti_sysbios_knl_Task_SupportProxy_Module__startupDone__S
000062bd   ti_sysbios_knl_Task_SupportProxy_checkStack__E
00005719   ti_sysbios_knl_Task_SupportProxy_start__E
00005f35   ti_sysbios_knl_Task_SupportProxy_swap__E
00006d20   ti_sysbios_knl_Task_allBlockedFunc__C
0000513d   ti_sysbios_knl_Task_allBlockedFunction__I
00003fa1   ti_sysbios_knl_Task_checkStacks__E
00006241   ti_sysbios_knl_Task_disable__E
00005db1   ti_sysbios_knl_Task_enter__I
00004555   ti_sysbios_knl_Task_exit__E
00006be4   ti_sysbios_knl_Task_hooks__A
00006c50   ti_sysbios_knl_Task_hooks__C
00006de8   ti_sysbios_knl_Task_initStackFlag__C
00006d24   ti_sysbios_knl_Task_numConstructedTasks__C
00003b9d   ti_sysbios_knl_Task_postInit__I
00005539   ti_sysbios_knl_Task_processVitalTaskFlag__I
00005ce5   ti_sysbios_knl_Task_restoreHwi__E
00005b25   ti_sysbios_knl_Task_restore__E
0000478d   ti_sysbios_knl_Task_schedule__I
00005a9d   ti_sysbios_knl_Task_sleepTimeout__I
00002861   ti_sysbios_knl_Task_sleep__E
000045e5   ti_sysbios_knl_Task_startCore__E
0000645b   ti_sysbios_knl_Task_startup__E
00005f41   ti_sysbios_knl_Task_swapReturn
00004fb5   ti_sysbios_knl_Task_unblockI__E
20001dc7   time_string
000067c8   unshifted
00004c11   writemsg
00006d28   xdc_runtime_Assert_E_assertFailed__C
00005185   xdc_runtime_Assert_raise__I
00006d2c   xdc_runtime_Core_A_initializedParams__C
00006d30   xdc_runtime_Core_Module__diagsEnabled__C
00006d34   xdc_runtime_Core_Module__diagsIncluded__C
00006d38   xdc_runtime_Core_Module__diagsMask__C
00006dec   xdc_runtime_Core_Module__id__C
00005981   xdc_runtime_Core_assignLabel__I
000051cd   xdc_runtime_Core_assignParams__I
000034f9   xdc_runtime_Core_createObject__I
00004b45   xdc_runtime_Core_deleteObject__I
00006d3c   xdc_runtime_Error_E_memory__C
00006d40   xdc_runtime_Error_Module__diagsEnabled__C
00006d44   xdc_runtime_Error_Module__diagsIncluded__C
00006d48   xdc_runtime_Error_Module__diagsMask__C
00006df0   xdc_runtime_Error_Module__loggerDefined__C
00006d4c   xdc_runtime_Error_Module__loggerFxn8__C
00006d50   xdc_runtime_Error_Module__loggerObj__C
20002794   xdc_runtime_Error_Module__state__V
00005ead   xdc_runtime_Error_check__E
00005ead   xdc_runtime_Error_check__F
0000645f   xdc_runtime_Error_getSite__E
0000645f   xdc_runtime_Error_getSite__F
0000632d   xdc_runtime_Error_init__E
0000632d   xdc_runtime_Error_init__F
00006df4   xdc_runtime_Error_maxDepth__C
00006e20   xdc_runtime_Error_policy__C
00004a6d   xdc_runtime_Error_print__E
00004a6d   xdc_runtime_Error_print__F
00006d54   xdc_runtime_Error_raiseHook__C
00002de9   xdc_runtime_Error_raiseX__E
00002de9   xdc_runtime_Error_raiseX__F
20002798   xdc_runtime_GateNull_Module__root__V
00006339   xdc_runtime_Gate_enterSystem__E
00006339   xdc_runtime_Gate_enterSystem__F
00006251   xdc_runtime_Gate_leaveSystem__E
00006251   xdc_runtime_Gate_leaveSystem__F
00006d58   xdc_runtime_HeapMin_A_zeroSize__C
00006d5c   xdc_runtime_HeapMin_E_freeError__C
00006025   xdc_runtime_HeapMin_Handle__label__S
20001d98   xdc_runtime_HeapMin_Instance_State_0_buf__A
00004701   xdc_runtime_HeapMin_Instance_init__F
00006ab8   xdc_runtime_HeapMin_Module__FXNS__C
00006d60   xdc_runtime_HeapMin_Module__diagsEnabled__C
00006d64   xdc_runtime_HeapMin_Module__diagsIncluded__C
00006d68   xdc_runtime_HeapMin_Module__diagsMask__C
00006df8   xdc_runtime_HeapMin_Module__id__C
200027a0   xdc_runtime_HeapMin_Module__root__V
00006b6c   xdc_runtime_HeapMin_Object__DESC__C
00006b8c   xdc_runtime_HeapMin_Object__PARAMS__C
0000585d   xdc_runtime_HeapMin_Object__create__S
00005dd1   xdc_runtime_HeapMin_Object__delete__S
200027a8   xdc_runtime_HeapMin_Object__table__V
00005631   xdc_runtime_HeapMin_alloc__E
00005631   xdc_runtime_HeapMin_alloc__F
00006dfc   xdc_runtime_HeapMin_freeError__C
000059b1   xdc_runtime_HeapMin_free__E
000059b1   xdc_runtime_HeapMin_free__F
00006345   xdc_runtime_HeapMin_getStats__E
00006345   xdc_runtime_HeapMin_getStats__F
00006463   xdc_runtime_HeapMin_isBlocking__E
00006463   xdc_runtime_HeapMin_isBlocking__F
00006d6c   xdc_runtime_IFilterLogger_Interface__BASE__C
00006d70   xdc_runtime_IGateProvider_Interface__BASE__C
00006d74   xdc_runtime_IHeap_Interface__BASE__C
00006d78   xdc_runtime_ILogger_Interface__BASE__C
00006d7c   xdc_runtime_IModule_Interface__BASE__C
00006d80   xdc_runtime_Log_L_error__C
00006d84   xdc_runtime_LoggerBuf_E_badLevel__C
0000603d   xdc_runtime_LoggerBuf_Handle__label__S
20001c80   xdc_runtime_LoggerBuf_Instance_State_0_entryArr__A
000060bd   xdc_runtime_LoggerBuf_Instance_finalize__F
00005751   xdc_runtime_LoggerBuf_Instance_init__F
00006467   xdc_runtime_LoggerBuf_Module_GateProxy_enter__E
0000646b   xdc_runtime_LoggerBuf_Module_GateProxy_leave__E
00006447   xdc_runtime_LoggerBuf_Module_GateProxy_query__E
00006a50   xdc_runtime_LoggerBuf_Module__FXNS__C
00006d88   xdc_runtime_LoggerBuf_Module__gateObj__C
00006e00   xdc_runtime_LoggerBuf_Module__id__C
200027b8   xdc_runtime_LoggerBuf_Module__root__V
200027c0   xdc_runtime_LoggerBuf_Module__state__V
00005c4d   xdc_runtime_LoggerBuf_Module_startup__E
00005c4d   xdc_runtime_LoggerBuf_Module_startup__F
00006bac   xdc_runtime_LoggerBuf_Object__DESC__C
00006b28   xdc_runtime_LoggerBuf_Object__PARAMS__C
00006d8c   xdc_runtime_LoggerBuf_Object__count__C
00004d31   xdc_runtime_LoggerBuf_Object__create__S
00005df1   xdc_runtime_LoggerBuf_Object__delete__S
000060d1   xdc_runtime_LoggerBuf_Object__get__S
20002b98   xdc_runtime_LoggerBuf_Object__table__V
000032bd   xdc_runtime_LoggerBuf_TimestampProxy_get64__E
000063bd   xdc_runtime_LoggerBuf_disable__E
000063bd   xdc_runtime_LoggerBuf_disable__F
000063c7   xdc_runtime_LoggerBuf_enable__E
000063c7   xdc_runtime_LoggerBuf_enable__F
00006e04   xdc_runtime_LoggerBuf_filterByLevel__C
000053f1   xdc_runtime_LoggerBuf_filterOutEvent__I
00004ad9   xdc_runtime_LoggerBuf_getFilterLevel__E
00004ad9   xdc_runtime_LoggerBuf_getFilterLevel__F
00005e11   xdc_runtime_LoggerBuf_reset__E
00005e11   xdc_runtime_LoggerBuf_reset__F
00004899   xdc_runtime_LoggerBuf_setFilterLevel__E
00004899   xdc_runtime_LoggerBuf_setFilterLevel__F
00006d90   xdc_runtime_LoggerBuf_statusLogger__C
00006261   xdc_runtime_LoggerBuf_write0__E
00006261   xdc_runtime_LoggerBuf_write0__F
0000618b   xdc_runtime_LoggerBuf_write1__E
0000618b   xdc_runtime_LoggerBuf_write1__F
000060e5   xdc_runtime_LoggerBuf_write2__E
000060e5   xdc_runtime_LoggerBuf_write2__F
00003d51   xdc_runtime_LoggerBuf_write4__E
00003d51   xdc_runtime_LoggerBuf_write4__F
00003191   xdc_runtime_LoggerBuf_write8__E
00003191   xdc_runtime_LoggerBuf_write8__F
00006447   xdc_runtime_Main_Module_GateProxy_query__E
0000646f   xdc_runtime_Memory_HeapProxy_alloc__E
00006473   xdc_runtime_Memory_HeapProxy_free__E
00006e08   xdc_runtime_Memory_Module__id__C
200027c8   xdc_runtime_Memory_Module__state__V
00004991   xdc_runtime_Memory_alloc__E
00004991   xdc_runtime_Memory_alloc__F
00006351   xdc_runtime_Memory_calloc__E
00006351   xdc_runtime_Memory_calloc__F
00006d94   xdc_runtime_Memory_defaultHeapInstance__C
00006271   xdc_runtime_Memory_free__E
00006271   xdc_runtime_Memory_free__F
0000635d   xdc_runtime_Memory_getMaxDefaultTypeAlign__E
0000635d   xdc_runtime_Memory_getMaxDefaultTypeAlign__F
00005ec9   xdc_runtime_Memory_valloc__E
00005ec9   xdc_runtime_Memory_valloc__F
200027cc   xdc_runtime_Registry_Module__state__V
00005e31   xdc_runtime_Registry_findById__E
00005e31   xdc_runtime_Registry_findById__F
200027d4   xdc_runtime_Startup_Module__state__V
00000001   xdc_runtime_Startup__EXECFXN__C
00000001   xdc_runtime_Startup__RESETFXN__C
00006d98   xdc_runtime_Startup_execImpl__C
0000500d   xdc_runtime_Startup_exec__E
0000500d   xdc_runtime_Startup_exec__F
0000619d   xdc_runtime_Startup_exec__I
00006c28   xdc_runtime_Startup_firstFxns__A
00006c58   xdc_runtime_Startup_firstFxns__C
00006c60   xdc_runtime_Startup_lastFxns__A
00006c68   xdc_runtime_Startup_lastFxns__C
00006d9c   xdc_runtime_Startup_maxPasses__C
00005af7   xdc_runtime_Startup_reset__I
00006bfc   xdc_runtime_Startup_sfxnRts__A
00006da0   xdc_runtime_Startup_sfxnRts__C
00006a8c   xdc_runtime_Startup_sfxnTab__A
00006da4   xdc_runtime_Startup_sfxnTab__C
000036f9   xdc_runtime_Startup_startMods__I
20001d00   xdc_runtime_SysMin_Module_State_0_outbuf__A
200027dc   xdc_runtime_SysMin_Module__state__V
00005e51   xdc_runtime_SysMin_Module_startup__E
00005e51   xdc_runtime_SysMin_Module_startup__F
000059e1   xdc_runtime_SysMin_abort__E
000059e1   xdc_runtime_SysMin_abort__F
00006da8   xdc_runtime_SysMin_bufSize__C
00005ee5   xdc_runtime_SysMin_exit__E
00005ee5   xdc_runtime_SysMin_exit__F
00006e0c   xdc_runtime_SysMin_flushAtExit__C
00005435   xdc_runtime_SysMin_flush__E
00005435   xdc_runtime_SysMin_flush__F
00006dac   xdc_runtime_SysMin_outputFunc__C
00005d2d   xdc_runtime_SysMin_output__I
00005789   xdc_runtime_SysMin_putch__E
00005789   xdc_runtime_SysMin_putch__F
00006281   xdc_runtime_SysMin_ready__E
00006281   xdc_runtime_SysMin_ready__F
00006477   xdc_runtime_System_Module_GateProxy_enter__E
0000647b   xdc_runtime_System_Module_GateProxy_leave__E
00006447   xdc_runtime_System_Module_GateProxy_query__E
200027e8   xdc_runtime_System_Module_State_0_atexitHandlers__A
00006db0   xdc_runtime_System_Module__gateObj__C
200027f8   xdc_runtime_System_Module__state__V
00006431   xdc_runtime_System_Module_startup__E
00006431   xdc_runtime_System_Module_startup__F
000059e1   xdc_runtime_System_SupportProxy_abort__E
00005ee5   xdc_runtime_System_SupportProxy_exit__E
00005435   xdc_runtime_System_SupportProxy_flush__E
00005789   xdc_runtime_System_SupportProxy_putch__E
00006281   xdc_runtime_System_SupportProxy_ready__E
000060f9   xdc_runtime_System_abort__E
000060f9   xdc_runtime_System_abort__F
[...]
00005b25   ti_sysbios_knl_Task_restore__E
00005b51   xdc_runtime_System_rtsExit__I
00005b7d   xdc_runtime_Text_cordText__E
00005b7d   xdc_runtime_Text_cordText__F
00005ba9   xdc_runtime_System_putchar__I
00005bd5   TimerConfigure
00005bfd   ti_sysbios_family_arm_m3_Hwi_initStacks__E
00005c25   ti_sysbios_knl_Clock_addI__E
00005c4d   xdc_runtime_LoggerBuf_Module_startup__E
00005c4d   xdc_runtime_LoggerBuf_Module_startup__F
00005c75   xdc_runtime_System_avprintf__F
00005c9d   ti_sysbios_knl_Clock_Module_startup__E
00005c9d   ti_sysbios_knl_Clock_Module_startup__F
00005cc1   ti_sysbios_knl_Swi_Module_startup__E
00005cc1   ti_sysbios_knl_Swi_Module_startup__F
00005ce5   ti_sysbios_knl_Task_restoreHwi__E
00005d09   xdc_runtime_System_vprintf__F
00005d2d   xdc_runtime_SysMin_output__I
00005d51   ti_sysbios_BIOS_removeRTSLock__I
00005d71   ti_sysbios_BIOS_startFunc__I
00005d91   ti_sysbios_gates_GateHwi_Object__delete__S
00005db1   ti_sysbios_knl_Task_enter__I
00005dd1   xdc_runtime_HeapMin_Object__delete__S
00005df1   xdc_runtime_LoggerBuf_Object__delete__S
00005e11   LoggerBuf_instanceStartup
00005e11   xdc_runtime_LoggerBuf_reset__E
00005e11   xdc_runtime_LoggerBuf_reset__F
00005e31   xdc_runtime_Registry_findById__E
00005e31   xdc_runtime_Registry_findById__F
00005e51   xdc_runtime_SysMin_Module_startup__E
00005e51   xdc_runtime_SysMin_Module_startup__F
00005e71   ti_sysbios_family_arm_lm4_Timer_write__I
00005e8f   ti_sysbios_knl_Queue_put__E
00005ead   xdc_runtime_Error_check__E
00005ead   xdc_runtime_Error_check__F
00005ec9   xdc_runtime_Memory_valloc__E
00005ec9   xdc_runtime_Memory_valloc__F
00005ee5   xdc_runtime_SysMin_exit__E
00005ee5   xdc_runtime_SysMin_exit__F
00005ee5   xdc_runtime_System_SupportProxy_exit__E
00005f01   xdc_runtime_System_aprintf__E
00005f1b   xdc_runtime_System_printf__E
00005f35   ti_sysbios_family_arm_m3_TaskSupport_swap__E
00005f35   ti_sysbios_knl_Task_SupportProxy_swap__E
00005f41   ti_sysbios_knl_Task_swapReturn
00005f4d   free
00005f65   _args_main
00005f7d   ti_sysbios_family_arm_lm4_Timer_Module__startupDone__F
00005f7d   ti_sysbios_family_arm_lm4_Timer_Module__startupDone__S
00005f95   ti_sysbios_family_arm_m3_Hwi_Handle__label__S
00005fad   ti_sysbios_family_arm_m3_Hwi_Module__startupDone__F
00005fad   ti_sysbios_family_arm_m3_Hwi_Module__startupDone__S
00005fc5   ti_sysbios_gates_GateHwi_Handle__label__S
00005fdd   ti_sysbios_hal_Timer_Module__startupDone__F
00005fdd   ti_sysbios_hal_Timer_Module__startupDone__S
00005ff5   ti_sysbios_knl_Swi_Handle__label__S
0000600d   ti_sysbios_knl_Task_Handle__label__S
00006025   xdc_runtime_HeapMin_Handle__label__S
0000603d   xdc_runtime_LoggerBuf_Handle__label__S
00006055   xdc_runtime_Text_ropeText__E
00006055   xdc_runtime_Text_ropeText__F
0000606d   _register_unlock
00006073   _register_lock
0000607b   _nop
00006081   strlen
00006095   ti_sysbios_family_arm_m3_Hwi_switchFromBootStack__E
00006095   ti_sysbios_hal_Hwi_HwiProxy_switchFromBootStack__E
00006095   ti_sysbios_hal_Hwi_switchFromBootStack__E
000060a9   ti_sysbios_knl_Swi_Object__get__S
000060bd   xdc_runtime_LoggerBuf_Instance_finalize__F
000060d1   xdc_runtime_LoggerBuf_Object__get__S
000060e5   xdc_runtime_LoggerBuf_write2__E
000060e5   xdc_runtime_LoggerBuf_write2__F
000060f9   xdc_runtime_System_abort__E
000060f9   xdc_runtime_System_abort__F
0000610d   GPIOPinTypeGPIOInput
0000611f   GPIOPinTypeGPIOOutput
00006131   GPIOPinTypeSSI
00006143   TimerLoadSet
00006155   __TI_zero_init
00006167   ti_sysbios_hal_Hwi_Module_startup__E
00006167   ti_sysbios_hal_Hwi_Module_startup__F
00006179   ti_sysbios_hal_Timer_Module_startup__E
00006179   ti_sysbios_hal_Timer_Module_startup__F
0000618b   xdc_runtime_LoggerBuf_write1__E
0000618b   xdc_runtime_LoggerBuf_write1__F
0000619d   xdc_runtime_Startup_exec__I
000061af   ti_sysbios_family_arm_m3_TaskSupport_glue
000061bf   ti_sysbios_family_xxx_Hwi_switchToIsrStack
000061cf   strcpy
000061e1   ti_sysbios_BIOS_setThreadType__E
000061f1   ti_sysbios_BIOS_start__E
00006201   ti_sysbios_family_arm_lm4_TimestampProvider_rolloverFunc__E
00006211   ti_sysbios_family_arm_m3_Hwi_excHandler__I
00006221   ti_sysbios_knl_Swi_disable__E
00006231   ti_sysbios_knl_Task_Object__get__S
00006241   ti_sysbios_knl_Task_disable__E
00006251   xdc_runtime_Gate_leaveSystem__E
00006251   xdc_runtime_Gate_leaveSystem__F
00006261   xdc_runtime_LoggerBuf_write0__E
00006261   xdc_runtime_LoggerBuf_write0__F
00006271   xdc_runtime_Memory_free__E
00006271   xdc_runtime_Memory_free__F
00006281   xdc_runtime_SysMin_ready__E
00006281   xdc_runtime_SysMin_ready__F
00006281   xdc_runtime_System_SupportProxy_ready__E
00006291   xdc_runtime_System_vsnprintf__F
000062a1   TimerEnable
000062af   __TI_decompress_none
000062bd   ti_sysbios_family_arm_m3_TaskSupport_checkStack__E
000062bd   ti_sysbios_knl_Task_SupportProxy_checkStack__E
000062cb   ti_sysbios_knl_Queue_empty__E
000062d9   ti_catalog_arm_cortexm4_tiva_ce_Boot_init__I
000062e5   GPIOPinIntEnable
000062f1   ti_sysbios_family_xxx_Hwi_switchToTaskStack
000062fd   ti_sysbios_family_arm_lm4_Timer_masterDisable__I
00006309   ti_sysbios_family_arm_lm4_TimestampProvider_startTimer__E
00006315   ti_sysbios_gates_GateHwi_enter__E
00006321   ti_sysbios_knl_Queue_Object__get__S
0000632d   xdc_runtime_Error_init__E
0000632d   xdc_runtime_Error_init__F
00006339   xdc_runtime_Gate_enterSystem__E
00006339   xdc_runtime_Gate_enterSystem__F
00006345   xdc_runtime_HeapMin_getStats__E
00006345   xdc_runtime_HeapMin_getStats__F
00006351   xdc_runtime_Memory_calloc__E
00006351   xdc_runtime_Memory_calloc__F
0000635d   xdc_runtime_Memory_getMaxDefaultTypeAlign__E
0000635d   xdc_runtime_Memory_getMaxDefaultTypeAlign__F
00006369   xdc_runtime_System_exit__E
00006369   xdc_runtime_System_exit__F
00006375   xdc_runtime_System_lastFxn__I
00006381   GPIOPinRead
0000638b   GPIOPinWrite
00006395   SSIDataPut
0000639f   SSIEnable
000063bd   xdc_runtime_LoggerBuf_disable__E
000063bd   xdc_runtime_LoggerBuf_disable__F
000063c7   xdc_runtime_LoggerBuf_enable__E
000063c7   xdc_runtime_LoggerBuf_enable__F
000063d1   SSIBusy
000063d9   TimerIntEnable
000063e1   ti_sysbios_family_arm_m3_Hwi_doSwiRestore__I
000063e9   ti_sysbios_family_arm_m3_Hwi_startup__E
000063e9   ti_sysbios_hal_Hwi_HwiProxy_startup__E
000063e9   ti_sysbios_hal_Hwi_startup__E
000063f1   ti_sysbios_knl_Idle_loop__E
000063f9   xdc_runtime_Text_visitRope__I
00006401   GPIOPinIntClear
00006407   __xdc__init
0000640d   __TI_decompress_rle24
00006413   ti_catalog_arm_cortexm4_tiva_ce_Boot_sysCtlDelayI__I
00006419   ti_sysbios_family_arm_lm4_TimestampProvider_Module_startup__E
00006419   ti_sysbios_family_arm_lm4_TimestampProvider_Module_startup__F
0000641f   ti_sysbios_family_arm_m3_Hwi_doTaskRestore__I
00006425   ti_sysbios_gates_GateHwi_leave__E
0000642b   ti_sysbios_knl_Swi_startup__E
00006431   xdc_runtime_System_Module_startup__E
00006431   xdc_runtime_System_Module_startup__F
00006437   TimerIntClear
0000643b   ti_sysbios_family_arm_lm4_Timer_getPeriod__E
0000643f   ti_sysbios_family_arm_lm4_Timer_masterEnable__I
00006443   ti_sysbios_family_arm_m3_TaskSupport_Module__startupDone__S
00006447   ti_sysbios_gates_GateHwi_query__E
00006447   ti_sysbios_gates_GateHwi_query__F
00006447   xdc_runtime_LoggerBuf_Module_GateProxy_query__E
00006447   xdc_runtime_Main_Module_GateProxy_query__E
00006447   xdc_runtime_System_Module_GateProxy_query__E
0000644b   ti_sysbios_hal_Hwi_HwiProxy_Module__startupDone__S
0000644f   ti_sysbios_hal_Timer_TimerProxy_Module__startupDone__S
00006453   ti_sysbios_hal_Timer_TimerProxy_getPeriod__E
00006457   ti_sysbios_knl_Task_SupportProxy_Module__startupDone__S
0000645b   ti_sysbios_knl_Task_startup__E
0000645f   xdc_runtime_Error_getSite__E
0000645f   xdc_runtime_Error_getSite__F
00006463   xdc_runtime_HeapMin_isBlocking__E
00006463   xdc_runtime_HeapMin_isBlocking__F
00006467   xdc_runtime_LoggerBuf_Module_GateProxy_enter__E
0000646b   xdc_runtime_LoggerBuf_Module_GateProxy_leave__E
0000646f   xdc_runtime_Memory_HeapProxy_alloc__E
00006473   xdc_runtime_Memory_HeapProxy_free__E
00006477   xdc_runtime_System_Module_GateProxy_enter__E
0000647b   xdc_runtime_System_Module_GateProxy_leave__E
0000647f   xdc_runtime_System_aprintf_va__F
00006483   xdc_runtime_System_printf_va__F
00006487   xdc_runtime_System_vsnprintf__E
0000648c   MyFont
00006644   ti_sysbios_family_arm_m3_Hwi_priorities__A
0000671c   shifted
000067c8   unshifted
00006a50   xdc_runtime_LoggerBuf_Module__FXNS__C
00006a8c   xdc_runtime_Startup_sfxnTab__A
00006ab8   xdc_runtime_HeapMin_Module__FXNS__C
00006ae0   testTask
00006ae4   hwi0
00006ae8   UI
00006aec   ButTask
00006af0   Clock
00006af4   KeySem
00006af8   hwi2
00006afc   KeyboardTask
00006b00   DataSem
00006b04   ti_sysbios_gates_GateHwi_Module__FXNS__C
00006b28   xdc_runtime_LoggerBuf_Object__PARAMS__C
00006b4c   ti_sysbios_gates_GateHwi_Object__DESC__C
00006b6c   xdc_runtime_HeapMin_Object__DESC__C
00006b8c   xdc_runtime_HeapMin_Object__PARAMS__C
00006bac   xdc_runtime_LoggerBuf_Object__DESC__C
00006bcc   ti_sysbios_gates_GateHwi_Object__PARAMS__C
00006be4   ti_sysbios_knl_Task_hooks__A
00006bfc   xdc_runtime_Startup_sfxnRts__A
00006c28   xdc_runtime_Startup_firstFxns__A
00006c38   ti_sysbios_family_arm_m3_Hwi_excHookFuncs__A
00006c40   ti_sysbios_knl_Idle_coreList__C
00006c48   ti_sysbios_knl_Idle_funcList__C
00006c50   ti_sysbios_knl_Task_hooks__C
00006c58   xdc_runtime_Startup_firstFxns__C
00006c60   xdc_runtime_Startup_lastFxns__A
00006c68   xdc_runtime_Startup_lastFxns__C
00006c70   ti_catalog_arm_cortexm4_tiva_ce_Boot_A_mustUseEnhancedClockMode__C
00006c74   ti_catalog_arm_cortexm4_tiva_ce_Boot_Module__diagsEnabled__C
00006c78   ti_catalog_arm_cortexm4_tiva_ce_Boot_Module__diagsIncluded__C
00006c7c   ti_catalog_arm_cortexm4_tiva_ce_Boot_Module__diagsMask__C
00006c80   ti_sysbios_BIOS_installedErrorHook__C
00006c84   ti_sysbios_family_arm_lm4_Timer_numTimerDevices__C
00006c88   ti_sysbios_family_arm_lm4_Timer_startupNeeded__C
00006c8c   ti_sysbios_family_arm_m3_Hwi_E_NMI__C
00006c90   ti_sysbios_family_arm_m3_Hwi_E_busFault__C
00006c94   ti_sysbios_family_arm_m3_Hwi_E_debugMon__C
00006c98   ti_sysbios_family_arm_m3_Hwi_E_hardFault__C
00006c9c   ti_sysbios_family_arm_m3_Hwi_E_memFault__C
00006ca0   ti_sysbios_family_arm_m3_Hwi_E_noIsr__C
00006ca4   ti_sysbios_family_arm_m3_Hwi_E_reserved__C
00006ca8   ti_sysbios_family_arm_m3_Hwi_E_svCall__C
00006cac   ti_sysbios_family_arm_m3_Hwi_E_usageFault__C
00006cb0   ti_sysbios_family_arm_m3_Hwi_NUM_INTERRUPTS__C
00006cb4   ti_sysbios_family_arm_m3_Hwi_ccr__C
00006cb8   ti_sysbios_family_arm_m3_Hwi_dispatchTable__C
00006cbc   ti_sysbios_family_arm_m3_Hwi_excHandlerFunc__C
00006cc0   ti_sysbios_family_arm_m3_Hwi_excHookFuncs__C
00006cc4   ti_sysbios_family_arm_m3_Hwi_priGroup__C
00006cc8   ti_sysbios_family_arm_m3_Hwi_priorities__C
00006ccc   ti_sysbios_hal_Hwi_E_stackOverflow__C
00006cd0   ti_sysbios_knl_Clock_Module_State_clockQ__O
00006cd4   ti_sysbios_knl_Idle_coreList__A
00006cd8   ti_sysbios_knl_Idle_funcList__A
00006cdc   ti_sysbios_knl_Semaphore_A_badContext__C
00006ce0   ti_sysbios_knl_Semaphore_A_overflow__C
00006ce4   ti_sysbios_knl_Semaphore_A_pendTaskDisabled__C
00006ce8   ti_sysbios_knl_Semaphore_Instance_State_pendQ__O
00006cec   ti_sysbios_knl_Semaphore_Module__diagsEnabled__C
00006cf0   ti_sysbios_knl_Semaphore_Module__diagsIncluded__C
00006cf4   ti_sysbios_knl_Semaphore_Module__diagsMask__C
00006cf8   ti_sysbios_knl_Swi_Object__count__C
00006cfc   ti_sysbios_knl_Task_A_badTimeout__C
00006d00   ti_sysbios_knl_Task_A_sleepTaskDisabled__C
00006d04   ti_sysbios_knl_Task_E_spOutOfBounds__C
00006d08   ti_sysbios_knl_Task_E_stackOverflow__C
00006d0c   ti_sysbios_knl_Task_Module_State_inactiveQ__O
00006d10   ti_sysbios_knl_Task_Module__diagsEnabled__C
00006d14   ti_sysbios_knl_Task_Module__diagsIncluded__C
00006d18   ti_sysbios_knl_Task_Module__diagsMask__C
00006d1c   ti_sysbios_knl_Task_Object__count__C
00006d20   ti_sysbios_knl_Task_allBlockedFunc__C
00006d24   ti_sysbios_knl_Task_numConstructedTasks__C
00006d28   xdc_runtime_Assert_E_assertFailed__C
00006d2c   xdc_runtime_Core_A_initializedParams__C
00006d30   xdc_runtime_Core_Module__diagsEnabled__C
00006d34   xdc_runtime_Core_Module__diagsIncluded__C
00006d38   xdc_runtime_Core_Module__diagsMask__C
00006d3c   xdc_runtime_Error_E_memory__C
00006d40   xdc_runtime_Error_Module__diagsEnabled__C
00006d44   xdc_runtime_Error_Module__diagsIncluded__C
00006d48   xdc_runtime_Error_Module__diagsMask__C
00006d4c   xdc_runtime_Error_Module__loggerFxn8__C
00006d50   xdc_runtime_Error_Module__loggerObj__C
00006d54   xdc_runtime_Error_raiseHook__C
00006d58   xdc_runtime_HeapMin_A_zeroSize__C
00006d5c   xdc_runtime_HeapMin_E_freeError__C
00006d60   xdc_runtime_HeapMin_Module__diagsEnabled__C
00006d64   xdc_runtime_HeapMin_Module__diagsIncluded__C
00006d68   xdc_runtime_HeapMin_Module__diagsMask__C
00006d6c   xdc_runtime_IFilterLogger_Interface__BASE__C
00006d70   xdc_runtime_IGateProvider_Interface__BASE__C
00006d74   xdc_runtime_IHeap_Interface__BASE__C
00006d78   xdc_runtime_ILogger_Interface__BASE__C
00006d7c   xdc_runtime_IModule_Interface__BASE__C
00006d80   xdc_runtime_Log_L_error__C
00006d84   xdc_runtime_LoggerBuf_E_badLevel__C
00006d88   xdc_runtime_LoggerBuf_Module__gateObj__C
00006d8c   xdc_runtime_LoggerBuf_Object__count__C
00006d90   xdc_runtime_LoggerBuf_statusLogger__C
00006d94   xdc_runtime_Memory_defaultHeapInstance__C
00006d98   xdc_runtime_Startup_execImpl__C
00006d9c   xdc_runtime_Startup_maxPasses__C
00006da0   xdc_runtime_Startup_sfxnRts__C
00006da4   xdc_runtime_Startup_sfxnTab__C
00006da8   xdc_runtime_SysMin_bufSize__C
00006dac   xdc_runtime_SysMin_outputFunc__C
00006db0   xdc_runtime_System_Module__gateObj__C
00006db4   xdc_runtime_System_extendFxn__C
00006db8   xdc_runtime_System_maxAtexitHandlers__C
00006dbc   xdc_runtime_Text_charTab__C
00006dc0   xdc_runtime_Text_nameEmpty__C
00006dc4   xdc_runtime_Text_nameStatic__C
00006dc8   xdc_runtime_Text_nameUnknown__C
00006dcc   xdc_runtime_Text_visitRopeFxn__C
00006dd0   ti_catalog_arm_cortexm4_tiva_ce_Boot_Module__id__C
00006dd4   ti_sysbios_family_arm_lm4_TimestampProvider_useClockTimer__C
00006dd8   ti_sysbios_family_arm_m3_Hwi_Module__id__C
00006ddc   ti_sysbios_hal_Hwi_Module__id__C
00006de0   ti_sysbios_knl_Semaphore_Module__id__C
00006de4   ti_sysbios_knl_Task_Module__id__C
00006de8   ti_sysbios_knl_Task_initStackFlag__C
00006dec   xdc_runtime_Core_Module__id__C
00006df0   xdc_runtime_Error_Module__loggerDefined__C
00006df4   xdc_runtime_Error_maxDepth__C
00006df8   xdc_runtime_HeapMin_Module__id__C
00006dfc   xdc_runtime_HeapMin_freeError__C
00006e00   xdc_runtime_LoggerBuf_Module__id__C
00006e04   xdc_runtime_LoggerBuf_filterByLevel__C
00006e08   xdc_runtime_Memory_Module__id__C
00006e0c   xdc_runtime_SysMin_flushAtExit__C
00006e10   xdc_runtime_Text_charCnt__C
00006e14   xdc_runtime_Text_isLoaded__C
00006e18   xdc_runtime_Text_registryModsLastId__C
00006e1c   xdc_runtime_Text_unnamedModsLastId__C
00006e20   xdc_runtime_Error_policy__C
000075d8   __TI_Handler_Table_Base
000075e4   __TI_Handler_Table_Limit
000075f8   __TI_CINIT_Base
00007610   __TI_CINIT_Limit
20000000   ti_sysbios_family_arm_m3_Hwi_ramVectors
20000360   ti_sysbios_knl_Task_Instance_State_0_stack__A
20000760   ti_sysbios_knl_Task_Instance_State_1_stack__A
20000b60   ti_sysbios_knl_Task_Instance_State_2_stack__A
20000f60   ti_sysbios_knl_Task_Instance_State_3_stack__A
20001360   ti_sysbios_knl_Task_Instance_State_4_stack__A
20001760   glcd_buffer
20001b60   __CIOBUF_
20001c80   xdc_runtime_LoggerBuf_Instance_State_0_entryArr__A
20001d00   xdc_runtime_SysMin_Module_State_0_outbuf__A
20001d80   ti_sysbios_knl_Task_Instance_State_0_hookEnv__A
20001d84   ti_sysbios_knl_Task_Instance_State_1_hookEnv__A
20001d88   ti_sysbios_knl_Task_Instance_State_2_hookEnv__A
20001d8c   ti_sysbios_knl_Task_Instance_State_3_hookEnv__A
20001d90   ti_sysbios_knl_Task_Instance_State_4_hookEnv__A
20001d98   xdc_runtime_HeapMin_Instance_State_0_buf__A
20001db8   temp_count_string
20001dbc   KeyBuf
20001dc0   KeyIn
20001dc1   KeyOut
20001dc2   KeyRead
20001dc3   clkstat
20001dc4   datstat
20001dc5   paritystat
20001dc6   data
20001dc7   time_string
20001ddb   glcd_dirty_pages
20001ddc   ItemBlock1
200021c4   ti_sysbios_family_arm_m3_Hwi_Module_State_0_dispatchTable__A
20002524   ti_sysbios_knl_Task_Object__table__V
20002654   TSK_idle
200026a0   ti_sysbios_BIOS_Module__state__V
200026c0   ti_sysbios_family_arm_lm4_Timer_Module__root__V
200026c8   ti_sysbios_family_arm_lm4_Timer_Module_State_0_handles__A
200026e0   ti_sysbios_family_arm_lm4_Timer_Module__state__V
200026ec   ti_sysbios_family_arm_lm4_TimestampProvider_Module__state__V
200026f4   ti_sysbios_family_arm_m3_Hwi_Module__root__V
200026fc   ti_sysbios_family_arm_m3_Hwi_Module_State_0_excActive__A
20002700   ti_sysbios_family_arm_m3_Hwi_Module_State_0_excContext__A
20002704   ti_sysbios_family_arm_m3_Hwi_Module_State_0_excStack__A
20002708   ti_sysbios_gates_GateHwi_Module__root__V
20002710   ti_sysbios_gates_GateHwi_Object__table__V
20002714   ti_sysbios_gates_GateMutexPri_Module__root__V
2000271c   ti_sysbios_hal_Hwi_Module__root__V
20002724   ti_sysbios_hal_Hwi_Object__table__V
2000273c   ti_sysbios_hal_Timer_Module__root__V
20002744   ti_sysbios_hal_Timer_Object__table__V
2000274c   ti_sysbios_knl_Clock_Module__root__V
20002754   ti_sysbios_knl_Queue_Module__root__V
2000275c   ti_sysbios_knl_Semaphore_Module__root__V
20002764   ti_sysbios_knl_Swi_Module__root__V
2000276c   ti_sysbios_knl_Swi_Module__state__V
20002788   ti_sysbios_knl_Task_Module__root__V
20002790   ti_sysbios_knl_Task_Module_State_0_idleTask__A
20002794   xdc_runtime_Error_Module__state__V
20002798   xdc_runtime_GateNull_Module__root__V
200027a0   xdc_runtime_HeapMin_Module__root__V
200027a8   xdc_runtime_HeapMin_Object__table__V
200027b8   xdc_runtime_LoggerBuf_Module__root__V
200027c0   xdc_runtime_LoggerBuf_Module__state__V
200027c8   xdc_runtime_Memory_Module__state__V
200027cc   xdc_runtime_Registry_Module__state__V
200027d4   xdc_runtime_Startup_Module__state__V
200027dc   xdc_runtime_SysMin_Module__state__V
200027e8   xdc_runtime_System_Module_State_0_atexitHandlers__A
200027f8   xdc_runtime_System_Module__state__V
20002804   xdc_runtime_Text_Module__state__V
2000280c   __xdc__init__addr
20002810   ti_sysbios_knl_Swi_Module_State_0_readyQ__A
20002890   ti_sysbios_knl_Task_Module_State_0_readyQ__A
20002910   ti_sysbios_family_arm_m3_Hwi_Object__table__V
20002988   ti_sysbios_family_arm_lm4_Timer_Object__table__V
200029f8   ti_sysbios_family_arm_m3_Hwi_Module__state__V
20002a4c   ti_sysbios_knl_Task_Module__state__V
20002a90   ItemLookUp
20002ac4   ti_sysbios_family_arm_lm4_Timer_Module_State_0_device__A
20002af4   ti_sysbios_knl_Swi_Object__table__V
20002b24   ti_sysbios_knl_Clock_Module__state__V
20002b4c   ti_sysbios_knl_Semaphore_Object__table__V
20002b74   glcd_flipped
20002b78   pagemap
20002b98   xdc_runtime_LoggerBuf_Object__table__V
20002bbc   temp_count
20002bc0   Data
20002bc4   KeyBuffer
20002bc5   bitcount
20002bcc   _lock
20002bd0   _unlock
20002bd4   _cleanup_ptr
20002bd8   _dtors_ptr
20002bdc   TimeOfDay
20002be4   StateInfo
20002be7   LastState
20002bec   main_func_sp
20002bf4   __stack
20002df4   __STACK_TOP
20002ff4   __STACK_END
e000e000   ti_sysbios_family_arm_m3_Hwi_nvic
ffffffff   __binit__
ffffffff   __c_args__
ffffffff   binit
UNDEFED    SHT$$INIT_ARRAY$$Base
UNDEFED    SHT$$INIT_ARRAY$$Limit

[657 symbols]
