******************************************************************************
                  TI ARM Linker PC v5.0.4                      
******************************************************************************
>> Linked Sun May 26 23:10:40 2013

OUTPUT FILE NAME:   <Grocery.out>
ENTRY POINT SYMBOL: "_c_int00"  address: 00004a91


MEMORY CONFIGURATION

         name            origin    length      used     unused   attr    fill
----------------------  --------  ---------  --------  --------  ----  --------
  FLASH                 00000000   00040000  00006e9b  00039165  R  X
  SRAM                  20000000   00008000  00002bd7  00005429  RW X


SEGMENT ALLOCATION MAP

run origin  load origin   length   init length attrs members
----------  ----------- ---------- ----------- ----- -------
00000000    00000000    00006ea0   00006ea0    r-x
  00000000    00000000    00000360   00000360    r-- .resetVecs
  00000360    00000360    00005cb6   00005cb6    r-x .text
  00006018    00006018    0000099d   0000099d    r-- .const
  000069b8    000069b8    000004e8   000004e8    r-- .cinit
20000000    20000000    00001ddc   00000000    rw-
  20000000    20000000    00000360   00000000    rw- .vecs
  20000360    20000360    00001a7c   00000000    rw- .bss
20001ddc    20001ddc    00000dfc   000009fb    rw-
  20001ddc    20001ddc    000009fb   000009fb    rw- .data
  200027d8    200027d8    00000400   00000000    rw- .stack


SECTION ALLOCATION MAP

 output                                  attributes/
section   page    origin      length       input sections
--------  ----  ----------  ----------   ----------------
.bootVecs 
*          0    00000000    00000008     DSECT
                  00000000    00000008     boot.aem4f : boot.oem4f (.bootVecs)

.resetVecs 
*          0    00000000    00000360     
                  00000000    00000360     app_pem4f.oem4f (.resetVecs)

xdc.meta   0    00000000    000000d9     COPY SECTION
                  00000000    000000d9     app_pem4f.oem4f (xdc.meta)

xdc.noload 
*          0    00000000    00001238     COPY SECTION
                  00000000    00001238     app_pem4f.oem4f (xdc.noload)

.init_array 
*          0    00000000    00000000     UNINITIALIZED

.text      0    00000360    00005cb6     
                  00000360    00000530     Ps2Keyboard.obj (.text)
                  00000890    00000424     sysbios.aem4f : BIOS.obj (.text:ti_sysbios_family_arm_m3_Hwi_excDumpRegs__I)
                  00000cb4    0000041c     st7565.obj (.text)
                  000010d0    00000344     ti.targets.arm.rtsarm.aem4f : System.oem4f (.text:xdc_runtime_System_doPrint__I)
                  00001414    00000314     Graphics_Bmp.obj (.text)
                  00001728    000002e4     rtsv7M4_T_le_v4SPD16_eabi.lib : trgdrv.obj (.text)
                  00001a0c    00000250     main.obj (.text)
                  00001c5c    00000238     sysbios.aem4f : BIOS.obj (.text:ti_sysbios_knl_Semaphore_pend__E)
                  00001e94    000001dc                   : BIOS.obj (.text:ti_sysbios_family_arm_m3_Hwi_excHandlerMax__I)
                  00002070    000001d8     driverlib-cm4f.lib : sysctl.obj (.text:SysCtlClockGet)
                  00002248    000001a4     buttons.obj (.text)
                  000023ec    0000018c     sysbios.aem4f : BIOS.obj (.text:ti_sysbios_knl_Task_sleep__E)
                  00002578    00000168                   : BIOS.obj (.text:ti_sysbios_family_arm_m3_Hwi_excBusFault__I)
                  000026e0    00000154                   : BIOS.obj (.text:ti_sysbios_family_arm_m3_Hwi_excUsageFault__I)
                  00002834    00000140                   : BIOS.obj (.text:ti_sysbios_family_arm_m3_Hwi_excMemFault__I)
                  00002974    0000013c     ti.targets.arm.rtsarm.aem4f : Error.oem4f (.text:xdc_runtime_Error_raiseX__F)
                  00002ab0    00000138     Boot.aem4f : Boot_sysctl.oem4f (.text:ti_catalog_arm_cortexm4_tiva_ce_Boot_sysCtlClockSetI__I)
                  00002be8    00000134     sysbios.aem4f : m3_Hwi_asm.obj (.text:ti_sysbios_family_arm_m3_Hwi_dispatch__I)
                  00002d1c    0000012c     ti.targets.arm.rtsarm.aem4f : LoggerBuf.oem4f (.text:xdc_runtime_LoggerBuf_write8__F)
                  00002e48    00000128     sysbios.aem4f : BIOS.obj (.text:ti_sysbios_family_arm_lm4_TimestampProvider_get64__E)
                  00002f70    00000114                   : BIOS.obj (.text:ti_sysbios_family_arm_lm4_Timer_initDevice__I)
                  00003084    00000104     ti.targets.arm.rtsarm.aem4f : Core-mem.oem4f (.text:xdc_runtime_Core_createObject__I)
                  00003188    000000fc     sysbios.aem4f : BIOS.obj (.text:ti_sysbios_family_arm_lm4_Timer_start__E)
                  00003284    000000f8     ti.targets.arm.rtsarm.aem4f : Startup.oem4f (.text:xdc_runtime_Startup_startMods__I)
                  0000337c    000000f8     app_pem4f.oem4f (.text:xdc_runtime_System_printfExtend__I)
                  00003474    000000ec     rtsv7M4_T_le_v4SPD16_eabi.lib : dtor_list.obj (.text)
                  00003560    000000ec     sysbios.aem4f : BIOS.obj (.text:ti_sysbios_knl_Semaphore_post__E)
                  0000364c    000000dc                   : BIOS.obj (.text:ti_sysbios_family_arm_m3_Hwi_initNVIC__E)
                  00003728    000000dc                   : BIOS.obj (.text:ti_sysbios_knl_Task_postInit__I)
                  00003804    000000d8     Clock.obj (.text)
                  000038dc    000000d4     ti.targets.arm.rtsarm.aem4f : LoggerBuf.oem4f (.text:xdc_runtime_LoggerBuf_write4__F)
                  000039b0    000000c8     driverlib-cm4f.lib : gpio.obj (.text:GPIOPadConfigSet)
                  00003a78    000000b4     sysbios.aem4f : BIOS.obj (.text:ti_sysbios_family_arm_m3_Hwi_excHardFault__I)
                  00003b2c    000000b4                   : BIOS.obj (.text:ti_sysbios_knl_Task_checkStacks__E)
                  00003be0    000000b0                   : BIOS.obj (.text:ti_sysbios_family_arm_m3_Hwi_excDebugMon__I)
                  00003c90    000000ac                   : BIOS.obj (.text:ti_sysbios_knl_Swi_schedule__I)
                  00003d3c    000000a4                   : BIOS.obj (.text:ti_sysbios_family_arm_m3_Hwi_Module_startup__F)
                  00003de0    000000a0     auto_init.aem4f : auto_init.oem4f (.text)
                  00003e80    0000009c     rtsv7M4_T_le_v4SPD16_eabi.lib : memcpy_t2.obj (.text)
                  00003f1c    0000009a     ti.targets.arm.rtsarm.aem4f : Text.oem4f (.text:xdc_runtime_Text_putSite__F)
                  00003fb6    00000002     sysbios.aem4f : BIOS.obj (.text:ti_sysbios_BIOS_nullFunc__I)
                  00003fb8    00000094     Boot.aem4f : Boot.oem4f (.text:ti_catalog_arm_cortexm4_tiva_ce_Boot_sysCtlClockSet__E)
                  0000404c    00000094     ti.targets.arm.rtsarm.aem4f : Text.oem4f (.text:xdc_runtime_Text_putMod__F)
                  000040e0    00000090     sysbios.aem4f : BIOS.obj (.text:ti_sysbios_knl_Task_exit__E)
                  00004170    00000090                   : BIOS.obj (.text:ti_sysbios_knl_Task_startCore__E)
                  00004200    0000008c                   : m3_TaskSupport_asm.obj (.text:_ti_sysbios_family_arm_m3_TaskSupport_buildTaskStack)
                  0000428c    0000008c     ti.targets.arm.rtsarm.aem4f : HeapMin.oem4f (.text:xdc_runtime_HeapMin_Instance_init__F)
                  00004318    00000088     sysbios.aem4f : BIOS.obj (.text:ti_sysbios_knl_Task_schedule__I)
                  000043a0    00000084                   : BIOS.obj (.text:ti_sysbios_knl_Task_Module_startup__F)
                  00004424    00000080     ti.targets.arm.rtsarm.aem4f : LoggerBuf.oem4f (.text:xdc_runtime_LoggerBuf_setFilterLevel__F)
                  000044a4    00000078     rtsv7M4_T_le_v4SPD16_eabi.lib : memset_t2.obj (.text)
                  0000451c    00000070     ti.targets.arm.rtsarm.aem4f : Memory.oem4f (.text:xdc_runtime_Memory_alloc__F)
                  0000458c    0000006c     sysbios.aem4f : BIOS.obj (.text:ti_sysbios_knl_Clock_workFunc__E)
                  000045f8    0000006c     ti.targets.arm.rtsarm.aem4f : Error.oem4f (.text:xdc_runtime_Error_print__F)
                  00004664    0000006c                                 : LoggerBuf.oem4f (.text:xdc_runtime_LoggerBuf_getFilterLevel__F)
                  000046d0    00000066                                 : Core-mem.oem4f (.text:xdc_runtime_Core_deleteObject__I)
                  00004736    00000002     sysbios.aem4f : BIOS.obj (.text:ti_sysbios_gates_GateHwi_Instance_init__F)
                  00004738    00000064     driverlib-cm4f.lib : interrupt.obj (.text:IntEnable)
                  0000479c    00000060     rtsv7M4_T_le_v4SPD16_eabi.lib : trgmsg.obj (.text)
                  000047fc    00000060     sysbios.aem4f : BIOS.obj (.text:ti_sysbios_family_arm_m3_Hwi_dispatchC__I)
                  0000485c    00000060                   : BIOS.obj (.text:ti_sysbios_knl_Swi_run__I)
                  000048bc    00000060     app_pem4f.oem4f (.text:xdc_runtime_LoggerBuf_Object__create__S)
                  0000491c    0000005e     rtsv7M4_T_le_v4SPD16_eabi.lib : copy_decompress_rle.obj (.text)
                  0000497a    00000002     sysbios.aem4f : BIOS.obj (.text:ti_sysbios_knl_Clock_logTick__E)
                  0000497c    0000005c                   : BIOS.obj (.text:ti_sysbios_family_arm_lm4_Timer_Module_startup__F)
                  000049d8    0000005c                   : BIOS.obj (.text:ti_sysbios_knl_Swi_restoreHwi__E)
                  00004a34    0000005b     ti.targets.arm.rtsarm.aem4f : Text.oem4f (.text:xdc_runtime_Text_putLab__F)
                  00004a8f    00000001     --HOLE-- [fill = 0]
                  00004a90    00000058     boot.aem4f : boot.oem4f (.text)
                  00004ae8    00000058     driverlib-cm4f.lib : sysctl.obj (.text:SysCtlPeripheralEnable)
                  00004b40    00000058     sysbios.aem4f : BIOS.obj (.text:ti_sysbios_knl_Task_unblockI__E)
                  00004b98    00000050     ti.targets.arm.rtsarm.aem4f : Startup.oem4f (.text:xdc_runtime_Startup_exec__F)
                  00004be8    00000050                                 : System.oem4f (.text:xdc_runtime_System_formatNum__I)
                  00004c38    00000048     driverlib-cm4f.lib : gpio.obj (.text:GPIOPinConfigure)
                  00004c80    00000048     sysbios.aem4f : BIOS.obj (.text:ti_sysbios_family_arm_m3_Hwi_excReserved__I)
                  00004cc8    00000048                   : BIOS.obj (.text:ti_sysbios_knl_Task_allBlockedFunction__I)
                  00004d10    00000048     ti.targets.arm.rtsarm.aem4f : Assert.oem4f (.text:xdc_runtime_Assert_raise__I)
                  00004d58    00000048                                 : Core-params.oem4f (.text:xdc_runtime_Core_assignParams__I)
                  00004da0    00000044     driverlib-cm4f.lib : gpio.obj (.text:GPIOIntTypeSet)
                  00004de4    00000044                        : ssi.obj (.text:SSIConfigSetExpClk)
                  00004e28    00000044     rtsv7M4_T_le_v4SPD16_eabi.lib : cpy_tbl.obj (.text)
                  00004e6c    00000044     sysbios.aem4f : BIOS.obj (.text:ti_sysbios_family_arm_lm4_Timer_isrStub__E)
                  00004eb0    00000044                   : BIOS.obj (.text:ti_sysbios_family_arm_m3_Hwi_disableInterrupt__E)
                  00004ef4    00000044                   : BIOS.obj (.text:ti_sysbios_family_arm_m3_Hwi_enableInterrupt__E)
                  00004f38    00000044                   : BIOS.obj (.text:ti_sysbios_knl_Swi_post__E)
                  00004f7c    00000044     ti.targets.arm.rtsarm.aem4f : LoggerBuf.oem4f (.text:xdc_runtime_LoggerBuf_filterOutEvent__I)
                  00004fc0    00000044                                 : SysMin.oem4f (.text:xdc_runtime_SysMin_flush__F)
                  00005004    00000040     rtsv7M4_T_le_v4SPD16_eabi.lib : exit.obj (.text)
                  00005044    00000040     sysbios.aem4f : BIOS.obj (.text:ti_sysbios_family_arm_lm4_Timer_startup__E)
                  00005084    00000040                   : BIOS.obj (.text:ti_sysbios_knl_Semaphore_pendTimeout__I)
                  000050c4    00000040                   : BIOS.obj (.text:ti_sysbios_knl_Task_processVitalTaskFlag__I)
                  00005104    00000040     ti.targets.arm.rtsarm.aem4f : System.oem4f (.text:xdc_runtime_System_atexit__F)
                  00005144    0000003c     sysbios.aem4f : BIOS.obj (.text:ti_sysbios_family_arm_m3_Hwi_excSvCall__I)
                  00005180    0000003c                   : BIOS.obj (.text:ti_sysbios_knl_Swi_restore__E)
                  000051bc    0000003c     ti.targets.arm.rtsarm.aem4f : HeapMin.oem4f (.text:xdc_runtime_HeapMin_alloc__F)
                  000051f8    0000003c                                 : Text.oem4f (.text:xdc_runtime_Text_xprintf__I)
                  00005234    00000038     sysbios.aem4f : BIOS.obj (.text:ti_sysbios_family_arm_m3_Hwi_excNoIsr__I)
                  0000526c    00000038                   : BIOS.obj (.text:ti_sysbios_family_arm_m3_Hwi_getStackInfo__E)
                  000052a4    00000038                   : BIOS.obj (.text:ti_sysbios_family_arm_m3_TaskSupport_start__E)
                  000052dc    00000038     ti.targets.arm.rtsarm.aem4f : LoggerBuf.oem4f (.text:xdc_runtime_LoggerBuf_Instance_init__F)
                  00005314    00000038                                 : SysMin.oem4f (.text:xdc_runtime_SysMin_putch__F)
                  0000534c    00000034     sysbios.aem4f : BIOS.obj (.text:ti_sysbios_family_arm_m3_Hwi_excNmi__I)
                  00005380    00000034     app_pem4f.oem4f (.text:ti_sysbios_gates_GateHwi_Object__create__S)
                  000053b4    00000034     sysbios.aem4f : BIOS.obj (.text:ti_sysbios_hal_Hwi_checkStack:ti_sysbios_hal_Hwi_checkStack)
                  000053e8    00000034     app_pem4f.oem4f (.text:xdc_runtime_HeapMin_Object__create__S)
                  0000541c    00000030     sysbios.aem4f : BIOS.obj (.text:ti_sysbios_BIOS_errorRaiseHook__I)
                  0000544c    00000030     app_pem4f.oem4f (.text:ti_sysbios_BIOS_exitFunc__I)
                  0000547c    00000030     sysbios.aem4f : BIOS.obj (.text:ti_sysbios_family_arm_lm4_Timer_enableTimers__I)
                  000054ac    00000030                   : BIOS.obj (.text:ti_sysbios_family_arm_lm4_Timer_stop__E)
                  000054dc    00000030                   : BIOS.obj (.text:ti_sysbios_knl_Idle_run__E)
                  0000550c    00000030     ti.targets.arm.rtsarm.aem4f : Core-label.oem4f (.text:xdc_runtime_Core_assignLabel__I)
                  0000553c    00000030                                 : HeapMin.oem4f (.text:xdc_runtime_HeapMin_free__F)
                  0000556c    00000030                                 : SysMin.oem4f (.text:xdc_runtime_SysMin_abort__F)
                  0000559c    0000002f                                 : Text.oem4f (.text:xdc_runtime_Text_printVisFxn__I)
                  000055cb    00000001     --HOLE-- [fill = 0]
                  000055cc    0000002e     driverlib-cm4f.lib : gpio.obj (.text:GPIODirModeSet)
                  000055fa    0000002e     app_pem4f.oem4f (.text:malloc)
                  00005628    0000002e     sysbios.aem4f : BIOS.obj (.text:ti_sysbios_knl_Task_sleepTimeout__I)
                  00005656    0000002c                   : BIOS.obj (.text:ti_sysbios_hal_Hwi_initStack:ti_sysbios_hal_Hwi_initStack)
                  00005682    00000002     app_pem4f.oem4f (.text:xdc_runtime_Startup_reset__I)
                  00005684    0000002c     app_pem4f.oem4f (.text:ti_sysbios_knl_Clock_doTick__I)
                  000056b0    0000002c     sysbios.aem4f : BIOS.obj (.text:ti_sysbios_knl_Task_restore__E)
                  000056dc    0000002c     ti.targets.arm.rtsarm.aem4f : System.oem4f (.text:xdc_runtime_System_rtsExit__I)
                  00005708    0000002c                                 : Text.oem4f (.text:xdc_runtime_Text_cordText__F)
                  00005734    0000002a                                 : System.oem4f (.text:xdc_runtime_System_putchar__I)
                  0000575e    00000002     --HOLE-- [fill = 0]
                  00005760    00000028     driverlib-cm4f.lib : timer.obj (.text:TimerConfigure)
                  00005788    00000028     sysbios.aem4f : m3_Hwi_asm_switch.obj (.text:_ti_sysbios_family_arm_m3_Hwi_initStacks__E)
                  000057b0    00000028                   : BIOS.obj (.text:ti_sysbios_knl_Clock_addI__E)
                  000057d8    00000028     ti.targets.arm.rtsarm.aem4f : LoggerBuf.oem4f (.text:xdc_runtime_LoggerBuf_Module_startup__F)
                  00005800    00000026                                 : System.oem4f (.text:xdc_runtime_System_avprintf__F)
                  00005826    00000002     --HOLE-- [fill = 0]
                  00005828    00000024     sysbios.aem4f : BIOS.obj (.text:ti_sysbios_knl_Clock_Module_startup__F)
                  0000584c    00000024                   : BIOS.obj (.text:ti_sysbios_knl_Swi_Module_startup__F)
                  00005870    00000024                   : BIOS.obj (.text:ti_sysbios_knl_Task_restoreHwi__E)
                  00005894    00000024     ti.targets.arm.rtsarm.aem4f : System.oem4f (.text:xdc_runtime_System_vprintf__F)
                  000058b8    00000022     app_pem4f.oem4f (.text:xdc_runtime_SysMin_output__I)
                  000058da    00000002     --HOLE-- [fill = 0]
                  000058dc    00000020     sysbios.aem4f : BIOS.obj (.text:ti_sysbios_BIOS_removeRTSLock__I)
                  000058fc    00000020     app_pem4f.oem4f (.text:ti_sysbios_BIOS_startFunc__I)
                  0000591c    00000020     app_pem4f.oem4f (.text:ti_sysbios_gates_GateHwi_Object__delete__S)
                  0000593c    00000020     sysbios.aem4f : BIOS.obj (.text:ti_sysbios_knl_Task_enter__I)
                  0000595c    00000020     app_pem4f.oem4f (.text:xdc_runtime_HeapMin_Object__delete__S)
                  0000597c    00000020     app_pem4f.oem4f (.text:xdc_runtime_LoggerBuf_Object__delete__S)
                  0000599c    00000020     ti.targets.arm.rtsarm.aem4f : LoggerBuf.oem4f (.text:xdc_runtime_LoggerBuf_reset__F)
                  000059bc    00000020                                 : Registry.oem4f (.text:xdc_runtime_Registry_findById__F)
                  000059dc    00000020                                 : SysMin.oem4f (.text:xdc_runtime_SysMin_Module_startup__F)
                  000059fc    0000001e     sysbios.aem4f : BIOS.obj (.text:ti_sysbios_family_arm_lm4_Timer_write__I)
                  00005a1a    0000001c                   : BIOS.obj (.text:ti_sysbios_knl_Queue_put__E)
                  00005a36    00000002     --HOLE-- [fill = 0]
                  00005a38    0000001c     ti.targets.arm.rtsarm.aem4f : Error.oem4f (.text:xdc_runtime_Error_check__F)
                  00005a54    0000001c                                 : Memory.oem4f (.text:xdc_runtime_Memory_valloc__F)
                  00005a70    0000001c                                 : SysMin.oem4f (.text:xdc_runtime_SysMin_exit__F)
                  00005a8c    0000001a     app_pem4f.oem4f (.text:xdc_runtime_System_aprintf__E)
                  00005aa6    0000001a     app_pem4f.oem4f (.text:xdc_runtime_System_printf__E)
                  00005ac0    00000018     sysbios.aem4f : m3_TaskSupport_asm.obj (.text:_ti_sysbios_family_arm_m3_TaskSupport_swap__E)
                  00005ad8    00000018     app_pem4f.oem4f (.text:free)
                  00005af0    00000018     rtsv7M4_T_le_v4SPD16_eabi.lib : args_main.obj (.text)
                  00005b08    00000018     app_pem4f.oem4f (.text:ti_sysbios_family_arm_lm4_Timer_Module__startupDone__F)
                  00005b20    00000018     app_pem4f.oem4f (.text:ti_sysbios_family_arm_m3_Hwi_Handle__label__S)
                  00005b38    00000018     app_pem4f.oem4f (.text:ti_sysbios_family_arm_m3_Hwi_Module__startupDone__F)
                  00005b50    00000018     app_pem4f.oem4f (.text:ti_sysbios_gates_GateHwi_Handle__label__S)
                  00005b68    00000018     app_pem4f.oem4f (.text:ti_sysbios_hal_Timer_Module__startupDone__F)
                  00005b80    00000018     app_pem4f.oem4f (.text:ti_sysbios_knl_Swi_Handle__label__S)
                  00005b98    00000018     app_pem4f.oem4f (.text:ti_sysbios_knl_Task_Handle__label__S)
                  00005bb0    00000018     app_pem4f.oem4f (.text:xdc_runtime_HeapMin_Handle__label__S)
                  00005bc8    00000018     app_pem4f.oem4f (.text:xdc_runtime_LoggerBuf_Handle__label__S)
                  00005be0    00000018     ti.targets.arm.rtsarm.aem4f : Text.oem4f (.text:xdc_runtime_Text_ropeText__F)
                  00005bf8    00000014     rtsv7M4_T_le_v4SPD16_eabi.lib : _lock.obj (.text)
                  00005c0c    00000014                                   : strlen.obj (.text)
                  00005c20    00000014     sysbios.aem4f : BIOS.obj (.text:ti_sysbios_family_arm_m3_Hwi_switchFromBootStack__E)
                  00005c34    00000014     app_pem4f.oem4f (.text:ti_sysbios_knl_Swi_Object__get__S)
                  00005c48    00000014     ti.targets.arm.rtsarm.aem4f : LoggerBuf.oem4f (.text:xdc_runtime_LoggerBuf_Instance_finalize__F)
                  00005c5c    00000014     app_pem4f.oem4f (.text:xdc_runtime_LoggerBuf_Object__get__S)
                  00005c70    00000014     ti.targets.arm.rtsarm.aem4f : LoggerBuf.oem4f (.text:xdc_runtime_LoggerBuf_write2__F)
                  00005c84    00000014                                 : System.oem4f (.text:xdc_runtime_System_abort__F)
                  00005c98    00000012     driverlib-cm4f.lib : gpio.obj (.text:GPIOPinTypeGPIOInput)
                  00005caa    00000012                        : gpio.obj (.text:GPIOPinTypeGPIOOutput)
                  00005cbc    00000012                        : gpio.obj (.text:GPIOPinTypeSSI)
                  00005cce    00000012                        : timer.obj (.text:TimerLoadSet)
                  00005ce0    00000012     rtsv7M4_T_le_v4SPD16_eabi.lib : copy_zero_init.obj (.text:decompress:ZI)
                  00005cf2    00000012     sysbios.aem4f : BIOS.obj (.text:ti_sysbios_hal_Hwi_Module_startup__F)
                  00005d04    00000012                   : BIOS.obj (.text:ti_sysbios_hal_Timer_Module_startup__F)
                  00005d16    00000012     ti.targets.arm.rtsarm.aem4f : LoggerBuf.oem4f (.text:xdc_runtime_LoggerBuf_write1__F)
                  00005d28    00000012     app_pem4f.oem4f (.text:xdc_runtime_Startup_exec__I)
                  00005d3a    00000010     sysbios.aem4f : m3_TaskSupport_asm.obj (.text:_ti_sysbios_family_arm_m3_TaskSupport_glue)
                  00005d4a    00000010                   : m3_Hwi_asm_switch.obj (.text:_ti_sysbios_family_xxx_Hwi_switchToIsrStack)
                  00005d5a    00000010     rtsv7M4_T_le_v4SPD16_eabi.lib : strcpy.obj (.text)
                  00005d6a    00000002     --HOLE-- [fill = 0]
                  00005d6c    00000010     sysbios.aem4f : BIOS.obj (.text:ti_sysbios_BIOS_setThreadType__E)
                  00005d7c    00000010                   : BIOS.obj (.text:ti_sysbios_BIOS_start__E)
                  00005d8c    00000010                   : BIOS.obj (.text:ti_sysbios_family_arm_lm4_TimestampProvider_rolloverFunc__E)
                  00005d9c    00000010                   : BIOS.obj (.text:ti_sysbios_family_arm_m3_Hwi_excHandler__I)
                  00005dac    00000010                   : BIOS.obj (.text:ti_sysbios_knl_Swi_disable__E)
                  00005dbc    00000010     app_pem4f.oem4f (.text:ti_sysbios_knl_Task_Object__get__S)
                  00005dcc    00000010     sysbios.aem4f : BIOS.obj (.text:ti_sysbios_knl_Task_disable__E)
                  00005ddc    00000010     ti.targets.arm.rtsarm.aem4f : Gate.oem4f (.text:xdc_runtime_Gate_leaveSystem__F)
                  00005dec    00000010                                 : LoggerBuf.oem4f (.text:xdc_runtime_LoggerBuf_write0__F)
                  00005dfc    00000010                                 : Memory.oem4f (.text:xdc_runtime_Memory_free__F)
                  00005e0c    00000010                                 : SysMin.oem4f (.text:xdc_runtime_SysMin_ready__F)
                  00005e1c    00000010                                 : System.oem4f (.text:xdc_runtime_System_vsnprintf__F)
                  00005e2c    0000000e     driverlib-cm4f.lib : timer.obj (.text:TimerEnable)
                  00005e3a    0000000e     rtsv7M4_T_le_v4SPD16_eabi.lib : copy_decompress_none.obj (.text:decompress:none)
                  00005e48    0000000e     sysbios.aem4f : BIOS.obj (.text:ti_sysbios_family_arm_m3_TaskSupport_checkStack__E)
                  00005e56    0000000e                   : BIOS.obj (.text:ti_sysbios_knl_Queue_empty__E)
                  00005e64    0000000c     app_pem4f.oem4f (.text:.bootCodeSection:ti_catalog_arm_cortexm4_tiva_ce_Boot_init__I)
                  00005e70    0000000c     driverlib-cm4f.lib : gpio.obj (.text:GPIOPinIntEnable)
                  00005e7c    0000000c     sysbios.aem4f : m3_Hwi_asm_switch.obj (.text:_ti_sysbios_family_xxx_Hwi_switchToTaskStack)
                  00005e88    0000000c                   : BIOS.obj (.text:ti_sysbios_family_arm_lm4_Timer_masterDisable__I)
                  00005e94    0000000c                   : BIOS.obj (.text:ti_sysbios_family_arm_lm4_TimestampProvider_startTimer__E)
                  00005ea0    0000000c                   : BIOS.obj (.text:ti_sysbios_gates_GateHwi_enter__E)
                  00005eac    0000000c     app_pem4f.oem4f (.text:ti_sysbios_knl_Queue_Object__get__S)
                  00005eb8    0000000c     ti.targets.arm.rtsarm.aem4f : Error.oem4f (.text:xdc_runtime_Error_init__F)
                  00005ec4    0000000c                                 : Gate.oem4f (.text:xdc_runtime_Gate_enterSystem__F)
                  00005ed0    0000000c                                 : HeapMin.oem4f (.text:xdc_runtime_HeapMin_getStats__F)
                  00005edc    0000000c                                 : Memory.oem4f (.text:xdc_runtime_Memory_calloc__F)
                  00005ee8    0000000c                                 : Memory.oem4f (.text:xdc_runtime_Memory_getMaxDefaultTypeAlign__F)
                  00005ef4    0000000c                                 : System.oem4f (.text:xdc_runtime_System_exit__F)
                  00005f00    0000000c                                 : System.oem4f (.text:xdc_runtime_System_lastFxn__I)
                  00005f0c    0000000a     driverlib-cm4f.lib : gpio.obj (.text:GPIOPinRead)
                  00005f16    0000000a                        : gpio.obj (.text:GPIOPinWrite)
                  00005f20    0000000a                        : ssi.obj (.text:SSIDataPut)
                  00005f2a    0000000a                        : ssi.obj (.text:SSIEnable)
                  00005f34    0000000a     app_pem4f.oem4f (.text:xdc_runtime_IHeap_alloc)
                  00005f3e    0000000a     app_pem4f.oem4f (.text:xdc_runtime_IHeap_free)
                  00005f48    0000000a     ti.targets.arm.rtsarm.aem4f : LoggerBuf.oem4f (.text:xdc_runtime_LoggerBuf_disable__F)
                  00005f52    0000000a                                 : LoggerBuf.oem4f (.text:xdc_runtime_LoggerBuf_enable__F)
                  00005f5c    00000008     driverlib-cm4f.lib : ssi.obj (.text:SSIBusy)
                  00005f64    00000008                        : timer.obj (.text:TimerIntEnable)
                  00005f6c    00000008     sysbios.aem4f : BIOS.obj (.text:ti_sysbios_family_arm_m3_Hwi_doSwiRestore__I)
                  00005f74    00000008                   : BIOS.obj (.text:ti_sysbios_family_arm_m3_Hwi_startup__E)
                  00005f7c    00000008                   : BIOS.obj (.text:ti_sysbios_knl_Idle_loop__E)
                  00005f84    00000008     app_pem4f.oem4f (.text:xdc_runtime_Text_visitRope__I)
                  00005f8c    00000006     driverlib-cm4f.lib : gpio.obj (.text:GPIOPinIntClear)
                  00005f92    00000006     ti.targets.arm.rtsarm.aem4f : xdc_noinit.oem4f (.text:__xdc__init)
                  00005f98    00000006     rtsv7M4_T_le_v4SPD16_eabi.lib : copy_decompress_rle.obj (.text:decompress:rle24)
                  00005f9e    00000006     Boot.aem4f : Boot_sysctl.oem4f (.text:ti_catalog_arm_cortexm4_tiva_ce_Boot_sysCtlDelayI__I)
                  00005fa4    00000006     sysbios.aem4f : BIOS.obj (.text:ti_sysbios_family_arm_lm4_TimestampProvider_Module_startup__F)
                  00005faa    00000006                   : BIOS.obj (.text:ti_sysbios_family_arm_m3_Hwi_doTaskRestore__I)
                  00005fb0    00000006                   : BIOS.obj (.text:ti_sysbios_gates_GateHwi_leave__E)
                  00005fb6    00000006                   : BIOS.obj (.text:ti_sysbios_knl_Swi_startup__E)
                  00005fbc    00000006     ti.targets.arm.rtsarm.aem4f : System.oem4f (.text:xdc_runtime_System_Module_startup__F)
                  00005fc2    00000004     driverlib-cm4f.lib : timer.obj (.text:TimerIntClear)
                  00005fc6    00000004     sysbios.aem4f : BIOS.obj (.text:ti_sysbios_family_arm_lm4_Timer_getPeriod__E)
                  00005fca    00000004                   : BIOS.obj (.text:ti_sysbios_family_arm_lm4_Timer_masterEnable__I)
                  00005fce    00000004     app_pem4f.oem4f (.text:ti_sysbios_family_arm_m3_TaskSupport_Module__startupDone__S)
                  00005fd2    00000004     sysbios.aem4f : BIOS.obj (.text:ti_sysbios_gates_GateHwi_query__F)
                  00005fd6    00000004     app_pem4f.oem4f (.text:ti_sysbios_hal_Hwi_HwiProxy_Module__startupDone__S)
                  00005fda    00000004     app_pem4f.oem4f (.text:ti_sysbios_hal_Timer_TimerProxy_Module__startupDone__S)
                  00005fde    00000004     app_pem4f.oem4f (.text:ti_sysbios_hal_Timer_TimerProxy_getPeriod__E)
                  00005fe2    00000004     app_pem4f.oem4f (.text:ti_sysbios_knl_Task_SupportProxy_Module__startupDone__S)
                  00005fe6    00000004     sysbios.aem4f : BIOS.obj (.text:ti_sysbios_knl_Task_startup__E)
                  00005fea    00000004     ti.targets.arm.rtsarm.aem4f : Error.oem4f (.text:xdc_runtime_Error_getSite__F)
                  00005fee    00000004                                 : HeapMin.oem4f (.text:xdc_runtime_HeapMin_isBlocking__F)
                  00005ff2    00000004     app_pem4f.oem4f (.text:xdc_runtime_LoggerBuf_Module_GateProxy_enter__E)
                  00005ff6    00000004     app_pem4f.oem4f (.text:xdc_runtime_LoggerBuf_Module_GateProxy_leave__E)
                  00005ffa    00000004     app_pem4f.oem4f (.text:xdc_runtime_Memory_HeapProxy_alloc__E)
                  00005ffe    00000004     app_pem4f.oem4f (.text:xdc_runtime_Memory_HeapProxy_free__E)
                  00006002    00000004     app_pem4f.oem4f (.text:xdc_runtime_System_Module_GateProxy_enter__E)
                  00006006    00000004     app_pem4f.oem4f (.text:xdc_runtime_System_Module_GateProxy_leave__E)
                  0000600a    00000004     ti.targets.arm.rtsarm.aem4f : System.oem4f (.text:xdc_runtime_System_aprintf_va__F)
                  0000600e    00000004                                 : System.oem4f (.text:xdc_runtime_System_printf_va__F)
                  00006012    00000004     app_pem4f.oem4f (.text:xdc_runtime_System_vsnprintf__E)

.const     0    00006018    0000099d     
                  00006018    000001b6     Font.obj (.const:.string:MyFont)
                  000061ce    00000002     --HOLE-- [fill = 0]
                  000061d0    000000d8     app_pem4f.oem4f (.const:ti_sysbios_family_arm_m3_Hwi_priorities__A)
                  000062a8    000000ac     scancodes.obj (.const:shifted)
                  00006354    000000ac     scancodes.obj (.const:unshifted)
                  00006400    00000078     driverlib-cm4f.lib : gpio.obj (.const:g_pulGPIOBaseAddrs)
                  00006478    00000070                        : interrupt.obj (.const)
                  000064e8    0000006c                        : sysctl.obj (.const:g_pulXtals)
                  00006554    00000048     app_pem4f.oem4f (.const:.string)
                  0000659c    00000040     driverlib-cm4f.lib : sysctl.obj (.const)
                  000065dc    0000003c     app_pem4f.oem4f (.const:xdc_runtime_LoggerBuf_Module__FXNS__C)
                  00006618    0000002c     app_pem4f.oem4f (.const:xdc_runtime_Startup_sfxnTab__A)
                  00006644    00000028     app_pem4f.oem4f (.const:xdc_runtime_HeapMin_Module__FXNS__C)
                  0000666c    00000024     app_pem4f.oem4f (.const:ti_sysbios_gates_GateHwi_Module__FXNS__C)
                  00006690    00000024     app_pem4f.oem4f (.const:xdc_runtime_LoggerBuf_Object__PARAMS__C)
                  000066b4    00000020     app_pem4f.oem4f (.const)
                  000066d4    00000020     app_pem4f.oem4f (.const:ti_sysbios_gates_GateHwi_Object__DESC__C)
                  000066f4    00000020     app_pem4f.oem4f (.const:xdc_runtime_HeapMin_Object__DESC__C)
                  00006714    00000020     app_pem4f.oem4f (.const:xdc_runtime_HeapMin_Object__PARAMS__C)
                  00006734    00000020     app_pem4f.oem4f (.const:xdc_runtime_LoggerBuf_Object__DESC__C)
                  00006754    00000018     app_pem4f.oem4f (.const:ti_sysbios_gates_GateHwi_Object__PARAMS__C)
                  0000676c    00000018     app_pem4f.oem4f (.const:ti_sysbios_knl_Task_hooks__A)
                  00006784    00000016     app_pem4f.oem4f (.const:xdc_runtime_Startup_sfxnRts__A)
                  0000679a    00000002     --HOLE-- [fill = 0]
                  0000679c    00000011     ti.targets.arm.rtsarm.aem4f : System.oem4f (.const)
                  000067ad    00000003     --HOLE-- [fill = 0]
                  000067b0    00000010     app_pem4f.oem4f (.const:xdc_runtime_Startup_firstFxns__A)
                  000067c0    0000000c     main.obj (.const:.string)
                  000067cc    00000008     app_pem4f.oem4f (.const:ti_sysbios_family_arm_m3_Hwi_excHookFuncs__A)
                  000067d4    00000008     app_pem4f.oem4f (.const:ti_sysbios_knl_Idle_coreList__C)
                  000067dc    00000008     app_pem4f.oem4f (.const:ti_sysbios_knl_Idle_funcList__C)
                  000067e4    00000008     app_pem4f.oem4f (.const:ti_sysbios_knl_Task_hooks__C)
                  000067ec    00000008     app_pem4f.oem4f (.const:xdc_runtime_Startup_firstFxns__C)
                  000067f4    00000008     app_pem4f.oem4f (.const:xdc_runtime_Startup_lastFxns__A)
                  000067fc    00000008     app_pem4f.oem4f (.const:xdc_runtime_Startup_lastFxns__C)
                  00006804    00000004     app_pem4f.oem4f (.const:ti_catalog_arm_cortexm4_tiva_ce_Boot_A_mustUseEnhancedClockMode__C)
                  00006808    00000004     app_pem4f.oem4f (.const:ti_catalog_arm_cortexm4_tiva_ce_Boot_Module__diagsEnabled__C)
                  0000680c    00000004     app_pem4f.oem4f (.const:ti_catalog_arm_cortexm4_tiva_ce_Boot_Module__diagsIncluded__C)
                  00006810    00000004     app_pem4f.oem4f (.const:ti_catalog_arm_cortexm4_tiva_ce_Boot_Module__diagsMask__C)
                  00006814    00000004     app_pem4f.oem4f (.const:ti_sysbios_BIOS_installedErrorHook__C)
                  00006818    00000004     app_pem4f.oem4f (.const:ti_sysbios_family_arm_lm4_Timer_numTimerDevices__C)
                  0000681c    00000004     app_pem4f.oem4f (.const:ti_sysbios_family_arm_lm4_Timer_startupNeeded__C)
                  00006820    00000004     app_pem4f.oem4f (.const:ti_sysbios_family_arm_m3_Hwi_E_NMI__C)
                  00006824    00000004     app_pem4f.oem4f (.const:ti_sysbios_family_arm_m3_Hwi_E_busFault__C)
                  00006828    00000004     app_pem4f.oem4f (.const:ti_sysbios_family_arm_m3_Hwi_E_debugMon__C)
                  0000682c    00000004     app_pem4f.oem4f (.const:ti_sysbios_family_arm_m3_Hwi_E_hardFault__C)
                  00006830    00000004     app_pem4f.oem4f (.const:ti_sysbios_family_arm_m3_Hwi_E_memFault__C)
                  00006834    00000004     app_pem4f.oem4f (.const:ti_sysbios_family_arm_m3_Hwi_E_noIsr__C)
                  00006838    00000004     app_pem4f.oem4f (.const:ti_sysbios_family_arm_m3_Hwi_E_reserved__C)
                  0000683c    00000004     app_pem4f.oem4f (.const:ti_sysbios_family_arm_m3_Hwi_E_svCall__C)
                  00006840    00000004     app_pem4f.oem4f (.const:ti_sysbios_family_arm_m3_Hwi_E_usageFault__C)
                  00006844    00000004     app_pem4f.oem4f (.const:ti_sysbios_family_arm_m3_Hwi_NUM_INTERRUPTS__C)
                  00006848    00000004     app_pem4f.oem4f (.const:ti_sysbios_family_arm_m3_Hwi_ccr__C)
                  0000684c    00000004     app_pem4f.oem4f (.const:ti_sysbios_family_arm_m3_Hwi_dispatchTable__C)
                  00006850    00000004     app_pem4f.oem4f (.const:ti_sysbios_family_arm_m3_Hwi_excHandlerFunc__C)
                  00006854    00000004     app_pem4f.oem4f (.const:ti_sysbios_family_arm_m3_Hwi_excHookFuncs__C)
                  00006858    00000004     app_pem4f.oem4f (.const:ti_sysbios_family_arm_m3_Hwi_priGroup__C)
                  0000685c    00000004     app_pem4f.oem4f (.const:ti_sysbios_family_arm_m3_Hwi_priorities__C)
                  00006860    00000004     app_pem4f.oem4f (.const:ti_sysbios_hal_Hwi_E_stackOverflow__C)
                  00006864    00000004     app_pem4f.oem4f (.const:ti_sysbios_knl_Clock_Module_State_clockQ__O)
                  00006868    00000004     app_pem4f.oem4f (.const:ti_sysbios_knl_Idle_coreList__A)
                  0000686c    00000004     app_pem4f.oem4f (.const:ti_sysbios_knl_Idle_funcList__A)
                  00006870    00000004     app_pem4f.oem4f (.const:ti_sysbios_knl_Semaphore_A_badContext__C)
                  00006874    00000004     app_pem4f.oem4f (.const:ti_sysbios_knl_Semaphore_A_overflow__C)
                  00006878    00000004     app_pem4f.oem4f (.const:ti_sysbios_knl_Semaphore_A_pendTaskDisabled__C)
                  0000687c    00000004     app_pem4f.oem4f (.const:ti_sysbios_knl_Semaphore_Instance_State_pendQ__O)
                  00006880    00000004     app_pem4f.oem4f (.const:ti_sysbios_knl_Semaphore_Module__diagsEnabled__C)
                  00006884    00000004     app_pem4f.oem4f (.const:ti_sysbios_knl_Semaphore_Module__diagsIncluded__C)
                  00006888    00000004     app_pem4f.oem4f (.const:ti_sysbios_knl_Semaphore_Module__diagsMask__C)
                  0000688c    00000004     app_pem4f.oem4f (.const:ti_sysbios_knl_Swi_Object__count__C)
                  00006890    00000004     app_pem4f.oem4f (.const:ti_sysbios_knl_Task_A_badTimeout__C)
                  00006894    00000004     app_pem4f.oem4f (.const:ti_sysbios_knl_Task_A_sleepTaskDisabled__C)
                  00006898    00000004     app_pem4f.oem4f (.const:ti_sysbios_knl_Task_E_spOutOfBounds__C)
                  0000689c    00000004     app_pem4f.oem4f (.const:ti_sysbios_knl_Task_E_stackOverflow__C)
                  000068a0    00000004     app_pem4f.oem4f (.const:ti_sysbios_knl_Task_Module_State_inactiveQ__O)
                  000068a4    00000004     app_pem4f.oem4f (.const:ti_sysbios_knl_Task_Module__diagsEnabled__C)
                  000068a8    00000004     app_pem4f.oem4f (.const:ti_sysbios_knl_Task_Module__diagsIncluded__C)
                  000068ac    00000004     app_pem4f.oem4f (.const:ti_sysbios_knl_Task_Module__diagsMask__C)
                  000068b0    00000004     app_pem4f.oem4f (.const:ti_sysbios_knl_Task_Object__count__C)
                  000068b4    00000004     app_pem4f.oem4f (.const:ti_sysbios_knl_Task_allBlockedFunc__C)
                  000068b8    00000004     app_pem4f.oem4f (.const:ti_sysbios_knl_Task_numConstructedTasks__C)
                  000068bc    00000004     app_pem4f.oem4f (.const:xdc_runtime_Assert_E_assertFailed__C)
                  000068c0    00000004     app_pem4f.oem4f (.const:xdc_runtime_Core_A_initializedParams__C)
                  000068c4    00000004     app_pem4f.oem4f (.const:xdc_runtime_Core_Module__diagsEnabled__C)
                  000068c8    00000004     app_pem4f.oem4f (.const:xdc_runtime_Core_Module__diagsIncluded__C)
                  000068cc    00000004     app_pem4f.oem4f (.const:xdc_runtime_Core_Module__diagsMask__C)
                  000068d0    00000004     app_pem4f.oem4f (.const:xdc_runtime_Error_E_memory__C)
                  000068d4    00000004     app_pem4f.oem4f (.const:xdc_runtime_Error_Module__diagsEnabled__C)
                  000068d8    00000004     app_pem4f.oem4f (.const:xdc_runtime_Error_Module__diagsIncluded__C)
                  000068dc    00000004     app_pem4f.oem4f (.const:xdc_runtime_Error_Module__diagsMask__C)
                  000068e0    00000004     app_pem4f.oem4f (.const:xdc_runtime_Error_Module__loggerFxn8__C)
                  000068e4    00000004     app_pem4f.oem4f (.const:xdc_runtime_Error_Module__loggerObj__C)
                  000068e8    00000004     app_pem4f.oem4f (.const:xdc_runtime_Error_raiseHook__C)
                  000068ec    00000004     app_pem4f.oem4f (.const:xdc_runtime_HeapMin_A_zeroSize__C)
                  000068f0    00000004     app_pem4f.oem4f (.const:xdc_runtime_HeapMin_E_freeError__C)
                  000068f4    00000004     app_pem4f.oem4f (.const:xdc_runtime_HeapMin_Module__diagsEnabled__C)
                  000068f8    00000004     app_pem4f.oem4f (.const:xdc_runtime_HeapMin_Module__diagsIncluded__C)
                  000068fc    00000004     app_pem4f.oem4f (.const:xdc_runtime_HeapMin_Module__diagsMask__C)
                  00006900    00000004     app_pem4f.oem4f (.const:xdc_runtime_IFilterLogger_Interface__BASE__C)
                  00006904    00000004     app_pem4f.oem4f (.const:xdc_runtime_IGateProvider_Interface__BASE__C)
                  00006908    00000004     app_pem4f.oem4f (.const:xdc_runtime_IHeap_Interface__BASE__C)
                  0000690c    00000004     app_pem4f.oem4f (.const:xdc_runtime_ILogger_Interface__BASE__C)
                  00006910    00000004     app_pem4f.oem4f (.const:xdc_runtime_IModule_Interface__BASE__C)
                  00006914    00000004     app_pem4f.oem4f (.const:xdc_runtime_Log_L_error__C)
                  00006918    00000004     app_pem4f.oem4f (.const:xdc_runtime_LoggerBuf_E_badLevel__C)
                  0000691c    00000004     app_pem4f.oem4f (.const:xdc_runtime_LoggerBuf_Module__gateObj__C)
                  00006920    00000004     app_pem4f.oem4f (.const:xdc_runtime_LoggerBuf_Object__count__C)
                  00006924    00000004     app_pem4f.oem4f (.const:xdc_runtime_LoggerBuf_statusLogger__C)
                  00006928    00000004     app_pem4f.oem4f (.const:xdc_runtime_Memory_defaultHeapInstance__C)
                  0000692c    00000004     app_pem4f.oem4f (.const:xdc_runtime_Startup_execImpl__C)
                  00006930    00000004     app_pem4f.oem4f (.const:xdc_runtime_Startup_maxPasses__C)
                  00006934    00000004     app_pem4f.oem4f (.const:xdc_runtime_Startup_sfxnRts__C)
                  00006938    00000004     app_pem4f.oem4f (.const:xdc_runtime_Startup_sfxnTab__C)
                  0000693c    00000004     app_pem4f.oem4f (.const:xdc_runtime_SysMin_bufSize__C)
                  00006940    00000004     app_pem4f.oem4f (.const:xdc_runtime_SysMin_outputFunc__C)
                  00006944    00000004     app_pem4f.oem4f (.const:xdc_runtime_System_Module__gateObj__C)
                  00006948    00000004     app_pem4f.oem4f (.const:xdc_runtime_System_extendFxn__C)
                  0000694c    00000004     app_pem4f.oem4f (.const:xdc_runtime_System_maxAtexitHandlers__C)
                  00006950    00000004     app_pem4f.oem4f (.const:xdc_runtime_Text_charTab__C)
                  00006954    00000004     app_pem4f.oem4f (.const:xdc_runtime_Text_nameEmpty__C)
                  00006958    00000004     app_pem4f.oem4f (.const:xdc_runtime_Text_nameStatic__C)
                  0000695c    00000004     app_pem4f.oem4f (.const:xdc_runtime_Text_nameUnknown__C)
                  00006960    00000004     app_pem4f.oem4f (.const:xdc_runtime_Text_visitRopeFxn__C)
                  00006964    00000002     app_pem4f.oem4f (.const:ti_catalog_arm_cortexm4_tiva_ce_Boot_Module__id__C)
                  00006966    00000002     --HOLE-- [fill = 0]
                  00006968    00000002     app_pem4f.oem4f (.const:ti_sysbios_family_arm_lm4_TimestampProvider_useClockTimer__C)
                  0000696a    00000002     --HOLE-- [fill = 0]
                  0000696c    00000002     app_pem4f.oem4f (.const:ti_sysbios_family_arm_m3_Hwi_Module__id__C)
                  0000696e    00000002     --HOLE-- [fill = 0]
                  00006970    00000002     app_pem4f.oem4f (.const:ti_sysbios_hal_Hwi_Module__id__C)
                  00006972    00000002     --HOLE-- [fill = 0]
                  00006974    00000002     app_pem4f.oem4f (.const:ti_sysbios_knl_Semaphore_Module__id__C)
                  00006976    00000002     --HOLE-- [fill = 0]
                  00006978    00000002     app_pem4f.oem4f (.const:ti_sysbios_knl_Task_Module__id__C)
                  0000697a    00000002     --HOLE-- [fill = 0]
                  0000697c    00000002     app_pem4f.oem4f (.const:ti_sysbios_knl_Task_initStackFlag__C)
                  0000697e    00000002     --HOLE-- [fill = 0]
                  00006980    00000002     app_pem4f.oem4f (.const:xdc_runtime_Core_Module__id__C)
                  00006982    00000002     --HOLE-- [fill = 0]
                  00006984    00000002     app_pem4f.oem4f (.const:xdc_runtime_Error_Module__loggerDefined__C)
                  00006986    00000002     --HOLE-- [fill = 0]
                  00006988    00000002     app_pem4f.oem4f (.const:xdc_runtime_Error_maxDepth__C)
                  0000698a    00000002     --HOLE-- [fill = 0]
                  0000698c    00000002     app_pem4f.oem4f (.const:xdc_runtime_HeapMin_Module__id__C)
                  0000698e    00000002     --HOLE-- [fill = 0]
                  00006990    00000002     app_pem4f.oem4f (.const:xdc_runtime_HeapMin_freeError__C)
                  00006992    00000002     --HOLE-- [fill = 0]
                  00006994    00000002     app_pem4f.oem4f (.const:xdc_runtime_LoggerBuf_Module__id__C)
                  00006996    00000002     --HOLE-- [fill = 0]
                  00006998    00000002     app_pem4f.oem4f (.const:xdc_runtime_LoggerBuf_filterByLevel__C)
                  0000699a    00000002     --HOLE-- [fill = 0]
                  0000699c    00000002     app_pem4f.oem4f (.const:xdc_runtime_Memory_Module__id__C)
                  0000699e    00000002     --HOLE-- [fill = 0]
                  000069a0    00000002     app_pem4f.oem4f (.const:xdc_runtime_SysMin_flushAtExit__C)
                  000069a2    00000002     --HOLE-- [fill = 0]
                  000069a4    00000002     app_pem4f.oem4f (.const:xdc_runtime_Text_charCnt__C)
                  000069a6    00000002     --HOLE-- [fill = 0]
                  000069a8    00000002     app_pem4f.oem4f (.const:xdc_runtime_Text_isLoaded__C)
                  000069aa    00000002     --HOLE-- [fill = 0]
                  000069ac    00000002     app_pem4f.oem4f (.const:xdc_runtime_Text_registryModsLastId__C)
                  000069ae    00000002     --HOLE-- [fill = 0]
                  000069b0    00000002     app_pem4f.oem4f (.const:xdc_runtime_Text_unnamedModsLastId__C)
                  000069b2    00000002     --HOLE-- [fill = 0]
                  000069b4    00000001     app_pem4f.oem4f (.const:xdc_runtime_Error_policy__C)

.cinit     0    000069b8    000004e8     
                  000069b8    000004ad     (.cinit..data.load) [load image, compression = rle]
                  00006e65    00000003     --HOLE-- [fill = 0]
                  00006e68    0000000c     (__TI_handler_table)
                  00006e74    00000004     --HOLE-- [fill = 0]
                  00006e78    00000008     (.cinit..bss.load) [load image, compression = zero_init]
                  00006e80    00000008     (.cinit..vecs.load) [load image, compression = zero_init]
                  00006e88    00000018     (__TI_cinit_table)

.vecs      0    20000000    00000360     UNINITIALIZED
                  20000000    00000360     app_pem4f.oem4f (.vecs)

.bss       0    20000360    00001a7c     UNINITIALIZED
                  20000360    00001400     app_pem4f.oem4f (.bss:taskStackSection)
                  20001760    00000400     st7565.obj (.bss:glcd_buffer)
                  20001b60    00000120     rtsv7M4_T_le_v4SPD16_eabi.lib : trgmsg.obj (.bss:__CIOBUF_)
                  20001c80    00000080     app_pem4f.oem4f (.bss:xdc_runtime_LoggerBuf_Instance_State_0_entryArr__A)
                  20001d00    00000080     app_pem4f.oem4f (.bss:xdc_runtime_SysMin_Module_State_0_outbuf__A)
                  20001d80    00000038     app_pem4f.oem4f (.bss)
                  20001db8    0000000f     Ps2Keyboard.obj (.bss)
                  20001dc7    0000000c     Graphics_Bmp.obj (.bss)
                  20001dd3    00000008     rtsv7M4_T_le_v4SPD16_eabi.lib : trgdrv.obj (.bss)
                  20001ddb    00000001     st7565.obj (.bss)

.data      0    20001ddc    000009fb     
                  20001ddc    00000360     app_pem4f.oem4f (.data:ti_sysbios_family_arm_m3_Hwi_Module_State_0_dispatchTable__A)
                  2000213c    0000017c     app_pem4f.oem4f (.data:ti_sysbios_knl_Task_Object__table__V)
                  200022b8    00000170     app_pem4f.oem4f (.data)
                  20002428    00000080     app_pem4f.oem4f (.data:ti_sysbios_knl_Swi_Module_State_0_readyQ__A)
                  200024a8    00000080     app_pem4f.oem4f (.data:ti_sysbios_knl_Task_Module_State_0_readyQ__A)
                  20002528    00000078     app_pem4f.oem4f (.data:ti_sysbios_family_arm_m3_Hwi_Object__table__V)
                  200025a0    00000070     app_pem4f.oem4f (.data:ti_sysbios_family_arm_lm4_Timer_Object__table__V)
                  20002610    00000054     app_pem4f.oem4f (.data:ti_sysbios_family_arm_m3_Hwi_Module__state__V)
                  20002664    00000044     app_pem4f.oem4f (.data:ti_sysbios_knl_Task_Module__state__V)
                  200026a8    00000030     app_pem4f.oem4f (.data:ti_sysbios_family_arm_lm4_Timer_Module_State_0_device__A)
                  200026d8    00000030     app_pem4f.oem4f (.data:ti_sysbios_knl_Swi_Object__table__V)
                  20002708    00000028     app_pem4f.oem4f (.data:ti_sysbios_knl_Clock_Module__state__V)
                  20002730    00000028     app_pem4f.oem4f (.data:ti_sysbios_knl_Semaphore_Object__table__V)
                  20002758    00000024     st7565.obj (.data)
                  2000277c    00000024     app_pem4f.oem4f (.data:xdc_runtime_LoggerBuf_Object__table__V)
                  200027a0    0000000d     Ps2Keyboard.obj (.data)
                  200027ad    00000003     --HOLE--
                  200027b0    00000008     rtsv7M4_T_le_v4SPD16_eabi.lib : _lock.obj (.data)
                  200027b8    00000008                                   : exit.obj (.data)
                  200027c0    00000006     buttons.obj (.data)
                  200027c6    00000002     --HOLE--
                  200027c8    00000004     rtsv7M4_T_le_v4SPD16_eabi.lib : dtor_list.obj (.data)
                  200027cc    00000004                                   : stkdepth_vars.obj (.data)
                  200027d0    00000003     Clock.obj (.data)
                  200027d3    00000001     --HOLE--
                  200027d4    00000003     main.obj (.data)

.stack     0    200027d8    00000400     UNINITIALIZED
                  200027d8    00000400     --HOLE--


LINKER GENERATED COPY TABLES

__TI_cinit_table @ 00006e88 records: 3, size/record: 8, table size: 24
	.data: load addr=000069b8, load size=000004ad bytes, run addr=20001ddc, run size=000009fb bytes, compression=rle
	.bss: load addr=00006e78, load size=00000008 bytes, run addr=20000360, run size=00001a7c bytes, compression=zero_init
	.vecs: load addr=00006e80, load size=00000008 bytes, run addr=20000000, run size=00000360 bytes, compression=zero_init


LINKER GENERATED HANDLER TABLE

__TI_handler_table @ 00006e68 records: 3, size/record: 4, table size: 12
	index: 0, handler: __TI_zero_init
	index: 1, handler: __TI_decompress_rle24
	index: 2, handler: __TI_decompress_none


GLOBAL SYMBOLS: SORTED ALPHABETICALLY BY Name 

address    name
--------   ----
000066bc   ButTask
00002249   ButtonISR
0000234f   ButtonTask
00002301   ButtonsInit
00002257   ButtonsPoll
000007c1   Byte_Reverse
00005005   C$$EXIT
000047c7   C$$IO$$
000066c0   Clock
00003805   ClockInit
200027a4   Data
000066d0   DataSem
00000445   Decode
00000361   FSSIntHandler
000055cd   GPIODirModeSet
00004da1   GPIOIntTypeSet
000039b1   GPIOPadConfigSet
00004c39   GPIOPinConfigure
00005f8d   GPIOPinIntClear
00005e71   GPIOPinIntEnable
00005f0d   GPIOPinRead
00005c99   GPIOPinTypeGPIOInput
00005cab   GPIOPinTypeGPIOOutput
00005cbd   GPIOPinTypeSSI
00005f17   GPIOPinWrite
000006f9   GetKey
00001605   GlcdDispTime
000019bf   HOSTclock
00001985   HOSTclose
00001947   HOSTgetenv
000018eb   HOSTlseek
0000189b   HOSTopen
0000184d   HOSTread
000017ed   HOSTrename
000017b1   HOSTtime
00001777   HOSTunlink
00001729   HOSTwrite
00004739   IntEnable
20001dbc   KeyBuf
200027a8   KeyBuffer
20001dc0   KeyIn
20001dc1   KeyOut
00000749   KeyPend
20001dc2   KeyRead
00000839   KeyScan
000066c4   KeySem
00000789   KeyTask
00000403   KeyboardInit
000066cc   KeyboardTask
200027d6   LastState
0000599d   LoggerBuf_instanceStartup
00006018   MyFont
000006b5   PutKeyBuf
UNDEFED    SHT$$INIT_ARRAY$$Base
UNDEFED    SHT$$INIT_ARRAY$$Limit
00005f5d   SSIBusy
00004de5   SSIConfigSetExpClk
00005f21   SSIDataPut
00005f2b   SSIEnable
200027d4   StateInfo
00002071   SysCtlClockGet
00004ae9   SysCtlPeripheralEnable
2000226c   TSK_idle
00003895   TimeGet
200027c0   TimeOfDay
000038ab   TimeSet
00003845   Timer0IntHandler
00005761   TimerConfigure
00005e2d   TimerEnable
00005fc3   TimerIntClear
00005f65   TimerIntEnable
00005ccf   TimerLoadSet
000066b8   UI
00001a43   UiTask
00000000   __ASM__
20001b60   __CIOBUF_
00000052   __ISA__
00000065   __PLAT__
20002bd8   __STACK_END
00000400   __STACK_SIZE
200029d8   __STACK_TOP
0000008b   __TARG__
00006e88   __TI_CINIT_Base
00006ea0   __TI_CINIT_Limit
00006e68   __TI_Handler_Table_Base
00006e74   __TI_Handler_Table_Limit
00000001   __TI_args_main
00003de1   __TI_auto_init
00005e3b   __TI_decompress_none
00005f99   __TI_decompress_rle24
00000000   __TI_static_base__
00005ce1   __TI_zero_init
000000b1   __TRDR__
000034cb   __aeabi_atexit
000044a5   __aeabi_memclr
000044a5   __aeabi_memclr4
000044a5   __aeabi_memclr8
00003e81   __aeabi_memcpy
00003e81   __aeabi_memcpy4
00003e81   __aeabi_memcpy8
000044a7   __aeabi_memset
000044a7   __aeabi_memset4
000044a7   __aeabi_memset8
ffffffff   __binit__
ffffffff   __c_args__
000034b9   __cxa_atexit
00003475   __cxa_finalize
000034b3   __cxa_ia64_exit
200027d8   __stack
00005f93   __xdc__init
20002424   __xdc__init__addr
00005af1   _args_main
00004a91   _c_int00
200027b8   _cleanup_ptr
200027bc   _dtors_ptr
200027b0   _lock
00005c07   _nop
00005bff   _register_lock
00005bf9   _register_unlock
200027b4   _unlock
00005009   abort
000034bd   atexit
ffffffff   binit
200027a9   bitcount
20001dc3   clkstat
00004e29   copy_in
20001dc6   data
20001dc4   datstat
000014c9   draw_char_bmp
00001415   draw_text_bmp
00005011   exit
00005ad9   free
00000d6b   glcd_blank
20001760   glcd_buffer
00000f79   glcd_command
00001073   glcd_contrast
00000f39   glcd_data
20001ddb   glcd_dirty_pages
00000fb9   glcd_flip_screen
20002758   glcd_flipped
00000e65   glcd_init
00000fed   glcd_inverse_screen
00000cb5   glcd_pixel
00000de5   glcd_refresh
0000100d   glcd_test_card
000066b4   hwi0
000066c8   hwi2
00001bb1   main
200027cc   main_func_sp
000055fb   malloc
00003e81   memcpy
000044ad   memset
2000275c   pagemap
20001dc5   paritystat
000047cb   readmsg
000062a8   shifted
00005d5b   strcpy
00005c0d   strlen
00001a0d   taskFxn
200027a0   temp_count
20001db8   temp_count_string
00006804   ti_catalog_arm_cortexm4_tiva_ce_Boot_A_mustUseEnhancedClockMode__C
00006808   ti_catalog_arm_cortexm4_tiva_ce_Boot_Module__diagsEnabled__C
0000680c   ti_catalog_arm_cortexm4_tiva_ce_Boot_Module__diagsIncluded__C
00006810   ti_catalog_arm_cortexm4_tiva_ce_Boot_Module__diagsMask__C
00006964   ti_catalog_arm_cortexm4_tiva_ce_Boot_Module__id__C
00005e65   ti_catalog_arm_cortexm4_tiva_ce_Boot_init__I
00002ab1   ti_catalog_arm_cortexm4_tiva_ce_Boot_sysCtlClockSetI__I
00003fb9   ti_catalog_arm_cortexm4_tiva_ce_Boot_sysCtlClockSet__E
00005f9f   ti_catalog_arm_cortexm4_tiva_ce_Boot_sysCtlDelayI__I
200022b8   ti_sysbios_BIOS_Module__state__V
0000541d   ti_sysbios_BIOS_errorRaiseHook__I
0000544d   ti_sysbios_BIOS_exitFunc__I
00006814   ti_sysbios_BIOS_installedErrorHook__C
00003fb7   ti_sysbios_BIOS_nullFunc__I
000058dd   ti_sysbios_BIOS_removeRTSLock__I
00005d6d   ti_sysbios_BIOS_setThreadType__E
000058fd   ti_sysbios_BIOS_startFunc__I
00005d7d   ti_sysbios_BIOS_start__E
200026a8   ti_sysbios_family_arm_lm4_Timer_Module_State_0_device__A
200022e0   ti_sysbios_family_arm_lm4_Timer_Module_State_0_handles__A
200022d8   ti_sysbios_family_arm_lm4_Timer_Module__root__V
00005b09   ti_sysbios_family_arm_lm4_Timer_Module__startupDone__F
00005b09   ti_sysbios_family_arm_lm4_Timer_Module__startupDone__S
200022f8   ti_sysbios_family_arm_lm4_Timer_Module__state__V
0000497d   ti_sysbios_family_arm_lm4_Timer_Module_startup__E
0000497d   ti_sysbios_family_arm_lm4_Timer_Module_startup__F
200025a0   ti_sysbios_family_arm_lm4_Timer_Object__table__V
0000547d   ti_sysbios_family_arm_lm4_Timer_enableTimers__I
00005fc7   ti_sysbios_family_arm_lm4_Timer_getPeriod__E
00002f71   ti_sysbios_family_arm_lm4_Timer_initDevice__I
00004e6d   ti_sysbios_family_arm_lm4_Timer_isrStub__E
00005e89   ti_sysbios_family_arm_lm4_Timer_masterDisable__I
00005fcb   ti_sysbios_family_arm_lm4_Timer_masterEnable__I
00006818   ti_sysbios_family_arm_lm4_Timer_numTimerDevices__C
00003189   ti_sysbios_family_arm_lm4_Timer_start__E
0000681c   ti_sysbios_family_arm_lm4_Timer_startupNeeded__C
00005045   ti_sysbios_family_arm_lm4_Timer_startup__E
000054ad   ti_sysbios_family_arm_lm4_Timer_stop__E
000059fd   ti_sysbios_family_arm_lm4_Timer_write__I
20002304   ti_sysbios_family_arm_lm4_TimestampProvider_Module__state__V
00005fa5   ti_sysbios_family_arm_lm4_TimestampProvider_Module_startup__E
00005fa5   ti_sysbios_family_arm_lm4_TimestampProvider_Module_startup__F
00002e49   ti_sysbios_family_arm_lm4_TimestampProvider_get64__E
00005d8d   ti_sysbios_family_arm_lm4_TimestampProvider_rolloverFunc__E
00005e95   ti_sysbios_family_arm_lm4_TimestampProvider_startTimer__E
00006968   ti_sysbios_family_arm_lm4_TimestampProvider_useClockTimer__C
00006820   ti_sysbios_family_arm_m3_Hwi_E_NMI__C
00006824   ti_sysbios_family_arm_m3_Hwi_E_busFault__C
00006828   ti_sysbios_family_arm_m3_Hwi_E_debugMon__C
0000682c   ti_sysbios_family_arm_m3_Hwi_E_hardFault__C
00006830   ti_sysbios_family_arm_m3_Hwi_E_memFault__C
00006834   ti_sysbios_family_arm_m3_Hwi_E_noIsr__C
00006838   ti_sysbios_family_arm_m3_Hwi_E_reserved__C
0000683c   ti_sysbios_family_arm_m3_Hwi_E_svCall__C
00006840   ti_sysbios_family_arm_m3_Hwi_E_usageFault__C
00005b21   ti_sysbios_family_arm_m3_Hwi_Handle__label__S
20001ddc   ti_sysbios_family_arm_m3_Hwi_Module_State_0_dispatchTable__A
20002314   ti_sysbios_family_arm_m3_Hwi_Module_State_0_excActive__A
20002318   ti_sysbios_family_arm_m3_Hwi_Module_State_0_excContext__A
2000231c   ti_sysbios_family_arm_m3_Hwi_Module_State_0_excStack__A
0000696c   ti_sysbios_family_arm_m3_Hwi_Module__id__C
2000230c   ti_sysbios_family_arm_m3_Hwi_Module__root__V
00005b39   ti_sysbios_family_arm_m3_Hwi_Module__startupDone__F
00005b39   ti_sysbios_family_arm_m3_Hwi_Module__startupDone__S
20002610   ti_sysbios_family_arm_m3_Hwi_Module__state__V
00003d3d   ti_sysbios_family_arm_m3_Hwi_Module_startup__E
00003d3d   ti_sysbios_family_arm_m3_Hwi_Module_startup__F
00006844   ti_sysbios_family_arm_m3_Hwi_NUM_INTERRUPTS__C
20002528   ti_sysbios_family_arm_m3_Hwi_Object__table__V
00006848   ti_sysbios_family_arm_m3_Hwi_ccr__C
00004eb1   ti_sysbios_family_arm_m3_Hwi_disableInterrupt__E
000047fd   ti_sysbios_family_arm_m3_Hwi_dispatchC__I
0000684c   ti_sysbios_family_arm_m3_Hwi_dispatchTable__C
00002be9   ti_sysbios_family_arm_m3_Hwi_dispatch__I
00005f6d   ti_sysbios_family_arm_m3_Hwi_doSwiRestore__I
00005fab   ti_sysbios_family_arm_m3_Hwi_doTaskRestore__I
00004ef5   ti_sysbios_family_arm_m3_Hwi_enableInterrupt__E
00002579   ti_sysbios_family_arm_m3_Hwi_excBusFault__I
00003be1   ti_sysbios_family_arm_m3_Hwi_excDebugMon__I
00000891   ti_sysbios_family_arm_m3_Hwi_excDumpRegs__I
00002cfd   ti_sysbios_family_arm_m3_Hwi_excHandlerAsm__I
00006850   ti_sysbios_family_arm_m3_Hwi_excHandlerFunc__C
00001e95   ti_sysbios_family_arm_m3_Hwi_excHandlerMax__I
00005d9d   ti_sysbios_family_arm_m3_Hwi_excHandler__I
00003a79   ti_sysbios_family_arm_m3_Hwi_excHardFault__I
000067cc   ti_sysbios_family_arm_m3_Hwi_excHookFuncs__A
00006854   ti_sysbios_family_arm_m3_Hwi_excHookFuncs__C
00002835   ti_sysbios_family_arm_m3_Hwi_excMemFault__I
0000534d   ti_sysbios_family_arm_m3_Hwi_excNmi__I
00005235   ti_sysbios_family_arm_m3_Hwi_excNoIsr__I
00004c81   ti_sysbios_family_arm_m3_Hwi_excReserved__I
00005145   ti_sysbios_family_arm_m3_Hwi_excSvCall__I
000026e1   ti_sysbios_family_arm_m3_Hwi_excUsageFault__I
0000526d   ti_sysbios_family_arm_m3_Hwi_getStackInfo__E
0000364d   ti_sysbios_family_arm_m3_Hwi_initNVIC__E
00005789   ti_sysbios_family_arm_m3_Hwi_initStacks__E
e000e000   ti_sysbios_family_arm_m3_Hwi_nvic
00002cbf   ti_sysbios_family_arm_m3_Hwi_pendSV__I
00006858   ti_sysbios_family_arm_m3_Hwi_priGroup__C
000061d0   ti_sysbios_family_arm_m3_Hwi_priorities__A
0000685c   ti_sysbios_family_arm_m3_Hwi_priorities__C
20000000   ti_sysbios_family_arm_m3_Hwi_ramVectors
00000000   ti_sysbios_family_arm_m3_Hwi_resetVectors
00002ce3   ti_sysbios_family_arm_m3_Hwi_return
00005f75   ti_sysbios_family_arm_m3_Hwi_startup__E
00005c21   ti_sysbios_family_arm_m3_Hwi_switchFromBootStack__E
00005fcf   ti_sysbios_family_arm_m3_TaskSupport_Module__startupDone__S
00004201   ti_sysbios_family_arm_m3_TaskSupport_buildTaskStack
00005e49   ti_sysbios_family_arm_m3_TaskSupport_checkStack__E
00005d3b   ti_sysbios_family_arm_m3_TaskSupport_glue
000052a5   ti_sysbios_family_arm_m3_TaskSupport_start__E
00005ac1   ti_sysbios_family_arm_m3_TaskSupport_swap__E
00005d4b   ti_sysbios_family_xxx_Hwi_switchToIsrStack
00005e7d   ti_sysbios_family_xxx_Hwi_switchToTaskStack
00005b51   ti_sysbios_gates_GateHwi_Handle__label__S
00004737   ti_sysbios_gates_GateHwi_Instance_init__F
0000666c   ti_sysbios_gates_GateHwi_Module__FXNS__C
20002320   ti_sysbios_gates_GateHwi_Module__root__V
000066d4   ti_sysbios_gates_GateHwi_Object__DESC__C
00006754   ti_sysbios_gates_GateHwi_Object__PARAMS__C
00005381   ti_sysbios_gates_GateHwi_Object__create__S
0000591d   ti_sysbios_gates_GateHwi_Object__delete__S
20002328   ti_sysbios_gates_GateHwi_Object__table__V
00005ea1   ti_sysbios_gates_GateHwi_enter__E
00005fb1   ti_sysbios_gates_GateHwi_leave__E
00005fd3   ti_sysbios_gates_GateHwi_query__E
00005fd3   ti_sysbios_gates_GateHwi_query__F
2000232c   ti_sysbios_gates_GateMutexPri_Module__root__V
00006860   ti_sysbios_hal_Hwi_E_stackOverflow__C
00005fd7   ti_sysbios_hal_Hwi_HwiProxy_Module__startupDone__S
00004eb1   ti_sysbios_hal_Hwi_HwiProxy_disableInterrupt__E
00004ef5   ti_sysbios_hal_Hwi_HwiProxy_enableInterrupt__E
0000526d   ti_sysbios_hal_Hwi_HwiProxy_getStackInfo__E
00005f75   ti_sysbios_hal_Hwi_HwiProxy_startup__E
00005c21   ti_sysbios_hal_Hwi_HwiProxy_switchFromBootStack__E
00006970   ti_sysbios_hal_Hwi_Module__id__C
20002334   ti_sysbios_hal_Hwi_Module__root__V
00005cf3   ti_sysbios_hal_Hwi_Module_startup__E
00005cf3   ti_sysbios_hal_Hwi_Module_startup__F
2000233c   ti_sysbios_hal_Hwi_Object__table__V
000053b5   ti_sysbios_hal_Hwi_checkStack
00004eb1   ti_sysbios_hal_Hwi_disableInterrupt__E
00004ef5   ti_sysbios_hal_Hwi_enableInterrupt__E
0000526d   ti_sysbios_hal_Hwi_getStackInfo__E
00005657   ti_sysbios_hal_Hwi_initStack
00005f75   ti_sysbios_hal_Hwi_startup__E
00005c21   ti_sysbios_hal_Hwi_switchFromBootStack__E
20002354   ti_sysbios_hal_Timer_Module__root__V
00005b69   ti_sysbios_hal_Timer_Module__startupDone__F
00005b69   ti_sysbios_hal_Timer_Module__startupDone__S
00005d05   ti_sysbios_hal_Timer_Module_startup__E
00005d05   ti_sysbios_hal_Timer_Module_startup__F
2000235c   ti_sysbios_hal_Timer_Object__table__V
00005fdb   ti_sysbios_hal_Timer_TimerProxy_Module__startupDone__S
00005fdf   ti_sysbios_hal_Timer_TimerProxy_getPeriod__E
00005045   ti_sysbios_hal_Timer_TimerProxy_startup__E
00005045   ti_sysbios_hal_Timer_startup__E
00006864   ti_sysbios_knl_Clock_Module_State_clockQ__O
20002364   ti_sysbios_knl_Clock_Module__root__V
20002708   ti_sysbios_knl_Clock_Module__state__V
00005829   ti_sysbios_knl_Clock_Module_startup__E
00005829   ti_sysbios_knl_Clock_Module_startup__F
000057b1   ti_sysbios_knl_Clock_addI__E
00005685   ti_sysbios_knl_Clock_doTick__I
0000497b   ti_sysbios_knl_Clock_logTick__E
0000458d   ti_sysbios_knl_Clock_workFunc__E
00006868   ti_sysbios_knl_Idle_coreList__A
000067d4   ti_sysbios_knl_Idle_coreList__C
0000686c   ti_sysbios_knl_Idle_funcList__A
000067dc   ti_sysbios_knl_Idle_funcList__C
00005f7d   ti_sysbios_knl_Idle_loop__E
000054dd   ti_sysbios_knl_Idle_run__E
2000236c   ti_sysbios_knl_Queue_Module__root__V
00005ead   ti_sysbios_knl_Queue_Object__get__S
00005e57   ti_sysbios_knl_Queue_empty__E
00005a1b   ti_sysbios_knl_Queue_put__E
00006870   ti_sysbios_knl_Semaphore_A_badContext__C
00006874   ti_sysbios_knl_Semaphore_A_overflow__C
00006878   ti_sysbios_knl_Semaphore_A_pendTaskDisabled__C
0000687c   ti_sysbios_knl_Semaphore_Instance_State_pendQ__O
00006880   ti_sysbios_knl_Semaphore_Module__diagsEnabled__C
00006884   ti_sysbios_knl_Semaphore_Module__diagsIncluded__C
00006888   ti_sysbios_knl_Semaphore_Module__diagsMask__C
00006974   ti_sysbios_knl_Semaphore_Module__id__C
20002374   ti_sysbios_knl_Semaphore_Module__root__V
20002730   ti_sysbios_knl_Semaphore_Object__table__V
00005085   ti_sysbios_knl_Semaphore_pendTimeout__I
00001c5d   ti_sysbios_knl_Semaphore_pend__E
00003561   ti_sysbios_knl_Semaphore_post__E
00005b81   ti_sysbios_knl_Swi_Handle__label__S
20002428   ti_sysbios_knl_Swi_Module_State_0_readyQ__A
2000237c   ti_sysbios_knl_Swi_Module__root__V
20002384   ti_sysbios_knl_Swi_Module__state__V
0000584d   ti_sysbios_knl_Swi_Module_startup__E
0000584d   ti_sysbios_knl_Swi_Module_startup__F
0000688c   ti_sysbios_knl_Swi_Object__count__C
00005c35   ti_sysbios_knl_Swi_Object__get__S
200026d8   ti_sysbios_knl_Swi_Object__table__V
00005dad   ti_sysbios_knl_Swi_disable__E
00004f39   ti_sysbios_knl_Swi_post__E
000049d9   ti_sysbios_knl_Swi_restoreHwi__E
00005181   ti_sysbios_knl_Swi_restore__E
0000485d   ti_sysbios_knl_Swi_run__I
00003c91   ti_sysbios_knl_Swi_schedule__I
00005fb7   ti_sysbios_knl_Swi_startup__E
00006890   ti_sysbios_knl_Task_A_badTimeout__C
00006894   ti_sysbios_knl_Task_A_sleepTaskDisabled__C
00006898   ti_sysbios_knl_Task_E_spOutOfBounds__C
0000689c   ti_sysbios_knl_Task_E_stackOverflow__C
00005b99   ti_sysbios_knl_Task_Handle__label__S
20001d80   ti_sysbios_knl_Task_Instance_State_0_hookEnv__A
20000360   ti_sysbios_knl_Task_Instance_State_0_stack__A
20001d84   ti_sysbios_knl_Task_Instance_State_1_hookEnv__A
20000760   ti_sysbios_knl_Task_Instance_State_1_stack__A
20001d88   ti_sysbios_knl_Task_Instance_State_2_hookEnv__A
20000b60   ti_sysbios_knl_Task_Instance_State_2_stack__A
20001d8c   ti_sysbios_knl_Task_Instance_State_3_hookEnv__A
20000f60   ti_sysbios_knl_Task_Instance_State_3_stack__A
20001d90   ti_sysbios_knl_Task_Instance_State_4_hookEnv__A
20001360   ti_sysbios_knl_Task_Instance_State_4_stack__A
200023a8   ti_sysbios_knl_Task_Module_State_0_idleTask__A
200024a8   ti_sysbios_knl_Task_Module_State_0_readyQ__A
000068a0   ti_sysbios_knl_Task_Module_State_inactiveQ__O
000068a4   ti_sysbios_knl_Task_Module__diagsEnabled__C
000068a8   ti_sysbios_knl_Task_Module__diagsIncluded__C
000068ac   ti_sysbios_knl_Task_Module__diagsMask__C
00006978   ti_sysbios_knl_Task_Module__id__C
200023a0   ti_sysbios_knl_Task_Module__root__V
20002664   ti_sysbios_knl_Task_Module__state__V
000043a1   ti_sysbios_knl_Task_Module_startup__E
000043a1   ti_sysbios_knl_Task_Module_startup__F
000068b0   ti_sysbios_knl_Task_Object__count__C
00005dbd   ti_sysbios_knl_Task_Object__get__S
2000213c   ti_sysbios_knl_Task_Object__table__V
00005fe3   ti_sysbios_knl_Task_SupportProxy_Module__startupDone__S
00005e49   ti_sysbios_knl_Task_SupportProxy_checkStack__E
000052a5   ti_sysbios_knl_Task_SupportProxy_start__E
00005ac1   ti_sysbios_knl_Task_SupportProxy_swap__E
000068b4   ti_sysbios_knl_Task_allBlockedFunc__C
00004cc9   ti_sysbios_knl_Task_allBlockedFunction__I
00003b2d   ti_sysbios_knl_Task_checkStacks__E
00005dcd   ti_sysbios_knl_Task_disable__E
0000593d   ti_sysbios_knl_Task_enter__I
000040e1   ti_sysbios_knl_Task_exit__E
0000676c   ti_sysbios_knl_Task_hooks__A
000067e4   ti_sysbios_knl_Task_hooks__C
0000697c   ti_sysbios_knl_Task_initStackFlag__C
000068b8   ti_sysbios_knl_Task_numConstructedTasks__C
00003729   ti_sysbios_knl_Task_postInit__I
000050c5   ti_sysbios_knl_Task_processVitalTaskFlag__I
00005871   ti_sysbios_knl_Task_restoreHwi__E
000056b1   ti_sysbios_knl_Task_restore__E
00004319   ti_sysbios_knl_Task_schedule__I
00005629   ti_sysbios_knl_Task_sleepTimeout__I
000023ed   ti_sysbios_knl_Task_sleep__E
00004171   ti_sysbios_knl_Task_startCore__E
00005fe7   ti_sysbios_knl_Task_startup__E
00005acd   ti_sysbios_knl_Task_swapReturn
00004b41   ti_sysbios_knl_Task_unblockI__E
20001dc7   time_string
00006354   unshifted
0000479d   writemsg
000068bc   xdc_runtime_Assert_E_assertFailed__C
00004d11   xdc_runtime_Assert_raise__I
000068c0   xdc_runtime_Core_A_initializedParams__C
000068c4   xdc_runtime_Core_Module__diagsEnabled__C
000068c8   xdc_runtime_Core_Module__diagsIncluded__C
000068cc   xdc_runtime_Core_Module__diagsMask__C
00006980   xdc_runtime_Core_Module__id__C
0000550d   xdc_runtime_Core_assignLabel__I
00004d59   xdc_runtime_Core_assignParams__I
00003085   xdc_runtime_Core_createObject__I
000046d1   xdc_runtime_Core_deleteObject__I
000068d0   xdc_runtime_Error_E_memory__C
000068d4   xdc_runtime_Error_Module__diagsEnabled__C
000068d8   xdc_runtime_Error_Module__diagsIncluded__C
000068dc   xdc_runtime_Error_Module__diagsMask__C
00006984   xdc_runtime_Error_Module__loggerDefined__C
000068e0   xdc_runtime_Error_Module__loggerFxn8__C
000068e4   xdc_runtime_Error_Module__loggerObj__C
200023ac   xdc_runtime_Error_Module__state__V
00005a39   xdc_runtime_Error_check__E
00005a39   xdc_runtime_Error_check__F
00005feb   xdc_runtime_Error_getSite__E
00005feb   xdc_runtime_Error_getSite__F
00005eb9   xdc_runtime_Error_init__E
00005eb9   xdc_runtime_Error_init__F
00006988   xdc_runtime_Error_maxDepth__C
000069b4   xdc_runtime_Error_policy__C
000045f9   xdc_runtime_Error_print__E
000045f9   xdc_runtime_Error_print__F
000068e8   xdc_runtime_Error_raiseHook__C
00002975   xdc_runtime_Error_raiseX__E
00002975   xdc_runtime_Error_raiseX__F
200023b0   xdc_runtime_GateNull_Module__root__V
00005ec5   xdc_runtime_Gate_enterSystem__E
00005ec5   xdc_runtime_Gate_enterSystem__F
00005ddd   xdc_runtime_Gate_leaveSystem__E
00005ddd   xdc_runtime_Gate_leaveSystem__F
000068ec   xdc_runtime_HeapMin_A_zeroSize__C
000068f0   xdc_runtime_HeapMin_E_freeError__C
00005bb1   xdc_runtime_HeapMin_Handle__label__S
20001d98   xdc_runtime_HeapMin_Instance_State_0_buf__A
0000428d   xdc_runtime_HeapMin_Instance_init__F
00006644   xdc_runtime_HeapMin_Module__FXNS__C
000068f4   xdc_runtime_HeapMin_Module__diagsEnabled__C
000068f8   xdc_runtime_HeapMin_Module__diagsIncluded__C
000068fc   xdc_runtime_HeapMin_Module__diagsMask__C
0000698c   xdc_runtime_HeapMin_Module__id__C
200023b8   xdc_runtime_HeapMin_Module__root__V
000066f4   xdc_runtime_HeapMin_Object__DESC__C
00006714   xdc_runtime_HeapMin_Object__PARAMS__C
000053e9   xdc_runtime_HeapMin_Object__create__S
0000595d   xdc_runtime_HeapMin_Object__delete__S
200023c0   xdc_runtime_HeapMin_Object__table__V
000051bd   xdc_runtime_HeapMin_alloc__E
000051bd   xdc_runtime_HeapMin_alloc__F
00006990   xdc_runtime_HeapMin_freeError__C
0000553d   xdc_runtime_HeapMin_free__E
0000553d   xdc_runtime_HeapMin_free__F
00005ed1   xdc_runtime_HeapMin_getStats__E
00005ed1   xdc_runtime_HeapMin_getStats__F
00005fef   xdc_runtime_HeapMin_isBlocking__E
00005fef   xdc_runtime_HeapMin_isBlocking__F
00006900   xdc_runtime_IFilterLogger_Interface__BASE__C
00006904   xdc_runtime_IGateProvider_Interface__BASE__C
00006908   xdc_runtime_IHeap_Interface__BASE__C
0000690c   xdc_runtime_ILogger_Interface__BASE__C
00006910   xdc_runtime_IModule_Interface__BASE__C
00006914   xdc_runtime_Log_L_error__C
00006918   xdc_runtime_LoggerBuf_E_badLevel__C
00005bc9   xdc_runtime_LoggerBuf_Handle__label__S
20001c80   xdc_runtime_LoggerBuf_Instance_State_0_entryArr__A
00005c49   xdc_runtime_LoggerBuf_Instance_finalize__F
000052dd   xdc_runtime_LoggerBuf_Instance_init__F
00005ff3   xdc_runtime_LoggerBuf_Module_GateProxy_enter__E
00005ff7   xdc_runtime_LoggerBuf_Module_GateProxy_leave__E
00005fd3   xdc_runtime_LoggerBuf_Module_GateProxy_query__E
000065dc   xdc_runtime_LoggerBuf_Module__FXNS__C
0000691c   xdc_runtime_LoggerBuf_Module__gateObj__C
00006994   xdc_runtime_LoggerBuf_Module__id__C
200023d0   xdc_runtime_LoggerBuf_Module__root__V
200023d8   xdc_runtime_LoggerBuf_Module__state__V
000057d9   xdc_runtime_LoggerBuf_Module_startup__E
000057d9   xdc_runtime_LoggerBuf_Module_startup__F
00006734   xdc_runtime_LoggerBuf_Object__DESC__C
00006690   xdc_runtime_LoggerBuf_Object__PARAMS__C
00006920   xdc_runtime_LoggerBuf_Object__count__C
000048bd   xdc_runtime_LoggerBuf_Object__create__S
0000597d   xdc_runtime_LoggerBuf_Object__delete__S
00005c5d   xdc_runtime_LoggerBuf_Object__get__S
2000277c   xdc_runtime_LoggerBuf_Object__table__V
00002e49   xdc_runtime_LoggerBuf_TimestampProxy_get64__E
00005f49   xdc_runtime_LoggerBuf_disable__E
00005f49   xdc_runtime_LoggerBuf_disable__F
00005f53   xdc_runtime_LoggerBuf_enable__E
00005f53   xdc_runtime_LoggerBuf_enable__F
00006998   xdc_runtime_LoggerBuf_filterByLevel__C
00004f7d   xdc_runtime_LoggerBuf_filterOutEvent__I
00004665   xdc_runtime_LoggerBuf_getFilterLevel__E
00004665   xdc_runtime_LoggerBuf_getFilterLevel__F
0000599d   xdc_runtime_LoggerBuf_reset__E
0000599d   xdc_runtime_LoggerBuf_reset__F
00004425   xdc_runtime_LoggerBuf_setFilterLevel__E
00004425   xdc_runtime_LoggerBuf_setFilterLevel__F
00006924   xdc_runtime_LoggerBuf_statusLogger__C
00005ded   xdc_runtime_LoggerBuf_write0__E
00005ded   xdc_runtime_LoggerBuf_write0__F
00005d17   xdc_runtime_LoggerBuf_write1__E
00005d17   xdc_runtime_LoggerBuf_write1__F
00005c71   xdc_runtime_LoggerBuf_write2__E
00005c71   xdc_runtime_LoggerBuf_write2__F
000038dd   xdc_runtime_LoggerBuf_write4__E
000038dd   xdc_runtime_LoggerBuf_write4__F
00002d1d   xdc_runtime_LoggerBuf_write8__E
00002d1d   xdc_runtime_LoggerBuf_write8__F
00005fd3   xdc_runtime_Main_Module_GateProxy_query__E
00005ffb   xdc_runtime_Memory_HeapProxy_alloc__E
00005fff   xdc_runtime_Memory_HeapProxy_free__E
0000699c   xdc_runtime_Memory_Module__id__C
200023e0   xdc_runtime_Memory_Module__state__V
0000451d   xdc_runtime_Memory_alloc__E
0000451d   xdc_runtime_Memory_alloc__F
00005edd   xdc_runtime_Memory_calloc__E
00005edd   xdc_runtime_Memory_calloc__F
00006928   xdc_runtime_Memory_defaultHeapInstance__C
00005dfd   xdc_runtime_Memory_free__E
00005dfd   xdc_runtime_Memory_free__F
00005ee9   xdc_runtime_Memory_getMaxDefaultTypeAlign__E
00005ee9   xdc_runtime_Memory_getMaxDefaultTypeAlign__F
00005a55   xdc_runtime_Memory_valloc__E
00005a55   xdc_runtime_Memory_valloc__F
200023e4   xdc_runtime_Registry_Module__state__V
000059bd   xdc_runtime_Registry_findById__E
000059bd   xdc_runtime_Registry_findById__F
200023ec   xdc_runtime_Startup_Module__state__V
00000001   xdc_runtime_Startup__EXECFXN__C
00000001   xdc_runtime_Startup__RESETFXN__C
0000692c   xdc_runtime_Startup_execImpl__C
00004b99   xdc_runtime_Startup_exec__E
00004b99   xdc_runtime_Startup_exec__F
00005d29   xdc_runtime_Startup_exec__I
000067b0   xdc_runtime_Startup_firstFxns__A
000067ec   xdc_runtime_Startup_firstFxns__C
000067f4   xdc_runtime_Startup_lastFxns__A
000067fc   xdc_runtime_Startup_lastFxns__C
00006930   xdc_runtime_Startup_maxPasses__C
00005683   xdc_runtime_Startup_reset__I
00006784   xdc_runtime_Startup_sfxnRts__A
00006934   xdc_runtime_Startup_sfxnRts__C
00006618   xdc_runtime_Startup_sfxnTab__A
00006938   xdc_runtime_Startup_sfxnTab__C
00003285   xdc_runtime_Startup_startMods__I
20001d00   xdc_runtime_SysMin_Module_State_0_outbuf__A
200023f4   xdc_runtime_SysMin_Module__state__V
000059dd   xdc_runtime_SysMin_Module_startup__E
000059dd   xdc_runtime_SysMin_Module_startup__F
0000556d   xdc_runtime_SysMin_abort__E
0000556d   xdc_runtime_SysMin_abort__F
0000693c   xdc_runtime_SysMin_bufSize__C
00005a71   xdc_runtime_SysMin_exit__E
00005a71   xdc_runtime_SysMin_exit__F
000069a0   xdc_runtime_SysMin_flushAtExit__C
00004fc1   xdc_runtime_SysMin_flush__E
00004fc1   xdc_runtime_SysMin_flush__F
00006940   xdc_runtime_SysMin_outputFunc__C
000058b9   xdc_runtime_SysMin_output__I
00005315   xdc_runtime_SysMin_putch__E
00005315   xdc_runtime_SysMin_putch__F
00005e0d   xdc_runtime_SysMin_ready__E
00005e0d   xdc_runtime_SysMin_ready__F
00006003   xdc_runtime_System_Module_GateProxy_enter__E
00006007   xdc_runtime_System_Module_GateProxy_leave__E
00005fd3   xdc_runtime_System_Module_GateProxy_query__E
20002400   xdc_runtime_System_Module_State_0_atexitHandlers__A
00006944   xdc_runtime_System_Module__gateObj__C
20002410   xdc_runtime_System_Module__state__V
00005fbd   xdc_runtime_System_Module_startup__E
00005fbd   xdc_runtime_System_Module_startup__F
0000556d   xdc_runtime_System_SupportProxy_abort__E
00005a71   xdc_runtime_System_SupportProxy_exit__E
00004fc1   xdc_runtime_System_SupportProxy_flush__E
00005315   xdc_runtime_System_SupportProxy_putch__E
00005e0d   xdc_runtime_System_SupportProxy_ready__E
00005c85   xdc_runtime_System_abort__E
00005c85   xdc_runtime_System_abort__F
00005a8d   xdc_runtime_System_aprintf__E
[...]
00005683   xdc_runtime_Startup_reset__I
00005685   ti_sysbios_knl_Clock_doTick__I
000056b1   ti_sysbios_knl_Task_restore__E
000056dd   xdc_runtime_System_rtsExit__I
00005709   xdc_runtime_Text_cordText__E
00005709   xdc_runtime_Text_cordText__F
00005735   xdc_runtime_System_putchar__I
00005761   TimerConfigure
00005789   ti_sysbios_family_arm_m3_Hwi_initStacks__E
000057b1   ti_sysbios_knl_Clock_addI__E
000057d9   xdc_runtime_LoggerBuf_Module_startup__E
000057d9   xdc_runtime_LoggerBuf_Module_startup__F
00005801   xdc_runtime_System_avprintf__F
00005829   ti_sysbios_knl_Clock_Module_startup__E
00005829   ti_sysbios_knl_Clock_Module_startup__F
0000584d   ti_sysbios_knl_Swi_Module_startup__E
0000584d   ti_sysbios_knl_Swi_Module_startup__F
00005871   ti_sysbios_knl_Task_restoreHwi__E
00005895   xdc_runtime_System_vprintf__F
000058b9   xdc_runtime_SysMin_output__I
000058dd   ti_sysbios_BIOS_removeRTSLock__I
000058fd   ti_sysbios_BIOS_startFunc__I
0000591d   ti_sysbios_gates_GateHwi_Object__delete__S
0000593d   ti_sysbios_knl_Task_enter__I
0000595d   xdc_runtime_HeapMin_Object__delete__S
0000597d   xdc_runtime_LoggerBuf_Object__delete__S
0000599d   LoggerBuf_instanceStartup
0000599d   xdc_runtime_LoggerBuf_reset__E
0000599d   xdc_runtime_LoggerBuf_reset__F
000059bd   xdc_runtime_Registry_findById__E
000059bd   xdc_runtime_Registry_findById__F
000059dd   xdc_runtime_SysMin_Module_startup__E
000059dd   xdc_runtime_SysMin_Module_startup__F
000059fd   ti_sysbios_family_arm_lm4_Timer_write__I
00005a1b   ti_sysbios_knl_Queue_put__E
00005a39   xdc_runtime_Error_check__E
00005a39   xdc_runtime_Error_check__F
00005a55   xdc_runtime_Memory_valloc__E
00005a55   xdc_runtime_Memory_valloc__F
00005a71   xdc_runtime_SysMin_exit__E
00005a71   xdc_runtime_SysMin_exit__F
00005a71   xdc_runtime_System_SupportProxy_exit__E
00005a8d   xdc_runtime_System_aprintf__E
00005aa7   xdc_runtime_System_printf__E
00005ac1   ti_sysbios_family_arm_m3_TaskSupport_swap__E
00005ac1   ti_sysbios_knl_Task_SupportProxy_swap__E
00005acd   ti_sysbios_knl_Task_swapReturn
00005ad9   free
00005af1   _args_main
00005b09   ti_sysbios_family_arm_lm4_Timer_Module__startupDone__F
00005b09   ti_sysbios_family_arm_lm4_Timer_Module__startupDone__S
00005b21   ti_sysbios_family_arm_m3_Hwi_Handle__label__S
00005b39   ti_sysbios_family_arm_m3_Hwi_Module__startupDone__F
00005b39   ti_sysbios_family_arm_m3_Hwi_Module__startupDone__S
00005b51   ti_sysbios_gates_GateHwi_Handle__label__S
00005b69   ti_sysbios_hal_Timer_Module__startupDone__F
00005b69   ti_sysbios_hal_Timer_Module__startupDone__S
00005b81   ti_sysbios_knl_Swi_Handle__label__S
00005b99   ti_sysbios_knl_Task_Handle__label__S
00005bb1   xdc_runtime_HeapMin_Handle__label__S
00005bc9   xdc_runtime_LoggerBuf_Handle__label__S
00005be1   xdc_runtime_Text_ropeText__E
00005be1   xdc_runtime_Text_ropeText__F
00005bf9   _register_unlock
00005bff   _register_lock
00005c07   _nop
00005c0d   strlen
00005c21   ti_sysbios_family_arm_m3_Hwi_switchFromBootStack__E
00005c21   ti_sysbios_hal_Hwi_HwiProxy_switchFromBootStack__E
00005c21   ti_sysbios_hal_Hwi_switchFromBootStack__E
00005c35   ti_sysbios_knl_Swi_Object__get__S
00005c49   xdc_runtime_LoggerBuf_Instance_finalize__F
00005c5d   xdc_runtime_LoggerBuf_Object__get__S
00005c71   xdc_runtime_LoggerBuf_write2__E
00005c71   xdc_runtime_LoggerBuf_write2__F
00005c85   xdc_runtime_System_abort__E
00005c85   xdc_runtime_System_abort__F
00005c99   GPIOPinTypeGPIOInput
00005cab   GPIOPinTypeGPIOOutput
00005cbd   GPIOPinTypeSSI
00005ccf   TimerLoadSet
00005ce1   __TI_zero_init
00005cf3   ti_sysbios_hal_Hwi_Module_startup__E
00005cf3   ti_sysbios_hal_Hwi_Module_startup__F
00005d05   ti_sysbios_hal_Timer_Module_startup__E
00005d05   ti_sysbios_hal_Timer_Module_startup__F
00005d17   xdc_runtime_LoggerBuf_write1__E
00005d17   xdc_runtime_LoggerBuf_write1__F
00005d29   xdc_runtime_Startup_exec__I
00005d3b   ti_sysbios_family_arm_m3_TaskSupport_glue
00005d4b   ti_sysbios_family_xxx_Hwi_switchToIsrStack
00005d5b   strcpy
00005d6d   ti_sysbios_BIOS_setThreadType__E
00005d7d   ti_sysbios_BIOS_start__E
00005d8d   ti_sysbios_family_arm_lm4_TimestampProvider_rolloverFunc__E
00005d9d   ti_sysbios_family_arm_m3_Hwi_excHandler__I
00005dad   ti_sysbios_knl_Swi_disable__E
00005dbd   ti_sysbios_knl_Task_Object__get__S
00005dcd   ti_sysbios_knl_Task_disable__E
00005ddd   xdc_runtime_Gate_leaveSystem__E
00005ddd   xdc_runtime_Gate_leaveSystem__F
00005ded   xdc_runtime_LoggerBuf_write0__E
00005ded   xdc_runtime_LoggerBuf_write0__F
00005dfd   xdc_runtime_Memory_free__E
00005dfd   xdc_runtime_Memory_free__F
00005e0d   xdc_runtime_SysMin_ready__E
00005e0d   xdc_runtime_SysMin_ready__F
00005e0d   xdc_runtime_System_SupportProxy_ready__E
00005e1d   xdc_runtime_System_vsnprintf__F
00005e2d   TimerEnable
00005e3b   __TI_decompress_none
00005e49   ti_sysbios_family_arm_m3_TaskSupport_checkStack__E
00005e49   ti_sysbios_knl_Task_SupportProxy_checkStack__E
00005e57   ti_sysbios_knl_Queue_empty__E
00005e65   ti_catalog_arm_cortexm4_tiva_ce_Boot_init__I
00005e71   GPIOPinIntEnable
00005e7d   ti_sysbios_family_xxx_Hwi_switchToTaskStack
00005e89   ti_sysbios_family_arm_lm4_Timer_masterDisable__I
00005e95   ti_sysbios_family_arm_lm4_TimestampProvider_startTimer__E
00005ea1   ti_sysbios_gates_GateHwi_enter__E
00005ead   ti_sysbios_knl_Queue_Object__get__S
00005eb9   xdc_runtime_Error_init__E
00005eb9   xdc_runtime_Error_init__F
00005ec5   xdc_runtime_Gate_enterSystem__E
00005ec5   xdc_runtime_Gate_enterSystem__F
00005ed1   xdc_runtime_HeapMin_getStats__E
00005ed1   xdc_runtime_HeapMin_getStats__F
00005edd   xdc_runtime_Memory_calloc__E
00005edd   xdc_runtime_Memory_calloc__F
00005ee9   xdc_runtime_Memory_getMaxDefaultTypeAlign__E
00005ee9   xdc_runtime_Memory_getMaxDefaultTypeAlign__F
00005ef5   xdc_runtime_System_exit__E
00005ef5   xdc_runtime_System_exit__F
00005f01   xdc_runtime_System_lastFxn__I
00005f0d   GPIOPinRead
00005f17   GPIOPinWrite
00005f21   SSIDataPut
00005f2b   SSIEnable
00005f49   xdc_runtime_LoggerBuf_disable__E
00005f49   xdc_runtime_LoggerBuf_disable__F
00005f53   xdc_runtime_LoggerBuf_enable__E
00005f53   xdc_runtime_LoggerBuf_enable__F
00005f5d   SSIBusy
00005f65   TimerIntEnable
00005f6d   ti_sysbios_family_arm_m3_Hwi_doSwiRestore__I
00005f75   ti_sysbios_family_arm_m3_Hwi_startup__E
00005f75   ti_sysbios_hal_Hwi_HwiProxy_startup__E
00005f75   ti_sysbios_hal_Hwi_startup__E
00005f7d   ti_sysbios_knl_Idle_loop__E
00005f85   xdc_runtime_Text_visitRope__I
00005f8d   GPIOPinIntClear
00005f93   __xdc__init
00005f99   __TI_decompress_rle24
00005f9f   ti_catalog_arm_cortexm4_tiva_ce_Boot_sysCtlDelayI__I
00005fa5   ti_sysbios_family_arm_lm4_TimestampProvider_Module_startup__E
00005fa5   ti_sysbios_family_arm_lm4_TimestampProvider_Module_startup__F
00005fab   ti_sysbios_family_arm_m3_Hwi_doTaskRestore__I
00005fb1   ti_sysbios_gates_GateHwi_leave__E
00005fb7   ti_sysbios_knl_Swi_startup__E
00005fbd   xdc_runtime_System_Module_startup__E
00005fbd   xdc_runtime_System_Module_startup__F
00005fc3   TimerIntClear
00005fc7   ti_sysbios_family_arm_lm4_Timer_getPeriod__E
00005fcb   ti_sysbios_family_arm_lm4_Timer_masterEnable__I
00005fcf   ti_sysbios_family_arm_m3_TaskSupport_Module__startupDone__S
00005fd3   ti_sysbios_gates_GateHwi_query__E
00005fd3   ti_sysbios_gates_GateHwi_query__F
00005fd3   xdc_runtime_LoggerBuf_Module_GateProxy_query__E
00005fd3   xdc_runtime_Main_Module_GateProxy_query__E
00005fd3   xdc_runtime_System_Module_GateProxy_query__E
00005fd7   ti_sysbios_hal_Hwi_HwiProxy_Module__startupDone__S
00005fdb   ti_sysbios_hal_Timer_TimerProxy_Module__startupDone__S
00005fdf   ti_sysbios_hal_Timer_TimerProxy_getPeriod__E
00005fe3   ti_sysbios_knl_Task_SupportProxy_Module__startupDone__S
00005fe7   ti_sysbios_knl_Task_startup__E
00005feb   xdc_runtime_Error_getSite__E
00005feb   xdc_runtime_Error_getSite__F
00005fef   xdc_runtime_HeapMin_isBlocking__E
00005fef   xdc_runtime_HeapMin_isBlocking__F
00005ff3   xdc_runtime_LoggerBuf_Module_GateProxy_enter__E
00005ff7   xdc_runtime_LoggerBuf_Module_GateProxy_leave__E
00005ffb   xdc_runtime_Memory_HeapProxy_alloc__E
00005fff   xdc_runtime_Memory_HeapProxy_free__E
00006003   xdc_runtime_System_Module_GateProxy_enter__E
00006007   xdc_runtime_System_Module_GateProxy_leave__E
0000600b   xdc_runtime_System_aprintf_va__F
0000600f   xdc_runtime_System_printf_va__F
00006013   xdc_runtime_System_vsnprintf__E
00006018   MyFont
000061d0   ti_sysbios_family_arm_m3_Hwi_priorities__A
000062a8   shifted
00006354   unshifted
000065dc   xdc_runtime_LoggerBuf_Module__FXNS__C
00006618   xdc_runtime_Startup_sfxnTab__A
00006644   xdc_runtime_HeapMin_Module__FXNS__C
0000666c   ti_sysbios_gates_GateHwi_Module__FXNS__C
00006690   xdc_runtime_LoggerBuf_Object__PARAMS__C
000066b4   hwi0
000066b8   UI
000066bc   ButTask
000066c0   Clock
000066c4   KeySem
000066c8   hwi2
000066cc   KeyboardTask
000066d0   DataSem
000066d4   ti_sysbios_gates_GateHwi_Object__DESC__C
000066f4   xdc_runtime_HeapMin_Object__DESC__C
00006714   xdc_runtime_HeapMin_Object__PARAMS__C
00006734   xdc_runtime_LoggerBuf_Object__DESC__C
00006754   ti_sysbios_gates_GateHwi_Object__PARAMS__C
0000676c   ti_sysbios_knl_Task_hooks__A
00006784   xdc_runtime_Startup_sfxnRts__A
000067b0   xdc_runtime_Startup_firstFxns__A
000067cc   ti_sysbios_family_arm_m3_Hwi_excHookFuncs__A
000067d4   ti_sysbios_knl_Idle_coreList__C
000067dc   ti_sysbios_knl_Idle_funcList__C
000067e4   ti_sysbios_knl_Task_hooks__C
000067ec   xdc_runtime_Startup_firstFxns__C
000067f4   xdc_runtime_Startup_lastFxns__A
000067fc   xdc_runtime_Startup_lastFxns__C
00006804   ti_catalog_arm_cortexm4_tiva_ce_Boot_A_mustUseEnhancedClockMode__C
00006808   ti_catalog_arm_cortexm4_tiva_ce_Boot_Module__diagsEnabled__C
0000680c   ti_catalog_arm_cortexm4_tiva_ce_Boot_Module__diagsIncluded__C
00006810   ti_catalog_arm_cortexm4_tiva_ce_Boot_Module__diagsMask__C
00006814   ti_sysbios_BIOS_installedErrorHook__C
00006818   ti_sysbios_family_arm_lm4_Timer_numTimerDevices__C
0000681c   ti_sysbios_family_arm_lm4_Timer_startupNeeded__C
00006820   ti_sysbios_family_arm_m3_Hwi_E_NMI__C
00006824   ti_sysbios_family_arm_m3_Hwi_E_busFault__C
00006828   ti_sysbios_family_arm_m3_Hwi_E_debugMon__C
0000682c   ti_sysbios_family_arm_m3_Hwi_E_hardFault__C
00006830   ti_sysbios_family_arm_m3_Hwi_E_memFault__C
00006834   ti_sysbios_family_arm_m3_Hwi_E_noIsr__C
00006838   ti_sysbios_family_arm_m3_Hwi_E_reserved__C
0000683c   ti_sysbios_family_arm_m3_Hwi_E_svCall__C
00006840   ti_sysbios_family_arm_m3_Hwi_E_usageFault__C
00006844   ti_sysbios_family_arm_m3_Hwi_NUM_INTERRUPTS__C
00006848   ti_sysbios_family_arm_m3_Hwi_ccr__C
0000684c   ti_sysbios_family_arm_m3_Hwi_dispatchTable__C
00006850   ti_sysbios_family_arm_m3_Hwi_excHandlerFunc__C
00006854   ti_sysbios_family_arm_m3_Hwi_excHookFuncs__C
00006858   ti_sysbios_family_arm_m3_Hwi_priGroup__C
0000685c   ti_sysbios_family_arm_m3_Hwi_priorities__C
00006860   ti_sysbios_hal_Hwi_E_stackOverflow__C
00006864   ti_sysbios_knl_Clock_Module_State_clockQ__O
00006868   ti_sysbios_knl_Idle_coreList__A
0000686c   ti_sysbios_knl_Idle_funcList__A
00006870   ti_sysbios_knl_Semaphore_A_badContext__C
00006874   ti_sysbios_knl_Semaphore_A_overflow__C
00006878   ti_sysbios_knl_Semaphore_A_pendTaskDisabled__C
0000687c   ti_sysbios_knl_Semaphore_Instance_State_pendQ__O
00006880   ti_sysbios_knl_Semaphore_Module__diagsEnabled__C
00006884   ti_sysbios_knl_Semaphore_Module__diagsIncluded__C
00006888   ti_sysbios_knl_Semaphore_Module__diagsMask__C
0000688c   ti_sysbios_knl_Swi_Object__count__C
00006890   ti_sysbios_knl_Task_A_badTimeout__C
00006894   ti_sysbios_knl_Task_A_sleepTaskDisabled__C
00006898   ti_sysbios_knl_Task_E_spOutOfBounds__C
0000689c   ti_sysbios_knl_Task_E_stackOverflow__C
000068a0   ti_sysbios_knl_Task_Module_State_inactiveQ__O
000068a4   ti_sysbios_knl_Task_Module__diagsEnabled__C
000068a8   ti_sysbios_knl_Task_Module__diagsIncluded__C
000068ac   ti_sysbios_knl_Task_Module__diagsMask__C
000068b0   ti_sysbios_knl_Task_Object__count__C
000068b4   ti_sysbios_knl_Task_allBlockedFunc__C
000068b8   ti_sysbios_knl_Task_numConstructedTasks__C
000068bc   xdc_runtime_Assert_E_assertFailed__C
000068c0   xdc_runtime_Core_A_initializedParams__C
000068c4   xdc_runtime_Core_Module__diagsEnabled__C
000068c8   xdc_runtime_Core_Module__diagsIncluded__C
000068cc   xdc_runtime_Core_Module__diagsMask__C
000068d0   xdc_runtime_Error_E_memory__C
000068d4   xdc_runtime_Error_Module__diagsEnabled__C
000068d8   xdc_runtime_Error_Module__diagsIncluded__C
000068dc   xdc_runtime_Error_Module__diagsMask__C
000068e0   xdc_runtime_Error_Module__loggerFxn8__C
000068e4   xdc_runtime_Error_Module__loggerObj__C
000068e8   xdc_runtime_Error_raiseHook__C
000068ec   xdc_runtime_HeapMin_A_zeroSize__C
000068f0   xdc_runtime_HeapMin_E_freeError__C
000068f4   xdc_runtime_HeapMin_Module__diagsEnabled__C
000068f8   xdc_runtime_HeapMin_Module__diagsIncluded__C
000068fc   xdc_runtime_HeapMin_Module__diagsMask__C
00006900   xdc_runtime_IFilterLogger_Interface__BASE__C
00006904   xdc_runtime_IGateProvider_Interface__BASE__C
00006908   xdc_runtime_IHeap_Interface__BASE__C
0000690c   xdc_runtime_ILogger_Interface__BASE__C
00006910   xdc_runtime_IModule_Interface__BASE__C
00006914   xdc_runtime_Log_L_error__C
00006918   xdc_runtime_LoggerBuf_E_badLevel__C
0000691c   xdc_runtime_LoggerBuf_Module__gateObj__C
00006920   xdc_runtime_LoggerBuf_Object__count__C
00006924   xdc_runtime_LoggerBuf_statusLogger__C
00006928   xdc_runtime_Memory_defaultHeapInstance__C
0000692c   xdc_runtime_Startup_execImpl__C
00006930   xdc_runtime_Startup_maxPasses__C
00006934   xdc_runtime_Startup_sfxnRts__C
00006938   xdc_runtime_Startup_sfxnTab__C
0000693c   xdc_runtime_SysMin_bufSize__C
00006940   xdc_runtime_SysMin_outputFunc__C
00006944   xdc_runtime_System_Module__gateObj__C
00006948   xdc_runtime_System_extendFxn__C
0000694c   xdc_runtime_System_maxAtexitHandlers__C
00006950   xdc_runtime_Text_charTab__C
00006954   xdc_runtime_Text_nameEmpty__C
00006958   xdc_runtime_Text_nameStatic__C
0000695c   xdc_runtime_Text_nameUnknown__C
00006960   xdc_runtime_Text_visitRopeFxn__C
00006964   ti_catalog_arm_cortexm4_tiva_ce_Boot_Module__id__C
00006968   ti_sysbios_family_arm_lm4_TimestampProvider_useClockTimer__C
0000696c   ti_sysbios_family_arm_m3_Hwi_Module__id__C
00006970   ti_sysbios_hal_Hwi_Module__id__C
00006974   ti_sysbios_knl_Semaphore_Module__id__C
00006978   ti_sysbios_knl_Task_Module__id__C
0000697c   ti_sysbios_knl_Task_initStackFlag__C
00006980   xdc_runtime_Core_Module__id__C
00006984   xdc_runtime_Error_Module__loggerDefined__C
00006988   xdc_runtime_Error_maxDepth__C
0000698c   xdc_runtime_HeapMin_Module__id__C
00006990   xdc_runtime_HeapMin_freeError__C
00006994   xdc_runtime_LoggerBuf_Module__id__C
00006998   xdc_runtime_LoggerBuf_filterByLevel__C
0000699c   xdc_runtime_Memory_Module__id__C
000069a0   xdc_runtime_SysMin_flushAtExit__C
000069a4   xdc_runtime_Text_charCnt__C
000069a8   xdc_runtime_Text_isLoaded__C
000069ac   xdc_runtime_Text_registryModsLastId__C
000069b0   xdc_runtime_Text_unnamedModsLastId__C
000069b4   xdc_runtime_Error_policy__C
00006e68   __TI_Handler_Table_Base
00006e74   __TI_Handler_Table_Limit
00006e88   __TI_CINIT_Base
00006ea0   __TI_CINIT_Limit
20000000   ti_sysbios_family_arm_m3_Hwi_ramVectors
20000360   ti_sysbios_knl_Task_Instance_State_0_stack__A
20000760   ti_sysbios_knl_Task_Instance_State_1_stack__A
20000b60   ti_sysbios_knl_Task_Instance_State_2_stack__A
20000f60   ti_sysbios_knl_Task_Instance_State_3_stack__A
20001360   ti_sysbios_knl_Task_Instance_State_4_stack__A
20001760   glcd_buffer
20001b60   __CIOBUF_
20001c80   xdc_runtime_LoggerBuf_Instance_State_0_entryArr__A
20001d00   xdc_runtime_SysMin_Module_State_0_outbuf__A
20001d80   ti_sysbios_knl_Task_Instance_State_0_hookEnv__A
20001d84   ti_sysbios_knl_Task_Instance_State_1_hookEnv__A
20001d88   ti_sysbios_knl_Task_Instance_State_2_hookEnv__A
20001d8c   ti_sysbios_knl_Task_Instance_State_3_hookEnv__A
20001d90   ti_sysbios_knl_Task_Instance_State_4_hookEnv__A
20001d98   xdc_runtime_HeapMin_Instance_State_0_buf__A
20001db8   temp_count_string
20001dbc   KeyBuf
20001dc0   KeyIn
20001dc1   KeyOut
20001dc2   KeyRead
20001dc3   clkstat
20001dc4   datstat
20001dc5   paritystat
20001dc6   data
20001dc7   time_string
20001ddb   glcd_dirty_pages
20001ddc   ti_sysbios_family_arm_m3_Hwi_Module_State_0_dispatchTable__A
2000213c   ti_sysbios_knl_Task_Object__table__V
2000226c   TSK_idle
200022b8   ti_sysbios_BIOS_Module__state__V
200022d8   ti_sysbios_family_arm_lm4_Timer_Module__root__V
200022e0   ti_sysbios_family_arm_lm4_Timer_Module_State_0_handles__A
200022f8   ti_sysbios_family_arm_lm4_Timer_Module__state__V
20002304   ti_sysbios_family_arm_lm4_TimestampProvider_Module__state__V
2000230c   ti_sysbios_family_arm_m3_Hwi_Module__root__V
20002314   ti_sysbios_family_arm_m3_Hwi_Module_State_0_excActive__A
20002318   ti_sysbios_family_arm_m3_Hwi_Module_State_0_excContext__A
2000231c   ti_sysbios_family_arm_m3_Hwi_Module_State_0_excStack__A
20002320   ti_sysbios_gates_GateHwi_Module__root__V
20002328   ti_sysbios_gates_GateHwi_Object__table__V
2000232c   ti_sysbios_gates_GateMutexPri_Module__root__V
20002334   ti_sysbios_hal_Hwi_Module__root__V
2000233c   ti_sysbios_hal_Hwi_Object__table__V
20002354   ti_sysbios_hal_Timer_Module__root__V
2000235c   ti_sysbios_hal_Timer_Object__table__V
20002364   ti_sysbios_knl_Clock_Module__root__V
2000236c   ti_sysbios_knl_Queue_Module__root__V
20002374   ti_sysbios_knl_Semaphore_Module__root__V
2000237c   ti_sysbios_knl_Swi_Module__root__V
20002384   ti_sysbios_knl_Swi_Module__state__V
200023a0   ti_sysbios_knl_Task_Module__root__V
200023a8   ti_sysbios_knl_Task_Module_State_0_idleTask__A
200023ac   xdc_runtime_Error_Module__state__V
200023b0   xdc_runtime_GateNull_Module__root__V
200023b8   xdc_runtime_HeapMin_Module__root__V
200023c0   xdc_runtime_HeapMin_Object__table__V
200023d0   xdc_runtime_LoggerBuf_Module__root__V
200023d8   xdc_runtime_LoggerBuf_Module__state__V
200023e0   xdc_runtime_Memory_Module__state__V
200023e4   xdc_runtime_Registry_Module__state__V
200023ec   xdc_runtime_Startup_Module__state__V
200023f4   xdc_runtime_SysMin_Module__state__V
20002400   xdc_runtime_System_Module_State_0_atexitHandlers__A
20002410   xdc_runtime_System_Module__state__V
2000241c   xdc_runtime_Text_Module__state__V
20002424   __xdc__init__addr
20002428   ti_sysbios_knl_Swi_Module_State_0_readyQ__A
200024a8   ti_sysbios_knl_Task_Module_State_0_readyQ__A
20002528   ti_sysbios_family_arm_m3_Hwi_Object__table__V
200025a0   ti_sysbios_family_arm_lm4_Timer_Object__table__V
20002610   ti_sysbios_family_arm_m3_Hwi_Module__state__V
20002664   ti_sysbios_knl_Task_Module__state__V
200026a8   ti_sysbios_family_arm_lm4_Timer_Module_State_0_device__A
200026d8   ti_sysbios_knl_Swi_Object__table__V
20002708   ti_sysbios_knl_Clock_Module__state__V
20002730   ti_sysbios_knl_Semaphore_Object__table__V
20002758   glcd_flipped
2000275c   pagemap
2000277c   xdc_runtime_LoggerBuf_Object__table__V
200027a0   temp_count
200027a4   Data
200027a8   KeyBuffer
200027a9   bitcount
200027b0   _lock
200027b4   _unlock
200027b8   _cleanup_ptr
200027bc   _dtors_ptr
200027c0   TimeOfDay
200027cc   main_func_sp
200027d4   StateInfo
200027d6   LastState
200027d8   __stack
200029d8   __STACK_TOP
20002bd8   __STACK_END
e000e000   ti_sysbios_family_arm_m3_Hwi_nvic
ffffffff   __binit__
ffffffff   __c_args__
ffffffff   binit
UNDEFED    SHT$$INIT_ARRAY$$Base
UNDEFED    SHT$$INIT_ARRAY$$Limit

[654 symbols]
