******************************************************************************
                  TI ARM Linker PC v5.0.4                      
******************************************************************************
>> Linked Mon Jun 03 13:21:47 2013

OUTPUT FILE NAME:   <Grocery.out>
ENTRY POINT SYMBOL: "_c_int00"  address: 00007049


MEMORY CONFIGURATION

         name            origin    length      used     unused   attr    fill
----------------------  --------  ---------  --------  --------  ----  --------
  FLASH                 00000000   00040000  000097f3  0003680d  R  X
  SRAM                  20000000   00008000  000034a0  00004b60  RW X


SEGMENT ALLOCATION MAP

run origin  load origin   length   init length attrs members
----------  ----------- ---------- ----------- ----- -------
00000000    00000000    000097f8   000097f8    r-x
  00000000    00000000    00000360   00000360    r-- .resetVecs
  00000360    00000360    0000826e   0000826e    r-x .text
  000085d0    000085d0    000009b5   000009b5    r-- .const
  00008f88    00008f88    00000870   00000870    r-- .cinit
20000000    20000000    000021d9   00000000    rw-
  20000000    20000000    00000360   00000000    rw- .vecs
  20000360    20000360    00001e79   00000000    rw- .bss
200021dc    200021dc    000012c8   00000ec7    rw-
  200021dc    200021dc    00000ec7   00000ec7    rw- .data
  200030a4    200030a4    00000400   00000000    rw- .stack


SECTION ALLOCATION MAP

 output                                  attributes/
section   page    origin      length       input sections
--------  ----  ----------  ----------   ----------------
.bootVecs 
*          0    00000000    00000008     DSECT
                  00000000    00000008     boot.aem4f : boot.oem4f (.bootVecs)

.resetVecs 
*          0    00000000    00000360     
                  00000000    00000360     app_pem4f.oem4f (.resetVecs)

xdc.meta   0    00000000    000000d9     COPY SECTION
                  00000000    000000d9     app_pem4f.oem4f (xdc.meta)

xdc.noload 
*          0    00000000    0000124e     COPY SECTION
                  00000000    0000124e     app_pem4f.oem4f (xdc.noload)

.init_array 
*          0    00000000    00000000     UNINITIALIZED

.text      0    00000360    0000826e     
                  00000360    00000b68     UiMessages.obj (.text)
                  00000ec8    00000ac4     main.obj (.text)
                  0000198c    000008f2     graphics.obj (.text)
                  0000227e    00000002     sysbios.aem4f : BIOS.obj (.text:ti_sysbios_BIOS_nullFunc__I)
                  00002280    00000658     UI.obj (.text)
                  000028d8    000005a8     Ps2Keyboard.obj (.text)
                  00002e80    00000484     st7565.obj (.text)
                  00003304    00000424     sysbios.aem4f : BIOS.obj (.text:ti_sysbios_family_arm_m3_Hwi_excDumpRegs__I)
                  00003728    00000354     StateManagement.obj (.text)
                  00003a7c    00000344     ti.targets.arm.rtsarm.aem4f : System.oem4f (.text:xdc_runtime_System_doPrint__I)
                  00003dc0    00000314     Graphics_Bmp.obj (.text)
                  000040d4    000002e4     rtsv7M4_T_le_v4SPD16_eabi.lib : trgdrv.obj (.text)
                  000043b8    00000238     sysbios.aem4f : BIOS.obj (.text:ti_sysbios_knl_Semaphore_pend__E)
                  000045f0    000001dc                   : BIOS.obj (.text:ti_sysbios_family_arm_m3_Hwi_excHandlerMax__I)
                  000047cc    000001d8     driverlib-cm4f.lib : sysctl.obj (.text:SysCtlClockGet)
                  000049a4    0000018c     sysbios.aem4f : BIOS.obj (.text:ti_sysbios_knl_Task_sleep__E)
                  00004b30    00000168                   : BIOS.obj (.text:ti_sysbios_family_arm_m3_Hwi_excBusFault__I)
                  00004c98    00000154                   : BIOS.obj (.text:ti_sysbios_family_arm_m3_Hwi_excUsageFault__I)
                  00004dec    00000140                   : BIOS.obj (.text:ti_sysbios_family_arm_m3_Hwi_excMemFault__I)
                  00004f2c    0000013c     ti.targets.arm.rtsarm.aem4f : Error.oem4f (.text:xdc_runtime_Error_raiseX__F)
                  00005068    00000138     Boot.aem4f : Boot_sysctl.oem4f (.text:ti_catalog_arm_cortexm4_tiva_ce_Boot_sysCtlClockSetI__I)
                  000051a0    00000134     sysbios.aem4f : m3_Hwi_asm.obj (.text:ti_sysbios_family_arm_m3_Hwi_dispatch__I)
                  000052d4    0000012c     ti.targets.arm.rtsarm.aem4f : LoggerBuf.oem4f (.text:xdc_runtime_LoggerBuf_write8__F)
                  00005400    00000128     sysbios.aem4f : BIOS.obj (.text:ti_sysbios_family_arm_lm4_TimestampProvider_get64__E)
                  00005528    00000114                   : BIOS.obj (.text:ti_sysbios_family_arm_lm4_Timer_initDevice__I)
                  0000563c    00000104     ti.targets.arm.rtsarm.aem4f : Core-mem.oem4f (.text:xdc_runtime_Core_createObject__I)
                  00005740    000000fc     sysbios.aem4f : BIOS.obj (.text:ti_sysbios_family_arm_lm4_Timer_start__E)
                  0000583c    000000f8     ti.targets.arm.rtsarm.aem4f : Startup.oem4f (.text:xdc_runtime_Startup_startMods__I)
                  00005934    000000f8     app_pem4f.oem4f (.text:xdc_runtime_System_printfExtend__I)
                  00005a2c    000000ec     rtsv7M4_T_le_v4SPD16_eabi.lib : dtor_list.obj (.text)
                  00005b18    000000ec     sysbios.aem4f : BIOS.obj (.text:ti_sysbios_knl_Semaphore_post__E)
                  00005c04    000000dc                   : BIOS.obj (.text:ti_sysbios_family_arm_m3_Hwi_initNVIC__E)
                  00005ce0    000000dc                   : BIOS.obj (.text:ti_sysbios_knl_Task_postInit__I)
                  00005dbc    000000d8     Clock.obj (.text)
                  00005e94    000000d4     ti.targets.arm.rtsarm.aem4f : LoggerBuf.oem4f (.text:xdc_runtime_LoggerBuf_write4__F)
                  00005f68    000000c8     driverlib-cm4f.lib : gpio.obj (.text:GPIOPadConfigSet)
                  00006030    000000b4     sysbios.aem4f : BIOS.obj (.text:ti_sysbios_family_arm_m3_Hwi_excHardFault__I)
                  000060e4    000000b4                   : BIOS.obj (.text:ti_sysbios_knl_Task_checkStacks__E)
                  00006198    000000b0                   : BIOS.obj (.text:ti_sysbios_family_arm_m3_Hwi_excDebugMon__I)
                  00006248    000000ac                   : BIOS.obj (.text:ti_sysbios_knl_Swi_schedule__I)
                  000062f4    000000a4                   : BIOS.obj (.text:ti_sysbios_family_arm_m3_Hwi_Module_startup__F)
                  00006398    000000a0     auto_init.aem4f : auto_init.oem4f (.text)
                  00006438    0000009c     rtsv7M4_T_le_v4SPD16_eabi.lib : memcpy_t2.obj (.text)
                  000064d4    0000009a     ti.targets.arm.rtsarm.aem4f : Text.oem4f (.text:xdc_runtime_Text_putSite__F)
                  0000656e    00000002     sysbios.aem4f : BIOS.obj (.text:ti_sysbios_gates_GateHwi_Instance_init__F)
                  00006570    00000094     Boot.aem4f : Boot.oem4f (.text:ti_catalog_arm_cortexm4_tiva_ce_Boot_sysCtlClockSet__E)
                  00006604    00000094     ti.targets.arm.rtsarm.aem4f : Text.oem4f (.text:xdc_runtime_Text_putMod__F)
                  00006698    00000090     sysbios.aem4f : BIOS.obj (.text:ti_sysbios_knl_Task_exit__E)
                  00006728    00000090                   : BIOS.obj (.text:ti_sysbios_knl_Task_startCore__E)
                  000067b8    0000008c                   : m3_TaskSupport_asm.obj (.text:_ti_sysbios_family_arm_m3_TaskSupport_buildTaskStack)
                  00006844    0000008c     ti.targets.arm.rtsarm.aem4f : HeapMin.oem4f (.text:xdc_runtime_HeapMin_Instance_init__F)
                  000068d0    00000088     sysbios.aem4f : BIOS.obj (.text:ti_sysbios_knl_Task_schedule__I)
                  00006958    00000084                   : BIOS.obj (.text:ti_sysbios_knl_Task_Module_startup__F)
                  000069dc    00000080     ti.targets.arm.rtsarm.aem4f : LoggerBuf.oem4f (.text:xdc_runtime_LoggerBuf_setFilterLevel__F)
                  00006a5c    00000078     rtsv7M4_T_le_v4SPD16_eabi.lib : memset_t2.obj (.text)
                  00006ad4    00000070     ti.targets.arm.rtsarm.aem4f : Memory.oem4f (.text:xdc_runtime_Memory_alloc__F)
                  00006b44    0000006c     sysbios.aem4f : BIOS.obj (.text:ti_sysbios_knl_Clock_workFunc__E)
                  00006bb0    0000006c     ti.targets.arm.rtsarm.aem4f : Error.oem4f (.text:xdc_runtime_Error_print__F)
                  00006c1c    0000006c                                 : LoggerBuf.oem4f (.text:xdc_runtime_LoggerBuf_getFilterLevel__F)
                  00006c88    00000066                                 : Core-mem.oem4f (.text:xdc_runtime_Core_deleteObject__I)
                  00006cee    00000002     sysbios.aem4f : BIOS.obj (.text:ti_sysbios_knl_Clock_logTick__E)
                  00006cf0    00000064     driverlib-cm4f.lib : interrupt.obj (.text:IntEnable)
                  00006d54    00000060     rtsv7M4_T_le_v4SPD16_eabi.lib : trgmsg.obj (.text)
                  00006db4    00000060     sysbios.aem4f : BIOS.obj (.text:ti_sysbios_family_arm_m3_Hwi_dispatchC__I)
                  00006e14    00000060                   : BIOS.obj (.text:ti_sysbios_knl_Swi_run__I)
                  00006e74    00000060     app_pem4f.oem4f (.text:xdc_runtime_LoggerBuf_Object__create__S)
                  00006ed4    0000005e     rtsv7M4_T_le_v4SPD16_eabi.lib : copy_decompress_rle.obj (.text)
                  00006f32    00000002     app_pem4f.oem4f (.text:xdc_runtime_Startup_reset__I)
                  00006f34    0000005c     sysbios.aem4f : BIOS.obj (.text:ti_sysbios_family_arm_lm4_Timer_Module_startup__F)
                  00006f90    0000005c                   : BIOS.obj (.text:ti_sysbios_knl_Swi_restoreHwi__E)
                  00006fec    0000005b     ti.targets.arm.rtsarm.aem4f : Text.oem4f (.text:xdc_runtime_Text_putLab__F)
                  00007047    00000001     --HOLE-- [fill = 0]
                  00007048    00000058     boot.aem4f : boot.oem4f (.text)
                  000070a0    00000058     driverlib-cm4f.lib : sysctl.obj (.text:SysCtlPeripheralEnable)
                  000070f8    00000058     sysbios.aem4f : BIOS.obj (.text:ti_sysbios_knl_Task_unblockI__E)
                  00007150    00000050     ti.targets.arm.rtsarm.aem4f : Startup.oem4f (.text:xdc_runtime_Startup_exec__F)
                  000071a0    00000050                                 : System.oem4f (.text:xdc_runtime_System_formatNum__I)
                  000071f0    00000048     driverlib-cm4f.lib : gpio.obj (.text:GPIOPinConfigure)
                  00007238    00000048     sysbios.aem4f : BIOS.obj (.text:ti_sysbios_family_arm_m3_Hwi_excReserved__I)
                  00007280    00000048                   : BIOS.obj (.text:ti_sysbios_knl_Task_allBlockedFunction__I)
                  000072c8    00000048     ti.targets.arm.rtsarm.aem4f : Assert.oem4f (.text:xdc_runtime_Assert_raise__I)
                  00007310    00000048                                 : Core-params.oem4f (.text:xdc_runtime_Core_assignParams__I)
                  00007358    00000044     driverlib-cm4f.lib : gpio.obj (.text:GPIOIntTypeSet)
                  0000739c    00000044                        : ssi.obj (.text:SSIConfigSetExpClk)
                  000073e0    00000044     rtsv7M4_T_le_v4SPD16_eabi.lib : cpy_tbl.obj (.text)
                  00007424    00000044     sysbios.aem4f : BIOS.obj (.text:ti_sysbios_family_arm_lm4_Timer_isrStub__E)
                  00007468    00000044                   : BIOS.obj (.text:ti_sysbios_family_arm_m3_Hwi_disableInterrupt__E)
                  000074ac    00000044                   : BIOS.obj (.text:ti_sysbios_family_arm_m3_Hwi_enableInterrupt__E)
                  000074f0    00000044                   : BIOS.obj (.text:ti_sysbios_knl_Swi_post__E)
                  00007534    00000044     ti.targets.arm.rtsarm.aem4f : LoggerBuf.oem4f (.text:xdc_runtime_LoggerBuf_filterOutEvent__I)
                  00007578    00000044                                 : SysMin.oem4f (.text:xdc_runtime_SysMin_flush__F)
                  000075bc    00000040     rtsv7M4_T_le_v4SPD16_eabi.lib : exit.obj (.text)
                  000075fc    00000040     sysbios.aem4f : BIOS.obj (.text:ti_sysbios_family_arm_lm4_Timer_startup__E)
                  0000763c    00000040                   : BIOS.obj (.text:ti_sysbios_knl_Semaphore_pendTimeout__I)
                  0000767c    00000040                   : BIOS.obj (.text:ti_sysbios_knl_Task_processVitalTaskFlag__I)
                  000076bc    00000040     ti.targets.arm.rtsarm.aem4f : System.oem4f (.text:xdc_runtime_System_atexit__F)
                  000076fc    0000003c     sysbios.aem4f : BIOS.obj (.text:ti_sysbios_family_arm_m3_Hwi_excSvCall__I)
                  00007738    0000003c                   : BIOS.obj (.text:ti_sysbios_knl_Swi_restore__E)
                  00007774    0000003c     ti.targets.arm.rtsarm.aem4f : HeapMin.oem4f (.text:xdc_runtime_HeapMin_alloc__F)
                  000077b0    0000003c                                 : Text.oem4f (.text:xdc_runtime_Text_xprintf__I)
                  000077ec    00000038     sysbios.aem4f : BIOS.obj (.text:ti_sysbios_family_arm_m3_Hwi_excNoIsr__I)
                  00007824    00000038                   : BIOS.obj (.text:ti_sysbios_family_arm_m3_Hwi_getStackInfo__E)
                  0000785c    00000038                   : BIOS.obj (.text:ti_sysbios_family_arm_m3_TaskSupport_start__E)
                  00007894    00000038     ti.targets.arm.rtsarm.aem4f : LoggerBuf.oem4f (.text:xdc_runtime_LoggerBuf_Instance_init__F)
                  000078cc    00000038                                 : SysMin.oem4f (.text:xdc_runtime_SysMin_putch__F)
                  00007904    00000034     sysbios.aem4f : BIOS.obj (.text:ti_sysbios_family_arm_m3_Hwi_excNmi__I)
                  00007938    00000034     app_pem4f.oem4f (.text:ti_sysbios_gates_GateHwi_Object__create__S)
                  0000796c    00000034     sysbios.aem4f : BIOS.obj (.text:ti_sysbios_hal_Hwi_checkStack:ti_sysbios_hal_Hwi_checkStack)
                  000079a0    00000034     app_pem4f.oem4f (.text:xdc_runtime_HeapMin_Object__create__S)
                  000079d4    00000030     sysbios.aem4f : BIOS.obj (.text:ti_sysbios_BIOS_errorRaiseHook__I)
                  00007a04    00000030     app_pem4f.oem4f (.text:ti_sysbios_BIOS_exitFunc__I)
                  00007a34    00000030     sysbios.aem4f : BIOS.obj (.text:ti_sysbios_family_arm_lm4_Timer_enableTimers__I)
                  00007a64    00000030                   : BIOS.obj (.text:ti_sysbios_family_arm_lm4_Timer_stop__E)
                  00007a94    00000030                   : BIOS.obj (.text:ti_sysbios_knl_Idle_run__E)
                  00007ac4    00000030     ti.targets.arm.rtsarm.aem4f : Core-label.oem4f (.text:xdc_runtime_Core_assignLabel__I)
                  00007af4    00000030                                 : HeapMin.oem4f (.text:xdc_runtime_HeapMin_free__F)
                  00007b24    00000030                                 : SysMin.oem4f (.text:xdc_runtime_SysMin_abort__F)
                  00007b54    0000002f                                 : Text.oem4f (.text:xdc_runtime_Text_printVisFxn__I)
                  00007b83    00000001     --HOLE-- [fill = 0]
                  00007b84    0000002e     driverlib-cm4f.lib : gpio.obj (.text:GPIODirModeSet)
                  00007bb2    0000002e     app_pem4f.oem4f (.text:malloc)
                  00007be0    0000002e     sysbios.aem4f : BIOS.obj (.text:ti_sysbios_knl_Task_sleepTimeout__I)
                  00007c0e    0000002c                   : BIOS.obj (.text:ti_sysbios_hal_Hwi_initStack:ti_sysbios_hal_Hwi_initStack)
                  00007c3a    00000002     --HOLE-- [fill = 0]
                  00007c3c    0000002c     app_pem4f.oem4f (.text:ti_sysbios_knl_Clock_doTick__I)
                  00007c68    0000002c     sysbios.aem4f : BIOS.obj (.text:ti_sysbios_knl_Task_restore__E)
                  00007c94    0000002c     ti.targets.arm.rtsarm.aem4f : System.oem4f (.text:xdc_runtime_System_rtsExit__I)
                  00007cc0    0000002c                                 : Text.oem4f (.text:xdc_runtime_Text_cordText__F)
                  00007cec    0000002a                                 : System.oem4f (.text:xdc_runtime_System_putchar__I)
                  00007d16    00000002     --HOLE-- [fill = 0]
                  00007d18    00000028     driverlib-cm4f.lib : timer.obj (.text:TimerConfigure)
                  00007d40    00000028     sysbios.aem4f : m3_Hwi_asm_switch.obj (.text:_ti_sysbios_family_arm_m3_Hwi_initStacks__E)
                  00007d68    00000028                   : BIOS.obj (.text:ti_sysbios_knl_Clock_addI__E)
                  00007d90    00000028     ti.targets.arm.rtsarm.aem4f : LoggerBuf.oem4f (.text:xdc_runtime_LoggerBuf_Module_startup__F)
                  00007db8    00000026                                 : System.oem4f (.text:xdc_runtime_System_avprintf__F)
                  00007dde    00000002     --HOLE-- [fill = 0]
                  00007de0    00000024     sysbios.aem4f : BIOS.obj (.text:ti_sysbios_knl_Clock_Module_startup__F)
                  00007e04    00000024                   : BIOS.obj (.text:ti_sysbios_knl_Swi_Module_startup__F)
                  00007e28    00000024                   : BIOS.obj (.text:ti_sysbios_knl_Task_restoreHwi__E)
                  00007e4c    00000024     ti.targets.arm.rtsarm.aem4f : System.oem4f (.text:xdc_runtime_System_vprintf__F)
                  00007e70    00000022     app_pem4f.oem4f (.text:xdc_runtime_SysMin_output__I)
                  00007e92    00000002     --HOLE-- [fill = 0]
                  00007e94    00000020     sysbios.aem4f : BIOS.obj (.text:ti_sysbios_BIOS_removeRTSLock__I)
                  00007eb4    00000020     app_pem4f.oem4f (.text:ti_sysbios_BIOS_startFunc__I)
                  00007ed4    00000020     app_pem4f.oem4f (.text:ti_sysbios_gates_GateHwi_Object__delete__S)
                  00007ef4    00000020     sysbios.aem4f : BIOS.obj (.text:ti_sysbios_knl_Task_enter__I)
                  00007f14    00000020     app_pem4f.oem4f (.text:xdc_runtime_HeapMin_Object__delete__S)
                  00007f34    00000020     app_pem4f.oem4f (.text:xdc_runtime_LoggerBuf_Object__delete__S)
                  00007f54    00000020     ti.targets.arm.rtsarm.aem4f : LoggerBuf.oem4f (.text:xdc_runtime_LoggerBuf_reset__F)
                  00007f74    00000020                                 : Registry.oem4f (.text:xdc_runtime_Registry_findById__F)
                  00007f94    00000020                                 : SysMin.oem4f (.text:xdc_runtime_SysMin_Module_startup__F)
                  00007fb4    0000001e     sysbios.aem4f : BIOS.obj (.text:ti_sysbios_family_arm_lm4_Timer_write__I)
                  00007fd2    0000001c                   : BIOS.obj (.text:ti_sysbios_knl_Queue_put__E)
                  00007fee    00000002     --HOLE-- [fill = 0]
                  00007ff0    0000001c     ti.targets.arm.rtsarm.aem4f : Error.oem4f (.text:xdc_runtime_Error_check__F)
                  0000800c    0000001c                                 : Memory.oem4f (.text:xdc_runtime_Memory_valloc__F)
                  00008028    0000001c                                 : SysMin.oem4f (.text:xdc_runtime_SysMin_exit__F)
                  00008044    0000001a     app_pem4f.oem4f (.text:xdc_runtime_System_aprintf__E)
                  0000805e    0000001a     app_pem4f.oem4f (.text:xdc_runtime_System_printf__E)
                  00008078    00000018     sysbios.aem4f : m3_TaskSupport_asm.obj (.text:_ti_sysbios_family_arm_m3_TaskSupport_swap__E)
                  00008090    00000018     app_pem4f.oem4f (.text:free)
                  000080a8    00000018     rtsv7M4_T_le_v4SPD16_eabi.lib : args_main.obj (.text)
                  000080c0    00000018     app_pem4f.oem4f (.text:ti_sysbios_family_arm_lm4_Timer_Module__startupDone__F)
                  000080d8    00000018     app_pem4f.oem4f (.text:ti_sysbios_family_arm_m3_Hwi_Handle__label__S)
                  000080f0    00000018     app_pem4f.oem4f (.text:ti_sysbios_family_arm_m3_Hwi_Module__startupDone__F)
                  00008108    00000018     app_pem4f.oem4f (.text:ti_sysbios_gates_GateHwi_Handle__label__S)
                  00008120    00000018     app_pem4f.oem4f (.text:ti_sysbios_hal_Timer_Module__startupDone__F)
                  00008138    00000018     app_pem4f.oem4f (.text:ti_sysbios_knl_Swi_Handle__label__S)
                  00008150    00000018     app_pem4f.oem4f (.text:ti_sysbios_knl_Task_Handle__label__S)
                  00008168    00000018     app_pem4f.oem4f (.text:xdc_runtime_HeapMin_Handle__label__S)
                  00008180    00000018     app_pem4f.oem4f (.text:xdc_runtime_LoggerBuf_Handle__label__S)
                  00008198    00000018     ti.targets.arm.rtsarm.aem4f : Text.oem4f (.text:xdc_runtime_Text_ropeText__F)
                  000081b0    00000014     rtsv7M4_T_le_v4SPD16_eabi.lib : _lock.obj (.text)
                  000081c4    00000014                                   : strlen.obj (.text)
                  000081d8    00000014     sysbios.aem4f : BIOS.obj (.text:ti_sysbios_family_arm_m3_Hwi_switchFromBootStack__E)
                  000081ec    00000014     app_pem4f.oem4f (.text:ti_sysbios_knl_Swi_Object__get__S)
                  00008200    00000014     ti.targets.arm.rtsarm.aem4f : LoggerBuf.oem4f (.text:xdc_runtime_LoggerBuf_Instance_finalize__F)
                  00008214    00000014     app_pem4f.oem4f (.text:xdc_runtime_LoggerBuf_Object__get__S)
                  00008228    00000014     ti.targets.arm.rtsarm.aem4f : LoggerBuf.oem4f (.text:xdc_runtime_LoggerBuf_write2__F)
                  0000823c    00000014                                 : System.oem4f (.text:xdc_runtime_System_abort__F)
                  00008250    00000012     driverlib-cm4f.lib : gpio.obj (.text:GPIOPinTypeGPIOInput)
                  00008262    00000012                        : gpio.obj (.text:GPIOPinTypeGPIOOutput)
                  00008274    00000012                        : gpio.obj (.text:GPIOPinTypeSSI)
                  00008286    00000012                        : timer.obj (.text:TimerLoadSet)
                  00008298    00000012     rtsv7M4_T_le_v4SPD16_eabi.lib : copy_zero_init.obj (.text:decompress:ZI)
                  000082aa    00000012     sysbios.aem4f : BIOS.obj (.text:ti_sysbios_hal_Hwi_Module_startup__F)
                  000082bc    00000012                   : BIOS.obj (.text:ti_sysbios_hal_Timer_Module_startup__F)
                  000082ce    00000012     ti.targets.arm.rtsarm.aem4f : LoggerBuf.oem4f (.text:xdc_runtime_LoggerBuf_write1__F)
                  000082e0    00000012     app_pem4f.oem4f (.text:xdc_runtime_Startup_exec__I)
                  000082f2    00000010     sysbios.aem4f : m3_TaskSupport_asm.obj (.text:_ti_sysbios_family_arm_m3_TaskSupport_glue)
                  00008302    00000010                   : m3_Hwi_asm_switch.obj (.text:_ti_sysbios_family_xxx_Hwi_switchToIsrStack)
                  00008312    00000010     rtsv7M4_T_le_v4SPD16_eabi.lib : strcpy.obj (.text)
                  00008322    00000002     --HOLE-- [fill = 0]
                  00008324    00000010     sysbios.aem4f : BIOS.obj (.text:ti_sysbios_BIOS_setThreadType__E)
                  00008334    00000010                   : BIOS.obj (.text:ti_sysbios_BIOS_start__E)
                  00008344    00000010                   : BIOS.obj (.text:ti_sysbios_family_arm_lm4_TimestampProvider_rolloverFunc__E)
                  00008354    00000010                   : BIOS.obj (.text:ti_sysbios_family_arm_m3_Hwi_excHandler__I)
                  00008364    00000010                   : BIOS.obj (.text:ti_sysbios_knl_Swi_disable__E)
                  00008374    00000010     app_pem4f.oem4f (.text:ti_sysbios_knl_Task_Object__get__S)
                  00008384    00000010     sysbios.aem4f : BIOS.obj (.text:ti_sysbios_knl_Task_disable__E)
                  00008394    00000010     ti.targets.arm.rtsarm.aem4f : Gate.oem4f (.text:xdc_runtime_Gate_leaveSystem__F)
                  000083a4    00000010                                 : LoggerBuf.oem4f (.text:xdc_runtime_LoggerBuf_write0__F)
                  000083b4    00000010                                 : Memory.oem4f (.text:xdc_runtime_Memory_free__F)
                  000083c4    00000010                                 : SysMin.oem4f (.text:xdc_runtime_SysMin_ready__F)
                  000083d4    00000010                                 : System.oem4f (.text:xdc_runtime_System_vsnprintf__F)
                  000083e4    0000000e     driverlib-cm4f.lib : timer.obj (.text:TimerEnable)
                  000083f2    0000000e     rtsv7M4_T_le_v4SPD16_eabi.lib : copy_decompress_none.obj (.text:decompress:none)
                  00008400    0000000e     sysbios.aem4f : BIOS.obj (.text:ti_sysbios_family_arm_m3_TaskSupport_checkStack__E)
                  0000840e    0000000e                   : BIOS.obj (.text:ti_sysbios_knl_Queue_empty__E)
                  0000841c    0000000c     app_pem4f.oem4f (.text:.bootCodeSection:ti_catalog_arm_cortexm4_tiva_ce_Boot_init__I)
                  00008428    0000000c     driverlib-cm4f.lib : gpio.obj (.text:GPIOPinIntEnable)
                  00008434    0000000c     sysbios.aem4f : m3_Hwi_asm_switch.obj (.text:_ti_sysbios_family_xxx_Hwi_switchToTaskStack)
                  00008440    0000000c                   : BIOS.obj (.text:ti_sysbios_family_arm_lm4_Timer_masterDisable__I)
                  0000844c    0000000c                   : BIOS.obj (.text:ti_sysbios_family_arm_lm4_TimestampProvider_startTimer__E)
                  00008458    0000000c                   : BIOS.obj (.text:ti_sysbios_gates_GateHwi_enter__E)
                  00008464    0000000c     app_pem4f.oem4f (.text:ti_sysbios_knl_Queue_Object__get__S)
                  00008470    0000000c     ti.targets.arm.rtsarm.aem4f : Error.oem4f (.text:xdc_runtime_Error_init__F)
                  0000847c    0000000c                                 : Gate.oem4f (.text:xdc_runtime_Gate_enterSystem__F)
                  00008488    0000000c                                 : HeapMin.oem4f (.text:xdc_runtime_HeapMin_getStats__F)
                  00008494    0000000c                                 : Memory.oem4f (.text:xdc_runtime_Memory_calloc__F)
                  000084a0    0000000c                                 : Memory.oem4f (.text:xdc_runtime_Memory_getMaxDefaultTypeAlign__F)
                  000084ac    0000000c                                 : System.oem4f (.text:xdc_runtime_System_exit__F)
                  000084b8    0000000c                                 : System.oem4f (.text:xdc_runtime_System_lastFxn__I)
                  000084c4    0000000a     driverlib-cm4f.lib : gpio.obj (.text:GPIOPinRead)
                  000084ce    0000000a                        : gpio.obj (.text:GPIOPinWrite)
                  000084d8    0000000a                        : ssi.obj (.text:SSIDataPut)
                  000084e2    0000000a                        : ssi.obj (.text:SSIEnable)
                  000084ec    0000000a     app_pem4f.oem4f (.text:xdc_runtime_IHeap_alloc)
                  000084f6    0000000a     app_pem4f.oem4f (.text:xdc_runtime_IHeap_free)
                  00008500    0000000a     ti.targets.arm.rtsarm.aem4f : LoggerBuf.oem4f (.text:xdc_runtime_LoggerBuf_disable__F)
                  0000850a    0000000a                                 : LoggerBuf.oem4f (.text:xdc_runtime_LoggerBuf_enable__F)
                  00008514    00000008     driverlib-cm4f.lib : ssi.obj (.text:SSIBusy)
                  0000851c    00000008                        : timer.obj (.text:TimerIntEnable)
                  00008524    00000008     sysbios.aem4f : BIOS.obj (.text:ti_sysbios_family_arm_m3_Hwi_doSwiRestore__I)
                  0000852c    00000008                   : BIOS.obj (.text:ti_sysbios_family_arm_m3_Hwi_startup__E)
                  00008534    00000008                   : BIOS.obj (.text:ti_sysbios_knl_Idle_loop__E)
                  0000853c    00000008     app_pem4f.oem4f (.text:xdc_runtime_Text_visitRope__I)
                  00008544    00000006     driverlib-cm4f.lib : gpio.obj (.text:GPIOPinIntClear)
                  0000854a    00000006     ti.targets.arm.rtsarm.aem4f : xdc_noinit.oem4f (.text:__xdc__init)
                  00008550    00000006     rtsv7M4_T_le_v4SPD16_eabi.lib : copy_decompress_rle.obj (.text:decompress:rle24)
                  00008556    00000006     Boot.aem4f : Boot_sysctl.oem4f (.text:ti_catalog_arm_cortexm4_tiva_ce_Boot_sysCtlDelayI__I)
                  0000855c    00000006     sysbios.aem4f : BIOS.obj (.text:ti_sysbios_family_arm_lm4_TimestampProvider_Module_startup__F)
                  00008562    00000006                   : BIOS.obj (.text:ti_sysbios_family_arm_m3_Hwi_doTaskRestore__I)
                  00008568    00000006                   : BIOS.obj (.text:ti_sysbios_gates_GateHwi_leave__E)
                  0000856e    00000006                   : BIOS.obj (.text:ti_sysbios_knl_Swi_startup__E)
                  00008574    00000006     ti.targets.arm.rtsarm.aem4f : System.oem4f (.text:xdc_runtime_System_Module_startup__F)
                  0000857a    00000004     driverlib-cm4f.lib : timer.obj (.text:TimerIntClear)
                  0000857e    00000004     sysbios.aem4f : BIOS.obj (.text:ti_sysbios_family_arm_lm4_Timer_getPeriod__E)
                  00008582    00000004                   : BIOS.obj (.text:ti_sysbios_family_arm_lm4_Timer_masterEnable__I)
                  00008586    00000004     app_pem4f.oem4f (.text:ti_sysbios_family_arm_m3_TaskSupport_Module__startupDone__S)
                  0000858a    00000004     sysbios.aem4f : BIOS.obj (.text:ti_sysbios_gates_GateHwi_query__F)
                  0000858e    00000004     app_pem4f.oem4f (.text:ti_sysbios_hal_Hwi_HwiProxy_Module__startupDone__S)
                  00008592    00000004     app_pem4f.oem4f (.text:ti_sysbios_hal_Timer_TimerProxy_Module__startupDone__S)
                  00008596    00000004     app_pem4f.oem4f (.text:ti_sysbios_hal_Timer_TimerProxy_getPeriod__E)
                  0000859a    00000004     app_pem4f.oem4f (.text:ti_sysbios_knl_Task_SupportProxy_Module__startupDone__S)
                  0000859e    00000004     sysbios.aem4f : BIOS.obj (.text:ti_sysbios_knl_Task_startup__E)
                  000085a2    00000004     ti.targets.arm.rtsarm.aem4f : Error.oem4f (.text:xdc_runtime_Error_getSite__F)
                  000085a6    00000004                                 : HeapMin.oem4f (.text:xdc_runtime_HeapMin_isBlocking__F)
                  000085aa    00000004     app_pem4f.oem4f (.text:xdc_runtime_LoggerBuf_Module_GateProxy_enter__E)
                  000085ae    00000004     app_pem4f.oem4f (.text:xdc_runtime_LoggerBuf_Module_GateProxy_leave__E)
                  000085b2    00000004     app_pem4f.oem4f (.text:xdc_runtime_Memory_HeapProxy_alloc__E)
                  000085b6    00000004     app_pem4f.oem4f (.text:xdc_runtime_Memory_HeapProxy_free__E)
                  000085ba    00000004     app_pem4f.oem4f (.text:xdc_runtime_System_Module_GateProxy_enter__E)
                  000085be    00000004     app_pem4f.oem4f (.text:xdc_runtime_System_Module_GateProxy_leave__E)
                  000085c2    00000004     ti.targets.arm.rtsarm.aem4f : System.oem4f (.text:xdc_runtime_System_aprintf_va__F)
                  000085c6    00000004                                 : System.oem4f (.text:xdc_runtime_System_printf_va__F)
                  000085ca    00000004     app_pem4f.oem4f (.text:xdc_runtime_System_vsnprintf__E)

.const     0    000085d0    000009b5     
                  000085d0    000001b6     Font.obj (.const:.string:MyFont)
                  00008786    00000002     --HOLE-- [fill = 0]
                  00008788    000000d8     app_pem4f.oem4f (.const:ti_sysbios_family_arm_m3_Hwi_priorities__A)
                  00008860    000000ac     scancodes.obj (.const:shifted)
                  0000890c    000000ac     scancodes.obj (.const:unshifted)
                  000089b8    00000078     driverlib-cm4f.lib : gpio.obj (.const:g_pulGPIOBaseAddrs)
                  00008a30    00000070                        : interrupt.obj (.const)
                  00008aa0    0000006c                        : sysctl.obj (.const:g_pulXtals)
                  00008b0c    00000048     app_pem4f.oem4f (.const:.string)
                  00008b54    00000040     driverlib-cm4f.lib : sysctl.obj (.const)
                  00008b94    0000003c     app_pem4f.oem4f (.const:xdc_runtime_LoggerBuf_Module__FXNS__C)
                  00008bd0    0000002c     app_pem4f.oem4f (.const:xdc_runtime_Startup_sfxnTab__A)
                  00008bfc    00000028     app_pem4f.oem4f (.const)
                  00008c24    00000028     app_pem4f.oem4f (.const:xdc_runtime_HeapMin_Module__FXNS__C)
                  00008c4c    00000024     app_pem4f.oem4f (.const:ti_sysbios_gates_GateHwi_Module__FXNS__C)
                  00008c70    00000024     app_pem4f.oem4f (.const:xdc_runtime_LoggerBuf_Object__PARAMS__C)
                  00008c94    00000020     app_pem4f.oem4f (.const:ti_sysbios_gates_GateHwi_Object__DESC__C)
                  00008cb4    00000020     app_pem4f.oem4f (.const:xdc_runtime_HeapMin_Object__DESC__C)
                  00008cd4    00000020     app_pem4f.oem4f (.const:xdc_runtime_HeapMin_Object__PARAMS__C)
                  00008cf4    00000020     app_pem4f.oem4f (.const:xdc_runtime_LoggerBuf_Object__DESC__C)
                  00008d14    00000018     app_pem4f.oem4f (.const:ti_sysbios_gates_GateHwi_Object__PARAMS__C)
                  00008d2c    00000018     app_pem4f.oem4f (.const:ti_sysbios_knl_Task_hooks__A)
                  00008d44    00000016     app_pem4f.oem4f (.const:xdc_runtime_Startup_sfxnRts__A)
                  00008d5a    00000002     --HOLE-- [fill = 0]
                  00008d5c    00000011     ti.targets.arm.rtsarm.aem4f : System.oem4f (.const)
                  00008d6d    00000003     --HOLE-- [fill = 0]
                  00008d70    00000010     app_pem4f.oem4f (.const:xdc_runtime_Startup_firstFxns__A)
                  00008d80    0000000e     main.obj (.const:.string)
                  00008d8e    00000002     --HOLE-- [fill = 0]
                  00008d90    0000000a     scancodes.obj (.const)
                  00008d9a    00000002     --HOLE-- [fill = 0]
                  00008d9c    00000008     app_pem4f.oem4f (.const:ti_sysbios_family_arm_m3_Hwi_excHookFuncs__A)
                  00008da4    00000008     app_pem4f.oem4f (.const:ti_sysbios_knl_Idle_coreList__C)
                  00008dac    00000008     app_pem4f.oem4f (.const:ti_sysbios_knl_Idle_funcList__C)
                  00008db4    00000008     app_pem4f.oem4f (.const:ti_sysbios_knl_Task_hooks__C)
                  00008dbc    00000008     app_pem4f.oem4f (.const:xdc_runtime_Startup_firstFxns__C)
                  00008dc4    00000008     app_pem4f.oem4f (.const:xdc_runtime_Startup_lastFxns__A)
                  00008dcc    00000008     app_pem4f.oem4f (.const:xdc_runtime_Startup_lastFxns__C)
                  00008dd4    00000004     app_pem4f.oem4f (.const:ti_catalog_arm_cortexm4_tiva_ce_Boot_A_mustUseEnhancedClockMode__C)
                  00008dd8    00000004     app_pem4f.oem4f (.const:ti_catalog_arm_cortexm4_tiva_ce_Boot_Module__diagsEnabled__C)
                  00008ddc    00000004     app_pem4f.oem4f (.const:ti_catalog_arm_cortexm4_tiva_ce_Boot_Module__diagsIncluded__C)
                  00008de0    00000004     app_pem4f.oem4f (.const:ti_catalog_arm_cortexm4_tiva_ce_Boot_Module__diagsMask__C)
                  00008de4    00000004     app_pem4f.oem4f (.const:ti_sysbios_BIOS_installedErrorHook__C)
                  00008de8    00000004     app_pem4f.oem4f (.const:ti_sysbios_family_arm_lm4_Timer_numTimerDevices__C)
                  00008dec    00000004     app_pem4f.oem4f (.const:ti_sysbios_family_arm_lm4_Timer_startupNeeded__C)
                  00008df0    00000004     app_pem4f.oem4f (.const:ti_sysbios_family_arm_m3_Hwi_E_NMI__C)
                  00008df4    00000004     app_pem4f.oem4f (.const:ti_sysbios_family_arm_m3_Hwi_E_busFault__C)
                  00008df8    00000004     app_pem4f.oem4f (.const:ti_sysbios_family_arm_m3_Hwi_E_debugMon__C)
                  00008dfc    00000004     app_pem4f.oem4f (.const:ti_sysbios_family_arm_m3_Hwi_E_hardFault__C)
                  00008e00    00000004     app_pem4f.oem4f (.const:ti_sysbios_family_arm_m3_Hwi_E_memFault__C)
                  00008e04    00000004     app_pem4f.oem4f (.const:ti_sysbios_family_arm_m3_Hwi_E_noIsr__C)
                  00008e08    00000004     app_pem4f.oem4f (.const:ti_sysbios_family_arm_m3_Hwi_E_reserved__C)
                  00008e0c    00000004     app_pem4f.oem4f (.const:ti_sysbios_family_arm_m3_Hwi_E_svCall__C)
                  00008e10    00000004     app_pem4f.oem4f (.const:ti_sysbios_family_arm_m3_Hwi_E_usageFault__C)
                  00008e14    00000004     app_pem4f.oem4f (.const:ti_sysbios_family_arm_m3_Hwi_NUM_INTERRUPTS__C)
                  00008e18    00000004     app_pem4f.oem4f (.const:ti_sysbios_family_arm_m3_Hwi_ccr__C)
                  00008e1c    00000004     app_pem4f.oem4f (.const:ti_sysbios_family_arm_m3_Hwi_dispatchTable__C)
                  00008e20    00000004     app_pem4f.oem4f (.const:ti_sysbios_family_arm_m3_Hwi_excHandlerFunc__C)
                  00008e24    00000004     app_pem4f.oem4f (.const:ti_sysbios_family_arm_m3_Hwi_excHookFuncs__C)
                  00008e28    00000004     app_pem4f.oem4f (.const:ti_sysbios_family_arm_m3_Hwi_priGroup__C)
                  00008e2c    00000004     app_pem4f.oem4f (.const:ti_sysbios_family_arm_m3_Hwi_priorities__C)
                  00008e30    00000004     app_pem4f.oem4f (.const:ti_sysbios_hal_Hwi_E_stackOverflow__C)
                  00008e34    00000004     app_pem4f.oem4f (.const:ti_sysbios_knl_Clock_Module_State_clockQ__O)
                  00008e38    00000004     app_pem4f.oem4f (.const:ti_sysbios_knl_Idle_coreList__A)
                  00008e3c    00000004     app_pem4f.oem4f (.const:ti_sysbios_knl_Idle_funcList__A)
                  00008e40    00000004     app_pem4f.oem4f (.const:ti_sysbios_knl_Semaphore_A_badContext__C)
                  00008e44    00000004     app_pem4f.oem4f (.const:ti_sysbios_knl_Semaphore_A_overflow__C)
                  00008e48    00000004     app_pem4f.oem4f (.const:ti_sysbios_knl_Semaphore_A_pendTaskDisabled__C)
                  00008e4c    00000004     app_pem4f.oem4f (.const:ti_sysbios_knl_Semaphore_Instance_State_pendQ__O)
                  00008e50    00000004     app_pem4f.oem4f (.const:ti_sysbios_knl_Semaphore_Module__diagsEnabled__C)
                  00008e54    00000004     app_pem4f.oem4f (.const:ti_sysbios_knl_Semaphore_Module__diagsIncluded__C)
                  00008e58    00000004     app_pem4f.oem4f (.const:ti_sysbios_knl_Semaphore_Module__diagsMask__C)
                  00008e5c    00000004     app_pem4f.oem4f (.const:ti_sysbios_knl_Swi_Object__count__C)
                  00008e60    00000004     app_pem4f.oem4f (.const:ti_sysbios_knl_Task_A_badTimeout__C)
                  00008e64    00000004     app_pem4f.oem4f (.const:ti_sysbios_knl_Task_A_sleepTaskDisabled__C)
                  00008e68    00000004     app_pem4f.oem4f (.const:ti_sysbios_knl_Task_E_spOutOfBounds__C)
                  00008e6c    00000004     app_pem4f.oem4f (.const:ti_sysbios_knl_Task_E_stackOverflow__C)
                  00008e70    00000004     app_pem4f.oem4f (.const:ti_sysbios_knl_Task_Module_State_inactiveQ__O)
                  00008e74    00000004     app_pem4f.oem4f (.const:ti_sysbios_knl_Task_Module__diagsEnabled__C)
                  00008e78    00000004     app_pem4f.oem4f (.const:ti_sysbios_knl_Task_Module__diagsIncluded__C)
                  00008e7c    00000004     app_pem4f.oem4f (.const:ti_sysbios_knl_Task_Module__diagsMask__C)
                  00008e80    00000004     app_pem4f.oem4f (.const:ti_sysbios_knl_Task_Object__count__C)
                  00008e84    00000004     app_pem4f.oem4f (.const:ti_sysbios_knl_Task_allBlockedFunc__C)
                  00008e88    00000004     app_pem4f.oem4f (.const:ti_sysbios_knl_Task_numConstructedTasks__C)
                  00008e8c    00000004     app_pem4f.oem4f (.const:xdc_runtime_Assert_E_assertFailed__C)
                  00008e90    00000004     app_pem4f.oem4f (.const:xdc_runtime_Core_A_initializedParams__C)
                  00008e94    00000004     app_pem4f.oem4f (.const:xdc_runtime_Core_Module__diagsEnabled__C)
                  00008e98    00000004     app_pem4f.oem4f (.const:xdc_runtime_Core_Module__diagsIncluded__C)
                  00008e9c    00000004     app_pem4f.oem4f (.const:xdc_runtime_Core_Module__diagsMask__C)
                  00008ea0    00000004     app_pem4f.oem4f (.const:xdc_runtime_Error_E_memory__C)
                  00008ea4    00000004     app_pem4f.oem4f (.const:xdc_runtime_Error_Module__diagsEnabled__C)
                  00008ea8    00000004     app_pem4f.oem4f (.const:xdc_runtime_Error_Module__diagsIncluded__C)
                  00008eac    00000004     app_pem4f.oem4f (.const:xdc_runtime_Error_Module__diagsMask__C)
                  00008eb0    00000004     app_pem4f.oem4f (.const:xdc_runtime_Error_Module__loggerFxn8__C)
                  00008eb4    00000004     app_pem4f.oem4f (.const:xdc_runtime_Error_Module__loggerObj__C)
                  00008eb8    00000004     app_pem4f.oem4f (.const:xdc_runtime_Error_raiseHook__C)
                  00008ebc    00000004     app_pem4f.oem4f (.const:xdc_runtime_HeapMin_A_zeroSize__C)
                  00008ec0    00000004     app_pem4f.oem4f (.const:xdc_runtime_HeapMin_E_freeError__C)
                  00008ec4    00000004     app_pem4f.oem4f (.const:xdc_runtime_HeapMin_Module__diagsEnabled__C)
                  00008ec8    00000004     app_pem4f.oem4f (.const:xdc_runtime_HeapMin_Module__diagsIncluded__C)
                  00008ecc    00000004     app_pem4f.oem4f (.const:xdc_runtime_HeapMin_Module__diagsMask__C)
                  00008ed0    00000004     app_pem4f.oem4f (.const:xdc_runtime_IFilterLogger_Interface__BASE__C)
                  00008ed4    00000004     app_pem4f.oem4f (.const:xdc_runtime_IGateProvider_Interface__BASE__C)
                  00008ed8    00000004     app_pem4f.oem4f (.const:xdc_runtime_IHeap_Interface__BASE__C)
                  00008edc    00000004     app_pem4f.oem4f (.const:xdc_runtime_ILogger_Interface__BASE__C)
                  00008ee0    00000004     app_pem4f.oem4f (.const:xdc_runtime_IModule_Interface__BASE__C)
                  00008ee4    00000004     app_pem4f.oem4f (.const:xdc_runtime_Log_L_error__C)
                  00008ee8    00000004     app_pem4f.oem4f (.const:xdc_runtime_LoggerBuf_E_badLevel__C)
                  00008eec    00000004     app_pem4f.oem4f (.const:xdc_runtime_LoggerBuf_Module__gateObj__C)
                  00008ef0    00000004     app_pem4f.oem4f (.const:xdc_runtime_LoggerBuf_Object__count__C)
                  00008ef4    00000004     app_pem4f.oem4f (.const:xdc_runtime_LoggerBuf_statusLogger__C)
                  00008ef8    00000004     app_pem4f.oem4f (.const:xdc_runtime_Memory_defaultHeapInstance__C)
                  00008efc    00000004     app_pem4f.oem4f (.const:xdc_runtime_Startup_execImpl__C)
                  00008f00    00000004     app_pem4f.oem4f (.const:xdc_runtime_Startup_maxPasses__C)
                  00008f04    00000004     app_pem4f.oem4f (.const:xdc_runtime_Startup_sfxnRts__C)
                  00008f08    00000004     app_pem4f.oem4f (.const:xdc_runtime_Startup_sfxnTab__C)
                  00008f0c    00000004     app_pem4f.oem4f (.const:xdc_runtime_SysMin_bufSize__C)
                  00008f10    00000004     app_pem4f.oem4f (.const:xdc_runtime_SysMin_outputFunc__C)
                  00008f14    00000004     app_pem4f.oem4f (.const:xdc_runtime_System_Module__gateObj__C)
                  00008f18    00000004     app_pem4f.oem4f (.const:xdc_runtime_System_extendFxn__C)
                  00008f1c    00000004     app_pem4f.oem4f (.const:xdc_runtime_System_maxAtexitHandlers__C)
                  00008f20    00000004     app_pem4f.oem4f (.const:xdc_runtime_Text_charTab__C)
                  00008f24    00000004     app_pem4f.oem4f (.const:xdc_runtime_Text_nameEmpty__C)
                  00008f28    00000004     app_pem4f.oem4f (.const:xdc_runtime_Text_nameStatic__C)
                  00008f2c    00000004     app_pem4f.oem4f (.const:xdc_runtime_Text_nameUnknown__C)
                  00008f30    00000004     app_pem4f.oem4f (.const:xdc_runtime_Text_visitRopeFxn__C)
                  00008f34    00000002     app_pem4f.oem4f (.const:ti_catalog_arm_cortexm4_tiva_ce_Boot_Module__id__C)
                  00008f36    00000002     --HOLE-- [fill = 0]
                  00008f38    00000002     app_pem4f.oem4f (.const:ti_sysbios_family_arm_lm4_TimestampProvider_useClockTimer__C)
                  00008f3a    00000002     --HOLE-- [fill = 0]
                  00008f3c    00000002     app_pem4f.oem4f (.const:ti_sysbios_family_arm_m3_Hwi_Module__id__C)
                  00008f3e    00000002     --HOLE-- [fill = 0]
                  00008f40    00000002     app_pem4f.oem4f (.const:ti_sysbios_hal_Hwi_Module__id__C)
                  00008f42    00000002     --HOLE-- [fill = 0]
                  00008f44    00000002     app_pem4f.oem4f (.const:ti_sysbios_knl_Semaphore_Module__id__C)
                  00008f46    00000002     --HOLE-- [fill = 0]
                  00008f48    00000002     app_pem4f.oem4f (.const:ti_sysbios_knl_Task_Module__id__C)
                  00008f4a    00000002     --HOLE-- [fill = 0]
                  00008f4c    00000002     app_pem4f.oem4f (.const:ti_sysbios_knl_Task_initStackFlag__C)
                  00008f4e    00000002     --HOLE-- [fill = 0]
                  00008f50    00000002     app_pem4f.oem4f (.const:xdc_runtime_Core_Module__id__C)
                  00008f52    00000002     --HOLE-- [fill = 0]
                  00008f54    00000002     app_pem4f.oem4f (.const:xdc_runtime_Error_Module__loggerDefined__C)
                  00008f56    00000002     --HOLE-- [fill = 0]
                  00008f58    00000002     app_pem4f.oem4f (.const:xdc_runtime_Error_maxDepth__C)
                  00008f5a    00000002     --HOLE-- [fill = 0]
                  00008f5c    00000002     app_pem4f.oem4f (.const:xdc_runtime_HeapMin_Module__id__C)
                  00008f5e    00000002     --HOLE-- [fill = 0]
                  00008f60    00000002     app_pem4f.oem4f (.const:xdc_runtime_HeapMin_freeError__C)
                  00008f62    00000002     --HOLE-- [fill = 0]
                  00008f64    00000002     app_pem4f.oem4f (.const:xdc_runtime_LoggerBuf_Module__id__C)
                  00008f66    00000002     --HOLE-- [fill = 0]
                  00008f68    00000002     app_pem4f.oem4f (.const:xdc_runtime_LoggerBuf_filterByLevel__C)
                  00008f6a    00000002     --HOLE-- [fill = 0]
                  00008f6c    00000002     app_pem4f.oem4f (.const:xdc_runtime_Memory_Module__id__C)
                  00008f6e    00000002     --HOLE-- [fill = 0]
                  00008f70    00000002     app_pem4f.oem4f (.const:xdc_runtime_SysMin_flushAtExit__C)
                  00008f72    00000002     --HOLE-- [fill = 0]
                  00008f74    00000002     app_pem4f.oem4f (.const:xdc_runtime_Text_charCnt__C)
                  00008f76    00000002     --HOLE-- [fill = 0]
                  00008f78    00000002     app_pem4f.oem4f (.const:xdc_runtime_Text_isLoaded__C)
                  00008f7a    00000002     --HOLE-- [fill = 0]
                  00008f7c    00000002     app_pem4f.oem4f (.const:xdc_runtime_Text_registryModsLastId__C)
                  00008f7e    00000002     --HOLE-- [fill = 0]
                  00008f80    00000002     app_pem4f.oem4f (.const:xdc_runtime_Text_unnamedModsLastId__C)
                  00008f82    00000002     --HOLE-- [fill = 0]
                  00008f84    00000001     app_pem4f.oem4f (.const:xdc_runtime_Error_policy__C)

.cinit     0    00008f88    00000870     
                  00008f88    0000083c     (.cinit..data.load) [load image, compression = rle]
                  000097c4    0000000c     (__TI_handler_table)
                  000097d0    00000008     (.cinit..bss.load) [load image, compression = zero_init]
                  000097d8    00000008     (.cinit..vecs.load) [load image, compression = zero_init]
                  000097e0    00000018     (__TI_cinit_table)

.vecs      0    20000000    00000360     UNINITIALIZED
                  20000000    00000360     app_pem4f.oem4f (.vecs)

.bss       0    20000360    00001e79     UNINITIALIZED
                  20000360    00001800     app_pem4f.oem4f (.bss:taskStackSection)
                  20001b60    00000400     st7565.obj (.bss:glcd_buffer)
                  20001f60    00000120     rtsv7M4_T_le_v4SPD16_eabi.lib : trgmsg.obj (.bss:__CIOBUF_)
                  20002080    00000080     app_pem4f.oem4f (.bss:xdc_runtime_LoggerBuf_Instance_State_0_entryArr__A)
                  20002100    00000080     app_pem4f.oem4f (.bss:xdc_runtime_SysMin_Module_State_0_outbuf__A)
                  20002180    00000038     app_pem4f.oem4f (.bss)
                  200021b8    0000000c     Graphics_Bmp.obj (.bss)
                  200021c4    0000000b     Ps2Keyboard.obj (.bss)
                  200021cf    00000008     rtsv7M4_T_le_v4SPD16_eabi.lib : trgdrv.obj (.bss)
                  200021d7    00000001     UI.obj (.bss)
                  200021d8    00000001     st7565.obj (.bss)

.data      0    200021dc    00000ec7     
                  200021dc    0000044c     Items.obj (.data:ItemBlock1)
                  20002628    00000360     app_pem4f.oem4f (.data:ti_sysbios_family_arm_m3_Hwi_Module_State_0_dispatchTable__A)
                  20002988    000001c8     app_pem4f.oem4f (.data:ti_sysbios_knl_Task_Object__table__V)
                  20002b50    00000168     app_pem4f.oem4f (.data)
                  20002cb8    00000080     app_pem4f.oem4f (.data:ti_sysbios_knl_Swi_Module_State_0_readyQ__A)
                  20002d38    00000080     app_pem4f.oem4f (.data:ti_sysbios_knl_Task_Module_State_0_readyQ__A)
                  20002db8    00000070     app_pem4f.oem4f (.data:ti_sysbios_family_arm_lm4_Timer_Object__table__V)
                  20002e28    00000060     app_pem4f.oem4f (.data:ti_sysbios_family_arm_m3_Hwi_Object__table__V)
                  20002e88    00000054     app_pem4f.oem4f (.data:ti_sysbios_family_arm_m3_Hwi_Module__state__V)
                  20002edc    00000044     app_pem4f.oem4f (.data:ti_sysbios_knl_Task_Module__state__V)
                  20002f20    0000003c     app_pem4f.oem4f (.data:ti_sysbios_knl_Semaphore_Object__table__V)
                  20002f5c    00000032     Items.obj (.data:ItemLookUp)
                  20002f8e    00000002     --HOLE--
                  20002f90    00000030     app_pem4f.oem4f (.data:ti_sysbios_family_arm_lm4_Timer_Module_State_0_device__A)
                  20002fc0    00000030     app_pem4f.oem4f (.data:ti_sysbios_knl_Swi_Object__table__V)
                  20002ff0    00000028     app_pem4f.oem4f (.data:ti_sysbios_knl_Clock_Module__state__V)
                  20003018    00000024     st7565.obj (.data)
                  2000303c    00000024     app_pem4f.oem4f (.data:xdc_runtime_LoggerBuf_Object__table__V)
                  20003060    00000010     UI.obj (.data)
                  20003070    00000009     main.obj (.data)
                  20003079    00000003     --HOLE--
                  2000307c    00000008     rtsv7M4_T_le_v4SPD16_eabi.lib : _lock.obj (.data)
                  20003084    00000008                                   : exit.obj (.data)
                  2000308c    00000006     Ps2Keyboard.obj (.data)
                  20003092    00000002     --HOLE--
                  20003094    00000004     rtsv7M4_T_le_v4SPD16_eabi.lib : dtor_list.obj (.data)
                  20003098    00000004                                   : stkdepth_vars.obj (.data)
                  2000309c    00000003     Clock.obj (.data)
                  2000309f    00000001     --HOLE--
                  200030a0    00000003     StateManagement.obj (.data)

.stack     0    200030a4    00000400     UNINITIALIZED
                  200030a4    00000400     --HOLE--


LINKER GENERATED COPY TABLES

__TI_cinit_table @ 000097e0 records: 3, size/record: 8, table size: 24
	.data: load addr=00008f88, load size=0000083c bytes, run addr=200021dc, run size=00000ec7 bytes, compression=rle
	.bss: load addr=000097d0, load size=00000008 bytes, run addr=20000360, run size=00001e79 bytes, compression=zero_init
	.vecs: load addr=000097d8, load size=00000008 bytes, run addr=20000000, run size=00000360 bytes, compression=zero_init


LINKER GENERATED HANDLER TABLE

__TI_handler_table @ 000097c4 records: 3, size/record: 4, table size: 12
	index: 0, handler: __TI_zero_init
	index: 1, handler: __TI_decompress_rle24
	index: 2, handler: __TI_decompress_none


GLOBAL SYMBOLS: SORTED ALPHABETICALLY BY Name 

address    name
--------   ----
00000619   AddMsg
00000799   AddMsgFound
00000acf   AddMsgNewExp
0000093b   AddMsgNoMatch
00000847   AddMsgQuan
00008c20   Arrow
00002db5   ArrowPend
00008c1c   ArrowSem
0000390d   ArrowTask
000075bd   C$$EXIT
00006d7f   C$$IO$$
20003060   ChartoDec
0000288f   ClearString
00008c04   Clock
00005dbd   ClockInit
00008c18   Display
000038df   DisplayTask
000028d9   FSSIntHandler
00007b85   GPIODirModeSet
00007359   GPIOIntTypeSet
00005f69   GPIOPadConfigSet
000071f1   GPIOPinConfigure
00008545   GPIOPinIntClear
00008429   GPIOPinIntEnable
000084c5   GPIOPinRead
00008251   GPIOPinTypeGPIOInput
00008263   GPIOPinTypeGPIOOutput
00008275   GPIOPinTypeSSI
000084cf   GPIOPinWrite
00003fb1   GlcdDispTime
0000436b   HOSTclock
00004331   HOSTclose
000042f3   HOSTgetenv
00004297   HOSTlseek
00004247   HOSTopen
000041f9   HOSTread
00004199   HOSTrename
0000415d   HOSTtime
00004123   HOSTunlink
000040d5   HOSTwrite
00006cf1   IntEnable
00000e45   InvArrow
20003074   InvInfo
00000d9d   InvMsg
200021dc   ItemBlock1
20002f5c   ItemLookUp
00002d35   KeyPend
00008c08   KeySem
00002def   KeyTask
00008c0c   Keyboard
0000297b   KeyboardInit
00008c10   KeyboardTask
20003073   LastState
00007f55   LoggerBuf_instanceStartup
000003c5   MainMsg
000085d0   MyFont
00008d80   PageLookup
000022ab   ReceiveExpDate
00002655   ReceiveQuan
00002281   ReceiveTime
00000bad   RemoveMsg
00000ce7   RemoveMsgFound
UNDEFED    SHT$$INIT_ARRAY$$Base
UNDEFED    SHT$$INIT_ARRAY$$Limit
00008515   SSIBusy
0000739d   SSIConfigSetExpClk
000084d9   SSIDataPut
000084e3   SSIEnable
20003070   StateInfo
00002d75   StatePend
00008c14   StateSem
00003729   StateTask
00008c00   States
0000283d   StringtoDec
000047cd   SysCtlClockGet
000070a1   SysCtlPeripheralEnable
20002b04   TSK_idle
00005e4d   TimeGet
200030a0   TimeOfDay
00005e63   TimeSet
00005dfd   Timer0IntHandler
00007d19   TimerConfigure
000083e5   TimerEnable
0000857b   TimerIntClear
0000851d   TimerIntEnable
00008287   TimerLoadSet
00008bfc   UI
00000ec9   UiTask
00000361   WelcomeMsg
00000000   __ASM__
20001f60   __CIOBUF_
00000052   __ISA__
00000065   __PLAT__
200034a4   __STACK_END
00000400   __STACK_SIZE
200032a4   __STACK_TOP
0000008b   __TARG__
000097e0   __TI_CINIT_Base
000097f8   __TI_CINIT_Limit
000097c4   __TI_Handler_Table_Base
000097d0   __TI_Handler_Table_Limit
00000001   __TI_args_main
00006399   __TI_auto_init
000083f3   __TI_decompress_none
00008551   __TI_decompress_rle24
00000000   __TI_static_base__
00008299   __TI_zero_init
000000b1   __TRDR__
00005a83   __aeabi_atexit
00006a5d   __aeabi_memclr
00006a5d   __aeabi_memclr4
00006a5d   __aeabi_memclr8
00006439   __aeabi_memcpy
00006439   __aeabi_memcpy4
00006439   __aeabi_memcpy8
00006a5f   __aeabi_memset
00006a5f   __aeabi_memset4
00006a5f   __aeabi_memset8
ffffffff   __binit__
ffffffff   __c_args__
00005a71   __cxa_atexit
00005a2d   __cxa_finalize
00005a6b   __cxa_ia64_exit
200030a4   __stack
0000854b   __xdc__init
20002cb4   __xdc__init__addr
000080a9   _args_main
00007049   _c_int00
20003084   _cleanup_ptr
20003088   _dtors_ptr
2000307c   _lock
000081bf   _nop
000081b7   _register_lock
000081b1   _register_unlock
20003080   _unlock
000075c1   abort
00005a75   atexit
ffffffff   binit
000073e1   copy_in
00001b91   draw_bmp
00001e0b   draw_box
000019fb   draw_char
00003e75   draw_char_bmp
00001f85   draw_circle
0000211d   draw_filled_circle
00001e6f   draw_line
00001db7   draw_rectangle
0000198d   draw_text
00003dc1   draw_text_bmp
000075c9   exit
00008d90   extended
00008091   free
00002f37   glcd_blank
00002fb1   glcd_blank_page
0000301d   glcd_blank_pagexy
20001b60   glcd_buffer
0000321b   glcd_command
000032a5   glcd_contrast
000031e1   glcd_data
200021d8   glcd_dirty_pages
00003255   glcd_flip_screen
20003018   glcd_flipped
00003119   glcd_init
00003289   glcd_inverse_screen
00002e81   glcd_pixel
0000308f   glcd_refresh
00001935   main
20003098   main_func_sp
00007bb3   malloc
00006439   memcpy
00006a65   memset
2000301c   pagemap
00006d83   readmsg
00008860   shifted
00008313   strcpy
000081c5   strlen
00001ce1   text_height
00001cf1   text_width
00008dd4   ti_catalog_arm_cortexm4_tiva_ce_Boot_A_mustUseEnhancedClockMode__C
00008dd8   ti_catalog_arm_cortexm4_tiva_ce_Boot_Module__diagsEnabled__C
00008ddc   ti_catalog_arm_cortexm4_tiva_ce_Boot_Module__diagsIncluded__C
00008de0   ti_catalog_arm_cortexm4_tiva_ce_Boot_Module__diagsMask__C
00008f34   ti_catalog_arm_cortexm4_tiva_ce_Boot_Module__id__C
0000841d   ti_catalog_arm_cortexm4_tiva_ce_Boot_init__I
00005069   ti_catalog_arm_cortexm4_tiva_ce_Boot_sysCtlClockSetI__I
00006571   ti_catalog_arm_cortexm4_tiva_ce_Boot_sysCtlClockSet__E
00008557   ti_catalog_arm_cortexm4_tiva_ce_Boot_sysCtlDelayI__I
20002b50   ti_sysbios_BIOS_Module__state__V
000079d5   ti_sysbios_BIOS_errorRaiseHook__I
00007a05   ti_sysbios_BIOS_exitFunc__I
00008de4   ti_sysbios_BIOS_installedErrorHook__C
0000227f   ti_sysbios_BIOS_nullFunc__I
00007e95   ti_sysbios_BIOS_removeRTSLock__I
00008325   ti_sysbios_BIOS_setThreadType__E
00007eb5   ti_sysbios_BIOS_startFunc__I
00008335   ti_sysbios_BIOS_start__E
20002f90   ti_sysbios_family_arm_lm4_Timer_Module_State_0_device__A
20002b78   ti_sysbios_family_arm_lm4_Timer_Module_State_0_handles__A
20002b70   ti_sysbios_family_arm_lm4_Timer_Module__root__V
000080c1   ti_sysbios_family_arm_lm4_Timer_Module__startupDone__F
000080c1   ti_sysbios_family_arm_lm4_Timer_Module__startupDone__S
20002b90   ti_sysbios_family_arm_lm4_Timer_Module__state__V
00006f35   ti_sysbios_family_arm_lm4_Timer_Module_startup__E
00006f35   ti_sysbios_family_arm_lm4_Timer_Module_startup__F
20002db8   ti_sysbios_family_arm_lm4_Timer_Object__table__V
00007a35   ti_sysbios_family_arm_lm4_Timer_enableTimers__I
0000857f   ti_sysbios_family_arm_lm4_Timer_getPeriod__E
00005529   ti_sysbios_family_arm_lm4_Timer_initDevice__I
00007425   ti_sysbios_family_arm_lm4_Timer_isrStub__E
00008441   ti_sysbios_family_arm_lm4_Timer_masterDisable__I
00008583   ti_sysbios_family_arm_lm4_Timer_masterEnable__I
00008de8   ti_sysbios_family_arm_lm4_Timer_numTimerDevices__C
00005741   ti_sysbios_family_arm_lm4_Timer_start__E
00008dec   ti_sysbios_family_arm_lm4_Timer_startupNeeded__C
000075fd   ti_sysbios_family_arm_lm4_Timer_startup__E
00007a65   ti_sysbios_family_arm_lm4_Timer_stop__E
00007fb5   ti_sysbios_family_arm_lm4_Timer_write__I
20002b9c   ti_sysbios_family_arm_lm4_TimestampProvider_Module__state__V
0000855d   ti_sysbios_family_arm_lm4_TimestampProvider_Module_startup__E
0000855d   ti_sysbios_family_arm_lm4_TimestampProvider_Module_startup__F
00005401   ti_sysbios_family_arm_lm4_TimestampProvider_get64__E
00008345   ti_sysbios_family_arm_lm4_TimestampProvider_rolloverFunc__E
0000844d   ti_sysbios_family_arm_lm4_TimestampProvider_startTimer__E
00008f38   ti_sysbios_family_arm_lm4_TimestampProvider_useClockTimer__C
00008df0   ti_sysbios_family_arm_m3_Hwi_E_NMI__C
00008df4   ti_sysbios_family_arm_m3_Hwi_E_busFault__C
00008df8   ti_sysbios_family_arm_m3_Hwi_E_debugMon__C
00008dfc   ti_sysbios_family_arm_m3_Hwi_E_hardFault__C
00008e00   ti_sysbios_family_arm_m3_Hwi_E_memFault__C
00008e04   ti_sysbios_family_arm_m3_Hwi_E_noIsr__C
00008e08   ti_sysbios_family_arm_m3_Hwi_E_reserved__C
00008e0c   ti_sysbios_family_arm_m3_Hwi_E_svCall__C
00008e10   ti_sysbios_family_arm_m3_Hwi_E_usageFault__C
000080d9   ti_sysbios_family_arm_m3_Hwi_Handle__label__S
20002628   ti_sysbios_family_arm_m3_Hwi_Module_State_0_dispatchTable__A
20002bac   ti_sysbios_family_arm_m3_Hwi_Module_State_0_excActive__A
20002bb0   ti_sysbios_family_arm_m3_Hwi_Module_State_0_excContext__A
20002bb4   ti_sysbios_family_arm_m3_Hwi_Module_State_0_excStack__A
00008f3c   ti_sysbios_family_arm_m3_Hwi_Module__id__C
20002ba4   ti_sysbios_family_arm_m3_Hwi_Module__root__V
000080f1   ti_sysbios_family_arm_m3_Hwi_Module__startupDone__F
000080f1   ti_sysbios_family_arm_m3_Hwi_Module__startupDone__S
20002e88   ti_sysbios_family_arm_m3_Hwi_Module__state__V
000062f5   ti_sysbios_family_arm_m3_Hwi_Module_startup__E
000062f5   ti_sysbios_family_arm_m3_Hwi_Module_startup__F
00008e14   ti_sysbios_family_arm_m3_Hwi_NUM_INTERRUPTS__C
20002e28   ti_sysbios_family_arm_m3_Hwi_Object__table__V
00008e18   ti_sysbios_family_arm_m3_Hwi_ccr__C
00007469   ti_sysbios_family_arm_m3_Hwi_disableInterrupt__E
00006db5   ti_sysbios_family_arm_m3_Hwi_dispatchC__I
00008e1c   ti_sysbios_family_arm_m3_Hwi_dispatchTable__C
000051a1   ti_sysbios_family_arm_m3_Hwi_dispatch__I
00008525   ti_sysbios_family_arm_m3_Hwi_doSwiRestore__I
00008563   ti_sysbios_family_arm_m3_Hwi_doTaskRestore__I
000074ad   ti_sysbios_family_arm_m3_Hwi_enableInterrupt__E
00004b31   ti_sysbios_family_arm_m3_Hwi_excBusFault__I
00006199   ti_sysbios_family_arm_m3_Hwi_excDebugMon__I
00003305   ti_sysbios_family_arm_m3_Hwi_excDumpRegs__I
000052b5   ti_sysbios_family_arm_m3_Hwi_excHandlerAsm__I
00008e20   ti_sysbios_family_arm_m3_Hwi_excHandlerFunc__C
000045f1   ti_sysbios_family_arm_m3_Hwi_excHandlerMax__I
00008355   ti_sysbios_family_arm_m3_Hwi_excHandler__I
00006031   ti_sysbios_family_arm_m3_Hwi_excHardFault__I
00008d9c   ti_sysbios_family_arm_m3_Hwi_excHookFuncs__A
00008e24   ti_sysbios_family_arm_m3_Hwi_excHookFuncs__C
00004ded   ti_sysbios_family_arm_m3_Hwi_excMemFault__I
00007905   ti_sysbios_family_arm_m3_Hwi_excNmi__I
000077ed   ti_sysbios_family_arm_m3_Hwi_excNoIsr__I
00007239   ti_sysbios_family_arm_m3_Hwi_excReserved__I
000076fd   ti_sysbios_family_arm_m3_Hwi_excSvCall__I
00004c99   ti_sysbios_family_arm_m3_Hwi_excUsageFault__I
00007825   ti_sysbios_family_arm_m3_Hwi_getStackInfo__E
00005c05   ti_sysbios_family_arm_m3_Hwi_initNVIC__E
00007d41   ti_sysbios_family_arm_m3_Hwi_initStacks__E
e000e000   ti_sysbios_family_arm_m3_Hwi_nvic
00005277   ti_sysbios_family_arm_m3_Hwi_pendSV__I
00008e28   ti_sysbios_family_arm_m3_Hwi_priGroup__C
00008788   ti_sysbios_family_arm_m3_Hwi_priorities__A
00008e2c   ti_sysbios_family_arm_m3_Hwi_priorities__C
20000000   ti_sysbios_family_arm_m3_Hwi_ramVectors
00000000   ti_sysbios_family_arm_m3_Hwi_resetVectors
0000529b   ti_sysbios_family_arm_m3_Hwi_return
0000852d   ti_sysbios_family_arm_m3_Hwi_startup__E
000081d9   ti_sysbios_family_arm_m3_Hwi_switchFromBootStack__E
00008587   ti_sysbios_family_arm_m3_TaskSupport_Module__startupDone__S
000067b9   ti_sysbios_family_arm_m3_TaskSupport_buildTaskStack
00008401   ti_sysbios_family_arm_m3_TaskSupport_checkStack__E
000082f3   ti_sysbios_family_arm_m3_TaskSupport_glue
0000785d   ti_sysbios_family_arm_m3_TaskSupport_start__E
00008079   ti_sysbios_family_arm_m3_TaskSupport_swap__E
00008303   ti_sysbios_family_xxx_Hwi_switchToIsrStack
00008435   ti_sysbios_family_xxx_Hwi_switchToTaskStack
00008109   ti_sysbios_gates_GateHwi_Handle__label__S
0000656f   ti_sysbios_gates_GateHwi_Instance_init__F
00008c4c   ti_sysbios_gates_GateHwi_Module__FXNS__C
20002bb8   ti_sysbios_gates_GateHwi_Module__root__V
00008c94   ti_sysbios_gates_GateHwi_Object__DESC__C
00008d14   ti_sysbios_gates_GateHwi_Object__PARAMS__C
00007939   ti_sysbios_gates_GateHwi_Object__create__S
00007ed5   ti_sysbios_gates_GateHwi_Object__delete__S
20002bc0   ti_sysbios_gates_GateHwi_Object__table__V
00008459   ti_sysbios_gates_GateHwi_enter__E
00008569   ti_sysbios_gates_GateHwi_leave__E
0000858b   ti_sysbios_gates_GateHwi_query__E
0000858b   ti_sysbios_gates_GateHwi_query__F
20002bc4   ti_sysbios_gates_GateMutexPri_Module__root__V
00008e30   ti_sysbios_hal_Hwi_E_stackOverflow__C
0000858f   ti_sysbios_hal_Hwi_HwiProxy_Module__startupDone__S
00007469   ti_sysbios_hal_Hwi_HwiProxy_disableInterrupt__E
000074ad   ti_sysbios_hal_Hwi_HwiProxy_enableInterrupt__E
00007825   ti_sysbios_hal_Hwi_HwiProxy_getStackInfo__E
0000852d   ti_sysbios_hal_Hwi_HwiProxy_startup__E
000081d9   ti_sysbios_hal_Hwi_HwiProxy_switchFromBootStack__E
00008f40   ti_sysbios_hal_Hwi_Module__id__C
20002bcc   ti_sysbios_hal_Hwi_Module__root__V
000082ab   ti_sysbios_hal_Hwi_Module_startup__E
000082ab   ti_sysbios_hal_Hwi_Module_startup__F
20002bd4   ti_sysbios_hal_Hwi_Object__table__V
0000796d   ti_sysbios_hal_Hwi_checkStack
00007469   ti_sysbios_hal_Hwi_disableInterrupt__E
000074ad   ti_sysbios_hal_Hwi_enableInterrupt__E
00007825   ti_sysbios_hal_Hwi_getStackInfo__E
00007c0f   ti_sysbios_hal_Hwi_initStack
0000852d   ti_sysbios_hal_Hwi_startup__E
000081d9   ti_sysbios_hal_Hwi_switchFromBootStack__E
20002be4   ti_sysbios_hal_Timer_Module__root__V
00008121   ti_sysbios_hal_Timer_Module__startupDone__F
00008121   ti_sysbios_hal_Timer_Module__startupDone__S
000082bd   ti_sysbios_hal_Timer_Module_startup__E
000082bd   ti_sysbios_hal_Timer_Module_startup__F
20002bec   ti_sysbios_hal_Timer_Object__table__V
00008593   ti_sysbios_hal_Timer_TimerProxy_Module__startupDone__S
00008597   ti_sysbios_hal_Timer_TimerProxy_getPeriod__E
000075fd   ti_sysbios_hal_Timer_TimerProxy_startup__E
000075fd   ti_sysbios_hal_Timer_startup__E
00008e34   ti_sysbios_knl_Clock_Module_State_clockQ__O
20002bf4   ti_sysbios_knl_Clock_Module__root__V
20002ff0   ti_sysbios_knl_Clock_Module__state__V
00007de1   ti_sysbios_knl_Clock_Module_startup__E
00007de1   ti_sysbios_knl_Clock_Module_startup__F
00007d69   ti_sysbios_knl_Clock_addI__E
00007c3d   ti_sysbios_knl_Clock_doTick__I
00006cef   ti_sysbios_knl_Clock_logTick__E
00006b45   ti_sysbios_knl_Clock_workFunc__E
00008e38   ti_sysbios_knl_Idle_coreList__A
00008da4   ti_sysbios_knl_Idle_coreList__C
00008e3c   ti_sysbios_knl_Idle_funcList__A
00008dac   ti_sysbios_knl_Idle_funcList__C
00008535   ti_sysbios_knl_Idle_loop__E
00007a95   ti_sysbios_knl_Idle_run__E
20002bfc   ti_sysbios_knl_Queue_Module__root__V
00008465   ti_sysbios_knl_Queue_Object__get__S
0000840f   ti_sysbios_knl_Queue_empty__E
00007fd3   ti_sysbios_knl_Queue_put__E
00008e40   ti_sysbios_knl_Semaphore_A_badContext__C
00008e44   ti_sysbios_knl_Semaphore_A_overflow__C
00008e48   ti_sysbios_knl_Semaphore_A_pendTaskDisabled__C
00008e4c   ti_sysbios_knl_Semaphore_Instance_State_pendQ__O
00008e50   ti_sysbios_knl_Semaphore_Module__diagsEnabled__C
00008e54   ti_sysbios_knl_Semaphore_Module__diagsIncluded__C
00008e58   ti_sysbios_knl_Semaphore_Module__diagsMask__C
00008f44   ti_sysbios_knl_Semaphore_Module__id__C
20002c04   ti_sysbios_knl_Semaphore_Module__root__V
20002f20   ti_sysbios_knl_Semaphore_Object__table__V
0000763d   ti_sysbios_knl_Semaphore_pendTimeout__I
000043b9   ti_sysbios_knl_Semaphore_pend__E
00005b19   ti_sysbios_knl_Semaphore_post__E
00008139   ti_sysbios_knl_Swi_Handle__label__S
20002cb8   ti_sysbios_knl_Swi_Module_State_0_readyQ__A
20002c0c   ti_sysbios_knl_Swi_Module__root__V
20002c14   ti_sysbios_knl_Swi_Module__state__V
00007e05   ti_sysbios_knl_Swi_Module_startup__E
00007e05   ti_sysbios_knl_Swi_Module_startup__F
00008e5c   ti_sysbios_knl_Swi_Object__count__C
000081ed   ti_sysbios_knl_Swi_Object__get__S
20002fc0   ti_sysbios_knl_Swi_Object__table__V
00008365   ti_sysbios_knl_Swi_disable__E
000074f1   ti_sysbios_knl_Swi_post__E
00006f91   ti_sysbios_knl_Swi_restoreHwi__E
00007739   ti_sysbios_knl_Swi_restore__E
00006e15   ti_sysbios_knl_Swi_run__I
00006249   ti_sysbios_knl_Swi_schedule__I
0000856f   ti_sysbios_knl_Swi_startup__E
00008e60   ti_sysbios_knl_Task_A_badTimeout__C
00008e64   ti_sysbios_knl_Task_A_sleepTaskDisabled__C
00008e68   ti_sysbios_knl_Task_E_spOutOfBounds__C
00008e6c   ti_sysbios_knl_Task_E_stackOverflow__C
00008151   ti_sysbios_knl_Task_Handle__label__S
20002180   ti_sysbios_knl_Task_Instance_State_0_hookEnv__A
20000360   ti_sysbios_knl_Task_Instance_State_0_stack__A
20002184   ti_sysbios_knl_Task_Instance_State_1_hookEnv__A
20000760   ti_sysbios_knl_Task_Instance_State_1_stack__A
20002188   ti_sysbios_knl_Task_Instance_State_2_hookEnv__A
20000b60   ti_sysbios_knl_Task_Instance_State_2_stack__A
2000218c   ti_sysbios_knl_Task_Instance_State_3_hookEnv__A
20000f60   ti_sysbios_knl_Task_Instance_State_3_stack__A
20002190   ti_sysbios_knl_Task_Instance_State_4_hookEnv__A
20001360   ti_sysbios_knl_Task_Instance_State_4_stack__A
20002194   ti_sysbios_knl_Task_Instance_State_5_hookEnv__A
20001760   ti_sysbios_knl_Task_Instance_State_5_stack__A
20002c38   ti_sysbios_knl_Task_Module_State_0_idleTask__A
20002d38   ti_sysbios_knl_Task_Module_State_0_readyQ__A
00008e70   ti_sysbios_knl_Task_Module_State_inactiveQ__O
00008e74   ti_sysbios_knl_Task_Module__diagsEnabled__C
00008e78   ti_sysbios_knl_Task_Module__diagsIncluded__C
00008e7c   ti_sysbios_knl_Task_Module__diagsMask__C
00008f48   ti_sysbios_knl_Task_Module__id__C
20002c30   ti_sysbios_knl_Task_Module__root__V
20002edc   ti_sysbios_knl_Task_Module__state__V
00006959   ti_sysbios_knl_Task_Module_startup__E
00006959   ti_sysbios_knl_Task_Module_startup__F
00008e80   ti_sysbios_knl_Task_Object__count__C
00008375   ti_sysbios_knl_Task_Object__get__S
20002988   ti_sysbios_knl_Task_Object__table__V
0000859b   ti_sysbios_knl_Task_SupportProxy_Module__startupDone__S
00008401   ti_sysbios_knl_Task_SupportProxy_checkStack__E
0000785d   ti_sysbios_knl_Task_SupportProxy_start__E
00008079   ti_sysbios_knl_Task_SupportProxy_swap__E
00008e84   ti_sysbios_knl_Task_allBlockedFunc__C
00007281   ti_sysbios_knl_Task_allBlockedFunction__I
000060e5   ti_sysbios_knl_Task_checkStacks__E
00008385   ti_sysbios_knl_Task_disable__E
00007ef5   ti_sysbios_knl_Task_enter__I
00006699   ti_sysbios_knl_Task_exit__E
00008d2c   ti_sysbios_knl_Task_hooks__A
00008db4   ti_sysbios_knl_Task_hooks__C
00008f4c   ti_sysbios_knl_Task_initStackFlag__C
00008e88   ti_sysbios_knl_Task_numConstructedTasks__C
00005ce1   ti_sysbios_knl_Task_postInit__I
0000767d   ti_sysbios_knl_Task_processVitalTaskFlag__I
00007e29   ti_sysbios_knl_Task_restoreHwi__E
00007c69   ti_sysbios_knl_Task_restore__E
000068d1   ti_sysbios_knl_Task_schedule__I
00007be1   ti_sysbios_knl_Task_sleepTimeout__I
000049a5   ti_sysbios_knl_Task_sleep__E
00006729   ti_sysbios_knl_Task_startCore__E
0000859f   ti_sysbios_knl_Task_startup__E
00008085   ti_sysbios_knl_Task_swapReturn
000070f9   ti_sysbios_knl_Task_unblockI__E
200021b8   time_string
0000890c   unshifted
00006d55   writemsg
00008e8c   xdc_runtime_Assert_E_assertFailed__C
000072c9   xdc_runtime_Assert_raise__I
00008e90   xdc_runtime_Core_A_initializedParams__C
00008e94   xdc_runtime_Core_Module__diagsEnabled__C
00008e98   xdc_runtime_Core_Module__diagsIncluded__C
00008e9c   xdc_runtime_Core_Module__diagsMask__C
00008f50   xdc_runtime_Core_Module__id__C
00007ac5   xdc_runtime_Core_assignLabel__I
00007311   xdc_runtime_Core_assignParams__I
0000563d   xdc_runtime_Core_createObject__I
00006c89   xdc_runtime_Core_deleteObject__I
00008ea0   xdc_runtime_Error_E_memory__C
00008ea4   xdc_runtime_Error_Module__diagsEnabled__C
00008ea8   xdc_runtime_Error_Module__diagsIncluded__C
00008eac   xdc_runtime_Error_Module__diagsMask__C
00008f54   xdc_runtime_Error_Module__loggerDefined__C
00008eb0   xdc_runtime_Error_Module__loggerFxn8__C
00008eb4   xdc_runtime_Error_Module__loggerObj__C
20002c3c   xdc_runtime_Error_Module__state__V
00007ff1   xdc_runtime_Error_check__E
00007ff1   xdc_runtime_Error_check__F
000085a3   xdc_runtime_Error_getSite__E
000085a3   xdc_runtime_Error_getSite__F
00008471   xdc_runtime_Error_init__E
00008471   xdc_runtime_Error_init__F
00008f58   xdc_runtime_Error_maxDepth__C
00008f84   xdc_runtime_Error_policy__C
00006bb1   xdc_runtime_Error_print__E
00006bb1   xdc_runtime_Error_print__F
00008eb8   xdc_runtime_Error_raiseHook__C
00004f2d   xdc_runtime_Error_raiseX__E
00004f2d   xdc_runtime_Error_raiseX__F
20002c40   xdc_runtime_GateNull_Module__root__V
0000847d   xdc_runtime_Gate_enterSystem__E
0000847d   xdc_runtime_Gate_enterSystem__F
00008395   xdc_runtime_Gate_leaveSystem__E
00008395   xdc_runtime_Gate_leaveSystem__F
00008ebc   xdc_runtime_HeapMin_A_zeroSize__C
00008ec0   xdc_runtime_HeapMin_E_freeError__C
00008169   xdc_runtime_HeapMin_Handle__label__S
20002198   xdc_runtime_HeapMin_Instance_State_0_buf__A
00006845   xdc_runtime_HeapMin_Instance_init__F
00008c24   xdc_runtime_HeapMin_Module__FXNS__C
00008ec4   xdc_runtime_HeapMin_Module__diagsEnabled__C
00008ec8   xdc_runtime_HeapMin_Module__diagsIncluded__C
00008ecc   xdc_runtime_HeapMin_Module__diagsMask__C
00008f5c   xdc_runtime_HeapMin_Module__id__C
20002c48   xdc_runtime_HeapMin_Module__root__V
00008cb4   xdc_runtime_HeapMin_Object__DESC__C
00008cd4   xdc_runtime_HeapMin_Object__PARAMS__C
000079a1   xdc_runtime_HeapMin_Object__create__S
00007f15   xdc_runtime_HeapMin_Object__delete__S
20002c50   xdc_runtime_HeapMin_Object__table__V
00007775   xdc_runtime_HeapMin_alloc__E
00007775   xdc_runtime_HeapMin_alloc__F
00008f60   xdc_runtime_HeapMin_freeError__C
00007af5   xdc_runtime_HeapMin_free__E
00007af5   xdc_runtime_HeapMin_free__F
00008489   xdc_runtime_HeapMin_getStats__E
00008489   xdc_runtime_HeapMin_getStats__F
000085a7   xdc_runtime_HeapMin_isBlocking__E
000085a7   xdc_runtime_HeapMin_isBlocking__F
00008ed0   xdc_runtime_IFilterLogger_Interface__BASE__C
00008ed4   xdc_runtime_IGateProvider_Interface__BASE__C
00008ed8   xdc_runtime_IHeap_Interface__BASE__C
00008edc   xdc_runtime_ILogger_Interface__BASE__C
00008ee0   xdc_runtime_IModule_Interface__BASE__C
00008ee4   xdc_runtime_Log_L_error__C
00008ee8   xdc_runtime_LoggerBuf_E_badLevel__C
00008181   xdc_runtime_LoggerBuf_Handle__label__S
20002080   xdc_runtime_LoggerBuf_Instance_State_0_entryArr__A
00008201   xdc_runtime_LoggerBuf_Instance_finalize__F
00007895   xdc_runtime_LoggerBuf_Instance_init__F
000085ab   xdc_runtime_LoggerBuf_Module_GateProxy_enter__E
000085af   xdc_runtime_LoggerBuf_Module_GateProxy_leave__E
0000858b   xdc_runtime_LoggerBuf_Module_GateProxy_query__E
00008b94   xdc_runtime_LoggerBuf_Module__FXNS__C
00008eec   xdc_runtime_LoggerBuf_Module__gateObj__C
00008f64   xdc_runtime_LoggerBuf_Module__id__C
20002c60   xdc_runtime_LoggerBuf_Module__root__V
20002c68   xdc_runtime_LoggerBuf_Module__state__V
00007d91   xdc_runtime_LoggerBuf_Module_startup__E
00007d91   xdc_runtime_LoggerBuf_Module_startup__F
00008cf4   xdc_runtime_LoggerBuf_Object__DESC__C
00008c70   xdc_runtime_LoggerBuf_Object__PARAMS__C
00008ef0   xdc_runtime_LoggerBuf_Object__count__C
00006e75   xdc_runtime_LoggerBuf_Object__create__S
00007f35   xdc_runtime_LoggerBuf_Object__delete__S
00008215   xdc_runtime_LoggerBuf_Object__get__S
2000303c   xdc_runtime_LoggerBuf_Object__table__V
00005401   xdc_runtime_LoggerBuf_TimestampProxy_get64__E
00008501   xdc_runtime_LoggerBuf_disable__E
00008501   xdc_runtime_LoggerBuf_disable__F
0000850b   xdc_runtime_LoggerBuf_enable__E
0000850b   xdc_runtime_LoggerBuf_enable__F
00008f68   xdc_runtime_LoggerBuf_filterByLevel__C
00007535   xdc_runtime_LoggerBuf_filterOutEvent__I
00006c1d   xdc_runtime_LoggerBuf_getFilterLevel__E
00006c1d   xdc_runtime_LoggerBuf_getFilterLevel__F
00007f55   xdc_runtime_LoggerBuf_reset__E
00007f55   xdc_runtime_LoggerBuf_reset__F
000069dd   xdc_runtime_LoggerBuf_setFilterLevel__E
000069dd   xdc_runtime_LoggerBuf_setFilterLevel__F
00008ef4   xdc_runtime_LoggerBuf_statusLogger__C
000083a5   xdc_runtime_LoggerBuf_write0__E
000083a5   xdc_runtime_LoggerBuf_write0__F
000082cf   xdc_runtime_LoggerBuf_write1__E
000082cf   xdc_runtime_LoggerBuf_write1__F
00008229   xdc_runtime_LoggerBuf_write2__E
00008229   xdc_runtime_LoggerBuf_write2__F
00005e95   xdc_runtime_LoggerBuf_write4__E
00005e95   xdc_runtime_LoggerBuf_write4__F
000052d5   xdc_runtime_LoggerBuf_write8__E
000052d5   xdc_runtime_LoggerBuf_write8__F
0000858b   xdc_runtime_Main_Module_GateProxy_query__E
000085b3   xdc_runtime_Memory_HeapProxy_alloc__E
000085b7   xdc_runtime_Memory_HeapProxy_free__E
00008f6c   xdc_runtime_Memory_Module__id__C
20002c70   xdc_runtime_Memory_Module__state__V
00006ad5   xdc_runtime_Memory_alloc__E
00006ad5   xdc_runtime_Memory_alloc__F
00008495   xdc_runtime_Memory_calloc__E
00008495   xdc_runtime_Memory_calloc__F
00008ef8   xdc_runtime_Memory_defaultHeapInstance__C
000083b5   xdc_runtime_Memory_free__E
000083b5   xdc_runtime_Memory_free__F
000084a1   xdc_runtime_Memory_getMaxDefaultTypeAlign__E
000084a1   xdc_runtime_Memory_getMaxDefaultTypeAlign__F
0000800d   xdc_runtime_Memory_valloc__E
0000800d   xdc_runtime_Memory_valloc__F
20002c74   xdc_runtime_Registry_Module__state__V
00007f75   xdc_runtime_Registry_findById__E
00007f75   xdc_runtime_Registry_findById__F
20002c7c   xdc_runtime_Startup_Module__state__V
00000001   xdc_runtime_Startup__EXECFXN__C
00000001   xdc_runtime_Startup__RESETFXN__C
00008efc   xdc_runtime_Startup_execImpl__C
00007151   xdc_runtime_Startup_exec__E
00007151   xdc_runtime_Startup_exec__F
000082e1   xdc_runtime_Startup_exec__I
00008d70   xdc_runtime_Startup_firstFxns__A
00008dbc   xdc_runtime_Startup_firstFxns__C
00008dc4   xdc_runtime_Startup_lastFxns__A
00008dcc   xdc_runtime_Startup_lastFxns__C
00008f00   xdc_runtime_Startup_maxPasses__C
00006f33   xdc_runtime_Startup_reset__I
00008d44   xdc_runtime_Startup_sfxnRts__A
00008f04   xdc_runtime_Startup_sfxnRts__C
00008bd0   xdc_runtime_Startup_sfxnTab__A
00008f08   xdc_runtime_Startup_sfxnTab__C
0000583d   xdc_runtime_Startup_startMods__I
20002100   xdc_runtime_SysMin_Module_State_0_outbuf__A
20002c84   xdc_runtime_SysMin_Module__state__V
00007f95   xdc_runtime_SysMin_Module_startup__E
00007f95   xdc_runtime_SysMin_Module_startup__F
00007b25   xdc_runtime_SysMin_abort__E
00007b25   xdc_runtime_SysMin_abort__F
00008f0c   xdc_runtime_SysMin_bufSize__C
00008029   xdc_runtime_SysMin_exit__E
00008029   xdc_runtime_SysMin_exit__F
[...]
00007c3d   ti_sysbios_knl_Clock_doTick__I
00007c69   ti_sysbios_knl_Task_restore__E
00007c95   xdc_runtime_System_rtsExit__I
00007cc1   xdc_runtime_Text_cordText__E
00007cc1   xdc_runtime_Text_cordText__F
00007ced   xdc_runtime_System_putchar__I
00007d19   TimerConfigure
00007d41   ti_sysbios_family_arm_m3_Hwi_initStacks__E
00007d69   ti_sysbios_knl_Clock_addI__E
00007d91   xdc_runtime_LoggerBuf_Module_startup__E
00007d91   xdc_runtime_LoggerBuf_Module_startup__F
00007db9   xdc_runtime_System_avprintf__F
00007de1   ti_sysbios_knl_Clock_Module_startup__E
00007de1   ti_sysbios_knl_Clock_Module_startup__F
00007e05   ti_sysbios_knl_Swi_Module_startup__E
00007e05   ti_sysbios_knl_Swi_Module_startup__F
00007e29   ti_sysbios_knl_Task_restoreHwi__E
00007e4d   xdc_runtime_System_vprintf__F
00007e71   xdc_runtime_SysMin_output__I
00007e95   ti_sysbios_BIOS_removeRTSLock__I
00007eb5   ti_sysbios_BIOS_startFunc__I
00007ed5   ti_sysbios_gates_GateHwi_Object__delete__S
00007ef5   ti_sysbios_knl_Task_enter__I
00007f15   xdc_runtime_HeapMin_Object__delete__S
00007f35   xdc_runtime_LoggerBuf_Object__delete__S
00007f55   LoggerBuf_instanceStartup
00007f55   xdc_runtime_LoggerBuf_reset__E
00007f55   xdc_runtime_LoggerBuf_reset__F
00007f75   xdc_runtime_Registry_findById__E
00007f75   xdc_runtime_Registry_findById__F
00007f95   xdc_runtime_SysMin_Module_startup__E
00007f95   xdc_runtime_SysMin_Module_startup__F
00007fb5   ti_sysbios_family_arm_lm4_Timer_write__I
00007fd3   ti_sysbios_knl_Queue_put__E
00007ff1   xdc_runtime_Error_check__E
00007ff1   xdc_runtime_Error_check__F
0000800d   xdc_runtime_Memory_valloc__E
0000800d   xdc_runtime_Memory_valloc__F
00008029   xdc_runtime_SysMin_exit__E
00008029   xdc_runtime_SysMin_exit__F
00008029   xdc_runtime_System_SupportProxy_exit__E
00008045   xdc_runtime_System_aprintf__E
0000805f   xdc_runtime_System_printf__E
00008079   ti_sysbios_family_arm_m3_TaskSupport_swap__E
00008079   ti_sysbios_knl_Task_SupportProxy_swap__E
00008085   ti_sysbios_knl_Task_swapReturn
00008091   free
000080a9   _args_main
000080c1   ti_sysbios_family_arm_lm4_Timer_Module__startupDone__F
000080c1   ti_sysbios_family_arm_lm4_Timer_Module__startupDone__S
000080d9   ti_sysbios_family_arm_m3_Hwi_Handle__label__S
000080f1   ti_sysbios_family_arm_m3_Hwi_Module__startupDone__F
000080f1   ti_sysbios_family_arm_m3_Hwi_Module__startupDone__S
00008109   ti_sysbios_gates_GateHwi_Handle__label__S
00008121   ti_sysbios_hal_Timer_Module__startupDone__F
00008121   ti_sysbios_hal_Timer_Module__startupDone__S
00008139   ti_sysbios_knl_Swi_Handle__label__S
00008151   ti_sysbios_knl_Task_Handle__label__S
00008169   xdc_runtime_HeapMin_Handle__label__S
00008181   xdc_runtime_LoggerBuf_Handle__label__S
00008199   xdc_runtime_Text_ropeText__E
00008199   xdc_runtime_Text_ropeText__F
000081b1   _register_unlock
000081b7   _register_lock
000081bf   _nop
000081c5   strlen
000081d9   ti_sysbios_family_arm_m3_Hwi_switchFromBootStack__E
000081d9   ti_sysbios_hal_Hwi_HwiProxy_switchFromBootStack__E
000081d9   ti_sysbios_hal_Hwi_switchFromBootStack__E
000081ed   ti_sysbios_knl_Swi_Object__get__S
00008201   xdc_runtime_LoggerBuf_Instance_finalize__F
00008215   xdc_runtime_LoggerBuf_Object__get__S
00008229   xdc_runtime_LoggerBuf_write2__E
00008229   xdc_runtime_LoggerBuf_write2__F
0000823d   xdc_runtime_System_abort__E
0000823d   xdc_runtime_System_abort__F
00008251   GPIOPinTypeGPIOInput
00008263   GPIOPinTypeGPIOOutput
00008275   GPIOPinTypeSSI
00008287   TimerLoadSet
00008299   __TI_zero_init
000082ab   ti_sysbios_hal_Hwi_Module_startup__E
000082ab   ti_sysbios_hal_Hwi_Module_startup__F
000082bd   ti_sysbios_hal_Timer_Module_startup__E
000082bd   ti_sysbios_hal_Timer_Module_startup__F
000082cf   xdc_runtime_LoggerBuf_write1__E
000082cf   xdc_runtime_LoggerBuf_write1__F
000082e1   xdc_runtime_Startup_exec__I
000082f3   ti_sysbios_family_arm_m3_TaskSupport_glue
00008303   ti_sysbios_family_xxx_Hwi_switchToIsrStack
00008313   strcpy
00008325   ti_sysbios_BIOS_setThreadType__E
00008335   ti_sysbios_BIOS_start__E
00008345   ti_sysbios_family_arm_lm4_TimestampProvider_rolloverFunc__E
00008355   ti_sysbios_family_arm_m3_Hwi_excHandler__I
00008365   ti_sysbios_knl_Swi_disable__E
00008375   ti_sysbios_knl_Task_Object__get__S
00008385   ti_sysbios_knl_Task_disable__E
00008395   xdc_runtime_Gate_leaveSystem__E
00008395   xdc_runtime_Gate_leaveSystem__F
000083a5   xdc_runtime_LoggerBuf_write0__E
000083a5   xdc_runtime_LoggerBuf_write0__F
000083b5   xdc_runtime_Memory_free__E
000083b5   xdc_runtime_Memory_free__F
000083c5   xdc_runtime_SysMin_ready__E
000083c5   xdc_runtime_SysMin_ready__F
000083c5   xdc_runtime_System_SupportProxy_ready__E
000083d5   xdc_runtime_System_vsnprintf__F
000083e5   TimerEnable
000083f3   __TI_decompress_none
00008401   ti_sysbios_family_arm_m3_TaskSupport_checkStack__E
00008401   ti_sysbios_knl_Task_SupportProxy_checkStack__E
0000840f   ti_sysbios_knl_Queue_empty__E
0000841d   ti_catalog_arm_cortexm4_tiva_ce_Boot_init__I
00008429   GPIOPinIntEnable
00008435   ti_sysbios_family_xxx_Hwi_switchToTaskStack
00008441   ti_sysbios_family_arm_lm4_Timer_masterDisable__I
0000844d   ti_sysbios_family_arm_lm4_TimestampProvider_startTimer__E
00008459   ti_sysbios_gates_GateHwi_enter__E
00008465   ti_sysbios_knl_Queue_Object__get__S
00008471   xdc_runtime_Error_init__E
00008471   xdc_runtime_Error_init__F
0000847d   xdc_runtime_Gate_enterSystem__E
0000847d   xdc_runtime_Gate_enterSystem__F
00008489   xdc_runtime_HeapMin_getStats__E
00008489   xdc_runtime_HeapMin_getStats__F
00008495   xdc_runtime_Memory_calloc__E
00008495   xdc_runtime_Memory_calloc__F
000084a1   xdc_runtime_Memory_getMaxDefaultTypeAlign__E
000084a1   xdc_runtime_Memory_getMaxDefaultTypeAlign__F
000084ad   xdc_runtime_System_exit__E
000084ad   xdc_runtime_System_exit__F
000084b9   xdc_runtime_System_lastFxn__I
000084c5   GPIOPinRead
000084cf   GPIOPinWrite
000084d9   SSIDataPut
000084e3   SSIEnable
00008501   xdc_runtime_LoggerBuf_disable__E
00008501   xdc_runtime_LoggerBuf_disable__F
0000850b   xdc_runtime_LoggerBuf_enable__E
0000850b   xdc_runtime_LoggerBuf_enable__F
00008515   SSIBusy
0000851d   TimerIntEnable
00008525   ti_sysbios_family_arm_m3_Hwi_doSwiRestore__I
0000852d   ti_sysbios_family_arm_m3_Hwi_startup__E
0000852d   ti_sysbios_hal_Hwi_HwiProxy_startup__E
0000852d   ti_sysbios_hal_Hwi_startup__E
00008535   ti_sysbios_knl_Idle_loop__E
0000853d   xdc_runtime_Text_visitRope__I
00008545   GPIOPinIntClear
0000854b   __xdc__init
00008551   __TI_decompress_rle24
00008557   ti_catalog_arm_cortexm4_tiva_ce_Boot_sysCtlDelayI__I
0000855d   ti_sysbios_family_arm_lm4_TimestampProvider_Module_startup__E
0000855d   ti_sysbios_family_arm_lm4_TimestampProvider_Module_startup__F
00008563   ti_sysbios_family_arm_m3_Hwi_doTaskRestore__I
00008569   ti_sysbios_gates_GateHwi_leave__E
0000856f   ti_sysbios_knl_Swi_startup__E
00008575   xdc_runtime_System_Module_startup__E
00008575   xdc_runtime_System_Module_startup__F
0000857b   TimerIntClear
0000857f   ti_sysbios_family_arm_lm4_Timer_getPeriod__E
00008583   ti_sysbios_family_arm_lm4_Timer_masterEnable__I
00008587   ti_sysbios_family_arm_m3_TaskSupport_Module__startupDone__S
0000858b   ti_sysbios_gates_GateHwi_query__E
0000858b   ti_sysbios_gates_GateHwi_query__F
0000858b   xdc_runtime_LoggerBuf_Module_GateProxy_query__E
0000858b   xdc_runtime_Main_Module_GateProxy_query__E
0000858b   xdc_runtime_System_Module_GateProxy_query__E
0000858f   ti_sysbios_hal_Hwi_HwiProxy_Module__startupDone__S
00008593   ti_sysbios_hal_Timer_TimerProxy_Module__startupDone__S
00008597   ti_sysbios_hal_Timer_TimerProxy_getPeriod__E
0000859b   ti_sysbios_knl_Task_SupportProxy_Module__startupDone__S
0000859f   ti_sysbios_knl_Task_startup__E
000085a3   xdc_runtime_Error_getSite__E
000085a3   xdc_runtime_Error_getSite__F
000085a7   xdc_runtime_HeapMin_isBlocking__E
000085a7   xdc_runtime_HeapMin_isBlocking__F
000085ab   xdc_runtime_LoggerBuf_Module_GateProxy_enter__E
000085af   xdc_runtime_LoggerBuf_Module_GateProxy_leave__E
000085b3   xdc_runtime_Memory_HeapProxy_alloc__E
000085b7   xdc_runtime_Memory_HeapProxy_free__E
000085bb   xdc_runtime_System_Module_GateProxy_enter__E
000085bf   xdc_runtime_System_Module_GateProxy_leave__E
000085c3   xdc_runtime_System_aprintf_va__F
000085c7   xdc_runtime_System_printf_va__F
000085cb   xdc_runtime_System_vsnprintf__E
000085d0   MyFont
00008788   ti_sysbios_family_arm_m3_Hwi_priorities__A
00008860   shifted
0000890c   unshifted
00008b94   xdc_runtime_LoggerBuf_Module__FXNS__C
00008bd0   xdc_runtime_Startup_sfxnTab__A
00008bfc   UI
00008c00   States
00008c04   Clock
00008c08   KeySem
00008c0c   Keyboard
00008c10   KeyboardTask
00008c14   StateSem
00008c18   Display
00008c1c   ArrowSem
00008c20   Arrow
00008c24   xdc_runtime_HeapMin_Module__FXNS__C
00008c4c   ti_sysbios_gates_GateHwi_Module__FXNS__C
00008c70   xdc_runtime_LoggerBuf_Object__PARAMS__C
00008c94   ti_sysbios_gates_GateHwi_Object__DESC__C
00008cb4   xdc_runtime_HeapMin_Object__DESC__C
00008cd4   xdc_runtime_HeapMin_Object__PARAMS__C
00008cf4   xdc_runtime_LoggerBuf_Object__DESC__C
00008d14   ti_sysbios_gates_GateHwi_Object__PARAMS__C
00008d2c   ti_sysbios_knl_Task_hooks__A
00008d44   xdc_runtime_Startup_sfxnRts__A
00008d70   xdc_runtime_Startup_firstFxns__A
00008d80   PageLookup
00008d90   extended
00008d9c   ti_sysbios_family_arm_m3_Hwi_excHookFuncs__A
00008da4   ti_sysbios_knl_Idle_coreList__C
00008dac   ti_sysbios_knl_Idle_funcList__C
00008db4   ti_sysbios_knl_Task_hooks__C
00008dbc   xdc_runtime_Startup_firstFxns__C
00008dc4   xdc_runtime_Startup_lastFxns__A
00008dcc   xdc_runtime_Startup_lastFxns__C
00008dd4   ti_catalog_arm_cortexm4_tiva_ce_Boot_A_mustUseEnhancedClockMode__C
00008dd8   ti_catalog_arm_cortexm4_tiva_ce_Boot_Module__diagsEnabled__C
00008ddc   ti_catalog_arm_cortexm4_tiva_ce_Boot_Module__diagsIncluded__C
00008de0   ti_catalog_arm_cortexm4_tiva_ce_Boot_Module__diagsMask__C
00008de4   ti_sysbios_BIOS_installedErrorHook__C
00008de8   ti_sysbios_family_arm_lm4_Timer_numTimerDevices__C
00008dec   ti_sysbios_family_arm_lm4_Timer_startupNeeded__C
00008df0   ti_sysbios_family_arm_m3_Hwi_E_NMI__C
00008df4   ti_sysbios_family_arm_m3_Hwi_E_busFault__C
00008df8   ti_sysbios_family_arm_m3_Hwi_E_debugMon__C
00008dfc   ti_sysbios_family_arm_m3_Hwi_E_hardFault__C
00008e00   ti_sysbios_family_arm_m3_Hwi_E_memFault__C
00008e04   ti_sysbios_family_arm_m3_Hwi_E_noIsr__C
00008e08   ti_sysbios_family_arm_m3_Hwi_E_reserved__C
00008e0c   ti_sysbios_family_arm_m3_Hwi_E_svCall__C
00008e10   ti_sysbios_family_arm_m3_Hwi_E_usageFault__C
00008e14   ti_sysbios_family_arm_m3_Hwi_NUM_INTERRUPTS__C
00008e18   ti_sysbios_family_arm_m3_Hwi_ccr__C
00008e1c   ti_sysbios_family_arm_m3_Hwi_dispatchTable__C
00008e20   ti_sysbios_family_arm_m3_Hwi_excHandlerFunc__C
00008e24   ti_sysbios_family_arm_m3_Hwi_excHookFuncs__C
00008e28   ti_sysbios_family_arm_m3_Hwi_priGroup__C
00008e2c   ti_sysbios_family_arm_m3_Hwi_priorities__C
00008e30   ti_sysbios_hal_Hwi_E_stackOverflow__C
00008e34   ti_sysbios_knl_Clock_Module_State_clockQ__O
00008e38   ti_sysbios_knl_Idle_coreList__A
00008e3c   ti_sysbios_knl_Idle_funcList__A
00008e40   ti_sysbios_knl_Semaphore_A_badContext__C
00008e44   ti_sysbios_knl_Semaphore_A_overflow__C
00008e48   ti_sysbios_knl_Semaphore_A_pendTaskDisabled__C
00008e4c   ti_sysbios_knl_Semaphore_Instance_State_pendQ__O
00008e50   ti_sysbios_knl_Semaphore_Module__diagsEnabled__C
00008e54   ti_sysbios_knl_Semaphore_Module__diagsIncluded__C
00008e58   ti_sysbios_knl_Semaphore_Module__diagsMask__C
00008e5c   ti_sysbios_knl_Swi_Object__count__C
00008e60   ti_sysbios_knl_Task_A_badTimeout__C
00008e64   ti_sysbios_knl_Task_A_sleepTaskDisabled__C
00008e68   ti_sysbios_knl_Task_E_spOutOfBounds__C
00008e6c   ti_sysbios_knl_Task_E_stackOverflow__C
00008e70   ti_sysbios_knl_Task_Module_State_inactiveQ__O
00008e74   ti_sysbios_knl_Task_Module__diagsEnabled__C
00008e78   ti_sysbios_knl_Task_Module__diagsIncluded__C
00008e7c   ti_sysbios_knl_Task_Module__diagsMask__C
00008e80   ti_sysbios_knl_Task_Object__count__C
00008e84   ti_sysbios_knl_Task_allBlockedFunc__C
00008e88   ti_sysbios_knl_Task_numConstructedTasks__C
00008e8c   xdc_runtime_Assert_E_assertFailed__C
00008e90   xdc_runtime_Core_A_initializedParams__C
00008e94   xdc_runtime_Core_Module__diagsEnabled__C
00008e98   xdc_runtime_Core_Module__diagsIncluded__C
00008e9c   xdc_runtime_Core_Module__diagsMask__C
00008ea0   xdc_runtime_Error_E_memory__C
00008ea4   xdc_runtime_Error_Module__diagsEnabled__C
00008ea8   xdc_runtime_Error_Module__diagsIncluded__C
00008eac   xdc_runtime_Error_Module__diagsMask__C
00008eb0   xdc_runtime_Error_Module__loggerFxn8__C
00008eb4   xdc_runtime_Error_Module__loggerObj__C
00008eb8   xdc_runtime_Error_raiseHook__C
00008ebc   xdc_runtime_HeapMin_A_zeroSize__C
00008ec0   xdc_runtime_HeapMin_E_freeError__C
00008ec4   xdc_runtime_HeapMin_Module__diagsEnabled__C
00008ec8   xdc_runtime_HeapMin_Module__diagsIncluded__C
00008ecc   xdc_runtime_HeapMin_Module__diagsMask__C
00008ed0   xdc_runtime_IFilterLogger_Interface__BASE__C
00008ed4   xdc_runtime_IGateProvider_Interface__BASE__C
00008ed8   xdc_runtime_IHeap_Interface__BASE__C
00008edc   xdc_runtime_ILogger_Interface__BASE__C
00008ee0   xdc_runtime_IModule_Interface__BASE__C
00008ee4   xdc_runtime_Log_L_error__C
00008ee8   xdc_runtime_LoggerBuf_E_badLevel__C
00008eec   xdc_runtime_LoggerBuf_Module__gateObj__C
00008ef0   xdc_runtime_LoggerBuf_Object__count__C
00008ef4   xdc_runtime_LoggerBuf_statusLogger__C
00008ef8   xdc_runtime_Memory_defaultHeapInstance__C
00008efc   xdc_runtime_Startup_execImpl__C
00008f00   xdc_runtime_Startup_maxPasses__C
00008f04   xdc_runtime_Startup_sfxnRts__C
00008f08   xdc_runtime_Startup_sfxnTab__C
00008f0c   xdc_runtime_SysMin_bufSize__C
00008f10   xdc_runtime_SysMin_outputFunc__C
00008f14   xdc_runtime_System_Module__gateObj__C
00008f18   xdc_runtime_System_extendFxn__C
00008f1c   xdc_runtime_System_maxAtexitHandlers__C
00008f20   xdc_runtime_Text_charTab__C
00008f24   xdc_runtime_Text_nameEmpty__C
00008f28   xdc_runtime_Text_nameStatic__C
00008f2c   xdc_runtime_Text_nameUnknown__C
00008f30   xdc_runtime_Text_visitRopeFxn__C
00008f34   ti_catalog_arm_cortexm4_tiva_ce_Boot_Module__id__C
00008f38   ti_sysbios_family_arm_lm4_TimestampProvider_useClockTimer__C
00008f3c   ti_sysbios_family_arm_m3_Hwi_Module__id__C
00008f40   ti_sysbios_hal_Hwi_Module__id__C
00008f44   ti_sysbios_knl_Semaphore_Module__id__C
00008f48   ti_sysbios_knl_Task_Module__id__C
00008f4c   ti_sysbios_knl_Task_initStackFlag__C
00008f50   xdc_runtime_Core_Module__id__C
00008f54   xdc_runtime_Error_Module__loggerDefined__C
00008f58   xdc_runtime_Error_maxDepth__C
00008f5c   xdc_runtime_HeapMin_Module__id__C
00008f60   xdc_runtime_HeapMin_freeError__C
00008f64   xdc_runtime_LoggerBuf_Module__id__C
00008f68   xdc_runtime_LoggerBuf_filterByLevel__C
00008f6c   xdc_runtime_Memory_Module__id__C
00008f70   xdc_runtime_SysMin_flushAtExit__C
00008f74   xdc_runtime_Text_charCnt__C
00008f78   xdc_runtime_Text_isLoaded__C
00008f7c   xdc_runtime_Text_registryModsLastId__C
00008f80   xdc_runtime_Text_unnamedModsLastId__C
00008f84   xdc_runtime_Error_policy__C
000097c4   __TI_Handler_Table_Base
000097d0   __TI_Handler_Table_Limit
000097e0   __TI_CINIT_Base
000097f8   __TI_CINIT_Limit
20000000   ti_sysbios_family_arm_m3_Hwi_ramVectors
20000360   ti_sysbios_knl_Task_Instance_State_0_stack__A
20000760   ti_sysbios_knl_Task_Instance_State_1_stack__A
20000b60   ti_sysbios_knl_Task_Instance_State_2_stack__A
20000f60   ti_sysbios_knl_Task_Instance_State_3_stack__A
20001360   ti_sysbios_knl_Task_Instance_State_4_stack__A
20001760   ti_sysbios_knl_Task_Instance_State_5_stack__A
20001b60   glcd_buffer
20001f60   __CIOBUF_
20002080   xdc_runtime_LoggerBuf_Instance_State_0_entryArr__A
20002100   xdc_runtime_SysMin_Module_State_0_outbuf__A
20002180   ti_sysbios_knl_Task_Instance_State_0_hookEnv__A
20002184   ti_sysbios_knl_Task_Instance_State_1_hookEnv__A
20002188   ti_sysbios_knl_Task_Instance_State_2_hookEnv__A
2000218c   ti_sysbios_knl_Task_Instance_State_3_hookEnv__A
20002190   ti_sysbios_knl_Task_Instance_State_4_hookEnv__A
20002194   ti_sysbios_knl_Task_Instance_State_5_hookEnv__A
20002198   xdc_runtime_HeapMin_Instance_State_0_buf__A
200021b8   time_string
200021d8   glcd_dirty_pages
200021dc   ItemBlock1
20002628   ti_sysbios_family_arm_m3_Hwi_Module_State_0_dispatchTable__A
20002988   ti_sysbios_knl_Task_Object__table__V
20002b04   TSK_idle
20002b50   ti_sysbios_BIOS_Module__state__V
20002b70   ti_sysbios_family_arm_lm4_Timer_Module__root__V
20002b78   ti_sysbios_family_arm_lm4_Timer_Module_State_0_handles__A
20002b90   ti_sysbios_family_arm_lm4_Timer_Module__state__V
20002b9c   ti_sysbios_family_arm_lm4_TimestampProvider_Module__state__V
20002ba4   ti_sysbios_family_arm_m3_Hwi_Module__root__V
20002bac   ti_sysbios_family_arm_m3_Hwi_Module_State_0_excActive__A
20002bb0   ti_sysbios_family_arm_m3_Hwi_Module_State_0_excContext__A
20002bb4   ti_sysbios_family_arm_m3_Hwi_Module_State_0_excStack__A
20002bb8   ti_sysbios_gates_GateHwi_Module__root__V
20002bc0   ti_sysbios_gates_GateHwi_Object__table__V
20002bc4   ti_sysbios_gates_GateMutexPri_Module__root__V
20002bcc   ti_sysbios_hal_Hwi_Module__root__V
20002bd4   ti_sysbios_hal_Hwi_Object__table__V
20002be4   ti_sysbios_hal_Timer_Module__root__V
20002bec   ti_sysbios_hal_Timer_Object__table__V
20002bf4   ti_sysbios_knl_Clock_Module__root__V
20002bfc   ti_sysbios_knl_Queue_Module__root__V
20002c04   ti_sysbios_knl_Semaphore_Module__root__V
20002c0c   ti_sysbios_knl_Swi_Module__root__V
20002c14   ti_sysbios_knl_Swi_Module__state__V
20002c30   ti_sysbios_knl_Task_Module__root__V
20002c38   ti_sysbios_knl_Task_Module_State_0_idleTask__A
20002c3c   xdc_runtime_Error_Module__state__V
20002c40   xdc_runtime_GateNull_Module__root__V
20002c48   xdc_runtime_HeapMin_Module__root__V
20002c50   xdc_runtime_HeapMin_Object__table__V
20002c60   xdc_runtime_LoggerBuf_Module__root__V
20002c68   xdc_runtime_LoggerBuf_Module__state__V
20002c70   xdc_runtime_Memory_Module__state__V
20002c74   xdc_runtime_Registry_Module__state__V
20002c7c   xdc_runtime_Startup_Module__state__V
20002c84   xdc_runtime_SysMin_Module__state__V
20002c90   xdc_runtime_System_Module_State_0_atexitHandlers__A
20002ca0   xdc_runtime_System_Module__state__V
20002cac   xdc_runtime_Text_Module__state__V
20002cb4   __xdc__init__addr
20002cb8   ti_sysbios_knl_Swi_Module_State_0_readyQ__A
20002d38   ti_sysbios_knl_Task_Module_State_0_readyQ__A
20002db8   ti_sysbios_family_arm_lm4_Timer_Object__table__V
20002e28   ti_sysbios_family_arm_m3_Hwi_Object__table__V
20002e88   ti_sysbios_family_arm_m3_Hwi_Module__state__V
20002edc   ti_sysbios_knl_Task_Module__state__V
20002f20   ti_sysbios_knl_Semaphore_Object__table__V
20002f5c   ItemLookUp
20002f90   ti_sysbios_family_arm_lm4_Timer_Module_State_0_device__A
20002fc0   ti_sysbios_knl_Swi_Object__table__V
20002ff0   ti_sysbios_knl_Clock_Module__state__V
20003018   glcd_flipped
2000301c   pagemap
2000303c   xdc_runtime_LoggerBuf_Object__table__V
20003060   ChartoDec
20003070   StateInfo
20003073   LastState
20003074   InvInfo
2000307c   _lock
20003080   _unlock
20003084   _cleanup_ptr
20003088   _dtors_ptr
20003098   main_func_sp
200030a0   TimeOfDay
200030a4   __stack
200032a4   __STACK_TOP
200034a4   __STACK_END
e000e000   ti_sysbios_family_arm_m3_Hwi_nvic
ffffffff   __binit__
ffffffff   __c_args__
ffffffff   binit
UNDEFED    SHT$$INIT_ARRAY$$Base
UNDEFED    SHT$$INIT_ARRAY$$Limit

[673 symbols]
