******************************************************************************
                  TI ARM Linker PC v5.0.4                      
******************************************************************************
>> Linked Thu May 30 22:59:27 2013

OUTPUT FILE NAME:   <Grocery.out>
ENTRY POINT SYMBOL: "_c_int00"  address: 00005fe1


MEMORY CONFIGURATION

         name            origin    length      used     unused   attr    fill
----------------------  --------  ---------  --------  --------  ----  --------
  FLASH                 00000000   00040000  0000869b  00037965  R  X
  SRAM                  20000000   00008000  00002b8b  00005475  RW X


SEGMENT ALLOCATION MAP

run origin  load origin   length   init length attrs members
----------  ----------- ---------- ----------- ----- -------
00000000    00000000    000086a0   000086a0    r-x
  00000000    00000000    00000360   00000360    r-- .resetVecs
  00000360    00000360    00007206   00007206    r-x .text
  00007568    00007568    0000098d   0000098d    r-- .const
  00007ef8    00007ef8    000007a8   000007a8    r-- .cinit
20000000    20000000    000019d8   00000000    rw-
  20000000    20000000    00000360   00000000    rw- .vecs
  20000360    20000360    00001678   00000000    rw- .bss
200019d8    200019d8    000011b4   00000db3    rw-
  200019d8    200019d8    00000db3   00000db3    rw- .data
  2000278c    2000278c    00000400   00000000    rw- .stack


SECTION ALLOCATION MAP

 output                                  attributes/
section   page    origin      length       input sections
--------  ----  ----------  ----------   ----------------
.bootVecs 
*          0    00000000    00000008     DSECT
                  00000000    00000008     boot.aem4f : boot.oem4f (.bootVecs)

.resetVecs 
*          0    00000000    00000360     
                  00000000    00000360     app_pem4f.oem4f (.resetVecs)

xdc.meta   0    00000000    000000d9     COPY SECTION
                  00000000    000000d9     app_pem4f.oem4f (xdc.meta)

xdc.noload 
*          0    00000000    00001234     COPY SECTION
                  00000000    00001234     app_pem4f.oem4f (xdc.noload)

.init_array 
*          0    00000000    00000000     UNINITIALIZED

.text      0    00000360    00007206     
                  00000360    000008f2     graphics.obj (.text)
                  00000c52    00000002     sysbios.aem4f : BIOS.obj (.text:ti_sysbios_BIOS_nullFunc__I)
                  00000c54    000007b4     main.obj (.text)
                  00001408    000005f4     UiMessages.obj (.text)
                  000019fc    0000048c     st7565.obj (.text)
                  00001e88    00000480     Ps2Keyboard.obj (.text)
                  00002308    00000424     sysbios.aem4f : BIOS.obj (.text:ti_sysbios_family_arm_m3_Hwi_excDumpRegs__I)
                  0000272c    00000344     ti.targets.arm.rtsarm.aem4f : System.oem4f (.text:xdc_runtime_System_doPrint__I)
                  00002a70    00000314     Graphics_Bmp.obj (.text)
                  00002d84    000002e4     rtsv7M4_T_le_v4SPD16_eabi.lib : trgdrv.obj (.text)
                  00003068    00000244     buttons.obj (.text)
                  000032ac    00000238     sysbios.aem4f : BIOS.obj (.text:ti_sysbios_knl_Semaphore_pend__E)
                  000034e4    000001dc                   : BIOS.obj (.text:ti_sysbios_family_arm_m3_Hwi_excHandlerMax__I)
                  000036c0    000001d8     driverlib-cm4f.lib : sysctl.obj (.text:SysCtlClockGet)
                  00003898    0000018c     sysbios.aem4f : BIOS.obj (.text:ti_sysbios_knl_Task_sleep__E)
                  00003a24    00000168                   : BIOS.obj (.text:ti_sysbios_family_arm_m3_Hwi_excBusFault__I)
                  00003b8c    00000154                   : BIOS.obj (.text:ti_sysbios_family_arm_m3_Hwi_excUsageFault__I)
                  00003ce0    00000140                   : BIOS.obj (.text:ti_sysbios_family_arm_m3_Hwi_excMemFault__I)
                  00003e20    0000013c     ti.targets.arm.rtsarm.aem4f : Error.oem4f (.text:xdc_runtime_Error_raiseX__F)
                  00003f5c    00000138     Boot.aem4f : Boot_sysctl.oem4f (.text:ti_catalog_arm_cortexm4_tiva_ce_Boot_sysCtlClockSetI__I)
                  00004094    00000134     sysbios.aem4f : m3_Hwi_asm.obj (.text:ti_sysbios_family_arm_m3_Hwi_dispatch__I)
                  000041c8    0000012c     ti.targets.arm.rtsarm.aem4f : LoggerBuf.oem4f (.text:xdc_runtime_LoggerBuf_write8__F)
                  000042f4    00000128     sysbios.aem4f : BIOS.obj (.text:ti_sysbios_family_arm_lm4_TimestampProvider_get64__E)
                  0000441c    00000114                   : BIOS.obj (.text:ti_sysbios_family_arm_lm4_Timer_initDevice__I)
                  00004530    00000104     ti.targets.arm.rtsarm.aem4f : Core-mem.oem4f (.text:xdc_runtime_Core_createObject__I)
                  00004634    000000fc     sysbios.aem4f : BIOS.obj (.text:ti_sysbios_family_arm_lm4_Timer_start__E)
                  00004730    000000f8     ti.targets.arm.rtsarm.aem4f : Startup.oem4f (.text:xdc_runtime_Startup_startMods__I)
                  00004828    000000f8     app_pem4f.oem4f (.text:xdc_runtime_System_printfExtend__I)
                  00004920    000000ec     rtsv7M4_T_le_v4SPD16_eabi.lib : dtor_list.obj (.text)
                  00004a0c    000000ec     sysbios.aem4f : BIOS.obj (.text:ti_sysbios_knl_Semaphore_post__E)
                  00004af8    000000dc                   : BIOS.obj (.text:ti_sysbios_family_arm_m3_Hwi_initNVIC__E)
                  00004bd4    000000dc                   : BIOS.obj (.text:ti_sysbios_knl_Task_postInit__I)
                  00004cb0    000000d8     Clock.obj (.text)
                  00004d88    000000d4     ti.targets.arm.rtsarm.aem4f : LoggerBuf.oem4f (.text:xdc_runtime_LoggerBuf_write4__F)
                  00004e5c    000000c8     driverlib-cm4f.lib : gpio.obj (.text:GPIOPadConfigSet)
                  00004f24    000000b4     sysbios.aem4f : BIOS.obj (.text:ti_sysbios_family_arm_m3_Hwi_excHardFault__I)
                  00004fd8    000000b4                   : BIOS.obj (.text:ti_sysbios_knl_Task_checkStacks__E)
                  0000508c    000000b0                   : BIOS.obj (.text:ti_sysbios_family_arm_m3_Hwi_excDebugMon__I)
                  0000513c    000000ac                   : BIOS.obj (.text:ti_sysbios_knl_Swi_schedule__I)
                  000051e8    000000a4     Encoder.obj (.text)
                  0000528c    000000a4     sysbios.aem4f : BIOS.obj (.text:ti_sysbios_family_arm_m3_Hwi_Module_startup__F)
                  00005330    000000a0     auto_init.aem4f : auto_init.oem4f (.text)
                  000053d0    0000009c     rtsv7M4_T_le_v4SPD16_eabi.lib : memcpy_t2.obj (.text)
                  0000546c    0000009a     ti.targets.arm.rtsarm.aem4f : Text.oem4f (.text:xdc_runtime_Text_putSite__F)
                  00005506    00000002     sysbios.aem4f : BIOS.obj (.text:ti_sysbios_gates_GateHwi_Instance_init__F)
                  00005508    00000094     Boot.aem4f : Boot.oem4f (.text:ti_catalog_arm_cortexm4_tiva_ce_Boot_sysCtlClockSet__E)
                  0000559c    00000094     ti.targets.arm.rtsarm.aem4f : Text.oem4f (.text:xdc_runtime_Text_putMod__F)
                  00005630    00000090     sysbios.aem4f : BIOS.obj (.text:ti_sysbios_knl_Task_exit__E)
                  000056c0    00000090                   : BIOS.obj (.text:ti_sysbios_knl_Task_startCore__E)
                  00005750    0000008c                   : m3_TaskSupport_asm.obj (.text:_ti_sysbios_family_arm_m3_TaskSupport_buildTaskStack)
                  000057dc    0000008c     ti.targets.arm.rtsarm.aem4f : HeapMin.oem4f (.text:xdc_runtime_HeapMin_Instance_init__F)
                  00005868    00000088     sysbios.aem4f : BIOS.obj (.text:ti_sysbios_knl_Task_schedule__I)
                  000058f0    00000084                   : BIOS.obj (.text:ti_sysbios_knl_Task_Module_startup__F)
                  00005974    00000080     ti.targets.arm.rtsarm.aem4f : LoggerBuf.oem4f (.text:xdc_runtime_LoggerBuf_setFilterLevel__F)
                  000059f4    00000078     rtsv7M4_T_le_v4SPD16_eabi.lib : memset_t2.obj (.text)
                  00005a6c    00000070     ti.targets.arm.rtsarm.aem4f : Memory.oem4f (.text:xdc_runtime_Memory_alloc__F)
                  00005adc    0000006c     sysbios.aem4f : BIOS.obj (.text:ti_sysbios_knl_Clock_workFunc__E)
                  00005b48    0000006c     ti.targets.arm.rtsarm.aem4f : Error.oem4f (.text:xdc_runtime_Error_print__F)
                  00005bb4    0000006c                                 : LoggerBuf.oem4f (.text:xdc_runtime_LoggerBuf_getFilterLevel__F)
                  00005c20    00000066                                 : Core-mem.oem4f (.text:xdc_runtime_Core_deleteObject__I)
                  00005c86    00000002     sysbios.aem4f : BIOS.obj (.text:ti_sysbios_knl_Clock_logTick__E)
                  00005c88    00000064     driverlib-cm4f.lib : interrupt.obj (.text:IntEnable)
                  00005cec    00000060     rtsv7M4_T_le_v4SPD16_eabi.lib : trgmsg.obj (.text)
                  00005d4c    00000060     sysbios.aem4f : BIOS.obj (.text:ti_sysbios_family_arm_m3_Hwi_dispatchC__I)
                  00005dac    00000060                   : BIOS.obj (.text:ti_sysbios_knl_Swi_run__I)
                  00005e0c    00000060     app_pem4f.oem4f (.text:xdc_runtime_LoggerBuf_Object__create__S)
                  00005e6c    0000005e     rtsv7M4_T_le_v4SPD16_eabi.lib : copy_decompress_rle.obj (.text)
                  00005eca    00000002     app_pem4f.oem4f (.text:xdc_runtime_Startup_reset__I)
                  00005ecc    0000005c     sysbios.aem4f : BIOS.obj (.text:ti_sysbios_family_arm_lm4_Timer_Module_startup__F)
                  00005f28    0000005c                   : BIOS.obj (.text:ti_sysbios_knl_Swi_restoreHwi__E)
                  00005f84    0000005b     ti.targets.arm.rtsarm.aem4f : Text.oem4f (.text:xdc_runtime_Text_putLab__F)
                  00005fdf    00000001     --HOLE-- [fill = 0]
                  00005fe0    00000058     boot.aem4f : boot.oem4f (.text)
                  00006038    00000058     driverlib-cm4f.lib : sysctl.obj (.text:SysCtlPeripheralEnable)
                  00006090    00000058     sysbios.aem4f : BIOS.obj (.text:ti_sysbios_knl_Task_unblockI__E)
                  000060e8    00000050     ti.targets.arm.rtsarm.aem4f : Startup.oem4f (.text:xdc_runtime_Startup_exec__F)
                  00006138    00000050                                 : System.oem4f (.text:xdc_runtime_System_formatNum__I)
                  00006188    00000048     driverlib-cm4f.lib : gpio.obj (.text:GPIOPinConfigure)
                  000061d0    00000048     sysbios.aem4f : BIOS.obj (.text:ti_sysbios_family_arm_m3_Hwi_excReserved__I)
                  00006218    00000048                   : BIOS.obj (.text:ti_sysbios_knl_Task_allBlockedFunction__I)
                  00006260    00000048     ti.targets.arm.rtsarm.aem4f : Assert.oem4f (.text:xdc_runtime_Assert_raise__I)
                  000062a8    00000048                                 : Core-params.oem4f (.text:xdc_runtime_Core_assignParams__I)
                  000062f0    00000044     driverlib-cm4f.lib : gpio.obj (.text:GPIOIntTypeSet)
                  00006334    00000044                        : ssi.obj (.text:SSIConfigSetExpClk)
                  00006378    00000044     rtsv7M4_T_le_v4SPD16_eabi.lib : cpy_tbl.obj (.text)
                  000063bc    00000044     sysbios.aem4f : BIOS.obj (.text:ti_sysbios_family_arm_lm4_Timer_isrStub__E)
                  00006400    00000044                   : BIOS.obj (.text:ti_sysbios_family_arm_m3_Hwi_disableInterrupt__E)
                  00006444    00000044                   : BIOS.obj (.text:ti_sysbios_family_arm_m3_Hwi_enableInterrupt__E)
                  00006488    00000044                   : BIOS.obj (.text:ti_sysbios_knl_Swi_post__E)
                  000064cc    00000044     ti.targets.arm.rtsarm.aem4f : LoggerBuf.oem4f (.text:xdc_runtime_LoggerBuf_filterOutEvent__I)
                  00006510    00000044                                 : SysMin.oem4f (.text:xdc_runtime_SysMin_flush__F)
                  00006554    00000040     rtsv7M4_T_le_v4SPD16_eabi.lib : exit.obj (.text)
                  00006594    00000040     sysbios.aem4f : BIOS.obj (.text:ti_sysbios_family_arm_lm4_Timer_startup__E)
                  000065d4    00000040                   : BIOS.obj (.text:ti_sysbios_knl_Semaphore_pendTimeout__I)
                  00006614    00000040                   : BIOS.obj (.text:ti_sysbios_knl_Task_processVitalTaskFlag__I)
                  00006654    00000040     ti.targets.arm.rtsarm.aem4f : System.oem4f (.text:xdc_runtime_System_atexit__F)
                  00006694    0000003c     sysbios.aem4f : BIOS.obj (.text:ti_sysbios_family_arm_m3_Hwi_excSvCall__I)
                  000066d0    0000003c                   : BIOS.obj (.text:ti_sysbios_knl_Swi_restore__E)
                  0000670c    0000003c     ti.targets.arm.rtsarm.aem4f : HeapMin.oem4f (.text:xdc_runtime_HeapMin_alloc__F)
                  00006748    0000003c                                 : Text.oem4f (.text:xdc_runtime_Text_xprintf__I)
                  00006784    00000038     sysbios.aem4f : BIOS.obj (.text:ti_sysbios_family_arm_m3_Hwi_excNoIsr__I)
                  000067bc    00000038                   : BIOS.obj (.text:ti_sysbios_family_arm_m3_Hwi_getStackInfo__E)
                  000067f4    00000038                   : BIOS.obj (.text:ti_sysbios_family_arm_m3_TaskSupport_start__E)
                  0000682c    00000038     ti.targets.arm.rtsarm.aem4f : LoggerBuf.oem4f (.text:xdc_runtime_LoggerBuf_Instance_init__F)
                  00006864    00000038                                 : SysMin.oem4f (.text:xdc_runtime_SysMin_putch__F)
                  0000689c    00000034     sysbios.aem4f : BIOS.obj (.text:ti_sysbios_family_arm_m3_Hwi_excNmi__I)
                  000068d0    00000034     app_pem4f.oem4f (.text:ti_sysbios_gates_GateHwi_Object__create__S)
                  00006904    00000034     sysbios.aem4f : BIOS.obj (.text:ti_sysbios_hal_Hwi_checkStack:ti_sysbios_hal_Hwi_checkStack)
                  00006938    00000034     app_pem4f.oem4f (.text:xdc_runtime_HeapMin_Object__create__S)
                  0000696c    00000030     sysbios.aem4f : BIOS.obj (.text:ti_sysbios_BIOS_errorRaiseHook__I)
                  0000699c    00000030     app_pem4f.oem4f (.text:ti_sysbios_BIOS_exitFunc__I)
                  000069cc    00000030     sysbios.aem4f : BIOS.obj (.text:ti_sysbios_family_arm_lm4_Timer_enableTimers__I)
                  000069fc    00000030                   : BIOS.obj (.text:ti_sysbios_family_arm_lm4_Timer_stop__E)
                  00006a2c    00000030                   : BIOS.obj (.text:ti_sysbios_knl_Idle_run__E)
                  00006a5c    00000030     ti.targets.arm.rtsarm.aem4f : Core-label.oem4f (.text:xdc_runtime_Core_assignLabel__I)
                  00006a8c    00000030                                 : HeapMin.oem4f (.text:xdc_runtime_HeapMin_free__F)
                  00006abc    00000030                                 : SysMin.oem4f (.text:xdc_runtime_SysMin_abort__F)
                  00006aec    0000002f                                 : Text.oem4f (.text:xdc_runtime_Text_printVisFxn__I)
                  00006b1b    00000001     --HOLE-- [fill = 0]
                  00006b1c    0000002e     driverlib-cm4f.lib : gpio.obj (.text:GPIODirModeSet)
                  00006b4a    0000002e     app_pem4f.oem4f (.text:malloc)
                  00006b78    0000002e     sysbios.aem4f : BIOS.obj (.text:ti_sysbios_knl_Task_sleepTimeout__I)
                  00006ba6    0000002c                   : BIOS.obj (.text:ti_sysbios_hal_Hwi_initStack:ti_sysbios_hal_Hwi_initStack)
                  00006bd2    00000002     --HOLE-- [fill = 0]
                  00006bd4    0000002c     app_pem4f.oem4f (.text:ti_sysbios_knl_Clock_doTick__I)
                  00006c00    0000002c     sysbios.aem4f : BIOS.obj (.text:ti_sysbios_knl_Task_restore__E)
                  00006c2c    0000002c     ti.targets.arm.rtsarm.aem4f : System.oem4f (.text:xdc_runtime_System_rtsExit__I)
                  00006c58    0000002c                                 : Text.oem4f (.text:xdc_runtime_Text_cordText__F)
                  00006c84    0000002a                                 : System.oem4f (.text:xdc_runtime_System_putchar__I)
                  00006cae    00000002     --HOLE-- [fill = 0]
                  00006cb0    00000028     driverlib-cm4f.lib : timer.obj (.text:TimerConfigure)
                  00006cd8    00000028     sysbios.aem4f : m3_Hwi_asm_switch.obj (.text:_ti_sysbios_family_arm_m3_Hwi_initStacks__E)
                  00006d00    00000028                   : BIOS.obj (.text:ti_sysbios_knl_Clock_addI__E)
                  00006d28    00000028     ti.targets.arm.rtsarm.aem4f : LoggerBuf.oem4f (.text:xdc_runtime_LoggerBuf_Module_startup__F)
                  00006d50    00000026                                 : System.oem4f (.text:xdc_runtime_System_avprintf__F)
                  00006d76    00000002     --HOLE-- [fill = 0]
                  00006d78    00000024     sysbios.aem4f : BIOS.obj (.text:ti_sysbios_knl_Clock_Module_startup__F)
                  00006d9c    00000024                   : BIOS.obj (.text:ti_sysbios_knl_Swi_Module_startup__F)
                  00006dc0    00000024                   : BIOS.obj (.text:ti_sysbios_knl_Task_restoreHwi__E)
                  00006de4    00000024     ti.targets.arm.rtsarm.aem4f : System.oem4f (.text:xdc_runtime_System_vprintf__F)
                  00006e08    00000022     app_pem4f.oem4f (.text:xdc_runtime_SysMin_output__I)
                  00006e2a    00000002     --HOLE-- [fill = 0]
                  00006e2c    00000020     sysbios.aem4f : BIOS.obj (.text:ti_sysbios_BIOS_removeRTSLock__I)
                  00006e4c    00000020     app_pem4f.oem4f (.text:ti_sysbios_BIOS_startFunc__I)
                  00006e6c    00000020     app_pem4f.oem4f (.text:ti_sysbios_gates_GateHwi_Object__delete__S)
                  00006e8c    00000020     sysbios.aem4f : BIOS.obj (.text:ti_sysbios_knl_Task_enter__I)
                  00006eac    00000020     app_pem4f.oem4f (.text:xdc_runtime_HeapMin_Object__delete__S)
                  00006ecc    00000020     app_pem4f.oem4f (.text:xdc_runtime_LoggerBuf_Object__delete__S)
                  00006eec    00000020     ti.targets.arm.rtsarm.aem4f : LoggerBuf.oem4f (.text:xdc_runtime_LoggerBuf_reset__F)
                  00006f0c    00000020                                 : Registry.oem4f (.text:xdc_runtime_Registry_findById__F)
                  00006f2c    00000020                                 : SysMin.oem4f (.text:xdc_runtime_SysMin_Module_startup__F)
                  00006f4c    0000001e     sysbios.aem4f : BIOS.obj (.text:ti_sysbios_family_arm_lm4_Timer_write__I)
                  00006f6a    0000001c                   : BIOS.obj (.text:ti_sysbios_knl_Queue_put__E)
                  00006f86    00000002     --HOLE-- [fill = 0]
                  00006f88    0000001c     ti.targets.arm.rtsarm.aem4f : Error.oem4f (.text:xdc_runtime_Error_check__F)
                  00006fa4    0000001c                                 : Memory.oem4f (.text:xdc_runtime_Memory_valloc__F)
                  00006fc0    0000001c                                 : SysMin.oem4f (.text:xdc_runtime_SysMin_exit__F)
                  00006fdc    0000001a     app_pem4f.oem4f (.text:xdc_runtime_System_aprintf__E)
                  00006ff6    0000001a     app_pem4f.oem4f (.text:xdc_runtime_System_printf__E)
                  00007010    00000018     sysbios.aem4f : m3_TaskSupport_asm.obj (.text:_ti_sysbios_family_arm_m3_TaskSupport_swap__E)
                  00007028    00000018     app_pem4f.oem4f (.text:free)
                  00007040    00000018     rtsv7M4_T_le_v4SPD16_eabi.lib : args_main.obj (.text)
                  00007058    00000018     app_pem4f.oem4f (.text:ti_sysbios_family_arm_lm4_Timer_Module__startupDone__F)
                  00007070    00000018     app_pem4f.oem4f (.text:ti_sysbios_family_arm_m3_Hwi_Handle__label__S)
                  00007088    00000018     app_pem4f.oem4f (.text:ti_sysbios_family_arm_m3_Hwi_Module__startupDone__F)
                  000070a0    00000018     app_pem4f.oem4f (.text:ti_sysbios_gates_GateHwi_Handle__label__S)
                  000070b8    00000018     app_pem4f.oem4f (.text:ti_sysbios_hal_Timer_Module__startupDone__F)
                  000070d0    00000018     app_pem4f.oem4f (.text:ti_sysbios_knl_Swi_Handle__label__S)
                  000070e8    00000018     app_pem4f.oem4f (.text:ti_sysbios_knl_Task_Handle__label__S)
                  00007100    00000018     app_pem4f.oem4f (.text:xdc_runtime_HeapMin_Handle__label__S)
                  00007118    00000018     app_pem4f.oem4f (.text:xdc_runtime_LoggerBuf_Handle__label__S)
                  00007130    00000018     ti.targets.arm.rtsarm.aem4f : Text.oem4f (.text:xdc_runtime_Text_ropeText__F)
                  00007148    00000014     rtsv7M4_T_le_v4SPD16_eabi.lib : _lock.obj (.text)
                  0000715c    00000014                                   : strlen.obj (.text)
                  00007170    00000014     sysbios.aem4f : BIOS.obj (.text:ti_sysbios_family_arm_m3_Hwi_switchFromBootStack__E)
                  00007184    00000014     app_pem4f.oem4f (.text:ti_sysbios_knl_Swi_Object__get__S)
                  00007198    00000014     ti.targets.arm.rtsarm.aem4f : LoggerBuf.oem4f (.text:xdc_runtime_LoggerBuf_Instance_finalize__F)
                  000071ac    00000014     app_pem4f.oem4f (.text:xdc_runtime_LoggerBuf_Object__get__S)
                  000071c0    00000014     ti.targets.arm.rtsarm.aem4f : LoggerBuf.oem4f (.text:xdc_runtime_LoggerBuf_write2__F)
                  000071d4    00000014                                 : System.oem4f (.text:xdc_runtime_System_abort__F)
                  000071e8    00000012     driverlib-cm4f.lib : gpio.obj (.text:GPIOPinTypeGPIOInput)
                  000071fa    00000012                        : gpio.obj (.text:GPIOPinTypeGPIOOutput)
                  0000720c    00000012                        : gpio.obj (.text:GPIOPinTypeSSI)
                  0000721e    00000012                        : timer.obj (.text:TimerLoadSet)
                  00007230    00000012     rtsv7M4_T_le_v4SPD16_eabi.lib : copy_zero_init.obj (.text:decompress:ZI)
                  00007242    00000012     sysbios.aem4f : BIOS.obj (.text:ti_sysbios_hal_Hwi_Module_startup__F)
                  00007254    00000012                   : BIOS.obj (.text:ti_sysbios_hal_Timer_Module_startup__F)
                  00007266    00000012     ti.targets.arm.rtsarm.aem4f : LoggerBuf.oem4f (.text:xdc_runtime_LoggerBuf_write1__F)
                  00007278    00000012     app_pem4f.oem4f (.text:xdc_runtime_Startup_exec__I)
                  0000728a    00000010     sysbios.aem4f : m3_TaskSupport_asm.obj (.text:_ti_sysbios_family_arm_m3_TaskSupport_glue)
                  0000729a    00000010                   : m3_Hwi_asm_switch.obj (.text:_ti_sysbios_family_xxx_Hwi_switchToIsrStack)
                  000072aa    00000010     rtsv7M4_T_le_v4SPD16_eabi.lib : strcpy.obj (.text)
                  000072ba    00000002     --HOLE-- [fill = 0]
                  000072bc    00000010     sysbios.aem4f : BIOS.obj (.text:ti_sysbios_BIOS_setThreadType__E)
                  000072cc    00000010                   : BIOS.obj (.text:ti_sysbios_BIOS_start__E)
                  000072dc    00000010                   : BIOS.obj (.text:ti_sysbios_family_arm_lm4_TimestampProvider_rolloverFunc__E)
                  000072ec    00000010                   : BIOS.obj (.text:ti_sysbios_family_arm_m3_Hwi_excHandler__I)
                  000072fc    00000010                   : BIOS.obj (.text:ti_sysbios_knl_Swi_disable__E)
                  0000730c    00000010     app_pem4f.oem4f (.text:ti_sysbios_knl_Task_Object__get__S)
                  0000731c    00000010     sysbios.aem4f : BIOS.obj (.text:ti_sysbios_knl_Task_disable__E)
                  0000732c    00000010     ti.targets.arm.rtsarm.aem4f : Gate.oem4f (.text:xdc_runtime_Gate_leaveSystem__F)
                  0000733c    00000010                                 : LoggerBuf.oem4f (.text:xdc_runtime_LoggerBuf_write0__F)
                  0000734c    00000010                                 : Memory.oem4f (.text:xdc_runtime_Memory_free__F)
                  0000735c    00000010                                 : SysMin.oem4f (.text:xdc_runtime_SysMin_ready__F)
                  0000736c    00000010                                 : System.oem4f (.text:xdc_runtime_System_vsnprintf__F)
                  0000737c    0000000e     driverlib-cm4f.lib : timer.obj (.text:TimerEnable)
                  0000738a    0000000e     rtsv7M4_T_le_v4SPD16_eabi.lib : copy_decompress_none.obj (.text:decompress:none)
                  00007398    0000000e     sysbios.aem4f : BIOS.obj (.text:ti_sysbios_family_arm_m3_TaskSupport_checkStack__E)
                  000073a6    0000000e                   : BIOS.obj (.text:ti_sysbios_knl_Queue_empty__E)
                  000073b4    0000000c     app_pem4f.oem4f (.text:.bootCodeSection:ti_catalog_arm_cortexm4_tiva_ce_Boot_init__I)
                  000073c0    0000000c     driverlib-cm4f.lib : gpio.obj (.text:GPIOPinIntEnable)
                  000073cc    0000000c     sysbios.aem4f : m3_Hwi_asm_switch.obj (.text:_ti_sysbios_family_xxx_Hwi_switchToTaskStack)
                  000073d8    0000000c                   : BIOS.obj (.text:ti_sysbios_family_arm_lm4_Timer_masterDisable__I)
                  000073e4    0000000c                   : BIOS.obj (.text:ti_sysbios_family_arm_lm4_TimestampProvider_startTimer__E)
                  000073f0    0000000c                   : BIOS.obj (.text:ti_sysbios_gates_GateHwi_enter__E)
                  000073fc    0000000c     app_pem4f.oem4f (.text:ti_sysbios_knl_Queue_Object__get__S)
                  00007408    0000000c     ti.targets.arm.rtsarm.aem4f : Error.oem4f (.text:xdc_runtime_Error_init__F)
                  00007414    0000000c                                 : Gate.oem4f (.text:xdc_runtime_Gate_enterSystem__F)
                  00007420    0000000c                                 : HeapMin.oem4f (.text:xdc_runtime_HeapMin_getStats__F)
                  0000742c    0000000c                                 : Memory.oem4f (.text:xdc_runtime_Memory_calloc__F)
                  00007438    0000000c                                 : Memory.oem4f (.text:xdc_runtime_Memory_getMaxDefaultTypeAlign__F)
                  00007444    0000000c                                 : System.oem4f (.text:xdc_runtime_System_exit__F)
                  00007450    0000000c                                 : System.oem4f (.text:xdc_runtime_System_lastFxn__I)
                  0000745c    0000000a     driverlib-cm4f.lib : gpio.obj (.text:GPIOPinRead)
                  00007466    0000000a                        : gpio.obj (.text:GPIOPinWrite)
                  00007470    0000000a                        : ssi.obj (.text:SSIDataPut)
                  0000747a    0000000a                        : ssi.obj (.text:SSIEnable)
                  00007484    0000000a     app_pem4f.oem4f (.text:xdc_runtime_IHeap_alloc)
                  0000748e    0000000a     app_pem4f.oem4f (.text:xdc_runtime_IHeap_free)
                  00007498    0000000a     ti.targets.arm.rtsarm.aem4f : LoggerBuf.oem4f (.text:xdc_runtime_LoggerBuf_disable__F)
                  000074a2    0000000a                                 : LoggerBuf.oem4f (.text:xdc_runtime_LoggerBuf_enable__F)
                  000074ac    00000008     driverlib-cm4f.lib : ssi.obj (.text:SSIBusy)
                  000074b4    00000008                        : timer.obj (.text:TimerIntEnable)
                  000074bc    00000008     sysbios.aem4f : BIOS.obj (.text:ti_sysbios_family_arm_m3_Hwi_doSwiRestore__I)
                  000074c4    00000008                   : BIOS.obj (.text:ti_sysbios_family_arm_m3_Hwi_startup__E)
                  000074cc    00000008                   : BIOS.obj (.text:ti_sysbios_knl_Idle_loop__E)
                  000074d4    00000008     app_pem4f.oem4f (.text:xdc_runtime_Text_visitRope__I)
                  000074dc    00000006     driverlib-cm4f.lib : gpio.obj (.text:GPIOPinIntClear)
                  000074e2    00000006     ti.targets.arm.rtsarm.aem4f : xdc_noinit.oem4f (.text:__xdc__init)
                  000074e8    00000006     rtsv7M4_T_le_v4SPD16_eabi.lib : copy_decompress_rle.obj (.text:decompress:rle24)
                  000074ee    00000006     Boot.aem4f : Boot_sysctl.oem4f (.text:ti_catalog_arm_cortexm4_tiva_ce_Boot_sysCtlDelayI__I)
                  000074f4    00000006     sysbios.aem4f : BIOS.obj (.text:ti_sysbios_family_arm_lm4_TimestampProvider_Module_startup__F)
                  000074fa    00000006                   : BIOS.obj (.text:ti_sysbios_family_arm_m3_Hwi_doTaskRestore__I)
                  00007500    00000006                   : BIOS.obj (.text:ti_sysbios_gates_GateHwi_leave__E)
                  00007506    00000006                   : BIOS.obj (.text:ti_sysbios_knl_Swi_startup__E)
                  0000750c    00000006     ti.targets.arm.rtsarm.aem4f : System.oem4f (.text:xdc_runtime_System_Module_startup__F)
                  00007512    00000004     driverlib-cm4f.lib : timer.obj (.text:TimerIntClear)
                  00007516    00000004     sysbios.aem4f : BIOS.obj (.text:ti_sysbios_family_arm_lm4_Timer_getPeriod__E)
                  0000751a    00000004                   : BIOS.obj (.text:ti_sysbios_family_arm_lm4_Timer_masterEnable__I)
                  0000751e    00000004     app_pem4f.oem4f (.text:ti_sysbios_family_arm_m3_TaskSupport_Module__startupDone__S)
                  00007522    00000004     sysbios.aem4f : BIOS.obj (.text:ti_sysbios_gates_GateHwi_query__F)
                  00007526    00000004     app_pem4f.oem4f (.text:ti_sysbios_hal_Hwi_HwiProxy_Module__startupDone__S)
                  0000752a    00000004     app_pem4f.oem4f (.text:ti_sysbios_hal_Timer_TimerProxy_Module__startupDone__S)
                  0000752e    00000004     app_pem4f.oem4f (.text:ti_sysbios_hal_Timer_TimerProxy_getPeriod__E)
                  00007532    00000004     app_pem4f.oem4f (.text:ti_sysbios_knl_Task_SupportProxy_Module__startupDone__S)
                  00007536    00000004     sysbios.aem4f : BIOS.obj (.text:ti_sysbios_knl_Task_startup__E)
                  0000753a    00000004     ti.targets.arm.rtsarm.aem4f : Error.oem4f (.text:xdc_runtime_Error_getSite__F)
                  0000753e    00000004                                 : HeapMin.oem4f (.text:xdc_runtime_HeapMin_isBlocking__F)
                  00007542    00000004     app_pem4f.oem4f (.text:xdc_runtime_LoggerBuf_Module_GateProxy_enter__E)
                  00007546    00000004     app_pem4f.oem4f (.text:xdc_runtime_LoggerBuf_Module_GateProxy_leave__E)
                  0000754a    00000004     app_pem4f.oem4f (.text:xdc_runtime_Memory_HeapProxy_alloc__E)
                  0000754e    00000004     app_pem4f.oem4f (.text:xdc_runtime_Memory_HeapProxy_free__E)
                  00007552    00000004     app_pem4f.oem4f (.text:xdc_runtime_System_Module_GateProxy_enter__E)
                  00007556    00000004     app_pem4f.oem4f (.text:xdc_runtime_System_Module_GateProxy_leave__E)
                  0000755a    00000004     ti.targets.arm.rtsarm.aem4f : System.oem4f (.text:xdc_runtime_System_aprintf_va__F)
                  0000755e    00000004                                 : System.oem4f (.text:xdc_runtime_System_printf_va__F)
                  00007562    00000004     app_pem4f.oem4f (.text:xdc_runtime_System_vsnprintf__E)

.const     0    00007568    0000098d     
                  00007568    000001b6     Font.obj (.const:.string:MyFont)
                  0000771e    00000002     --HOLE-- [fill = 0]
                  00007720    000000d8     app_pem4f.oem4f (.const:ti_sysbios_family_arm_m3_Hwi_priorities__A)
                  000077f8    000000ac     scancodes.obj (.const:shifted)
                  000078a4    000000ac     scancodes.obj (.const:unshifted)
                  00007950    00000078     driverlib-cm4f.lib : gpio.obj (.const:g_pulGPIOBaseAddrs)
                  000079c8    00000070                        : interrupt.obj (.const)
                  00007a38    0000006c                        : sysctl.obj (.const:g_pulXtals)
                  00007aa4    00000048     app_pem4f.oem4f (.const:.string)
                  00007aec    00000040     driverlib-cm4f.lib : sysctl.obj (.const)
                  00007b2c    0000003c     app_pem4f.oem4f (.const:xdc_runtime_LoggerBuf_Module__FXNS__C)
                  00007b68    0000002c     app_pem4f.oem4f (.const:xdc_runtime_Startup_sfxnTab__A)
                  00007b94    00000028     app_pem4f.oem4f (.const:xdc_runtime_HeapMin_Module__FXNS__C)
                  00007bbc    00000024     app_pem4f.oem4f (.const:ti_sysbios_gates_GateHwi_Module__FXNS__C)
                  00007be0    00000024     app_pem4f.oem4f (.const:xdc_runtime_LoggerBuf_Object__PARAMS__C)
                  00007c04    00000020     app_pem4f.oem4f (.const:ti_sysbios_gates_GateHwi_Object__DESC__C)
                  00007c24    00000020     app_pem4f.oem4f (.const:xdc_runtime_HeapMin_Object__DESC__C)
                  00007c44    00000020     app_pem4f.oem4f (.const:xdc_runtime_HeapMin_Object__PARAMS__C)
                  00007c64    00000020     app_pem4f.oem4f (.const:xdc_runtime_LoggerBuf_Object__DESC__C)
                  00007c84    0000001c     app_pem4f.oem4f (.const)
                  00007ca0    00000018     app_pem4f.oem4f (.const:ti_sysbios_gates_GateHwi_Object__PARAMS__C)
                  00007cb8    00000018     app_pem4f.oem4f (.const:ti_sysbios_knl_Task_hooks__A)
                  00007cd0    00000016     app_pem4f.oem4f (.const:xdc_runtime_Startup_sfxnRts__A)
                  00007ce6    00000002     --HOLE-- [fill = 0]
                  00007ce8    00000011     ti.targets.arm.rtsarm.aem4f : System.oem4f (.const)
                  00007cf9    00000003     --HOLE-- [fill = 0]
                  00007cfc    00000010     app_pem4f.oem4f (.const:xdc_runtime_Startup_firstFxns__A)
                  00007d0c    00000008     app_pem4f.oem4f (.const:ti_sysbios_family_arm_m3_Hwi_excHookFuncs__A)
                  00007d14    00000008     app_pem4f.oem4f (.const:ti_sysbios_knl_Idle_coreList__C)
                  00007d1c    00000008     app_pem4f.oem4f (.const:ti_sysbios_knl_Idle_funcList__C)
                  00007d24    00000008     app_pem4f.oem4f (.const:ti_sysbios_knl_Task_hooks__C)
                  00007d2c    00000008     app_pem4f.oem4f (.const:xdc_runtime_Startup_firstFxns__C)
                  00007d34    00000008     app_pem4f.oem4f (.const:xdc_runtime_Startup_lastFxns__A)
                  00007d3c    00000008     app_pem4f.oem4f (.const:xdc_runtime_Startup_lastFxns__C)
                  00007d44    00000004     app_pem4f.oem4f (.const:ti_catalog_arm_cortexm4_tiva_ce_Boot_A_mustUseEnhancedClockMode__C)
                  00007d48    00000004     app_pem4f.oem4f (.const:ti_catalog_arm_cortexm4_tiva_ce_Boot_Module__diagsEnabled__C)
                  00007d4c    00000004     app_pem4f.oem4f (.const:ti_catalog_arm_cortexm4_tiva_ce_Boot_Module__diagsIncluded__C)
                  00007d50    00000004     app_pem4f.oem4f (.const:ti_catalog_arm_cortexm4_tiva_ce_Boot_Module__diagsMask__C)
                  00007d54    00000004     app_pem4f.oem4f (.const:ti_sysbios_BIOS_installedErrorHook__C)
                  00007d58    00000004     app_pem4f.oem4f (.const:ti_sysbios_family_arm_lm4_Timer_numTimerDevices__C)
                  00007d5c    00000004     app_pem4f.oem4f (.const:ti_sysbios_family_arm_lm4_Timer_startupNeeded__C)
                  00007d60    00000004     app_pem4f.oem4f (.const:ti_sysbios_family_arm_m3_Hwi_E_NMI__C)
                  00007d64    00000004     app_pem4f.oem4f (.const:ti_sysbios_family_arm_m3_Hwi_E_busFault__C)
                  00007d68    00000004     app_pem4f.oem4f (.const:ti_sysbios_family_arm_m3_Hwi_E_debugMon__C)
                  00007d6c    00000004     app_pem4f.oem4f (.const:ti_sysbios_family_arm_m3_Hwi_E_hardFault__C)
                  00007d70    00000004     app_pem4f.oem4f (.const:ti_sysbios_family_arm_m3_Hwi_E_memFault__C)
                  00007d74    00000004     app_pem4f.oem4f (.const:ti_sysbios_family_arm_m3_Hwi_E_noIsr__C)
                  00007d78    00000004     app_pem4f.oem4f (.const:ti_sysbios_family_arm_m3_Hwi_E_reserved__C)
                  00007d7c    00000004     app_pem4f.oem4f (.const:ti_sysbios_family_arm_m3_Hwi_E_svCall__C)
                  00007d80    00000004     app_pem4f.oem4f (.const:ti_sysbios_family_arm_m3_Hwi_E_usageFault__C)
                  00007d84    00000004     app_pem4f.oem4f (.const:ti_sysbios_family_arm_m3_Hwi_NUM_INTERRUPTS__C)
                  00007d88    00000004     app_pem4f.oem4f (.const:ti_sysbios_family_arm_m3_Hwi_ccr__C)
                  00007d8c    00000004     app_pem4f.oem4f (.const:ti_sysbios_family_arm_m3_Hwi_dispatchTable__C)
                  00007d90    00000004     app_pem4f.oem4f (.const:ti_sysbios_family_arm_m3_Hwi_excHandlerFunc__C)
                  00007d94    00000004     app_pem4f.oem4f (.const:ti_sysbios_family_arm_m3_Hwi_excHookFuncs__C)
                  00007d98    00000004     app_pem4f.oem4f (.const:ti_sysbios_family_arm_m3_Hwi_priGroup__C)
                  00007d9c    00000004     app_pem4f.oem4f (.const:ti_sysbios_family_arm_m3_Hwi_priorities__C)
                  00007da0    00000004     app_pem4f.oem4f (.const:ti_sysbios_hal_Hwi_E_stackOverflow__C)
                  00007da4    00000004     app_pem4f.oem4f (.const:ti_sysbios_knl_Clock_Module_State_clockQ__O)
                  00007da8    00000004     app_pem4f.oem4f (.const:ti_sysbios_knl_Idle_coreList__A)
                  00007dac    00000004     app_pem4f.oem4f (.const:ti_sysbios_knl_Idle_funcList__A)
                  00007db0    00000004     app_pem4f.oem4f (.const:ti_sysbios_knl_Semaphore_A_badContext__C)
                  00007db4    00000004     app_pem4f.oem4f (.const:ti_sysbios_knl_Semaphore_A_overflow__C)
                  00007db8    00000004     app_pem4f.oem4f (.const:ti_sysbios_knl_Semaphore_A_pendTaskDisabled__C)
                  00007dbc    00000004     app_pem4f.oem4f (.const:ti_sysbios_knl_Semaphore_Instance_State_pendQ__O)
                  00007dc0    00000004     app_pem4f.oem4f (.const:ti_sysbios_knl_Semaphore_Module__diagsEnabled__C)
                  00007dc4    00000004     app_pem4f.oem4f (.const:ti_sysbios_knl_Semaphore_Module__diagsIncluded__C)
                  00007dc8    00000004     app_pem4f.oem4f (.const:ti_sysbios_knl_Semaphore_Module__diagsMask__C)
                  00007dcc    00000004     app_pem4f.oem4f (.const:ti_sysbios_knl_Swi_Object__count__C)
                  00007dd0    00000004     app_pem4f.oem4f (.const:ti_sysbios_knl_Task_A_badTimeout__C)
                  00007dd4    00000004     app_pem4f.oem4f (.const:ti_sysbios_knl_Task_A_sleepTaskDisabled__C)
                  00007dd8    00000004     app_pem4f.oem4f (.const:ti_sysbios_knl_Task_E_spOutOfBounds__C)
                  00007ddc    00000004     app_pem4f.oem4f (.const:ti_sysbios_knl_Task_E_stackOverflow__C)
                  00007de0    00000004     app_pem4f.oem4f (.const:ti_sysbios_knl_Task_Module_State_inactiveQ__O)
                  00007de4    00000004     app_pem4f.oem4f (.const:ti_sysbios_knl_Task_Module__diagsEnabled__C)
                  00007de8    00000004     app_pem4f.oem4f (.const:ti_sysbios_knl_Task_Module__diagsIncluded__C)
                  00007dec    00000004     app_pem4f.oem4f (.const:ti_sysbios_knl_Task_Module__diagsMask__C)
                  00007df0    00000004     app_pem4f.oem4f (.const:ti_sysbios_knl_Task_Object__count__C)
                  00007df4    00000004     app_pem4f.oem4f (.const:ti_sysbios_knl_Task_allBlockedFunc__C)
                  00007df8    00000004     app_pem4f.oem4f (.const:ti_sysbios_knl_Task_numConstructedTasks__C)
                  00007dfc    00000004     app_pem4f.oem4f (.const:xdc_runtime_Assert_E_assertFailed__C)
                  00007e00    00000004     app_pem4f.oem4f (.const:xdc_runtime_Core_A_initializedParams__C)
                  00007e04    00000004     app_pem4f.oem4f (.const:xdc_runtime_Core_Module__diagsEnabled__C)
                  00007e08    00000004     app_pem4f.oem4f (.const:xdc_runtime_Core_Module__diagsIncluded__C)
                  00007e0c    00000004     app_pem4f.oem4f (.const:xdc_runtime_Core_Module__diagsMask__C)
                  00007e10    00000004     app_pem4f.oem4f (.const:xdc_runtime_Error_E_memory__C)
                  00007e14    00000004     app_pem4f.oem4f (.const:xdc_runtime_Error_Module__diagsEnabled__C)
                  00007e18    00000004     app_pem4f.oem4f (.const:xdc_runtime_Error_Module__diagsIncluded__C)
                  00007e1c    00000004     app_pem4f.oem4f (.const:xdc_runtime_Error_Module__diagsMask__C)
                  00007e20    00000004     app_pem4f.oem4f (.const:xdc_runtime_Error_Module__loggerFxn8__C)
                  00007e24    00000004     app_pem4f.oem4f (.const:xdc_runtime_Error_Module__loggerObj__C)
                  00007e28    00000004     app_pem4f.oem4f (.const:xdc_runtime_Error_raiseHook__C)
                  00007e2c    00000004     app_pem4f.oem4f (.const:xdc_runtime_HeapMin_A_zeroSize__C)
                  00007e30    00000004     app_pem4f.oem4f (.const:xdc_runtime_HeapMin_E_freeError__C)
                  00007e34    00000004     app_pem4f.oem4f (.const:xdc_runtime_HeapMin_Module__diagsEnabled__C)
                  00007e38    00000004     app_pem4f.oem4f (.const:xdc_runtime_HeapMin_Module__diagsIncluded__C)
                  00007e3c    00000004     app_pem4f.oem4f (.const:xdc_runtime_HeapMin_Module__diagsMask__C)
                  00007e40    00000004     app_pem4f.oem4f (.const:xdc_runtime_IFilterLogger_Interface__BASE__C)
                  00007e44    00000004     app_pem4f.oem4f (.const:xdc_runtime_IGateProvider_Interface__BASE__C)
                  00007e48    00000004     app_pem4f.oem4f (.const:xdc_runtime_IHeap_Interface__BASE__C)
                  00007e4c    00000004     app_pem4f.oem4f (.const:xdc_runtime_ILogger_Interface__BASE__C)
                  00007e50    00000004     app_pem4f.oem4f (.const:xdc_runtime_IModule_Interface__BASE__C)
                  00007e54    00000004     app_pem4f.oem4f (.const:xdc_runtime_Log_L_error__C)
                  00007e58    00000004     app_pem4f.oem4f (.const:xdc_runtime_LoggerBuf_E_badLevel__C)
                  00007e5c    00000004     app_pem4f.oem4f (.const:xdc_runtime_LoggerBuf_Module__gateObj__C)
                  00007e60    00000004     app_pem4f.oem4f (.const:xdc_runtime_LoggerBuf_Object__count__C)
                  00007e64    00000004     app_pem4f.oem4f (.const:xdc_runtime_LoggerBuf_statusLogger__C)
                  00007e68    00000004     app_pem4f.oem4f (.const:xdc_runtime_Memory_defaultHeapInstance__C)
                  00007e6c    00000004     app_pem4f.oem4f (.const:xdc_runtime_Startup_execImpl__C)
                  00007e70    00000004     app_pem4f.oem4f (.const:xdc_runtime_Startup_maxPasses__C)
                  00007e74    00000004     app_pem4f.oem4f (.const:xdc_runtime_Startup_sfxnRts__C)
                  00007e78    00000004     app_pem4f.oem4f (.const:xdc_runtime_Startup_sfxnTab__C)
                  00007e7c    00000004     app_pem4f.oem4f (.const:xdc_runtime_SysMin_bufSize__C)
                  00007e80    00000004     app_pem4f.oem4f (.const:xdc_runtime_SysMin_outputFunc__C)
                  00007e84    00000004     app_pem4f.oem4f (.const:xdc_runtime_System_Module__gateObj__C)
                  00007e88    00000004     app_pem4f.oem4f (.const:xdc_runtime_System_extendFxn__C)
                  00007e8c    00000004     app_pem4f.oem4f (.const:xdc_runtime_System_maxAtexitHandlers__C)
                  00007e90    00000004     app_pem4f.oem4f (.const:xdc_runtime_Text_charTab__C)
                  00007e94    00000004     app_pem4f.oem4f (.const:xdc_runtime_Text_nameEmpty__C)
                  00007e98    00000004     app_pem4f.oem4f (.const:xdc_runtime_Text_nameStatic__C)
                  00007e9c    00000004     app_pem4f.oem4f (.const:xdc_runtime_Text_nameUnknown__C)
                  00007ea0    00000004     app_pem4f.oem4f (.const:xdc_runtime_Text_visitRopeFxn__C)
                  00007ea4    00000002     app_pem4f.oem4f (.const:ti_catalog_arm_cortexm4_tiva_ce_Boot_Module__id__C)
                  00007ea6    00000002     --HOLE-- [fill = 0]
                  00007ea8    00000002     app_pem4f.oem4f (.const:ti_sysbios_family_arm_lm4_TimestampProvider_useClockTimer__C)
                  00007eaa    00000002     --HOLE-- [fill = 0]
                  00007eac    00000002     app_pem4f.oem4f (.const:ti_sysbios_family_arm_m3_Hwi_Module__id__C)
                  00007eae    00000002     --HOLE-- [fill = 0]
                  00007eb0    00000002     app_pem4f.oem4f (.const:ti_sysbios_hal_Hwi_Module__id__C)
                  00007eb2    00000002     --HOLE-- [fill = 0]
                  00007eb4    00000002     app_pem4f.oem4f (.const:ti_sysbios_knl_Semaphore_Module__id__C)
                  00007eb6    00000002     --HOLE-- [fill = 0]
                  00007eb8    00000002     app_pem4f.oem4f (.const:ti_sysbios_knl_Task_Module__id__C)
                  00007eba    00000002     --HOLE-- [fill = 0]
                  00007ebc    00000002     app_pem4f.oem4f (.const:ti_sysbios_knl_Task_initStackFlag__C)
                  00007ebe    00000002     --HOLE-- [fill = 0]
                  00007ec0    00000002     app_pem4f.oem4f (.const:xdc_runtime_Core_Module__id__C)
                  00007ec2    00000002     --HOLE-- [fill = 0]
                  00007ec4    00000002     app_pem4f.oem4f (.const:xdc_runtime_Error_Module__loggerDefined__C)
                  00007ec6    00000002     --HOLE-- [fill = 0]
                  00007ec8    00000002     app_pem4f.oem4f (.const:xdc_runtime_Error_maxDepth__C)
                  00007eca    00000002     --HOLE-- [fill = 0]
                  00007ecc    00000002     app_pem4f.oem4f (.const:xdc_runtime_HeapMin_Module__id__C)
                  00007ece    00000002     --HOLE-- [fill = 0]
                  00007ed0    00000002     app_pem4f.oem4f (.const:xdc_runtime_HeapMin_freeError__C)
                  00007ed2    00000002     --HOLE-- [fill = 0]
                  00007ed4    00000002     app_pem4f.oem4f (.const:xdc_runtime_LoggerBuf_Module__id__C)
                  00007ed6    00000002     --HOLE-- [fill = 0]
                  00007ed8    00000002     app_pem4f.oem4f (.const:xdc_runtime_LoggerBuf_filterByLevel__C)
                  00007eda    00000002     --HOLE-- [fill = 0]
                  00007edc    00000002     app_pem4f.oem4f (.const:xdc_runtime_Memory_Module__id__C)
                  00007ede    00000002     --HOLE-- [fill = 0]
                  00007ee0    00000002     app_pem4f.oem4f (.const:xdc_runtime_SysMin_flushAtExit__C)
                  00007ee2    00000002     --HOLE-- [fill = 0]
                  00007ee4    00000002     app_pem4f.oem4f (.const:xdc_runtime_Text_charCnt__C)
                  00007ee6    00000002     --HOLE-- [fill = 0]
                  00007ee8    00000002     app_pem4f.oem4f (.const:xdc_runtime_Text_isLoaded__C)
                  00007eea    00000002     --HOLE-- [fill = 0]
                  00007eec    00000002     app_pem4f.oem4f (.const:xdc_runtime_Text_registryModsLastId__C)
                  00007eee    00000002     --HOLE-- [fill = 0]
                  00007ef0    00000002     app_pem4f.oem4f (.const:xdc_runtime_Text_unnamedModsLastId__C)
                  00007ef2    00000002     --HOLE-- [fill = 0]
                  00007ef4    00000001     app_pem4f.oem4f (.const:xdc_runtime_Error_policy__C)

.cinit     0    00007ef8    000007a8     
                  00007ef8    00000774     (.cinit..data.load) [load image, compression = rle]
                  0000866c    0000000c     (__TI_handler_table)
                  00008678    00000008     (.cinit..bss.load) [load image, compression = zero_init]
                  00008680    00000008     (.cinit..vecs.load) [load image, compression = zero_init]
                  00008688    00000018     (__TI_cinit_table)

.vecs      0    20000000    00000360     UNINITIALIZED
                  20000000    00000360     app_pem4f.oem4f (.vecs)

.bss       0    20000360    00001678     UNINITIALIZED
                  20000360    00001000     app_pem4f.oem4f (.bss:taskStackSection)
                  20001360    00000400     st7565.obj (.bss:glcd_buffer)
                  20001760    00000120     rtsv7M4_T_le_v4SPD16_eabi.lib : trgmsg.obj (.bss:__CIOBUF_)
                  20001880    00000080     app_pem4f.oem4f (.bss:xdc_runtime_LoggerBuf_Instance_State_0_entryArr__A)
                  20001900    00000080     app_pem4f.oem4f (.bss:xdc_runtime_SysMin_Module_State_0_outbuf__A)
                  20001980    00000030     app_pem4f.oem4f (.bss)
                  200019b0    0000000c     Graphics_Bmp.obj (.bss)
                  200019bc    0000000b     Ps2Keyboard.obj (.bss)
                  200019c7    00000008     buttons.obj (.bss)
                  200019cf    00000008     rtsv7M4_T_le_v4SPD16_eabi.lib : trgdrv.obj (.bss)
                  200019d7    00000001     st7565.obj (.bss)

.data      0    200019d8    00000db3     
                  200019d8    000003e8     Items.obj (.data:ItemBlock1)
                  20001dc0    00000360     app_pem4f.oem4f (.data:ti_sysbios_family_arm_m3_Hwi_Module_State_0_dispatchTable__A)
                  20002120    00000184     app_pem4f.oem4f (.data)
                  200022a4    00000130     app_pem4f.oem4f (.data:ti_sysbios_knl_Task_Object__table__V)
                  200023d4    00000080     app_pem4f.oem4f (.data:ti_sysbios_knl_Swi_Module_State_0_readyQ__A)
                  20002454    00000080     app_pem4f.oem4f (.data:ti_sysbios_knl_Task_Module_State_0_readyQ__A)
                  200024d4    00000078     app_pem4f.oem4f (.data:ti_sysbios_family_arm_m3_Hwi_Object__table__V)
                  2000254c    00000070     app_pem4f.oem4f (.data:ti_sysbios_family_arm_lm4_Timer_Object__table__V)
                  200025bc    00000054     app_pem4f.oem4f (.data:ti_sysbios_family_arm_m3_Hwi_Module__state__V)
                  20002610    00000044     app_pem4f.oem4f (.data:ti_sysbios_knl_Task_Module__state__V)
                  20002654    00000032     Items.obj (.data:ItemLookUp)
                  20002686    00000002     --HOLE--
                  20002688    00000030     app_pem4f.oem4f (.data:ti_sysbios_family_arm_lm4_Timer_Module_State_0_device__A)
                  200026b8    00000030     app_pem4f.oem4f (.data:ti_sysbios_knl_Swi_Object__table__V)
                  200026e8    00000028     app_pem4f.oem4f (.data:ti_sysbios_knl_Clock_Module__state__V)
                  20002710    00000024     st7565.obj (.data)
                  20002734    00000024     app_pem4f.oem4f (.data:xdc_runtime_LoggerBuf_Object__table__V)
                  20002758    00000008     rtsv7M4_T_le_v4SPD16_eabi.lib : _lock.obj (.data)
                  20002760    00000008                                   : exit.obj (.data)
                  20002768    00000006     buttons.obj (.data)
                  2000276e    00000002     --HOLE--
                  20002770    00000005     Ps2Keyboard.obj (.data)
                  20002775    00000003     --HOLE--
                  20002778    00000004     Encoder.obj (.data)
                  2000277c    00000004     main.obj (.data)
                  20002780    00000004     rtsv7M4_T_le_v4SPD16_eabi.lib : dtor_list.obj (.data)
                  20002784    00000004                                   : stkdepth_vars.obj (.data)
                  20002788    00000003     Clock.obj (.data)

.stack     0    2000278c    00000400     UNINITIALIZED
                  2000278c    00000400     --HOLE--


LINKER GENERATED COPY TABLES

__TI_cinit_table @ 00008688 records: 3, size/record: 8, table size: 24
	.data: load addr=00007ef8, load size=00000774 bytes, run addr=200019d8, run size=00000db3 bytes, compression=rle
	.bss: load addr=00008678, load size=00000008 bytes, run addr=20000360, run size=00001678 bytes, compression=zero_init
	.vecs: load addr=00008680, load size=00000008 bytes, run addr=20000000, run size=00000360 bytes, compression=zero_init


LINKER GENERATED HANDLER TABLE

__TI_handler_table @ 0000866c records: 3, size/record: 4, table size: 12
	index: 0, handler: __TI_zero_init
	index: 1, handler: __TI_decompress_rle24
	index: 2, handler: __TI_decompress_none


GLOBAL SYMBOLS: SORTED ALPHABETICALLY BY Name 

address    name
--------   ----
000015bd   AddMsg
000016db   AddMsgFound
0000178f   AddMsgFoundWrongF
00001619   AddMsgInvalid
00001869   AddMsgNewExp
00001801   AddMsgNoMatch
00007c88   ButTask
00003155   ButtonTask
00003113   ButtonsInit
00003069   ButtonsPoll
00006555   C$$EXIT
00005d17   C$$IO$$
00007c8c   Clock
00004cb1   ClockInit
00005247   EncoderInit
000051e9   EncoderIntHandler
00001e89   FSSIntHandler
00006b1d   GPIODirModeSet
000062f1   GPIOIntTypeSet
00004e5d   GPIOPadConfigSet
00006189   GPIOPinConfigure
000074dd   GPIOPinIntClear
000073c1   GPIOPinIntEnable
0000745d   GPIOPinRead
000071e9   GPIOPinTypeGPIOInput
000071fb   GPIOPinTypeGPIOOutput
0000720d   GPIOPinTypeSSI
00007467   GPIOPinWrite
00002c61   GlcdDispTime
0000301b   HOSTclock
00002fe1   HOSTclose
00002fa3   HOSTgetenv
00002f47   HOSTlseek
00002ef7   HOSTopen
00002ea9   HOSTread
00002e49   HOSTrename
00002e0d   HOSTtime
00002dd3   HOSTunlink
00002d85   HOSTwrite
00005c89   IntEnable
200019d8   ItemBlock1
20002654   ItemLookUp
00002279   KeyPend
00007c90   KeySem
000022b9   KeyTask
00007c94   Keyboard
00001f2b   KeyboardInit
00007c98   KeyboardTask
2000277f   LastState
00006eed   LoggerBuf_instanceStartup
000014df   MainMsg
00007568   MyFont
UNDEFED    SHT$$INIT_ARRAY$$Base
UNDEFED    SHT$$INIT_ARRAY$$Limit
000074ad   SSIBusy
00006335   SSIConfigSetExpClk
00007471   SSIDataPut
0000747b   SSIEnable
20002778   ScrollCnt
2000277c   StateInfo
000036c1   SysCtlClockGet
00006039   SysCtlPeripheralEnable
20002388   TSK_idle
00004d41   TimeGet
20002768   TimeOfDay
00004d57   TimeSet
00004cf1   Timer0IntHandler
00006cb1   TimerConfigure
0000737d   TimerEnable
00007513   TimerIntClear
000074b5   TimerIntEnable
0000721f   TimerLoadSet
00007c84   UI
00000c55   UiTask
2000277a   Val
00001409   WelcomeMsg
0000146d   WelcomeMsg2
00000000   __ASM__
20001760   __CIOBUF_
00000052   __ISA__
00000065   __PLAT__
20002b8c   __STACK_END
00000400   __STACK_SIZE
2000298c   __STACK_TOP
0000008b   __TARG__
00008688   __TI_CINIT_Base
000086a0   __TI_CINIT_Limit
0000866c   __TI_Handler_Table_Base
00008678   __TI_Handler_Table_Limit
00000001   __TI_args_main
00005331   __TI_auto_init
0000738b   __TI_decompress_none
000074e9   __TI_decompress_rle24
00000000   __TI_static_base__
00007231   __TI_zero_init
000000b1   __TRDR__
00004977   __aeabi_atexit
000059f5   __aeabi_memclr
000059f5   __aeabi_memclr4
000059f5   __aeabi_memclr8
000053d1   __aeabi_memcpy
000053d1   __aeabi_memcpy4
000053d1   __aeabi_memcpy8
000059f7   __aeabi_memset
000059f7   __aeabi_memset4
000059f7   __aeabi_memset8
ffffffff   __binit__
ffffffff   __c_args__
00004965   __cxa_atexit
00004921   __cxa_finalize
0000495f   __cxa_ia64_exit
2000278c   __stack
000074e3   __xdc__init
200022a0   __xdc__init__addr
00007041   _args_main
00005fe1   _c_int00
20002760   _cleanup_ptr
20002764   _dtors_ptr
20002758   _lock
00007157   _nop
0000714f   _register_lock
00007149   _register_unlock
2000275c   _unlock
00006559   abort
00004969   atexit
ffffffff   binit
00006379   copy_in
00000565   draw_bmp
000007df   draw_box
000003cf   draw_char
00002b25   draw_char_bmp
00000959   draw_circle
00000af1   draw_filled_circle
00000843   draw_line
0000078b   draw_rectangle
00000361   draw_text
00002a71   draw_text_bmp
00006561   exit
00007029   free
00001ab3   glcd_blank
00001b2d   glcd_blank_page
00001b99   glcd_blank_pagexy
20001360   glcd_buffer
00001d9f   glcd_command
00001e29   glcd_contrast
00001d65   glcd_data
200019d7   glcd_dirty_pages
00001dd9   glcd_flip_screen
20002710   glcd_flipped
00001c9d   glcd_init
00001e0d   glcd_inverse_screen
000019fd   glcd_pixel
00001c13   glcd_refresh
00007c9c   hwi2
000031ff   int_to_string
00001373   main
20002784   main_func_sp
00006b4b   malloc
000053d1   memcpy
000059fd   memset
20002714   pagemap
00005d1b   readmsg
200019c7   scrollcountstring
000077f8   shifted
000072ab   strcpy
0000715d   strlen
000006b5   text_height
000006c5   text_width
00007d44   ti_catalog_arm_cortexm4_tiva_ce_Boot_A_mustUseEnhancedClockMode__C
00007d48   ti_catalog_arm_cortexm4_tiva_ce_Boot_Module__diagsEnabled__C
00007d4c   ti_catalog_arm_cortexm4_tiva_ce_Boot_Module__diagsIncluded__C
00007d50   ti_catalog_arm_cortexm4_tiva_ce_Boot_Module__diagsMask__C
00007ea4   ti_catalog_arm_cortexm4_tiva_ce_Boot_Module__id__C
000073b5   ti_catalog_arm_cortexm4_tiva_ce_Boot_init__I
00003f5d   ti_catalog_arm_cortexm4_tiva_ce_Boot_sysCtlClockSetI__I
00005509   ti_catalog_arm_cortexm4_tiva_ce_Boot_sysCtlClockSet__E
000074ef   ti_catalog_arm_cortexm4_tiva_ce_Boot_sysCtlDelayI__I
20002120   ti_sysbios_BIOS_Module__state__V
0000696d   ti_sysbios_BIOS_errorRaiseHook__I
0000699d   ti_sysbios_BIOS_exitFunc__I
00007d54   ti_sysbios_BIOS_installedErrorHook__C
00000c53   ti_sysbios_BIOS_nullFunc__I
00006e2d   ti_sysbios_BIOS_removeRTSLock__I
000072bd   ti_sysbios_BIOS_setThreadType__E
00006e4d   ti_sysbios_BIOS_startFunc__I
000072cd   ti_sysbios_BIOS_start__E
20002688   ti_sysbios_family_arm_lm4_Timer_Module_State_0_device__A
20002148   ti_sysbios_family_arm_lm4_Timer_Module_State_0_handles__A
20002140   ti_sysbios_family_arm_lm4_Timer_Module__root__V
00007059   ti_sysbios_family_arm_lm4_Timer_Module__startupDone__F
00007059   ti_sysbios_family_arm_lm4_Timer_Module__startupDone__S
20002160   ti_sysbios_family_arm_lm4_Timer_Module__state__V
00005ecd   ti_sysbios_family_arm_lm4_Timer_Module_startup__E
00005ecd   ti_sysbios_family_arm_lm4_Timer_Module_startup__F
2000254c   ti_sysbios_family_arm_lm4_Timer_Object__table__V
000069cd   ti_sysbios_family_arm_lm4_Timer_enableTimers__I
00007517   ti_sysbios_family_arm_lm4_Timer_getPeriod__E
0000441d   ti_sysbios_family_arm_lm4_Timer_initDevice__I
000063bd   ti_sysbios_family_arm_lm4_Timer_isrStub__E
000073d9   ti_sysbios_family_arm_lm4_Timer_masterDisable__I
0000751b   ti_sysbios_family_arm_lm4_Timer_masterEnable__I
00007d58   ti_sysbios_family_arm_lm4_Timer_numTimerDevices__C
00004635   ti_sysbios_family_arm_lm4_Timer_start__E
00007d5c   ti_sysbios_family_arm_lm4_Timer_startupNeeded__C
00006595   ti_sysbios_family_arm_lm4_Timer_startup__E
000069fd   ti_sysbios_family_arm_lm4_Timer_stop__E
00006f4d   ti_sysbios_family_arm_lm4_Timer_write__I
2000216c   ti_sysbios_family_arm_lm4_TimestampProvider_Module__state__V
000074f5   ti_sysbios_family_arm_lm4_TimestampProvider_Module_startup__E
000074f5   ti_sysbios_family_arm_lm4_TimestampProvider_Module_startup__F
000042f5   ti_sysbios_family_arm_lm4_TimestampProvider_get64__E
000072dd   ti_sysbios_family_arm_lm4_TimestampProvider_rolloverFunc__E
000073e5   ti_sysbios_family_arm_lm4_TimestampProvider_startTimer__E
00007ea8   ti_sysbios_family_arm_lm4_TimestampProvider_useClockTimer__C
00007d60   ti_sysbios_family_arm_m3_Hwi_E_NMI__C
00007d64   ti_sysbios_family_arm_m3_Hwi_E_busFault__C
00007d68   ti_sysbios_family_arm_m3_Hwi_E_debugMon__C
00007d6c   ti_sysbios_family_arm_m3_Hwi_E_hardFault__C
00007d70   ti_sysbios_family_arm_m3_Hwi_E_memFault__C
00007d74   ti_sysbios_family_arm_m3_Hwi_E_noIsr__C
00007d78   ti_sysbios_family_arm_m3_Hwi_E_reserved__C
00007d7c   ti_sysbios_family_arm_m3_Hwi_E_svCall__C
00007d80   ti_sysbios_family_arm_m3_Hwi_E_usageFault__C
00007071   ti_sysbios_family_arm_m3_Hwi_Handle__label__S
20001dc0   ti_sysbios_family_arm_m3_Hwi_Module_State_0_dispatchTable__A
2000217c   ti_sysbios_family_arm_m3_Hwi_Module_State_0_excActive__A
20002180   ti_sysbios_family_arm_m3_Hwi_Module_State_0_excContext__A
20002184   ti_sysbios_family_arm_m3_Hwi_Module_State_0_excStack__A
00007eac   ti_sysbios_family_arm_m3_Hwi_Module__id__C
20002174   ti_sysbios_family_arm_m3_Hwi_Module__root__V
00007089   ti_sysbios_family_arm_m3_Hwi_Module__startupDone__F
00007089   ti_sysbios_family_arm_m3_Hwi_Module__startupDone__S
200025bc   ti_sysbios_family_arm_m3_Hwi_Module__state__V
0000528d   ti_sysbios_family_arm_m3_Hwi_Module_startup__E
0000528d   ti_sysbios_family_arm_m3_Hwi_Module_startup__F
00007d84   ti_sysbios_family_arm_m3_Hwi_NUM_INTERRUPTS__C
200024d4   ti_sysbios_family_arm_m3_Hwi_Object__table__V
00007d88   ti_sysbios_family_arm_m3_Hwi_ccr__C
00006401   ti_sysbios_family_arm_m3_Hwi_disableInterrupt__E
00005d4d   ti_sysbios_family_arm_m3_Hwi_dispatchC__I
00007d8c   ti_sysbios_family_arm_m3_Hwi_dispatchTable__C
00004095   ti_sysbios_family_arm_m3_Hwi_dispatch__I
000074bd   ti_sysbios_family_arm_m3_Hwi_doSwiRestore__I
000074fb   ti_sysbios_family_arm_m3_Hwi_doTaskRestore__I
00006445   ti_sysbios_family_arm_m3_Hwi_enableInterrupt__E
00003a25   ti_sysbios_family_arm_m3_Hwi_excBusFault__I
0000508d   ti_sysbios_family_arm_m3_Hwi_excDebugMon__I
00002309   ti_sysbios_family_arm_m3_Hwi_excDumpRegs__I
000041a9   ti_sysbios_family_arm_m3_Hwi_excHandlerAsm__I
00007d90   ti_sysbios_family_arm_m3_Hwi_excHandlerFunc__C
000034e5   ti_sysbios_family_arm_m3_Hwi_excHandlerMax__I
000072ed   ti_sysbios_family_arm_m3_Hwi_excHandler__I
00004f25   ti_sysbios_family_arm_m3_Hwi_excHardFault__I
00007d0c   ti_sysbios_family_arm_m3_Hwi_excHookFuncs__A
00007d94   ti_sysbios_family_arm_m3_Hwi_excHookFuncs__C
00003ce1   ti_sysbios_family_arm_m3_Hwi_excMemFault__I
0000689d   ti_sysbios_family_arm_m3_Hwi_excNmi__I
00006785   ti_sysbios_family_arm_m3_Hwi_excNoIsr__I
000061d1   ti_sysbios_family_arm_m3_Hwi_excReserved__I
00006695   ti_sysbios_family_arm_m3_Hwi_excSvCall__I
00003b8d   ti_sysbios_family_arm_m3_Hwi_excUsageFault__I
000067bd   ti_sysbios_family_arm_m3_Hwi_getStackInfo__E
00004af9   ti_sysbios_family_arm_m3_Hwi_initNVIC__E
00006cd9   ti_sysbios_family_arm_m3_Hwi_initStacks__E
e000e000   ti_sysbios_family_arm_m3_Hwi_nvic
0000416b   ti_sysbios_family_arm_m3_Hwi_pendSV__I
00007d98   ti_sysbios_family_arm_m3_Hwi_priGroup__C
00007720   ti_sysbios_family_arm_m3_Hwi_priorities__A
00007d9c   ti_sysbios_family_arm_m3_Hwi_priorities__C
20000000   ti_sysbios_family_arm_m3_Hwi_ramVectors
00000000   ti_sysbios_family_arm_m3_Hwi_resetVectors
0000418f   ti_sysbios_family_arm_m3_Hwi_return
000074c5   ti_sysbios_family_arm_m3_Hwi_startup__E
00007171   ti_sysbios_family_arm_m3_Hwi_switchFromBootStack__E
0000751f   ti_sysbios_family_arm_m3_TaskSupport_Module__startupDone__S
00005751   ti_sysbios_family_arm_m3_TaskSupport_buildTaskStack
00007399   ti_sysbios_family_arm_m3_TaskSupport_checkStack__E
0000728b   ti_sysbios_family_arm_m3_TaskSupport_glue
000067f5   ti_sysbios_family_arm_m3_TaskSupport_start__E
00007011   ti_sysbios_family_arm_m3_TaskSupport_swap__E
0000729b   ti_sysbios_family_xxx_Hwi_switchToIsrStack
000073cd   ti_sysbios_family_xxx_Hwi_switchToTaskStack
000070a1   ti_sysbios_gates_GateHwi_Handle__label__S
00005507   ti_sysbios_gates_GateHwi_Instance_init__F
00007bbc   ti_sysbios_gates_GateHwi_Module__FXNS__C
20002188   ti_sysbios_gates_GateHwi_Module__root__V
00007c04   ti_sysbios_gates_GateHwi_Object__DESC__C
00007ca0   ti_sysbios_gates_GateHwi_Object__PARAMS__C
000068d1   ti_sysbios_gates_GateHwi_Object__create__S
00006e6d   ti_sysbios_gates_GateHwi_Object__delete__S
20002190   ti_sysbios_gates_GateHwi_Object__table__V
000073f1   ti_sysbios_gates_GateHwi_enter__E
00007501   ti_sysbios_gates_GateHwi_leave__E
00007523   ti_sysbios_gates_GateHwi_query__E
00007523   ti_sysbios_gates_GateHwi_query__F
20002194   ti_sysbios_gates_GateMutexPri_Module__root__V
00007da0   ti_sysbios_hal_Hwi_E_stackOverflow__C
00007527   ti_sysbios_hal_Hwi_HwiProxy_Module__startupDone__S
00006401   ti_sysbios_hal_Hwi_HwiProxy_disableInterrupt__E
00006445   ti_sysbios_hal_Hwi_HwiProxy_enableInterrupt__E
000067bd   ti_sysbios_hal_Hwi_HwiProxy_getStackInfo__E
000074c5   ti_sysbios_hal_Hwi_HwiProxy_startup__E
00007171   ti_sysbios_hal_Hwi_HwiProxy_switchFromBootStack__E
00007eb0   ti_sysbios_hal_Hwi_Module__id__C
2000219c   ti_sysbios_hal_Hwi_Module__root__V
00007243   ti_sysbios_hal_Hwi_Module_startup__E
00007243   ti_sysbios_hal_Hwi_Module_startup__F
200021a4   ti_sysbios_hal_Hwi_Object__table__V
00006905   ti_sysbios_hal_Hwi_checkStack
00006401   ti_sysbios_hal_Hwi_disableInterrupt__E
00006445   ti_sysbios_hal_Hwi_enableInterrupt__E
000067bd   ti_sysbios_hal_Hwi_getStackInfo__E
00006ba7   ti_sysbios_hal_Hwi_initStack
000074c5   ti_sysbios_hal_Hwi_startup__E
00007171   ti_sysbios_hal_Hwi_switchFromBootStack__E
200021bc   ti_sysbios_hal_Timer_Module__root__V
000070b9   ti_sysbios_hal_Timer_Module__startupDone__F
000070b9   ti_sysbios_hal_Timer_Module__startupDone__S
00007255   ti_sysbios_hal_Timer_Module_startup__E
00007255   ti_sysbios_hal_Timer_Module_startup__F
200021c4   ti_sysbios_hal_Timer_Object__table__V
0000752b   ti_sysbios_hal_Timer_TimerProxy_Module__startupDone__S
0000752f   ti_sysbios_hal_Timer_TimerProxy_getPeriod__E
00006595   ti_sysbios_hal_Timer_TimerProxy_startup__E
00006595   ti_sysbios_hal_Timer_startup__E
00007da4   ti_sysbios_knl_Clock_Module_State_clockQ__O
200021cc   ti_sysbios_knl_Clock_Module__root__V
200026e8   ti_sysbios_knl_Clock_Module__state__V
00006d79   ti_sysbios_knl_Clock_Module_startup__E
00006d79   ti_sysbios_knl_Clock_Module_startup__F
00006d01   ti_sysbios_knl_Clock_addI__E
00006bd5   ti_sysbios_knl_Clock_doTick__I
00005c87   ti_sysbios_knl_Clock_logTick__E
00005add   ti_sysbios_knl_Clock_workFunc__E
00007da8   ti_sysbios_knl_Idle_coreList__A
00007d14   ti_sysbios_knl_Idle_coreList__C
00007dac   ti_sysbios_knl_Idle_funcList__A
00007d1c   ti_sysbios_knl_Idle_funcList__C
000074cd   ti_sysbios_knl_Idle_loop__E
00006a2d   ti_sysbios_knl_Idle_run__E
200021d4   ti_sysbios_knl_Queue_Module__root__V
000073fd   ti_sysbios_knl_Queue_Object__get__S
000073a7   ti_sysbios_knl_Queue_empty__E
00006f6b   ti_sysbios_knl_Queue_put__E
00007db0   ti_sysbios_knl_Semaphore_A_badContext__C
00007db4   ti_sysbios_knl_Semaphore_A_overflow__C
00007db8   ti_sysbios_knl_Semaphore_A_pendTaskDisabled__C
00007dbc   ti_sysbios_knl_Semaphore_Instance_State_pendQ__O
00007dc0   ti_sysbios_knl_Semaphore_Module__diagsEnabled__C
00007dc4   ti_sysbios_knl_Semaphore_Module__diagsIncluded__C
00007dc8   ti_sysbios_knl_Semaphore_Module__diagsMask__C
00007eb4   ti_sysbios_knl_Semaphore_Module__id__C
200021dc   ti_sysbios_knl_Semaphore_Module__root__V
200021e4   ti_sysbios_knl_Semaphore_Object__table__V
000065d5   ti_sysbios_knl_Semaphore_pendTimeout__I
000032ad   ti_sysbios_knl_Semaphore_pend__E
00004a0d   ti_sysbios_knl_Semaphore_post__E
000070d1   ti_sysbios_knl_Swi_Handle__label__S
200023d4   ti_sysbios_knl_Swi_Module_State_0_readyQ__A
200021f8   ti_sysbios_knl_Swi_Module__root__V
20002200   ti_sysbios_knl_Swi_Module__state__V
00006d9d   ti_sysbios_knl_Swi_Module_startup__E
00006d9d   ti_sysbios_knl_Swi_Module_startup__F
00007dcc   ti_sysbios_knl_Swi_Object__count__C
00007185   ti_sysbios_knl_Swi_Object__get__S
200026b8   ti_sysbios_knl_Swi_Object__table__V
000072fd   ti_sysbios_knl_Swi_disable__E
00006489   ti_sysbios_knl_Swi_post__E
00005f29   ti_sysbios_knl_Swi_restoreHwi__E
000066d1   ti_sysbios_knl_Swi_restore__E
00005dad   ti_sysbios_knl_Swi_run__I
0000513d   ti_sysbios_knl_Swi_schedule__I
00007507   ti_sysbios_knl_Swi_startup__E
00007dd0   ti_sysbios_knl_Task_A_badTimeout__C
00007dd4   ti_sysbios_knl_Task_A_sleepTaskDisabled__C
00007dd8   ti_sysbios_knl_Task_E_spOutOfBounds__C
00007ddc   ti_sysbios_knl_Task_E_stackOverflow__C
000070e9   ti_sysbios_knl_Task_Handle__label__S
20001980   ti_sysbios_knl_Task_Instance_State_0_hookEnv__A
20000360   ti_sysbios_knl_Task_Instance_State_0_stack__A
20001984   ti_sysbios_knl_Task_Instance_State_1_hookEnv__A
20000760   ti_sysbios_knl_Task_Instance_State_1_stack__A
20001988   ti_sysbios_knl_Task_Instance_State_2_hookEnv__A
20000b60   ti_sysbios_knl_Task_Instance_State_2_stack__A
2000198c   ti_sysbios_knl_Task_Instance_State_3_hookEnv__A
20000f60   ti_sysbios_knl_Task_Instance_State_3_stack__A
20002224   ti_sysbios_knl_Task_Module_State_0_idleTask__A
20002454   ti_sysbios_knl_Task_Module_State_0_readyQ__A
00007de0   ti_sysbios_knl_Task_Module_State_inactiveQ__O
00007de4   ti_sysbios_knl_Task_Module__diagsEnabled__C
00007de8   ti_sysbios_knl_Task_Module__diagsIncluded__C
00007dec   ti_sysbios_knl_Task_Module__diagsMask__C
00007eb8   ti_sysbios_knl_Task_Module__id__C
2000221c   ti_sysbios_knl_Task_Module__root__V
20002610   ti_sysbios_knl_Task_Module__state__V
000058f1   ti_sysbios_knl_Task_Module_startup__E
000058f1   ti_sysbios_knl_Task_Module_startup__F
00007df0   ti_sysbios_knl_Task_Object__count__C
0000730d   ti_sysbios_knl_Task_Object__get__S
200022a4   ti_sysbios_knl_Task_Object__table__V
00007533   ti_sysbios_knl_Task_SupportProxy_Module__startupDone__S
00007399   ti_sysbios_knl_Task_SupportProxy_checkStack__E
000067f5   ti_sysbios_knl_Task_SupportProxy_start__E
00007011   ti_sysbios_knl_Task_SupportProxy_swap__E
00007df4   ti_sysbios_knl_Task_allBlockedFunc__C
00006219   ti_sysbios_knl_Task_allBlockedFunction__I
00004fd9   ti_sysbios_knl_Task_checkStacks__E
0000731d   ti_sysbios_knl_Task_disable__E
00006e8d   ti_sysbios_knl_Task_enter__I
00005631   ti_sysbios_knl_Task_exit__E
00007cb8   ti_sysbios_knl_Task_hooks__A
00007d24   ti_sysbios_knl_Task_hooks__C
00007ebc   ti_sysbios_knl_Task_initStackFlag__C
00007df8   ti_sysbios_knl_Task_numConstructedTasks__C
00004bd5   ti_sysbios_knl_Task_postInit__I
00006615   ti_sysbios_knl_Task_processVitalTaskFlag__I
00006dc1   ti_sysbios_knl_Task_restoreHwi__E
00006c01   ti_sysbios_knl_Task_restore__E
00005869   ti_sysbios_knl_Task_schedule__I
00006b79   ti_sysbios_knl_Task_sleepTimeout__I
00003899   ti_sysbios_knl_Task_sleep__E
000056c1   ti_sysbios_knl_Task_startCore__E
00007537   ti_sysbios_knl_Task_startup__E
0000701d   ti_sysbios_knl_Task_swapReturn
00006091   ti_sysbios_knl_Task_unblockI__E
200019b0   time_string
000078a4   unshifted
00005ced   writemsg
00007dfc   xdc_runtime_Assert_E_assertFailed__C
00006261   xdc_runtime_Assert_raise__I
00007e00   xdc_runtime_Core_A_initializedParams__C
00007e04   xdc_runtime_Core_Module__diagsEnabled__C
00007e08   xdc_runtime_Core_Module__diagsIncluded__C
00007e0c   xdc_runtime_Core_Module__diagsMask__C
00007ec0   xdc_runtime_Core_Module__id__C
00006a5d   xdc_runtime_Core_assignLabel__I
000062a9   xdc_runtime_Core_assignParams__I
00004531   xdc_runtime_Core_createObject__I
00005c21   xdc_runtime_Core_deleteObject__I
00007e10   xdc_runtime_Error_E_memory__C
00007e14   xdc_runtime_Error_Module__diagsEnabled__C
00007e18   xdc_runtime_Error_Module__diagsIncluded__C
00007e1c   xdc_runtime_Error_Module__diagsMask__C
00007ec4   xdc_runtime_Error_Module__loggerDefined__C
00007e20   xdc_runtime_Error_Module__loggerFxn8__C
00007e24   xdc_runtime_Error_Module__loggerObj__C
20002228   xdc_runtime_Error_Module__state__V
00006f89   xdc_runtime_Error_check__E
00006f89   xdc_runtime_Error_check__F
0000753b   xdc_runtime_Error_getSite__E
0000753b   xdc_runtime_Error_getSite__F
00007409   xdc_runtime_Error_init__E
00007409   xdc_runtime_Error_init__F
00007ec8   xdc_runtime_Error_maxDepth__C
00007ef4   xdc_runtime_Error_policy__C
00005b49   xdc_runtime_Error_print__E
00005b49   xdc_runtime_Error_print__F
00007e28   xdc_runtime_Error_raiseHook__C
00003e21   xdc_runtime_Error_raiseX__E
00003e21   xdc_runtime_Error_raiseX__F
2000222c   xdc_runtime_GateNull_Module__root__V
00007415   xdc_runtime_Gate_enterSystem__E
00007415   xdc_runtime_Gate_enterSystem__F
0000732d   xdc_runtime_Gate_leaveSystem__E
0000732d   xdc_runtime_Gate_leaveSystem__F
00007e2c   xdc_runtime_HeapMin_A_zeroSize__C
00007e30   xdc_runtime_HeapMin_E_freeError__C
00007101   xdc_runtime_HeapMin_Handle__label__S
20001990   xdc_runtime_HeapMin_Instance_State_0_buf__A
000057dd   xdc_runtime_HeapMin_Instance_init__F
00007b94   xdc_runtime_HeapMin_Module__FXNS__C
00007e34   xdc_runtime_HeapMin_Module__diagsEnabled__C
00007e38   xdc_runtime_HeapMin_Module__diagsIncluded__C
00007e3c   xdc_runtime_HeapMin_Module__diagsMask__C
00007ecc   xdc_runtime_HeapMin_Module__id__C
20002234   xdc_runtime_HeapMin_Module__root__V
00007c24   xdc_runtime_HeapMin_Object__DESC__C
00007c44   xdc_runtime_HeapMin_Object__PARAMS__C
00006939   xdc_runtime_HeapMin_Object__create__S
00006ead   xdc_runtime_HeapMin_Object__delete__S
2000223c   xdc_runtime_HeapMin_Object__table__V
0000670d   xdc_runtime_HeapMin_alloc__E
0000670d   xdc_runtime_HeapMin_alloc__F
00007ed0   xdc_runtime_HeapMin_freeError__C
00006a8d   xdc_runtime_HeapMin_free__E
00006a8d   xdc_runtime_HeapMin_free__F
00007421   xdc_runtime_HeapMin_getStats__E
00007421   xdc_runtime_HeapMin_getStats__F
0000753f   xdc_runtime_HeapMin_isBlocking__E
0000753f   xdc_runtime_HeapMin_isBlocking__F
00007e40   xdc_runtime_IFilterLogger_Interface__BASE__C
00007e44   xdc_runtime_IGateProvider_Interface__BASE__C
00007e48   xdc_runtime_IHeap_Interface__BASE__C
00007e4c   xdc_runtime_ILogger_Interface__BASE__C
00007e50   xdc_runtime_IModule_Interface__BASE__C
00007e54   xdc_runtime_Log_L_error__C
00007e58   xdc_runtime_LoggerBuf_E_badLevel__C
00007119   xdc_runtime_LoggerBuf_Handle__label__S
20001880   xdc_runtime_LoggerBuf_Instance_State_0_entryArr__A
00007199   xdc_runtime_LoggerBuf_Instance_finalize__F
0000682d   xdc_runtime_LoggerBuf_Instance_init__F
00007543   xdc_runtime_LoggerBuf_Module_GateProxy_enter__E
00007547   xdc_runtime_LoggerBuf_Module_GateProxy_leave__E
00007523   xdc_runtime_LoggerBuf_Module_GateProxy_query__E
00007b2c   xdc_runtime_LoggerBuf_Module__FXNS__C
00007e5c   xdc_runtime_LoggerBuf_Module__gateObj__C
00007ed4   xdc_runtime_LoggerBuf_Module__id__C
2000224c   xdc_runtime_LoggerBuf_Module__root__V
20002254   xdc_runtime_LoggerBuf_Module__state__V
00006d29   xdc_runtime_LoggerBuf_Module_startup__E
00006d29   xdc_runtime_LoggerBuf_Module_startup__F
00007c64   xdc_runtime_LoggerBuf_Object__DESC__C
00007be0   xdc_runtime_LoggerBuf_Object__PARAMS__C
00007e60   xdc_runtime_LoggerBuf_Object__count__C
00005e0d   xdc_runtime_LoggerBuf_Object__create__S
00006ecd   xdc_runtime_LoggerBuf_Object__delete__S
000071ad   xdc_runtime_LoggerBuf_Object__get__S
20002734   xdc_runtime_LoggerBuf_Object__table__V
000042f5   xdc_runtime_LoggerBuf_TimestampProxy_get64__E
00007499   xdc_runtime_LoggerBuf_disable__E
00007499   xdc_runtime_LoggerBuf_disable__F
000074a3   xdc_runtime_LoggerBuf_enable__E
000074a3   xdc_runtime_LoggerBuf_enable__F
00007ed8   xdc_runtime_LoggerBuf_filterByLevel__C
000064cd   xdc_runtime_LoggerBuf_filterOutEvent__I
00005bb5   xdc_runtime_LoggerBuf_getFilterLevel__E
00005bb5   xdc_runtime_LoggerBuf_getFilterLevel__F
00006eed   xdc_runtime_LoggerBuf_reset__E
00006eed   xdc_runtime_LoggerBuf_reset__F
00005975   xdc_runtime_LoggerBuf_setFilterLevel__E
00005975   xdc_runtime_LoggerBuf_setFilterLevel__F
00007e64   xdc_runtime_LoggerBuf_statusLogger__C
0000733d   xdc_runtime_LoggerBuf_write0__E
0000733d   xdc_runtime_LoggerBuf_write0__F
00007267   xdc_runtime_LoggerBuf_write1__E
00007267   xdc_runtime_LoggerBuf_write1__F
000071c1   xdc_runtime_LoggerBuf_write2__E
000071c1   xdc_runtime_LoggerBuf_write2__F
00004d89   xdc_runtime_LoggerBuf_write4__E
00004d89   xdc_runtime_LoggerBuf_write4__F
000041c9   xdc_runtime_LoggerBuf_write8__E
000041c9   xdc_runtime_LoggerBuf_write8__F
00007523   xdc_runtime_Main_Module_GateProxy_query__E
0000754b   xdc_runtime_Memory_HeapProxy_alloc__E
0000754f   xdc_runtime_Memory_HeapProxy_free__E
00007edc   xdc_runtime_Memory_Module__id__C
2000225c   xdc_runtime_Memory_Module__state__V
00005a6d   xdc_runtime_Memory_alloc__E
00005a6d   xdc_runtime_Memory_alloc__F
0000742d   xdc_runtime_Memory_calloc__E
0000742d   xdc_runtime_Memory_calloc__F
00007e68   xdc_runtime_Memory_defaultHeapInstance__C
0000734d   xdc_runtime_Memory_free__E
0000734d   xdc_runtime_Memory_free__F
00007439   xdc_runtime_Memory_getMaxDefaultTypeAlign__E
00007439   xdc_runtime_Memory_getMaxDefaultTypeAlign__F
00006fa5   xdc_runtime_Memory_valloc__E
00006fa5   xdc_runtime_Memory_valloc__F
20002260   xdc_runtime_Registry_Module__state__V
00006f0d   xdc_runtime_Registry_findById__E
00006f0d   xdc_runtime_Registry_findById__F
20002268   xdc_runtime_Startup_Module__state__V
00000001   xdc_runtime_Startup__EXECFXN__C
00000001   xdc_runtime_Startup__RESETFXN__C
00007e6c   xdc_runtime_Startup_execImpl__C
000060e9   xdc_runtime_Startup_exec__E
000060e9   xdc_runtime_Startup_exec__F
00007279   xdc_runtime_Startup_exec__I
00007cfc   xdc_runtime_Startup_firstFxns__A
00007d2c   xdc_runtime_Startup_firstFxns__C
00007d34   xdc_runtime_Startup_lastFxns__A
00007d3c   xdc_runtime_Startup_lastFxns__C
00007e70   xdc_runtime_Startup_maxPasses__C
00005ecb   xdc_runtime_Startup_reset__I
00007cd0   xdc_runtime_Startup_sfxnRts__A
00007e74   xdc_runtime_Startup_sfxnRts__C
00007b68   xdc_runtime_Startup_sfxnTab__A
00007e78   xdc_runtime_Startup_sfxnTab__C
00004731   xdc_runtime_Startup_startMods__I
20001900   xdc_runtime_SysMin_Module_State_0_outbuf__A
20002270   xdc_runtime_SysMin_Module__state__V
00006f2d   xdc_runtime_SysMin_Module_startup__E
00006f2d   xdc_runtime_SysMin_Module_startup__F
00006abd   xdc_runtime_SysMin_abort__E
00006abd   xdc_runtime_SysMin_abort__F
00007e7c   xdc_runtime_SysMin_bufSize__C
00006fc1   xdc_runtime_SysMin_exit__E
00006fc1   xdc_runtime_SysMin_exit__F
00007ee0   xdc_runtime_SysMin_flushAtExit__C
00006511   xdc_runtime_SysMin_flush__E
00006511   xdc_runtime_SysMin_flush__F
00007e80   xdc_runtime_SysMin_outputFunc__C
00006e09   xdc_runtime_SysMin_output__I
00006865   xdc_runtime_SysMin_putch__E
00006865   xdc_runtime_SysMin_putch__F
0000735d   xdc_runtime_SysMin_ready__E
0000735d   xdc_runtime_SysMin_ready__F
00007553   xdc_runtime_System_Module_GateProxy_enter__E
00007557   xdc_runtime_System_Module_GateProxy_leave__E
00007523   xdc_runtime_System_Module_GateProxy_query__E
2000227c   xdc_runtime_System_Module_State_0_atexitHandlers__A
00007e84   xdc_runtime_System_Module__gateObj__C
2000228c   xdc_runtime_System_Module__state__V
0000750d   xdc_runtime_System_Module_startup__E
0000750d   xdc_runtime_System_Module_startup__F
00006abd   xdc_runtime_System_SupportProxy_abort__E
[...]
00006abd   xdc_runtime_SysMin_abort__E
00006abd   xdc_runtime_SysMin_abort__F
00006abd   xdc_runtime_System_SupportProxy_abort__E
00006aed   xdc_runtime_Text_printVisFxn__I
00006b1d   GPIODirModeSet
00006b4b   malloc
00006b79   ti_sysbios_knl_Task_sleepTimeout__I
00006ba7   ti_sysbios_hal_Hwi_initStack
00006bd5   ti_sysbios_knl_Clock_doTick__I
00006c01   ti_sysbios_knl_Task_restore__E
00006c2d   xdc_runtime_System_rtsExit__I
00006c59   xdc_runtime_Text_cordText__E
00006c59   xdc_runtime_Text_cordText__F
00006c85   xdc_runtime_System_putchar__I
00006cb1   TimerConfigure
00006cd9   ti_sysbios_family_arm_m3_Hwi_initStacks__E
00006d01   ti_sysbios_knl_Clock_addI__E
00006d29   xdc_runtime_LoggerBuf_Module_startup__E
00006d29   xdc_runtime_LoggerBuf_Module_startup__F
00006d51   xdc_runtime_System_avprintf__F
00006d79   ti_sysbios_knl_Clock_Module_startup__E
00006d79   ti_sysbios_knl_Clock_Module_startup__F
00006d9d   ti_sysbios_knl_Swi_Module_startup__E
00006d9d   ti_sysbios_knl_Swi_Module_startup__F
00006dc1   ti_sysbios_knl_Task_restoreHwi__E
00006de5   xdc_runtime_System_vprintf__F
00006e09   xdc_runtime_SysMin_output__I
00006e2d   ti_sysbios_BIOS_removeRTSLock__I
00006e4d   ti_sysbios_BIOS_startFunc__I
00006e6d   ti_sysbios_gates_GateHwi_Object__delete__S
00006e8d   ti_sysbios_knl_Task_enter__I
00006ead   xdc_runtime_HeapMin_Object__delete__S
00006ecd   xdc_runtime_LoggerBuf_Object__delete__S
00006eed   LoggerBuf_instanceStartup
00006eed   xdc_runtime_LoggerBuf_reset__E
00006eed   xdc_runtime_LoggerBuf_reset__F
00006f0d   xdc_runtime_Registry_findById__E
00006f0d   xdc_runtime_Registry_findById__F
00006f2d   xdc_runtime_SysMin_Module_startup__E
00006f2d   xdc_runtime_SysMin_Module_startup__F
00006f4d   ti_sysbios_family_arm_lm4_Timer_write__I
00006f6b   ti_sysbios_knl_Queue_put__E
00006f89   xdc_runtime_Error_check__E
00006f89   xdc_runtime_Error_check__F
00006fa5   xdc_runtime_Memory_valloc__E
00006fa5   xdc_runtime_Memory_valloc__F
00006fc1   xdc_runtime_SysMin_exit__E
00006fc1   xdc_runtime_SysMin_exit__F
00006fc1   xdc_runtime_System_SupportProxy_exit__E
00006fdd   xdc_runtime_System_aprintf__E
00006ff7   xdc_runtime_System_printf__E
00007011   ti_sysbios_family_arm_m3_TaskSupport_swap__E
00007011   ti_sysbios_knl_Task_SupportProxy_swap__E
0000701d   ti_sysbios_knl_Task_swapReturn
00007029   free
00007041   _args_main
00007059   ti_sysbios_family_arm_lm4_Timer_Module__startupDone__F
00007059   ti_sysbios_family_arm_lm4_Timer_Module__startupDone__S
00007071   ti_sysbios_family_arm_m3_Hwi_Handle__label__S
00007089   ti_sysbios_family_arm_m3_Hwi_Module__startupDone__F
00007089   ti_sysbios_family_arm_m3_Hwi_Module__startupDone__S
000070a1   ti_sysbios_gates_GateHwi_Handle__label__S
000070b9   ti_sysbios_hal_Timer_Module__startupDone__F
000070b9   ti_sysbios_hal_Timer_Module__startupDone__S
000070d1   ti_sysbios_knl_Swi_Handle__label__S
000070e9   ti_sysbios_knl_Task_Handle__label__S
00007101   xdc_runtime_HeapMin_Handle__label__S
00007119   xdc_runtime_LoggerBuf_Handle__label__S
00007131   xdc_runtime_Text_ropeText__E
00007131   xdc_runtime_Text_ropeText__F
00007149   _register_unlock
0000714f   _register_lock
00007157   _nop
0000715d   strlen
00007171   ti_sysbios_family_arm_m3_Hwi_switchFromBootStack__E
00007171   ti_sysbios_hal_Hwi_HwiProxy_switchFromBootStack__E
00007171   ti_sysbios_hal_Hwi_switchFromBootStack__E
00007185   ti_sysbios_knl_Swi_Object__get__S
00007199   xdc_runtime_LoggerBuf_Instance_finalize__F
000071ad   xdc_runtime_LoggerBuf_Object__get__S
000071c1   xdc_runtime_LoggerBuf_write2__E
000071c1   xdc_runtime_LoggerBuf_write2__F
000071d5   xdc_runtime_System_abort__E
000071d5   xdc_runtime_System_abort__F
000071e9   GPIOPinTypeGPIOInput
000071fb   GPIOPinTypeGPIOOutput
0000720d   GPIOPinTypeSSI
0000721f   TimerLoadSet
00007231   __TI_zero_init
00007243   ti_sysbios_hal_Hwi_Module_startup__E
00007243   ti_sysbios_hal_Hwi_Module_startup__F
00007255   ti_sysbios_hal_Timer_Module_startup__E
00007255   ti_sysbios_hal_Timer_Module_startup__F
00007267   xdc_runtime_LoggerBuf_write1__E
00007267   xdc_runtime_LoggerBuf_write1__F
00007279   xdc_runtime_Startup_exec__I
0000728b   ti_sysbios_family_arm_m3_TaskSupport_glue
0000729b   ti_sysbios_family_xxx_Hwi_switchToIsrStack
000072ab   strcpy
000072bd   ti_sysbios_BIOS_setThreadType__E
000072cd   ti_sysbios_BIOS_start__E
000072dd   ti_sysbios_family_arm_lm4_TimestampProvider_rolloverFunc__E
000072ed   ti_sysbios_family_arm_m3_Hwi_excHandler__I
000072fd   ti_sysbios_knl_Swi_disable__E
0000730d   ti_sysbios_knl_Task_Object__get__S
0000731d   ti_sysbios_knl_Task_disable__E
0000732d   xdc_runtime_Gate_leaveSystem__E
0000732d   xdc_runtime_Gate_leaveSystem__F
0000733d   xdc_runtime_LoggerBuf_write0__E
0000733d   xdc_runtime_LoggerBuf_write0__F
0000734d   xdc_runtime_Memory_free__E
0000734d   xdc_runtime_Memory_free__F
0000735d   xdc_runtime_SysMin_ready__E
0000735d   xdc_runtime_SysMin_ready__F
0000735d   xdc_runtime_System_SupportProxy_ready__E
0000736d   xdc_runtime_System_vsnprintf__F
0000737d   TimerEnable
0000738b   __TI_decompress_none
00007399   ti_sysbios_family_arm_m3_TaskSupport_checkStack__E
00007399   ti_sysbios_knl_Task_SupportProxy_checkStack__E
000073a7   ti_sysbios_knl_Queue_empty__E
000073b5   ti_catalog_arm_cortexm4_tiva_ce_Boot_init__I
000073c1   GPIOPinIntEnable
000073cd   ti_sysbios_family_xxx_Hwi_switchToTaskStack
000073d9   ti_sysbios_family_arm_lm4_Timer_masterDisable__I
000073e5   ti_sysbios_family_arm_lm4_TimestampProvider_startTimer__E
000073f1   ti_sysbios_gates_GateHwi_enter__E
000073fd   ti_sysbios_knl_Queue_Object__get__S
00007409   xdc_runtime_Error_init__E
00007409   xdc_runtime_Error_init__F
00007415   xdc_runtime_Gate_enterSystem__E
00007415   xdc_runtime_Gate_enterSystem__F
00007421   xdc_runtime_HeapMin_getStats__E
00007421   xdc_runtime_HeapMin_getStats__F
0000742d   xdc_runtime_Memory_calloc__E
0000742d   xdc_runtime_Memory_calloc__F
00007439   xdc_runtime_Memory_getMaxDefaultTypeAlign__E
00007439   xdc_runtime_Memory_getMaxDefaultTypeAlign__F
00007445   xdc_runtime_System_exit__E
00007445   xdc_runtime_System_exit__F
00007451   xdc_runtime_System_lastFxn__I
0000745d   GPIOPinRead
00007467   GPIOPinWrite
00007471   SSIDataPut
0000747b   SSIEnable
00007499   xdc_runtime_LoggerBuf_disable__E
00007499   xdc_runtime_LoggerBuf_disable__F
000074a3   xdc_runtime_LoggerBuf_enable__E
000074a3   xdc_runtime_LoggerBuf_enable__F
000074ad   SSIBusy
000074b5   TimerIntEnable
000074bd   ti_sysbios_family_arm_m3_Hwi_doSwiRestore__I
000074c5   ti_sysbios_family_arm_m3_Hwi_startup__E
000074c5   ti_sysbios_hal_Hwi_HwiProxy_startup__E
000074c5   ti_sysbios_hal_Hwi_startup__E
000074cd   ti_sysbios_knl_Idle_loop__E
000074d5   xdc_runtime_Text_visitRope__I
000074dd   GPIOPinIntClear
000074e3   __xdc__init
000074e9   __TI_decompress_rle24
000074ef   ti_catalog_arm_cortexm4_tiva_ce_Boot_sysCtlDelayI__I
000074f5   ti_sysbios_family_arm_lm4_TimestampProvider_Module_startup__E
000074f5   ti_sysbios_family_arm_lm4_TimestampProvider_Module_startup__F
000074fb   ti_sysbios_family_arm_m3_Hwi_doTaskRestore__I
00007501   ti_sysbios_gates_GateHwi_leave__E
00007507   ti_sysbios_knl_Swi_startup__E
0000750d   xdc_runtime_System_Module_startup__E
0000750d   xdc_runtime_System_Module_startup__F
00007513   TimerIntClear
00007517   ti_sysbios_family_arm_lm4_Timer_getPeriod__E
0000751b   ti_sysbios_family_arm_lm4_Timer_masterEnable__I
0000751f   ti_sysbios_family_arm_m3_TaskSupport_Module__startupDone__S
00007523   ti_sysbios_gates_GateHwi_query__E
00007523   ti_sysbios_gates_GateHwi_query__F
00007523   xdc_runtime_LoggerBuf_Module_GateProxy_query__E
00007523   xdc_runtime_Main_Module_GateProxy_query__E
00007523   xdc_runtime_System_Module_GateProxy_query__E
00007527   ti_sysbios_hal_Hwi_HwiProxy_Module__startupDone__S
0000752b   ti_sysbios_hal_Timer_TimerProxy_Module__startupDone__S
0000752f   ti_sysbios_hal_Timer_TimerProxy_getPeriod__E
00007533   ti_sysbios_knl_Task_SupportProxy_Module__startupDone__S
00007537   ti_sysbios_knl_Task_startup__E
0000753b   xdc_runtime_Error_getSite__E
0000753b   xdc_runtime_Error_getSite__F
0000753f   xdc_runtime_HeapMin_isBlocking__E
0000753f   xdc_runtime_HeapMin_isBlocking__F
00007543   xdc_runtime_LoggerBuf_Module_GateProxy_enter__E
00007547   xdc_runtime_LoggerBuf_Module_GateProxy_leave__E
0000754b   xdc_runtime_Memory_HeapProxy_alloc__E
0000754f   xdc_runtime_Memory_HeapProxy_free__E
00007553   xdc_runtime_System_Module_GateProxy_enter__E
00007557   xdc_runtime_System_Module_GateProxy_leave__E
0000755b   xdc_runtime_System_aprintf_va__F
0000755f   xdc_runtime_System_printf_va__F
00007563   xdc_runtime_System_vsnprintf__E
00007568   MyFont
00007720   ti_sysbios_family_arm_m3_Hwi_priorities__A
000077f8   shifted
000078a4   unshifted
00007b2c   xdc_runtime_LoggerBuf_Module__FXNS__C
00007b68   xdc_runtime_Startup_sfxnTab__A
00007b94   xdc_runtime_HeapMin_Module__FXNS__C
00007bbc   ti_sysbios_gates_GateHwi_Module__FXNS__C
00007be0   xdc_runtime_LoggerBuf_Object__PARAMS__C
00007c04   ti_sysbios_gates_GateHwi_Object__DESC__C
00007c24   xdc_runtime_HeapMin_Object__DESC__C
00007c44   xdc_runtime_HeapMin_Object__PARAMS__C
00007c64   xdc_runtime_LoggerBuf_Object__DESC__C
00007c84   UI
00007c88   ButTask
00007c8c   Clock
00007c90   KeySem
00007c94   Keyboard
00007c98   KeyboardTask
00007c9c   hwi2
00007ca0   ti_sysbios_gates_GateHwi_Object__PARAMS__C
00007cb8   ti_sysbios_knl_Task_hooks__A
00007cd0   xdc_runtime_Startup_sfxnRts__A
00007cfc   xdc_runtime_Startup_firstFxns__A
00007d0c   ti_sysbios_family_arm_m3_Hwi_excHookFuncs__A
00007d14   ti_sysbios_knl_Idle_coreList__C
00007d1c   ti_sysbios_knl_Idle_funcList__C
00007d24   ti_sysbios_knl_Task_hooks__C
00007d2c   xdc_runtime_Startup_firstFxns__C
00007d34   xdc_runtime_Startup_lastFxns__A
00007d3c   xdc_runtime_Startup_lastFxns__C
00007d44   ti_catalog_arm_cortexm4_tiva_ce_Boot_A_mustUseEnhancedClockMode__C
00007d48   ti_catalog_arm_cortexm4_tiva_ce_Boot_Module__diagsEnabled__C
00007d4c   ti_catalog_arm_cortexm4_tiva_ce_Boot_Module__diagsIncluded__C
00007d50   ti_catalog_arm_cortexm4_tiva_ce_Boot_Module__diagsMask__C
00007d54   ti_sysbios_BIOS_installedErrorHook__C
00007d58   ti_sysbios_family_arm_lm4_Timer_numTimerDevices__C
00007d5c   ti_sysbios_family_arm_lm4_Timer_startupNeeded__C
00007d60   ti_sysbios_family_arm_m3_Hwi_E_NMI__C
00007d64   ti_sysbios_family_arm_m3_Hwi_E_busFault__C
00007d68   ti_sysbios_family_arm_m3_Hwi_E_debugMon__C
00007d6c   ti_sysbios_family_arm_m3_Hwi_E_hardFault__C
00007d70   ti_sysbios_family_arm_m3_Hwi_E_memFault__C
00007d74   ti_sysbios_family_arm_m3_Hwi_E_noIsr__C
00007d78   ti_sysbios_family_arm_m3_Hwi_E_reserved__C
00007d7c   ti_sysbios_family_arm_m3_Hwi_E_svCall__C
00007d80   ti_sysbios_family_arm_m3_Hwi_E_usageFault__C
00007d84   ti_sysbios_family_arm_m3_Hwi_NUM_INTERRUPTS__C
00007d88   ti_sysbios_family_arm_m3_Hwi_ccr__C
00007d8c   ti_sysbios_family_arm_m3_Hwi_dispatchTable__C
00007d90   ti_sysbios_family_arm_m3_Hwi_excHandlerFunc__C
00007d94   ti_sysbios_family_arm_m3_Hwi_excHookFuncs__C
00007d98   ti_sysbios_family_arm_m3_Hwi_priGroup__C
00007d9c   ti_sysbios_family_arm_m3_Hwi_priorities__C
00007da0   ti_sysbios_hal_Hwi_E_stackOverflow__C
00007da4   ti_sysbios_knl_Clock_Module_State_clockQ__O
00007da8   ti_sysbios_knl_Idle_coreList__A
00007dac   ti_sysbios_knl_Idle_funcList__A
00007db0   ti_sysbios_knl_Semaphore_A_badContext__C
00007db4   ti_sysbios_knl_Semaphore_A_overflow__C
00007db8   ti_sysbios_knl_Semaphore_A_pendTaskDisabled__C
00007dbc   ti_sysbios_knl_Semaphore_Instance_State_pendQ__O
00007dc0   ti_sysbios_knl_Semaphore_Module__diagsEnabled__C
00007dc4   ti_sysbios_knl_Semaphore_Module__diagsIncluded__C
00007dc8   ti_sysbios_knl_Semaphore_Module__diagsMask__C
00007dcc   ti_sysbios_knl_Swi_Object__count__C
00007dd0   ti_sysbios_knl_Task_A_badTimeout__C
00007dd4   ti_sysbios_knl_Task_A_sleepTaskDisabled__C
00007dd8   ti_sysbios_knl_Task_E_spOutOfBounds__C
00007ddc   ti_sysbios_knl_Task_E_stackOverflow__C
00007de0   ti_sysbios_knl_Task_Module_State_inactiveQ__O
00007de4   ti_sysbios_knl_Task_Module__diagsEnabled__C
00007de8   ti_sysbios_knl_Task_Module__diagsIncluded__C
00007dec   ti_sysbios_knl_Task_Module__diagsMask__C
00007df0   ti_sysbios_knl_Task_Object__count__C
00007df4   ti_sysbios_knl_Task_allBlockedFunc__C
00007df8   ti_sysbios_knl_Task_numConstructedTasks__C
00007dfc   xdc_runtime_Assert_E_assertFailed__C
00007e00   xdc_runtime_Core_A_initializedParams__C
00007e04   xdc_runtime_Core_Module__diagsEnabled__C
00007e08   xdc_runtime_Core_Module__diagsIncluded__C
00007e0c   xdc_runtime_Core_Module__diagsMask__C
00007e10   xdc_runtime_Error_E_memory__C
00007e14   xdc_runtime_Error_Module__diagsEnabled__C
00007e18   xdc_runtime_Error_Module__diagsIncluded__C
00007e1c   xdc_runtime_Error_Module__diagsMask__C
00007e20   xdc_runtime_Error_Module__loggerFxn8__C
00007e24   xdc_runtime_Error_Module__loggerObj__C
00007e28   xdc_runtime_Error_raiseHook__C
00007e2c   xdc_runtime_HeapMin_A_zeroSize__C
00007e30   xdc_runtime_HeapMin_E_freeError__C
00007e34   xdc_runtime_HeapMin_Module__diagsEnabled__C
00007e38   xdc_runtime_HeapMin_Module__diagsIncluded__C
00007e3c   xdc_runtime_HeapMin_Module__diagsMask__C
00007e40   xdc_runtime_IFilterLogger_Interface__BASE__C
00007e44   xdc_runtime_IGateProvider_Interface__BASE__C
00007e48   xdc_runtime_IHeap_Interface__BASE__C
00007e4c   xdc_runtime_ILogger_Interface__BASE__C
00007e50   xdc_runtime_IModule_Interface__BASE__C
00007e54   xdc_runtime_Log_L_error__C
00007e58   xdc_runtime_LoggerBuf_E_badLevel__C
00007e5c   xdc_runtime_LoggerBuf_Module__gateObj__C
00007e60   xdc_runtime_LoggerBuf_Object__count__C
00007e64   xdc_runtime_LoggerBuf_statusLogger__C
00007e68   xdc_runtime_Memory_defaultHeapInstance__C
00007e6c   xdc_runtime_Startup_execImpl__C
00007e70   xdc_runtime_Startup_maxPasses__C
00007e74   xdc_runtime_Startup_sfxnRts__C
00007e78   xdc_runtime_Startup_sfxnTab__C
00007e7c   xdc_runtime_SysMin_bufSize__C
00007e80   xdc_runtime_SysMin_outputFunc__C
00007e84   xdc_runtime_System_Module__gateObj__C
00007e88   xdc_runtime_System_extendFxn__C
00007e8c   xdc_runtime_System_maxAtexitHandlers__C
00007e90   xdc_runtime_Text_charTab__C
00007e94   xdc_runtime_Text_nameEmpty__C
00007e98   xdc_runtime_Text_nameStatic__C
00007e9c   xdc_runtime_Text_nameUnknown__C
00007ea0   xdc_runtime_Text_visitRopeFxn__C
00007ea4   ti_catalog_arm_cortexm4_tiva_ce_Boot_Module__id__C
00007ea8   ti_sysbios_family_arm_lm4_TimestampProvider_useClockTimer__C
00007eac   ti_sysbios_family_arm_m3_Hwi_Module__id__C
00007eb0   ti_sysbios_hal_Hwi_Module__id__C
00007eb4   ti_sysbios_knl_Semaphore_Module__id__C
00007eb8   ti_sysbios_knl_Task_Module__id__C
00007ebc   ti_sysbios_knl_Task_initStackFlag__C
00007ec0   xdc_runtime_Core_Module__id__C
00007ec4   xdc_runtime_Error_Module__loggerDefined__C
00007ec8   xdc_runtime_Error_maxDepth__C
00007ecc   xdc_runtime_HeapMin_Module__id__C
00007ed0   xdc_runtime_HeapMin_freeError__C
00007ed4   xdc_runtime_LoggerBuf_Module__id__C
00007ed8   xdc_runtime_LoggerBuf_filterByLevel__C
00007edc   xdc_runtime_Memory_Module__id__C
00007ee0   xdc_runtime_SysMin_flushAtExit__C
00007ee4   xdc_runtime_Text_charCnt__C
00007ee8   xdc_runtime_Text_isLoaded__C
00007eec   xdc_runtime_Text_registryModsLastId__C
00007ef0   xdc_runtime_Text_unnamedModsLastId__C
00007ef4   xdc_runtime_Error_policy__C
0000866c   __TI_Handler_Table_Base
00008678   __TI_Handler_Table_Limit
00008688   __TI_CINIT_Base
000086a0   __TI_CINIT_Limit
20000000   ti_sysbios_family_arm_m3_Hwi_ramVectors
20000360   ti_sysbios_knl_Task_Instance_State_0_stack__A
20000760   ti_sysbios_knl_Task_Instance_State_1_stack__A
20000b60   ti_sysbios_knl_Task_Instance_State_2_stack__A
20000f60   ti_sysbios_knl_Task_Instance_State_3_stack__A
20001360   glcd_buffer
20001760   __CIOBUF_
20001880   xdc_runtime_LoggerBuf_Instance_State_0_entryArr__A
20001900   xdc_runtime_SysMin_Module_State_0_outbuf__A
20001980   ti_sysbios_knl_Task_Instance_State_0_hookEnv__A
20001984   ti_sysbios_knl_Task_Instance_State_1_hookEnv__A
20001988   ti_sysbios_knl_Task_Instance_State_2_hookEnv__A
2000198c   ti_sysbios_knl_Task_Instance_State_3_hookEnv__A
20001990   xdc_runtime_HeapMin_Instance_State_0_buf__A
200019b0   time_string
200019c7   scrollcountstring
200019d7   glcd_dirty_pages
200019d8   ItemBlock1
20001dc0   ti_sysbios_family_arm_m3_Hwi_Module_State_0_dispatchTable__A
20002120   ti_sysbios_BIOS_Module__state__V
20002140   ti_sysbios_family_arm_lm4_Timer_Module__root__V
20002148   ti_sysbios_family_arm_lm4_Timer_Module_State_0_handles__A
20002160   ti_sysbios_family_arm_lm4_Timer_Module__state__V
2000216c   ti_sysbios_family_arm_lm4_TimestampProvider_Module__state__V
20002174   ti_sysbios_family_arm_m3_Hwi_Module__root__V
2000217c   ti_sysbios_family_arm_m3_Hwi_Module_State_0_excActive__A
20002180   ti_sysbios_family_arm_m3_Hwi_Module_State_0_excContext__A
20002184   ti_sysbios_family_arm_m3_Hwi_Module_State_0_excStack__A
20002188   ti_sysbios_gates_GateHwi_Module__root__V
20002190   ti_sysbios_gates_GateHwi_Object__table__V
20002194   ti_sysbios_gates_GateMutexPri_Module__root__V
2000219c   ti_sysbios_hal_Hwi_Module__root__V
200021a4   ti_sysbios_hal_Hwi_Object__table__V
200021bc   ti_sysbios_hal_Timer_Module__root__V
200021c4   ti_sysbios_hal_Timer_Object__table__V
200021cc   ti_sysbios_knl_Clock_Module__root__V
200021d4   ti_sysbios_knl_Queue_Module__root__V
200021dc   ti_sysbios_knl_Semaphore_Module__root__V
200021e4   ti_sysbios_knl_Semaphore_Object__table__V
200021f8   ti_sysbios_knl_Swi_Module__root__V
20002200   ti_sysbios_knl_Swi_Module__state__V
2000221c   ti_sysbios_knl_Task_Module__root__V
20002224   ti_sysbios_knl_Task_Module_State_0_idleTask__A
20002228   xdc_runtime_Error_Module__state__V
2000222c   xdc_runtime_GateNull_Module__root__V
20002234   xdc_runtime_HeapMin_Module__root__V
2000223c   xdc_runtime_HeapMin_Object__table__V
2000224c   xdc_runtime_LoggerBuf_Module__root__V
20002254   xdc_runtime_LoggerBuf_Module__state__V
2000225c   xdc_runtime_Memory_Module__state__V
20002260   xdc_runtime_Registry_Module__state__V
20002268   xdc_runtime_Startup_Module__state__V
20002270   xdc_runtime_SysMin_Module__state__V
2000227c   xdc_runtime_System_Module_State_0_atexitHandlers__A
2000228c   xdc_runtime_System_Module__state__V
20002298   xdc_runtime_Text_Module__state__V
200022a0   __xdc__init__addr
200022a4   ti_sysbios_knl_Task_Object__table__V
20002388   TSK_idle
200023d4   ti_sysbios_knl_Swi_Module_State_0_readyQ__A
20002454   ti_sysbios_knl_Task_Module_State_0_readyQ__A
200024d4   ti_sysbios_family_arm_m3_Hwi_Object__table__V
2000254c   ti_sysbios_family_arm_lm4_Timer_Object__table__V
200025bc   ti_sysbios_family_arm_m3_Hwi_Module__state__V
20002610   ti_sysbios_knl_Task_Module__state__V
20002654   ItemLookUp
20002688   ti_sysbios_family_arm_lm4_Timer_Module_State_0_device__A
200026b8   ti_sysbios_knl_Swi_Object__table__V
200026e8   ti_sysbios_knl_Clock_Module__state__V
20002710   glcd_flipped
20002714   pagemap
20002734   xdc_runtime_LoggerBuf_Object__table__V
20002758   _lock
2000275c   _unlock
20002760   _cleanup_ptr
20002764   _dtors_ptr
20002768   TimeOfDay
20002778   ScrollCnt
2000277a   Val
2000277c   StateInfo
2000277f   LastState
20002784   main_func_sp
2000278c   __stack
2000298c   __STACK_TOP
20002b8c   __STACK_END
e000e000   ti_sysbios_family_arm_m3_Hwi_nvic
ffffffff   __binit__
ffffffff   __c_args__
ffffffff   binit
UNDEFED    SHT$$INIT_ARRAY$$Base
UNDEFED    SHT$$INIT_ARRAY$$Limit

[659 symbols]
