******************************************************************************
                  TI ARM Linker PC v5.0.4                      
******************************************************************************
>> Linked Mon Jun 03 21:34:19 2013

OUTPUT FILE NAME:   <Grocery.out>
ENTRY POINT SYMBOL: "_c_int00"  address: 000073e5


MEMORY CONFIGURATION

         name            origin    length      used     unused   attr    fill
----------------------  --------  ---------  --------  --------  ----  --------
  FLASH                 00000000   00040000  00009bb3  0003644d  R  X
  SRAM                  20000000   00008000  000034bc  00004b44  RW X


SEGMENT ALLOCATION MAP

run origin  load origin   length   init length attrs members
----------  ----------- ---------- ----------- ----- -------
00000000    00000000    00009bb8   00009bb8    r-x
  00000000    00000000    00000360   00000360    r-- .resetVecs
  00000360    00000360    0000860a   0000860a    r-x .text
  0000896c    0000896c    000009b9   000009b9    r-- .const
  00009328    00009328    00000890   00000890    r-- .cinit
20000000    20000000    000021d9   00000000    rw-
  20000000    20000000    00000360   00000000    rw- .vecs
  20000360    20000360    00001e79   00000000    rw- .bss
200021dc    200021dc    000012e4   00000ee3    rw-
  200021dc    200021dc    00000ee3   00000ee3    rw- .data
  200030c0    200030c0    00000400   00000000    rw- .stack


SECTION ALLOCATION MAP

 output                                  attributes/
section   page    origin      length       input sections
--------  ----  ----------  ----------   ----------------
.bootVecs 
*          0    00000000    00000008     DSECT
                  00000000    00000008     boot.aem4f : boot.oem4f (.bootVecs)

.resetVecs 
*          0    00000000    00000360     
                  00000000    00000360     app_pem4f.oem4f (.resetVecs)

xdc.meta   0    00000000    000000d9     COPY SECTION
                  00000000    000000d9     app_pem4f.oem4f (xdc.meta)

xdc.noload 
*          0    00000000    0000124e     COPY SECTION
                  00000000    0000124e     app_pem4f.oem4f (xdc.noload)

.init_array 
*          0    00000000    00000000     UNINITIALIZED

.text      0    00000360    0000860a     
                  00000360    00000d00     UiMessages.obj (.text)
                  00001060    00000bd0     main.obj (.text)
                  00001c30    000008f2     graphics.obj (.text)
                  00002522    00000002     sysbios.aem4f : BIOS.obj (.text:ti_sysbios_BIOS_nullFunc__I)
                  00002524    00000658     UI.obj (.text)
                  00002b7c    000005a8     Ps2Keyboard.obj (.text)
                  00003124    00000484     st7565.obj (.text)
                  000035a8    00000424     sysbios.aem4f : BIOS.obj (.text:ti_sysbios_family_arm_m3_Hwi_excDumpRegs__I)
                  000039cc    000003e4     Graphics_Bmp.obj (.text)
                  00003db0    0000037c     StateManagement.obj (.text)
                  0000412c    00000344     ti.targets.arm.rtsarm.aem4f : System.oem4f (.text:xdc_runtime_System_doPrint__I)
                  00004470    000002e4     rtsv7M4_T_le_v4SPD16_eabi.lib : trgdrv.obj (.text)
                  00004754    00000238     sysbios.aem4f : BIOS.obj (.text:ti_sysbios_knl_Semaphore_pend__E)
                  0000498c    000001dc                   : BIOS.obj (.text:ti_sysbios_family_arm_m3_Hwi_excHandlerMax__I)
                  00004b68    000001d8     driverlib-cm4f.lib : sysctl.obj (.text:SysCtlClockGet)
                  00004d40    0000018c     sysbios.aem4f : BIOS.obj (.text:ti_sysbios_knl_Task_sleep__E)
                  00004ecc    00000168                   : BIOS.obj (.text:ti_sysbios_family_arm_m3_Hwi_excBusFault__I)
                  00005034    00000154                   : BIOS.obj (.text:ti_sysbios_family_arm_m3_Hwi_excUsageFault__I)
                  00005188    00000140                   : BIOS.obj (.text:ti_sysbios_family_arm_m3_Hwi_excMemFault__I)
                  000052c8    0000013c     ti.targets.arm.rtsarm.aem4f : Error.oem4f (.text:xdc_runtime_Error_raiseX__F)
                  00005404    00000138     Boot.aem4f : Boot_sysctl.oem4f (.text:ti_catalog_arm_cortexm4_tiva_ce_Boot_sysCtlClockSetI__I)
                  0000553c    00000134     sysbios.aem4f : m3_Hwi_asm.obj (.text:ti_sysbios_family_arm_m3_Hwi_dispatch__I)
                  00005670    0000012c     ti.targets.arm.rtsarm.aem4f : LoggerBuf.oem4f (.text:xdc_runtime_LoggerBuf_write8__F)
                  0000579c    00000128     sysbios.aem4f : BIOS.obj (.text:ti_sysbios_family_arm_lm4_TimestampProvider_get64__E)
                  000058c4    00000114                   : BIOS.obj (.text:ti_sysbios_family_arm_lm4_Timer_initDevice__I)
                  000059d8    00000104     ti.targets.arm.rtsarm.aem4f : Core-mem.oem4f (.text:xdc_runtime_Core_createObject__I)
                  00005adc    000000fc     sysbios.aem4f : BIOS.obj (.text:ti_sysbios_family_arm_lm4_Timer_start__E)
                  00005bd8    000000f8     ti.targets.arm.rtsarm.aem4f : Startup.oem4f (.text:xdc_runtime_Startup_startMods__I)
                  00005cd0    000000f8     app_pem4f.oem4f (.text:xdc_runtime_System_printfExtend__I)
                  00005dc8    000000ec     rtsv7M4_T_le_v4SPD16_eabi.lib : dtor_list.obj (.text)
                  00005eb4    000000ec     sysbios.aem4f : BIOS.obj (.text:ti_sysbios_knl_Semaphore_post__E)
                  00005fa0    000000dc                   : BIOS.obj (.text:ti_sysbios_family_arm_m3_Hwi_initNVIC__E)
                  0000607c    000000dc                   : BIOS.obj (.text:ti_sysbios_knl_Task_postInit__I)
                  00006158    000000d8     Clock.obj (.text)
                  00006230    000000d4     ti.targets.arm.rtsarm.aem4f : LoggerBuf.oem4f (.text:xdc_runtime_LoggerBuf_write4__F)
                  00006304    000000c8     driverlib-cm4f.lib : gpio.obj (.text:GPIOPadConfigSet)
                  000063cc    000000b4     sysbios.aem4f : BIOS.obj (.text:ti_sysbios_family_arm_m3_Hwi_excHardFault__I)
                  00006480    000000b4                   : BIOS.obj (.text:ti_sysbios_knl_Task_checkStacks__E)
                  00006534    000000b0                   : BIOS.obj (.text:ti_sysbios_family_arm_m3_Hwi_excDebugMon__I)
                  000065e4    000000ac                   : BIOS.obj (.text:ti_sysbios_knl_Swi_schedule__I)
                  00006690    000000a4                   : BIOS.obj (.text:ti_sysbios_family_arm_m3_Hwi_Module_startup__F)
                  00006734    000000a0     auto_init.aem4f : auto_init.oem4f (.text)
                  000067d4    0000009c     rtsv7M4_T_le_v4SPD16_eabi.lib : memcpy_t2.obj (.text)
                  00006870    0000009a     ti.targets.arm.rtsarm.aem4f : Text.oem4f (.text:xdc_runtime_Text_putSite__F)
                  0000690a    00000002     sysbios.aem4f : BIOS.obj (.text:ti_sysbios_gates_GateHwi_Instance_init__F)
                  0000690c    00000094     Boot.aem4f : Boot.oem4f (.text:ti_catalog_arm_cortexm4_tiva_ce_Boot_sysCtlClockSet__E)
                  000069a0    00000094     ti.targets.arm.rtsarm.aem4f : Text.oem4f (.text:xdc_runtime_Text_putMod__F)
                  00006a34    00000090     sysbios.aem4f : BIOS.obj (.text:ti_sysbios_knl_Task_exit__E)
                  00006ac4    00000090                   : BIOS.obj (.text:ti_sysbios_knl_Task_startCore__E)
                  00006b54    0000008c                   : m3_TaskSupport_asm.obj (.text:_ti_sysbios_family_arm_m3_TaskSupport_buildTaskStack)
                  00006be0    0000008c     ti.targets.arm.rtsarm.aem4f : HeapMin.oem4f (.text:xdc_runtime_HeapMin_Instance_init__F)
                  00006c6c    00000088     sysbios.aem4f : BIOS.obj (.text:ti_sysbios_knl_Task_schedule__I)
                  00006cf4    00000084                   : BIOS.obj (.text:ti_sysbios_knl_Task_Module_startup__F)
                  00006d78    00000080     ti.targets.arm.rtsarm.aem4f : LoggerBuf.oem4f (.text:xdc_runtime_LoggerBuf_setFilterLevel__F)
                  00006df8    00000078     rtsv7M4_T_le_v4SPD16_eabi.lib : memset_t2.obj (.text)
                  00006e70    00000070     ti.targets.arm.rtsarm.aem4f : Memory.oem4f (.text:xdc_runtime_Memory_alloc__F)
                  00006ee0    0000006c     sysbios.aem4f : BIOS.obj (.text:ti_sysbios_knl_Clock_workFunc__E)
                  00006f4c    0000006c     ti.targets.arm.rtsarm.aem4f : Error.oem4f (.text:xdc_runtime_Error_print__F)
                  00006fb8    0000006c                                 : LoggerBuf.oem4f (.text:xdc_runtime_LoggerBuf_getFilterLevel__F)
                  00007024    00000066                                 : Core-mem.oem4f (.text:xdc_runtime_Core_deleteObject__I)
                  0000708a    00000002     sysbios.aem4f : BIOS.obj (.text:ti_sysbios_knl_Clock_logTick__E)
                  0000708c    00000064     driverlib-cm4f.lib : interrupt.obj (.text:IntEnable)
                  000070f0    00000060     rtsv7M4_T_le_v4SPD16_eabi.lib : trgmsg.obj (.text)
                  00007150    00000060     sysbios.aem4f : BIOS.obj (.text:ti_sysbios_family_arm_m3_Hwi_dispatchC__I)
                  000071b0    00000060                   : BIOS.obj (.text:ti_sysbios_knl_Swi_run__I)
                  00007210    00000060     app_pem4f.oem4f (.text:xdc_runtime_LoggerBuf_Object__create__S)
                  00007270    0000005e     rtsv7M4_T_le_v4SPD16_eabi.lib : copy_decompress_rle.obj (.text)
                  000072ce    00000002     app_pem4f.oem4f (.text:xdc_runtime_Startup_reset__I)
                  000072d0    0000005c     sysbios.aem4f : BIOS.obj (.text:ti_sysbios_family_arm_lm4_Timer_Module_startup__F)
                  0000732c    0000005c                   : BIOS.obj (.text:ti_sysbios_knl_Swi_restoreHwi__E)
                  00007388    0000005b     ti.targets.arm.rtsarm.aem4f : Text.oem4f (.text:xdc_runtime_Text_putLab__F)
                  000073e3    00000001     --HOLE-- [fill = 0]
                  000073e4    00000058     boot.aem4f : boot.oem4f (.text)
                  0000743c    00000058     driverlib-cm4f.lib : sysctl.obj (.text:SysCtlPeripheralEnable)
                  00007494    00000058     sysbios.aem4f : BIOS.obj (.text:ti_sysbios_knl_Task_unblockI__E)
                  000074ec    00000050     ti.targets.arm.rtsarm.aem4f : Startup.oem4f (.text:xdc_runtime_Startup_exec__F)
                  0000753c    00000050                                 : System.oem4f (.text:xdc_runtime_System_formatNum__I)
                  0000758c    00000048     driverlib-cm4f.lib : gpio.obj (.text:GPIOPinConfigure)
                  000075d4    00000048     sysbios.aem4f : BIOS.obj (.text:ti_sysbios_family_arm_m3_Hwi_excReserved__I)
                  0000761c    00000048                   : BIOS.obj (.text:ti_sysbios_knl_Task_allBlockedFunction__I)
                  00007664    00000048     ti.targets.arm.rtsarm.aem4f : Assert.oem4f (.text:xdc_runtime_Assert_raise__I)
                  000076ac    00000048                                 : Core-params.oem4f (.text:xdc_runtime_Core_assignParams__I)
                  000076f4    00000044     driverlib-cm4f.lib : gpio.obj (.text:GPIOIntTypeSet)
                  00007738    00000044                        : ssi.obj (.text:SSIConfigSetExpClk)
                  0000777c    00000044     rtsv7M4_T_le_v4SPD16_eabi.lib : cpy_tbl.obj (.text)
                  000077c0    00000044     sysbios.aem4f : BIOS.obj (.text:ti_sysbios_family_arm_lm4_Timer_isrStub__E)
                  00007804    00000044                   : BIOS.obj (.text:ti_sysbios_family_arm_m3_Hwi_disableInterrupt__E)
                  00007848    00000044                   : BIOS.obj (.text:ti_sysbios_family_arm_m3_Hwi_enableInterrupt__E)
                  0000788c    00000044                   : BIOS.obj (.text:ti_sysbios_knl_Swi_post__E)
                  000078d0    00000044     ti.targets.arm.rtsarm.aem4f : LoggerBuf.oem4f (.text:xdc_runtime_LoggerBuf_filterOutEvent__I)
                  00007914    00000044                                 : SysMin.oem4f (.text:xdc_runtime_SysMin_flush__F)
                  00007958    00000040     rtsv7M4_T_le_v4SPD16_eabi.lib : exit.obj (.text)
                  00007998    00000040     sysbios.aem4f : BIOS.obj (.text:ti_sysbios_family_arm_lm4_Timer_startup__E)
                  000079d8    00000040                   : BIOS.obj (.text:ti_sysbios_knl_Semaphore_pendTimeout__I)
                  00007a18    00000040                   : BIOS.obj (.text:ti_sysbios_knl_Task_processVitalTaskFlag__I)
                  00007a58    00000040     ti.targets.arm.rtsarm.aem4f : System.oem4f (.text:xdc_runtime_System_atexit__F)
                  00007a98    0000003c     sysbios.aem4f : BIOS.obj (.text:ti_sysbios_family_arm_m3_Hwi_excSvCall__I)
                  00007ad4    0000003c                   : BIOS.obj (.text:ti_sysbios_knl_Swi_restore__E)
                  00007b10    0000003c     ti.targets.arm.rtsarm.aem4f : HeapMin.oem4f (.text:xdc_runtime_HeapMin_alloc__F)
                  00007b4c    0000003c                                 : Text.oem4f (.text:xdc_runtime_Text_xprintf__I)
                  00007b88    00000038     sysbios.aem4f : BIOS.obj (.text:ti_sysbios_family_arm_m3_Hwi_excNoIsr__I)
                  00007bc0    00000038                   : BIOS.obj (.text:ti_sysbios_family_arm_m3_Hwi_getStackInfo__E)
                  00007bf8    00000038                   : BIOS.obj (.text:ti_sysbios_family_arm_m3_TaskSupport_start__E)
                  00007c30    00000038     ti.targets.arm.rtsarm.aem4f : LoggerBuf.oem4f (.text:xdc_runtime_LoggerBuf_Instance_init__F)
                  00007c68    00000038                                 : SysMin.oem4f (.text:xdc_runtime_SysMin_putch__F)
                  00007ca0    00000034     sysbios.aem4f : BIOS.obj (.text:ti_sysbios_family_arm_m3_Hwi_excNmi__I)
                  00007cd4    00000034     app_pem4f.oem4f (.text:ti_sysbios_gates_GateHwi_Object__create__S)
                  00007d08    00000034     sysbios.aem4f : BIOS.obj (.text:ti_sysbios_hal_Hwi_checkStack:ti_sysbios_hal_Hwi_checkStack)
                  00007d3c    00000034     app_pem4f.oem4f (.text:xdc_runtime_HeapMin_Object__create__S)
                  00007d70    00000030     sysbios.aem4f : BIOS.obj (.text:ti_sysbios_BIOS_errorRaiseHook__I)
                  00007da0    00000030     app_pem4f.oem4f (.text:ti_sysbios_BIOS_exitFunc__I)
                  00007dd0    00000030     sysbios.aem4f : BIOS.obj (.text:ti_sysbios_family_arm_lm4_Timer_enableTimers__I)
                  00007e00    00000030                   : BIOS.obj (.text:ti_sysbios_family_arm_lm4_Timer_stop__E)
                  00007e30    00000030                   : BIOS.obj (.text:ti_sysbios_knl_Idle_run__E)
                  00007e60    00000030     ti.targets.arm.rtsarm.aem4f : Core-label.oem4f (.text:xdc_runtime_Core_assignLabel__I)
                  00007e90    00000030                                 : HeapMin.oem4f (.text:xdc_runtime_HeapMin_free__F)
                  00007ec0    00000030                                 : SysMin.oem4f (.text:xdc_runtime_SysMin_abort__F)
                  00007ef0    0000002f                                 : Text.oem4f (.text:xdc_runtime_Text_printVisFxn__I)
                  00007f1f    00000001     --HOLE-- [fill = 0]
                  00007f20    0000002e     driverlib-cm4f.lib : gpio.obj (.text:GPIODirModeSet)
                  00007f4e    0000002e     app_pem4f.oem4f (.text:malloc)
                  00007f7c    0000002e     sysbios.aem4f : BIOS.obj (.text:ti_sysbios_knl_Task_sleepTimeout__I)
                  00007faa    0000002c                   : BIOS.obj (.text:ti_sysbios_hal_Hwi_initStack:ti_sysbios_hal_Hwi_initStack)
                  00007fd6    00000002     --HOLE-- [fill = 0]
                  00007fd8    0000002c     app_pem4f.oem4f (.text:ti_sysbios_knl_Clock_doTick__I)
                  00008004    0000002c     sysbios.aem4f : BIOS.obj (.text:ti_sysbios_knl_Task_restore__E)
                  00008030    0000002c     ti.targets.arm.rtsarm.aem4f : System.oem4f (.text:xdc_runtime_System_rtsExit__I)
                  0000805c    0000002c                                 : Text.oem4f (.text:xdc_runtime_Text_cordText__F)
                  00008088    0000002a                                 : System.oem4f (.text:xdc_runtime_System_putchar__I)
                  000080b2    00000002     --HOLE-- [fill = 0]
                  000080b4    00000028     driverlib-cm4f.lib : timer.obj (.text:TimerConfigure)
                  000080dc    00000028     sysbios.aem4f : m3_Hwi_asm_switch.obj (.text:_ti_sysbios_family_arm_m3_Hwi_initStacks__E)
                  00008104    00000028                   : BIOS.obj (.text:ti_sysbios_knl_Clock_addI__E)
                  0000812c    00000028     ti.targets.arm.rtsarm.aem4f : LoggerBuf.oem4f (.text:xdc_runtime_LoggerBuf_Module_startup__F)
                  00008154    00000026                                 : System.oem4f (.text:xdc_runtime_System_avprintf__F)
                  0000817a    00000002     --HOLE-- [fill = 0]
                  0000817c    00000024     sysbios.aem4f : BIOS.obj (.text:ti_sysbios_knl_Clock_Module_startup__F)
                  000081a0    00000024                   : BIOS.obj (.text:ti_sysbios_knl_Swi_Module_startup__F)
                  000081c4    00000024                   : BIOS.obj (.text:ti_sysbios_knl_Task_restoreHwi__E)
                  000081e8    00000024     ti.targets.arm.rtsarm.aem4f : System.oem4f (.text:xdc_runtime_System_vprintf__F)
                  0000820c    00000022     app_pem4f.oem4f (.text:xdc_runtime_SysMin_output__I)
                  0000822e    00000002     --HOLE-- [fill = 0]
                  00008230    00000020     sysbios.aem4f : BIOS.obj (.text:ti_sysbios_BIOS_removeRTSLock__I)
                  00008250    00000020     app_pem4f.oem4f (.text:ti_sysbios_BIOS_startFunc__I)
                  00008270    00000020     app_pem4f.oem4f (.text:ti_sysbios_gates_GateHwi_Object__delete__S)
                  00008290    00000020     sysbios.aem4f : BIOS.obj (.text:ti_sysbios_knl_Task_enter__I)
                  000082b0    00000020     app_pem4f.oem4f (.text:xdc_runtime_HeapMin_Object__delete__S)
                  000082d0    00000020     app_pem4f.oem4f (.text:xdc_runtime_LoggerBuf_Object__delete__S)
                  000082f0    00000020     ti.targets.arm.rtsarm.aem4f : LoggerBuf.oem4f (.text:xdc_runtime_LoggerBuf_reset__F)
                  00008310    00000020                                 : Registry.oem4f (.text:xdc_runtime_Registry_findById__F)
                  00008330    00000020                                 : SysMin.oem4f (.text:xdc_runtime_SysMin_Module_startup__F)
                  00008350    0000001e     sysbios.aem4f : BIOS.obj (.text:ti_sysbios_family_arm_lm4_Timer_write__I)
                  0000836e    0000001c                   : BIOS.obj (.text:ti_sysbios_knl_Queue_put__E)
                  0000838a    00000002     --HOLE-- [fill = 0]
                  0000838c    0000001c     ti.targets.arm.rtsarm.aem4f : Error.oem4f (.text:xdc_runtime_Error_check__F)
                  000083a8    0000001c                                 : Memory.oem4f (.text:xdc_runtime_Memory_valloc__F)
                  000083c4    0000001c                                 : SysMin.oem4f (.text:xdc_runtime_SysMin_exit__F)
                  000083e0    0000001a     app_pem4f.oem4f (.text:xdc_runtime_System_aprintf__E)
                  000083fa    0000001a     app_pem4f.oem4f (.text:xdc_runtime_System_printf__E)
                  00008414    00000018     sysbios.aem4f : m3_TaskSupport_asm.obj (.text:_ti_sysbios_family_arm_m3_TaskSupport_swap__E)
                  0000842c    00000018     app_pem4f.oem4f (.text:free)
                  00008444    00000018     rtsv7M4_T_le_v4SPD16_eabi.lib : args_main.obj (.text)
                  0000845c    00000018     app_pem4f.oem4f (.text:ti_sysbios_family_arm_lm4_Timer_Module__startupDone__F)
                  00008474    00000018     app_pem4f.oem4f (.text:ti_sysbios_family_arm_m3_Hwi_Handle__label__S)
                  0000848c    00000018     app_pem4f.oem4f (.text:ti_sysbios_family_arm_m3_Hwi_Module__startupDone__F)
                  000084a4    00000018     app_pem4f.oem4f (.text:ti_sysbios_gates_GateHwi_Handle__label__S)
                  000084bc    00000018     app_pem4f.oem4f (.text:ti_sysbios_hal_Timer_Module__startupDone__F)
                  000084d4    00000018     app_pem4f.oem4f (.text:ti_sysbios_knl_Swi_Handle__label__S)
                  000084ec    00000018     app_pem4f.oem4f (.text:ti_sysbios_knl_Task_Handle__label__S)
                  00008504    00000018     app_pem4f.oem4f (.text:xdc_runtime_HeapMin_Handle__label__S)
                  0000851c    00000018     app_pem4f.oem4f (.text:xdc_runtime_LoggerBuf_Handle__label__S)
                  00008534    00000018     ti.targets.arm.rtsarm.aem4f : Text.oem4f (.text:xdc_runtime_Text_ropeText__F)
                  0000854c    00000014     rtsv7M4_T_le_v4SPD16_eabi.lib : _lock.obj (.text)
                  00008560    00000014                                   : strlen.obj (.text)
                  00008574    00000014     sysbios.aem4f : BIOS.obj (.text:ti_sysbios_family_arm_m3_Hwi_switchFromBootStack__E)
                  00008588    00000014     app_pem4f.oem4f (.text:ti_sysbios_knl_Swi_Object__get__S)
                  0000859c    00000014     ti.targets.arm.rtsarm.aem4f : LoggerBuf.oem4f (.text:xdc_runtime_LoggerBuf_Instance_finalize__F)
                  000085b0    00000014     app_pem4f.oem4f (.text:xdc_runtime_LoggerBuf_Object__get__S)
                  000085c4    00000014     ti.targets.arm.rtsarm.aem4f : LoggerBuf.oem4f (.text:xdc_runtime_LoggerBuf_write2__F)
                  000085d8    00000014                                 : System.oem4f (.text:xdc_runtime_System_abort__F)
                  000085ec    00000012     driverlib-cm4f.lib : gpio.obj (.text:GPIOPinTypeGPIOInput)
                  000085fe    00000012                        : gpio.obj (.text:GPIOPinTypeGPIOOutput)
                  00008610    00000012                        : gpio.obj (.text:GPIOPinTypeSSI)
                  00008622    00000012                        : timer.obj (.text:TimerLoadSet)
                  00008634    00000012     rtsv7M4_T_le_v4SPD16_eabi.lib : copy_zero_init.obj (.text:decompress:ZI)
                  00008646    00000012     sysbios.aem4f : BIOS.obj (.text:ti_sysbios_hal_Hwi_Module_startup__F)
                  00008658    00000012                   : BIOS.obj (.text:ti_sysbios_hal_Timer_Module_startup__F)
                  0000866a    00000012     ti.targets.arm.rtsarm.aem4f : LoggerBuf.oem4f (.text:xdc_runtime_LoggerBuf_write1__F)
                  0000867c    00000012     app_pem4f.oem4f (.text:xdc_runtime_Startup_exec__I)
                  0000868e    00000010     sysbios.aem4f : m3_TaskSupport_asm.obj (.text:_ti_sysbios_family_arm_m3_TaskSupport_glue)
                  0000869e    00000010                   : m3_Hwi_asm_switch.obj (.text:_ti_sysbios_family_xxx_Hwi_switchToIsrStack)
                  000086ae    00000010     rtsv7M4_T_le_v4SPD16_eabi.lib : strcpy.obj (.text)
                  000086be    00000002     --HOLE-- [fill = 0]
                  000086c0    00000010     sysbios.aem4f : BIOS.obj (.text:ti_sysbios_BIOS_setThreadType__E)
                  000086d0    00000010                   : BIOS.obj (.text:ti_sysbios_BIOS_start__E)
                  000086e0    00000010                   : BIOS.obj (.text:ti_sysbios_family_arm_lm4_TimestampProvider_rolloverFunc__E)
                  000086f0    00000010                   : BIOS.obj (.text:ti_sysbios_family_arm_m3_Hwi_excHandler__I)
                  00008700    00000010                   : BIOS.obj (.text:ti_sysbios_knl_Swi_disable__E)
                  00008710    00000010     app_pem4f.oem4f (.text:ti_sysbios_knl_Task_Object__get__S)
                  00008720    00000010     sysbios.aem4f : BIOS.obj (.text:ti_sysbios_knl_Task_disable__E)
                  00008730    00000010     ti.targets.arm.rtsarm.aem4f : Gate.oem4f (.text:xdc_runtime_Gate_leaveSystem__F)
                  00008740    00000010                                 : LoggerBuf.oem4f (.text:xdc_runtime_LoggerBuf_write0__F)
                  00008750    00000010                                 : Memory.oem4f (.text:xdc_runtime_Memory_free__F)
                  00008760    00000010                                 : SysMin.oem4f (.text:xdc_runtime_SysMin_ready__F)
                  00008770    00000010                                 : System.oem4f (.text:xdc_runtime_System_vsnprintf__F)
                  00008780    0000000e     driverlib-cm4f.lib : timer.obj (.text:TimerEnable)
                  0000878e    0000000e     rtsv7M4_T_le_v4SPD16_eabi.lib : copy_decompress_none.obj (.text:decompress:none)
                  0000879c    0000000e     sysbios.aem4f : BIOS.obj (.text:ti_sysbios_family_arm_m3_TaskSupport_checkStack__E)
                  000087aa    0000000e                   : BIOS.obj (.text:ti_sysbios_knl_Queue_empty__E)
                  000087b8    0000000c     app_pem4f.oem4f (.text:.bootCodeSection:ti_catalog_arm_cortexm4_tiva_ce_Boot_init__I)
                  000087c4    0000000c     driverlib-cm4f.lib : gpio.obj (.text:GPIOPinIntEnable)
                  000087d0    0000000c     sysbios.aem4f : m3_Hwi_asm_switch.obj (.text:_ti_sysbios_family_xxx_Hwi_switchToTaskStack)
                  000087dc    0000000c                   : BIOS.obj (.text:ti_sysbios_family_arm_lm4_Timer_masterDisable__I)
                  000087e8    0000000c                   : BIOS.obj (.text:ti_sysbios_family_arm_lm4_TimestampProvider_startTimer__E)
                  000087f4    0000000c                   : BIOS.obj (.text:ti_sysbios_gates_GateHwi_enter__E)
                  00008800    0000000c     app_pem4f.oem4f (.text:ti_sysbios_knl_Queue_Object__get__S)
                  0000880c    0000000c     ti.targets.arm.rtsarm.aem4f : Error.oem4f (.text:xdc_runtime_Error_init__F)
                  00008818    0000000c                                 : Gate.oem4f (.text:xdc_runtime_Gate_enterSystem__F)
                  00008824    0000000c                                 : HeapMin.oem4f (.text:xdc_runtime_HeapMin_getStats__F)
                  00008830    0000000c                                 : Memory.oem4f (.text:xdc_runtime_Memory_calloc__F)
                  0000883c    0000000c                                 : Memory.oem4f (.text:xdc_runtime_Memory_getMaxDefaultTypeAlign__F)
                  00008848    0000000c                                 : System.oem4f (.text:xdc_runtime_System_exit__F)
                  00008854    0000000c                                 : System.oem4f (.text:xdc_runtime_System_lastFxn__I)
                  00008860    0000000a     driverlib-cm4f.lib : gpio.obj (.text:GPIOPinRead)
                  0000886a    0000000a                        : gpio.obj (.text:GPIOPinWrite)
                  00008874    0000000a                        : ssi.obj (.text:SSIDataPut)
                  0000887e    0000000a                        : ssi.obj (.text:SSIEnable)
                  00008888    0000000a     app_pem4f.oem4f (.text:xdc_runtime_IHeap_alloc)
                  00008892    0000000a     app_pem4f.oem4f (.text:xdc_runtime_IHeap_free)
                  0000889c    0000000a     ti.targets.arm.rtsarm.aem4f : LoggerBuf.oem4f (.text:xdc_runtime_LoggerBuf_disable__F)
                  000088a6    0000000a                                 : LoggerBuf.oem4f (.text:xdc_runtime_LoggerBuf_enable__F)
                  000088b0    00000008     driverlib-cm4f.lib : ssi.obj (.text:SSIBusy)
                  000088b8    00000008                        : timer.obj (.text:TimerIntEnable)
                  000088c0    00000008     sysbios.aem4f : BIOS.obj (.text:ti_sysbios_family_arm_m3_Hwi_doSwiRestore__I)
                  000088c8    00000008                   : BIOS.obj (.text:ti_sysbios_family_arm_m3_Hwi_startup__E)
                  000088d0    00000008                   : BIOS.obj (.text:ti_sysbios_knl_Idle_loop__E)
                  000088d8    00000008     app_pem4f.oem4f (.text:xdc_runtime_Text_visitRope__I)
                  000088e0    00000006     driverlib-cm4f.lib : gpio.obj (.text:GPIOPinIntClear)
                  000088e6    00000006     ti.targets.arm.rtsarm.aem4f : xdc_noinit.oem4f (.text:__xdc__init)
                  000088ec    00000006     rtsv7M4_T_le_v4SPD16_eabi.lib : copy_decompress_rle.obj (.text:decompress:rle24)
                  000088f2    00000006     Boot.aem4f : Boot_sysctl.oem4f (.text:ti_catalog_arm_cortexm4_tiva_ce_Boot_sysCtlDelayI__I)
                  000088f8    00000006     sysbios.aem4f : BIOS.obj (.text:ti_sysbios_family_arm_lm4_TimestampProvider_Module_startup__F)
                  000088fe    00000006                   : BIOS.obj (.text:ti_sysbios_family_arm_m3_Hwi_doTaskRestore__I)
                  00008904    00000006                   : BIOS.obj (.text:ti_sysbios_gates_GateHwi_leave__E)
                  0000890a    00000006                   : BIOS.obj (.text:ti_sysbios_knl_Swi_startup__E)
                  00008910    00000006     ti.targets.arm.rtsarm.aem4f : System.oem4f (.text:xdc_runtime_System_Module_startup__F)
                  00008916    00000004     driverlib-cm4f.lib : timer.obj (.text:TimerIntClear)
                  0000891a    00000004     sysbios.aem4f : BIOS.obj (.text:ti_sysbios_family_arm_lm4_Timer_getPeriod__E)
                  0000891e    00000004                   : BIOS.obj (.text:ti_sysbios_family_arm_lm4_Timer_masterEnable__I)
                  00008922    00000004     app_pem4f.oem4f (.text:ti_sysbios_family_arm_m3_TaskSupport_Module__startupDone__S)
                  00008926    00000004     sysbios.aem4f : BIOS.obj (.text:ti_sysbios_gates_GateHwi_query__F)
                  0000892a    00000004     app_pem4f.oem4f (.text:ti_sysbios_hal_Hwi_HwiProxy_Module__startupDone__S)
                  0000892e    00000004     app_pem4f.oem4f (.text:ti_sysbios_hal_Timer_TimerProxy_Module__startupDone__S)
                  00008932    00000004     app_pem4f.oem4f (.text:ti_sysbios_hal_Timer_TimerProxy_getPeriod__E)
                  00008936    00000004     app_pem4f.oem4f (.text:ti_sysbios_knl_Task_SupportProxy_Module__startupDone__S)
                  0000893a    00000004     sysbios.aem4f : BIOS.obj (.text:ti_sysbios_knl_Task_startup__E)
                  0000893e    00000004     ti.targets.arm.rtsarm.aem4f : Error.oem4f (.text:xdc_runtime_Error_getSite__F)
                  00008942    00000004                                 : HeapMin.oem4f (.text:xdc_runtime_HeapMin_isBlocking__F)
                  00008946    00000004     app_pem4f.oem4f (.text:xdc_runtime_LoggerBuf_Module_GateProxy_enter__E)
                  0000894a    00000004     app_pem4f.oem4f (.text:xdc_runtime_LoggerBuf_Module_GateProxy_leave__E)
                  0000894e    00000004     app_pem4f.oem4f (.text:xdc_runtime_Memory_HeapProxy_alloc__E)
                  00008952    00000004     app_pem4f.oem4f (.text:xdc_runtime_Memory_HeapProxy_free__E)
                  00008956    00000004     app_pem4f.oem4f (.text:xdc_runtime_System_Module_GateProxy_enter__E)
                  0000895a    00000004     app_pem4f.oem4f (.text:xdc_runtime_System_Module_GateProxy_leave__E)
                  0000895e    00000004     ti.targets.arm.rtsarm.aem4f : System.oem4f (.text:xdc_runtime_System_aprintf_va__F)
                  00008962    00000004                                 : System.oem4f (.text:xdc_runtime_System_printf_va__F)
                  00008966    00000004     app_pem4f.oem4f (.text:xdc_runtime_System_vsnprintf__E)

.const     0    0000896c    000009b9     
                  0000896c    000001b6     Font.obj (.const:.string:MyFont)
                  00008b22    00000002     --HOLE-- [fill = 0]
                  00008b24    000000d8     app_pem4f.oem4f (.const:ti_sysbios_family_arm_m3_Hwi_priorities__A)
                  00008bfc    000000ac     scancodes.obj (.const:shifted)
                  00008ca8    000000ac     scancodes.obj (.const:unshifted)
                  00008d54    00000078     driverlib-cm4f.lib : gpio.obj (.const:g_pulGPIOBaseAddrs)
                  00008dcc    00000070                        : interrupt.obj (.const)
                  00008e3c    0000006c                        : sysctl.obj (.const:g_pulXtals)
                  00008ea8    00000048     app_pem4f.oem4f (.const:.string)
                  00008ef0    00000040     driverlib-cm4f.lib : sysctl.obj (.const)
                  00008f30    0000003c     app_pem4f.oem4f (.const:xdc_runtime_LoggerBuf_Module__FXNS__C)
                  00008f6c    0000002c     app_pem4f.oem4f (.const:xdc_runtime_Startup_sfxnTab__A)
                  00008f98    00000028     app_pem4f.oem4f (.const)
                  00008fc0    00000028     app_pem4f.oem4f (.const:xdc_runtime_HeapMin_Module__FXNS__C)
                  00008fe8    00000024     app_pem4f.oem4f (.const:ti_sysbios_gates_GateHwi_Module__FXNS__C)
                  0000900c    00000024     app_pem4f.oem4f (.const:xdc_runtime_LoggerBuf_Object__PARAMS__C)
                  00009030    00000020     app_pem4f.oem4f (.const:ti_sysbios_gates_GateHwi_Object__DESC__C)
                  00009050    00000020     app_pem4f.oem4f (.const:xdc_runtime_HeapMin_Object__DESC__C)
                  00009070    00000020     app_pem4f.oem4f (.const:xdc_runtime_HeapMin_Object__PARAMS__C)
                  00009090    00000020     app_pem4f.oem4f (.const:xdc_runtime_LoggerBuf_Object__DESC__C)
                  000090b0    00000018     app_pem4f.oem4f (.const:ti_sysbios_gates_GateHwi_Object__PARAMS__C)
                  000090c8    00000018     app_pem4f.oem4f (.const:ti_sysbios_knl_Task_hooks__A)
                  000090e0    00000016     app_pem4f.oem4f (.const:xdc_runtime_Startup_sfxnRts__A)
                  000090f6    00000002     --HOLE-- [fill = 0]
                  000090f8    00000013     main.obj (.const:.string)
                  0000910b    00000001     --HOLE-- [fill = 0]
                  0000910c    00000011     ti.targets.arm.rtsarm.aem4f : System.oem4f (.const)
                  0000911d    00000003     --HOLE-- [fill = 0]
                  00009120    00000010     app_pem4f.oem4f (.const:xdc_runtime_Startup_firstFxns__A)
                  00009130    0000000a     scancodes.obj (.const)
                  0000913a    00000002     --HOLE-- [fill = 0]
                  0000913c    00000008     app_pem4f.oem4f (.const:ti_sysbios_family_arm_m3_Hwi_excHookFuncs__A)
                  00009144    00000008     app_pem4f.oem4f (.const:ti_sysbios_knl_Idle_coreList__C)
                  0000914c    00000008     app_pem4f.oem4f (.const:ti_sysbios_knl_Idle_funcList__C)
                  00009154    00000008     app_pem4f.oem4f (.const:ti_sysbios_knl_Task_hooks__C)
                  0000915c    00000008     app_pem4f.oem4f (.const:xdc_runtime_Startup_firstFxns__C)
                  00009164    00000008     app_pem4f.oem4f (.const:xdc_runtime_Startup_lastFxns__A)
                  0000916c    00000008     app_pem4f.oem4f (.const:xdc_runtime_Startup_lastFxns__C)
                  00009174    00000004     app_pem4f.oem4f (.const:ti_catalog_arm_cortexm4_tiva_ce_Boot_A_mustUseEnhancedClockMode__C)
                  00009178    00000004     app_pem4f.oem4f (.const:ti_catalog_arm_cortexm4_tiva_ce_Boot_Module__diagsEnabled__C)
                  0000917c    00000004     app_pem4f.oem4f (.const:ti_catalog_arm_cortexm4_tiva_ce_Boot_Module__diagsIncluded__C)
                  00009180    00000004     app_pem4f.oem4f (.const:ti_catalog_arm_cortexm4_tiva_ce_Boot_Module__diagsMask__C)
                  00009184    00000004     app_pem4f.oem4f (.const:ti_sysbios_BIOS_installedErrorHook__C)
                  00009188    00000004     app_pem4f.oem4f (.const:ti_sysbios_family_arm_lm4_Timer_numTimerDevices__C)
                  0000918c    00000004     app_pem4f.oem4f (.const:ti_sysbios_family_arm_lm4_Timer_startupNeeded__C)
                  00009190    00000004     app_pem4f.oem4f (.const:ti_sysbios_family_arm_m3_Hwi_E_NMI__C)
                  00009194    00000004     app_pem4f.oem4f (.const:ti_sysbios_family_arm_m3_Hwi_E_busFault__C)
                  00009198    00000004     app_pem4f.oem4f (.const:ti_sysbios_family_arm_m3_Hwi_E_debugMon__C)
                  0000919c    00000004     app_pem4f.oem4f (.const:ti_sysbios_family_arm_m3_Hwi_E_hardFault__C)
                  000091a0    00000004     app_pem4f.oem4f (.const:ti_sysbios_family_arm_m3_Hwi_E_memFault__C)
                  000091a4    00000004     app_pem4f.oem4f (.const:ti_sysbios_family_arm_m3_Hwi_E_noIsr__C)
                  000091a8    00000004     app_pem4f.oem4f (.const:ti_sysbios_family_arm_m3_Hwi_E_reserved__C)
                  000091ac    00000004     app_pem4f.oem4f (.const:ti_sysbios_family_arm_m3_Hwi_E_svCall__C)
                  000091b0    00000004     app_pem4f.oem4f (.const:ti_sysbios_family_arm_m3_Hwi_E_usageFault__C)
                  000091b4    00000004     app_pem4f.oem4f (.const:ti_sysbios_family_arm_m3_Hwi_NUM_INTERRUPTS__C)
                  000091b8    00000004     app_pem4f.oem4f (.const:ti_sysbios_family_arm_m3_Hwi_ccr__C)
                  000091bc    00000004     app_pem4f.oem4f (.const:ti_sysbios_family_arm_m3_Hwi_dispatchTable__C)
                  000091c0    00000004     app_pem4f.oem4f (.const:ti_sysbios_family_arm_m3_Hwi_excHandlerFunc__C)
                  000091c4    00000004     app_pem4f.oem4f (.const:ti_sysbios_family_arm_m3_Hwi_excHookFuncs__C)
                  000091c8    00000004     app_pem4f.oem4f (.const:ti_sysbios_family_arm_m3_Hwi_priGroup__C)
                  000091cc    00000004     app_pem4f.oem4f (.const:ti_sysbios_family_arm_m3_Hwi_priorities__C)
                  000091d0    00000004     app_pem4f.oem4f (.const:ti_sysbios_hal_Hwi_E_stackOverflow__C)
                  000091d4    00000004     app_pem4f.oem4f (.const:ti_sysbios_knl_Clock_Module_State_clockQ__O)
                  000091d8    00000004     app_pem4f.oem4f (.const:ti_sysbios_knl_Idle_coreList__A)
                  000091dc    00000004     app_pem4f.oem4f (.const:ti_sysbios_knl_Idle_funcList__A)
                  000091e0    00000004     app_pem4f.oem4f (.const:ti_sysbios_knl_Semaphore_A_badContext__C)
                  000091e4    00000004     app_pem4f.oem4f (.const:ti_sysbios_knl_Semaphore_A_overflow__C)
                  000091e8    00000004     app_pem4f.oem4f (.const:ti_sysbios_knl_Semaphore_A_pendTaskDisabled__C)
                  000091ec    00000004     app_pem4f.oem4f (.const:ti_sysbios_knl_Semaphore_Instance_State_pendQ__O)
                  000091f0    00000004     app_pem4f.oem4f (.const:ti_sysbios_knl_Semaphore_Module__diagsEnabled__C)
                  000091f4    00000004     app_pem4f.oem4f (.const:ti_sysbios_knl_Semaphore_Module__diagsIncluded__C)
                  000091f8    00000004     app_pem4f.oem4f (.const:ti_sysbios_knl_Semaphore_Module__diagsMask__C)
                  000091fc    00000004     app_pem4f.oem4f (.const:ti_sysbios_knl_Swi_Object__count__C)
                  00009200    00000004     app_pem4f.oem4f (.const:ti_sysbios_knl_Task_A_badTimeout__C)
                  00009204    00000004     app_pem4f.oem4f (.const:ti_sysbios_knl_Task_A_sleepTaskDisabled__C)
                  00009208    00000004     app_pem4f.oem4f (.const:ti_sysbios_knl_Task_E_spOutOfBounds__C)
                  0000920c    00000004     app_pem4f.oem4f (.const:ti_sysbios_knl_Task_E_stackOverflow__C)
                  00009210    00000004     app_pem4f.oem4f (.const:ti_sysbios_knl_Task_Module_State_inactiveQ__O)
                  00009214    00000004     app_pem4f.oem4f (.const:ti_sysbios_knl_Task_Module__diagsEnabled__C)
                  00009218    00000004     app_pem4f.oem4f (.const:ti_sysbios_knl_Task_Module__diagsIncluded__C)
                  0000921c    00000004     app_pem4f.oem4f (.const:ti_sysbios_knl_Task_Module__diagsMask__C)
                  00009220    00000004     app_pem4f.oem4f (.const:ti_sysbios_knl_Task_Object__count__C)
                  00009224    00000004     app_pem4f.oem4f (.const:ti_sysbios_knl_Task_allBlockedFunc__C)
                  00009228    00000004     app_pem4f.oem4f (.const:ti_sysbios_knl_Task_numConstructedTasks__C)
                  0000922c    00000004     app_pem4f.oem4f (.const:xdc_runtime_Assert_E_assertFailed__C)
                  00009230    00000004     app_pem4f.oem4f (.const:xdc_runtime_Core_A_initializedParams__C)
                  00009234    00000004     app_pem4f.oem4f (.const:xdc_runtime_Core_Module__diagsEnabled__C)
                  00009238    00000004     app_pem4f.oem4f (.const:xdc_runtime_Core_Module__diagsIncluded__C)
                  0000923c    00000004     app_pem4f.oem4f (.const:xdc_runtime_Core_Module__diagsMask__C)
                  00009240    00000004     app_pem4f.oem4f (.const:xdc_runtime_Error_E_memory__C)
                  00009244    00000004     app_pem4f.oem4f (.const:xdc_runtime_Error_Module__diagsEnabled__C)
                  00009248    00000004     app_pem4f.oem4f (.const:xdc_runtime_Error_Module__diagsIncluded__C)
                  0000924c    00000004     app_pem4f.oem4f (.const:xdc_runtime_Error_Module__diagsMask__C)
                  00009250    00000004     app_pem4f.oem4f (.const:xdc_runtime_Error_Module__loggerFxn8__C)
                  00009254    00000004     app_pem4f.oem4f (.const:xdc_runtime_Error_Module__loggerObj__C)
                  00009258    00000004     app_pem4f.oem4f (.const:xdc_runtime_Error_raiseHook__C)
                  0000925c    00000004     app_pem4f.oem4f (.const:xdc_runtime_HeapMin_A_zeroSize__C)
                  00009260    00000004     app_pem4f.oem4f (.const:xdc_runtime_HeapMin_E_freeError__C)
                  00009264    00000004     app_pem4f.oem4f (.const:xdc_runtime_HeapMin_Module__diagsEnabled__C)
                  00009268    00000004     app_pem4f.oem4f (.const:xdc_runtime_HeapMin_Module__diagsIncluded__C)
                  0000926c    00000004     app_pem4f.oem4f (.const:xdc_runtime_HeapMin_Module__diagsMask__C)
                  00009270    00000004     app_pem4f.oem4f (.const:xdc_runtime_IFilterLogger_Interface__BASE__C)
                  00009274    00000004     app_pem4f.oem4f (.const:xdc_runtime_IGateProvider_Interface__BASE__C)
                  00009278    00000004     app_pem4f.oem4f (.const:xdc_runtime_IHeap_Interface__BASE__C)
                  0000927c    00000004     app_pem4f.oem4f (.const:xdc_runtime_ILogger_Interface__BASE__C)
                  00009280    00000004     app_pem4f.oem4f (.const:xdc_runtime_IModule_Interface__BASE__C)
                  00009284    00000004     app_pem4f.oem4f (.const:xdc_runtime_Log_L_error__C)
                  00009288    00000004     app_pem4f.oem4f (.const:xdc_runtime_LoggerBuf_E_badLevel__C)
                  0000928c    00000004     app_pem4f.oem4f (.const:xdc_runtime_LoggerBuf_Module__gateObj__C)
                  00009290    00000004     app_pem4f.oem4f (.const:xdc_runtime_LoggerBuf_Object__count__C)
                  00009294    00000004     app_pem4f.oem4f (.const:xdc_runtime_LoggerBuf_statusLogger__C)
                  00009298    00000004     app_pem4f.oem4f (.const:xdc_runtime_Memory_defaultHeapInstance__C)
                  0000929c    00000004     app_pem4f.oem4f (.const:xdc_runtime_Startup_execImpl__C)
                  000092a0    00000004     app_pem4f.oem4f (.const:xdc_runtime_Startup_maxPasses__C)
                  000092a4    00000004     app_pem4f.oem4f (.const:xdc_runtime_Startup_sfxnRts__C)
                  000092a8    00000004     app_pem4f.oem4f (.const:xdc_runtime_Startup_sfxnTab__C)
                  000092ac    00000004     app_pem4f.oem4f (.const:xdc_runtime_SysMin_bufSize__C)
                  000092b0    00000004     app_pem4f.oem4f (.const:xdc_runtime_SysMin_outputFunc__C)
                  000092b4    00000004     app_pem4f.oem4f (.const:xdc_runtime_System_Module__gateObj__C)
                  000092b8    00000004     app_pem4f.oem4f (.const:xdc_runtime_System_extendFxn__C)
                  000092bc    00000004     app_pem4f.oem4f (.const:xdc_runtime_System_maxAtexitHandlers__C)
                  000092c0    00000004     app_pem4f.oem4f (.const:xdc_runtime_Text_charTab__C)
                  000092c4    00000004     app_pem4f.oem4f (.const:xdc_runtime_Text_nameEmpty__C)
                  000092c8    00000004     app_pem4f.oem4f (.const:xdc_runtime_Text_nameStatic__C)
                  000092cc    00000004     app_pem4f.oem4f (.const:xdc_runtime_Text_nameUnknown__C)
                  000092d0    00000004     app_pem4f.oem4f (.const:xdc_runtime_Text_visitRopeFxn__C)
                  000092d4    00000002     app_pem4f.oem4f (.const:ti_catalog_arm_cortexm4_tiva_ce_Boot_Module__id__C)
                  000092d6    00000002     --HOLE-- [fill = 0]
                  000092d8    00000002     app_pem4f.oem4f (.const:ti_sysbios_family_arm_lm4_TimestampProvider_useClockTimer__C)
                  000092da    00000002     --HOLE-- [fill = 0]
                  000092dc    00000002     app_pem4f.oem4f (.const:ti_sysbios_family_arm_m3_Hwi_Module__id__C)
                  000092de    00000002     --HOLE-- [fill = 0]
                  000092e0    00000002     app_pem4f.oem4f (.const:ti_sysbios_hal_Hwi_Module__id__C)
                  000092e2    00000002     --HOLE-- [fill = 0]
                  000092e4    00000002     app_pem4f.oem4f (.const:ti_sysbios_knl_Semaphore_Module__id__C)
                  000092e6    00000002     --HOLE-- [fill = 0]
                  000092e8    00000002     app_pem4f.oem4f (.const:ti_sysbios_knl_Task_Module__id__C)
                  000092ea    00000002     --HOLE-- [fill = 0]
                  000092ec    00000002     app_pem4f.oem4f (.const:ti_sysbios_knl_Task_initStackFlag__C)
                  000092ee    00000002     --HOLE-- [fill = 0]
                  000092f0    00000002     app_pem4f.oem4f (.const:xdc_runtime_Core_Module__id__C)
                  000092f2    00000002     --HOLE-- [fill = 0]
                  000092f4    00000002     app_pem4f.oem4f (.const:xdc_runtime_Error_Module__loggerDefined__C)
                  000092f6    00000002     --HOLE-- [fill = 0]
                  000092f8    00000002     app_pem4f.oem4f (.const:xdc_runtime_Error_maxDepth__C)
                  000092fa    00000002     --HOLE-- [fill = 0]
                  000092fc    00000002     app_pem4f.oem4f (.const:xdc_runtime_HeapMin_Module__id__C)
                  000092fe    00000002     --HOLE-- [fill = 0]
                  00009300    00000002     app_pem4f.oem4f (.const:xdc_runtime_HeapMin_freeError__C)
                  00009302    00000002     --HOLE-- [fill = 0]
                  00009304    00000002     app_pem4f.oem4f (.const:xdc_runtime_LoggerBuf_Module__id__C)
                  00009306    00000002     --HOLE-- [fill = 0]
                  00009308    00000002     app_pem4f.oem4f (.const:xdc_runtime_LoggerBuf_filterByLevel__C)
                  0000930a    00000002     --HOLE-- [fill = 0]
                  0000930c    00000002     app_pem4f.oem4f (.const:xdc_runtime_Memory_Module__id__C)
                  0000930e    00000002     --HOLE-- [fill = 0]
                  00009310    00000002     app_pem4f.oem4f (.const:xdc_runtime_SysMin_flushAtExit__C)
                  00009312    00000002     --HOLE-- [fill = 0]
                  00009314    00000002     app_pem4f.oem4f (.const:xdc_runtime_Text_charCnt__C)
                  00009316    00000002     --HOLE-- [fill = 0]
                  00009318    00000002     app_pem4f.oem4f (.const:xdc_runtime_Text_isLoaded__C)
                  0000931a    00000002     --HOLE-- [fill = 0]
                  0000931c    00000002     app_pem4f.oem4f (.const:xdc_runtime_Text_registryModsLastId__C)
                  0000931e    00000002     --HOLE-- [fill = 0]
                  00009320    00000002     app_pem4f.oem4f (.const:xdc_runtime_Text_unnamedModsLastId__C)
                  00009322    00000002     --HOLE-- [fill = 0]
                  00009324    00000001     app_pem4f.oem4f (.const:xdc_runtime_Error_policy__C)

.cinit     0    00009328    00000890     
                  00009328    00000857     (.cinit..data.load) [load image, compression = rle]
                  00009b7f    00000001     --HOLE-- [fill = 0]
                  00009b80    0000000c     (__TI_handler_table)
                  00009b8c    00000004     --HOLE-- [fill = 0]
                  00009b90    00000008     (.cinit..bss.load) [load image, compression = zero_init]
                  00009b98    00000008     (.cinit..vecs.load) [load image, compression = zero_init]
                  00009ba0    00000018     (__TI_cinit_table)

.vecs      0    20000000    00000360     UNINITIALIZED
                  20000000    00000360     app_pem4f.oem4f (.vecs)

.bss       0    20000360    00001e79     UNINITIALIZED
                  20000360    00001800     app_pem4f.oem4f (.bss:taskStackSection)
                  20001b60    00000400     st7565.obj (.bss:glcd_buffer)
                  20001f60    00000120     rtsv7M4_T_le_v4SPD16_eabi.lib : trgmsg.obj (.bss:__CIOBUF_)
                  20002080    00000080     app_pem4f.oem4f (.bss:xdc_runtime_LoggerBuf_Instance_State_0_entryArr__A)
                  20002100    00000080     app_pem4f.oem4f (.bss:xdc_runtime_SysMin_Module_State_0_outbuf__A)
                  20002180    00000038     app_pem4f.oem4f (.bss)
                  200021b8    0000000c     Graphics_Bmp.obj (.bss)
                  200021c4    0000000b     Ps2Keyboard.obj (.bss)
                  200021cf    00000008     rtsv7M4_T_le_v4SPD16_eabi.lib : trgdrv.obj (.bss)
                  200021d7    00000001     UI.obj (.bss)
                  200021d8    00000001     st7565.obj (.bss)

.data      0    200021dc    00000ee3     
                  200021dc    00000466     Items.obj (.data:ItemBlock1)
                  20002642    00000002     --HOLE--
                  20002644    00000360     app_pem4f.oem4f (.data:ti_sysbios_family_arm_m3_Hwi_Module_State_0_dispatchTable__A)
                  200029a4    000001c8     app_pem4f.oem4f (.data:ti_sysbios_knl_Task_Object__table__V)
                  20002b6c    00000168     app_pem4f.oem4f (.data)
                  20002cd4    00000080     app_pem4f.oem4f (.data:ti_sysbios_knl_Swi_Module_State_0_readyQ__A)
                  20002d54    00000080     app_pem4f.oem4f (.data:ti_sysbios_knl_Task_Module_State_0_readyQ__A)
                  20002dd4    00000070     app_pem4f.oem4f (.data:ti_sysbios_family_arm_lm4_Timer_Object__table__V)
                  20002e44    00000060     app_pem4f.oem4f (.data:ti_sysbios_family_arm_m3_Hwi_Object__table__V)
                  20002ea4    00000054     app_pem4f.oem4f (.data:ti_sysbios_family_arm_m3_Hwi_Module__state__V)
                  20002ef8    00000044     app_pem4f.oem4f (.data:ti_sysbios_knl_Task_Module__state__V)
                  20002f3c    0000003c     app_pem4f.oem4f (.data:ti_sysbios_knl_Semaphore_Object__table__V)
                  20002f78    00000032     Items.obj (.data:ItemLookUp)
                  20002faa    00000002     --HOLE--
                  20002fac    00000030     app_pem4f.oem4f (.data:ti_sysbios_family_arm_lm4_Timer_Module_State_0_device__A)
                  20002fdc    00000030     app_pem4f.oem4f (.data:ti_sysbios_knl_Swi_Object__table__V)
                  2000300c    00000028     app_pem4f.oem4f (.data:ti_sysbios_knl_Clock_Module__state__V)
                  20003034    00000024     st7565.obj (.data)
                  20003058    00000024     app_pem4f.oem4f (.data:xdc_runtime_LoggerBuf_Object__table__V)
                  2000307c    00000010     UI.obj (.data)
                  2000308c    0000000a     main.obj (.data)
                  20003096    00000002     --HOLE--
                  20003098    00000008     rtsv7M4_T_le_v4SPD16_eabi.lib : _lock.obj (.data)
                  200030a0    00000008                                   : exit.obj (.data)
                  200030a8    00000006     Ps2Keyboard.obj (.data)
                  200030ae    00000002     --HOLE--
                  200030b0    00000004     rtsv7M4_T_le_v4SPD16_eabi.lib : dtor_list.obj (.data)
                  200030b4    00000004                                   : stkdepth_vars.obj (.data)
                  200030b8    00000003     Clock.obj (.data)
                  200030bb    00000001     --HOLE--
                  200030bc    00000003     StateManagement.obj (.data)

.stack     0    200030c0    00000400     UNINITIALIZED
                  200030c0    00000400     --HOLE--


LINKER GENERATED COPY TABLES

__TI_cinit_table @ 00009ba0 records: 3, size/record: 8, table size: 24
	.data: load addr=00009328, load size=00000857 bytes, run addr=200021dc, run size=00000ee3 bytes, compression=rle
	.bss: load addr=00009b90, load size=00000008 bytes, run addr=20000360, run size=00001e79 bytes, compression=zero_init
	.vecs: load addr=00009b98, load size=00000008 bytes, run addr=20000000, run size=00000360 bytes, compression=zero_init


LINKER GENERATED HANDLER TABLE

__TI_handler_table @ 00009b80 records: 3, size/record: 4, table size: 12
	index: 0, handler: __TI_zero_init
	index: 1, handler: __TI_decompress_rle24
	index: 2, handler: __TI_decompress_none


GLOBAL SYMBOLS: SORTED ALPHABETICALLY BY Name 

address    name
--------   ----
00000619   AddMsg
00000799   AddMsgFound
00000acf   AddMsgNewExp
0000093b   AddMsgNoMatch
00000847   AddMsgQuan
00008fbc   Arrow
00003059   ArrowPend
00008fb8   ArrowSem
00003fb1   ArrowTask
00007959   C$$EXIT
0000711b   C$$IO$$
2000307c   ChartoDec
00002b33   ClearString
00008fa0   Clock
00006159   ClockInit
00008fb4   Display
00003f83   DisplayTask
00002b7d   FSSIntHandler
00007f21   GPIODirModeSet
000076f5   GPIOIntTypeSet
00006305   GPIOPadConfigSet
0000758d   GPIOPinConfigure
000088e1   GPIOPinIntClear
000087c5   GPIOPinIntEnable
00008861   GPIOPinRead
000085ed   GPIOPinTypeGPIOInput
000085ff   GPIOPinTypeGPIOOutput
00008611   GPIOPinTypeSSI
0000886b   GPIOPinWrite
00003bbd   GlcdDispTime
00004707   HOSTclock
000046cd   HOSTclose
0000468f   HOSTgetenv
00004633   HOSTlseek
000045e3   HOSTopen
00004595   HOSTread
00004535   HOSTrename
000044f9   HOSTtime
000044bf   HOSTunlink
00004471   HOSTwrite
0000708d   IntEnable
00000e45   InvArrow
20003090   InvInfo
00000d9d   InvMsg
00000ea9   InvSelectMsg
200021dc   ItemBlock1
20002f78   ItemLookUp
00002fd9   KeyPend
00008fa4   KeySem
00003093   KeyTask
00008fa8   Keyboard
00002c1f   KeyboardInit
00008fac   KeyboardTask
2000308f   LastState
000082f1   LoggerBuf_instanceStartup
000003c5   MainMsg
0000896c   MyFont
000090f8   PageLookup
000090fd   PageLookupRev
0000254f   ReceiveExpDate
000028f9   ReceiveQuan
00002525   ReceiveTime
00000bad   RemoveMsg
00000ce7   RemoveMsgFound
UNDEFED    SHT$$INIT_ARRAY$$Base
UNDEFED    SHT$$INIT_ARRAY$$Limit
000088b1   SSIBusy
00007739   SSIConfigSetExpClk
00008875   SSIDataPut
0000887f   SSIEnable
2000308c   StateInfo
00003019   StatePend
00008fb0   StateSem
00003db1   StateTask
00008f9c   States
00002ae1   StringtoDec
00004b69   SysCtlClockGet
0000743d   SysCtlPeripheralEnable
20002b20   TSK_idle
000061e9   TimeGet
200030bc   TimeOfDay
000061ff   TimeSet
00006199   Timer0IntHandler
000080b5   TimerConfigure
00008781   TimerEnable
00008917   TimerIntClear
000088b9   TimerIntEnable
00008623   TimerLoadSet
00008f98   UI
00001061   UiTask
00000361   WelcomeMsg
00000000   __ASM__
20001f60   __CIOBUF_
00000052   __ISA__
00000065   __PLAT__
200034c0   __STACK_END
00000400   __STACK_SIZE
200032c0   __STACK_TOP
0000008b   __TARG__
00009ba0   __TI_CINIT_Base
00009bb8   __TI_CINIT_Limit
00009b80   __TI_Handler_Table_Base
00009b8c   __TI_Handler_Table_Limit
00000001   __TI_args_main
00006735   __TI_auto_init
0000878f   __TI_decompress_none
000088ed   __TI_decompress_rle24
00000000   __TI_static_base__
00008635   __TI_zero_init
000000b1   __TRDR__
00005e1f   __aeabi_atexit
00006df9   __aeabi_memclr
00006df9   __aeabi_memclr4
00006df9   __aeabi_memclr8
000067d5   __aeabi_memcpy
000067d5   __aeabi_memcpy4
000067d5   __aeabi_memcpy8
00006dfb   __aeabi_memset
00006dfb   __aeabi_memset4
00006dfb   __aeabi_memset8
ffffffff   __binit__
ffffffff   __c_args__
00005e0d   __cxa_atexit
00005dc9   __cxa_finalize
00005e07   __cxa_ia64_exit
200030c0   __stack
000088e7   __xdc__init
20002cd0   __xdc__init__addr
00008445   _args_main
000073e5   _c_int00
200030a0   _cleanup_ptr
200030a4   _dtors_ptr
20003098   _lock
0000855b   _nop
00008553   _register_lock
0000854d   _register_unlock
2000309c   _unlock
0000795d   abort
00005e11   atexit
ffffffff   binit
0000777d   copy_in
00001e35   draw_bmp
000020af   draw_box
00001c9f   draw_char
00003a81   draw_char_bmp
00002229   draw_circle
000023c1   draw_filled_circle
00002113   draw_line
0000205b   draw_rectangle
00001c31   draw_text
000039cd   draw_text_bmp
00007965   exit
00009130   extended
0000842d   free
000031db   glcd_blank
00003255   glcd_blank_page
000032c1   glcd_blank_pagexy
20001b60   glcd_buffer
000034bf   glcd_command
00003549   glcd_contrast
00003485   glcd_data
200021d8   glcd_dirty_pages
000034f9   glcd_flip_screen
20003034   glcd_flipped
000033bd   glcd_init
0000352d   glcd_inverse_screen
00003125   glcd_pixel
00003333   glcd_refresh
00003cbb   int_to_string
00001bd9   main
200030b4   main_func_sp
00007f4f   malloc
000067d5   memcpy
00006e01   memset
20003038   pagemap
0000711f   readmsg
00008bfc   shifted
000086af   strcpy
00003d31   string_rev
00008561   strlen
00001f85   text_height
00001f95   text_width
00009174   ti_catalog_arm_cortexm4_tiva_ce_Boot_A_mustUseEnhancedClockMode__C
00009178   ti_catalog_arm_cortexm4_tiva_ce_Boot_Module__diagsEnabled__C
0000917c   ti_catalog_arm_cortexm4_tiva_ce_Boot_Module__diagsIncluded__C
00009180   ti_catalog_arm_cortexm4_tiva_ce_Boot_Module__diagsMask__C
000092d4   ti_catalog_arm_cortexm4_tiva_ce_Boot_Module__id__C
000087b9   ti_catalog_arm_cortexm4_tiva_ce_Boot_init__I
00005405   ti_catalog_arm_cortexm4_tiva_ce_Boot_sysCtlClockSetI__I
0000690d   ti_catalog_arm_cortexm4_tiva_ce_Boot_sysCtlClockSet__E
000088f3   ti_catalog_arm_cortexm4_tiva_ce_Boot_sysCtlDelayI__I
20002b6c   ti_sysbios_BIOS_Module__state__V
00007d71   ti_sysbios_BIOS_errorRaiseHook__I
00007da1   ti_sysbios_BIOS_exitFunc__I
00009184   ti_sysbios_BIOS_installedErrorHook__C
00002523   ti_sysbios_BIOS_nullFunc__I
00008231   ti_sysbios_BIOS_removeRTSLock__I
000086c1   ti_sysbios_BIOS_setThreadType__E
00008251   ti_sysbios_BIOS_startFunc__I
000086d1   ti_sysbios_BIOS_start__E
20002fac   ti_sysbios_family_arm_lm4_Timer_Module_State_0_device__A
20002b94   ti_sysbios_family_arm_lm4_Timer_Module_State_0_handles__A
20002b8c   ti_sysbios_family_arm_lm4_Timer_Module__root__V
0000845d   ti_sysbios_family_arm_lm4_Timer_Module__startupDone__F
0000845d   ti_sysbios_family_arm_lm4_Timer_Module__startupDone__S
20002bac   ti_sysbios_family_arm_lm4_Timer_Module__state__V
000072d1   ti_sysbios_family_arm_lm4_Timer_Module_startup__E
000072d1   ti_sysbios_family_arm_lm4_Timer_Module_startup__F
20002dd4   ti_sysbios_family_arm_lm4_Timer_Object__table__V
00007dd1   ti_sysbios_family_arm_lm4_Timer_enableTimers__I
0000891b   ti_sysbios_family_arm_lm4_Timer_getPeriod__E
000058c5   ti_sysbios_family_arm_lm4_Timer_initDevice__I
000077c1   ti_sysbios_family_arm_lm4_Timer_isrStub__E
000087dd   ti_sysbios_family_arm_lm4_Timer_masterDisable__I
0000891f   ti_sysbios_family_arm_lm4_Timer_masterEnable__I
00009188   ti_sysbios_family_arm_lm4_Timer_numTimerDevices__C
00005add   ti_sysbios_family_arm_lm4_Timer_start__E
0000918c   ti_sysbios_family_arm_lm4_Timer_startupNeeded__C
00007999   ti_sysbios_family_arm_lm4_Timer_startup__E
00007e01   ti_sysbios_family_arm_lm4_Timer_stop__E
00008351   ti_sysbios_family_arm_lm4_Timer_write__I
20002bb8   ti_sysbios_family_arm_lm4_TimestampProvider_Module__state__V
000088f9   ti_sysbios_family_arm_lm4_TimestampProvider_Module_startup__E
000088f9   ti_sysbios_family_arm_lm4_TimestampProvider_Module_startup__F
0000579d   ti_sysbios_family_arm_lm4_TimestampProvider_get64__E
000086e1   ti_sysbios_family_arm_lm4_TimestampProvider_rolloverFunc__E
000087e9   ti_sysbios_family_arm_lm4_TimestampProvider_startTimer__E
000092d8   ti_sysbios_family_arm_lm4_TimestampProvider_useClockTimer__C
00009190   ti_sysbios_family_arm_m3_Hwi_E_NMI__C
00009194   ti_sysbios_family_arm_m3_Hwi_E_busFault__C
00009198   ti_sysbios_family_arm_m3_Hwi_E_debugMon__C
0000919c   ti_sysbios_family_arm_m3_Hwi_E_hardFault__C
000091a0   ti_sysbios_family_arm_m3_Hwi_E_memFault__C
000091a4   ti_sysbios_family_arm_m3_Hwi_E_noIsr__C
000091a8   ti_sysbios_family_arm_m3_Hwi_E_reserved__C
000091ac   ti_sysbios_family_arm_m3_Hwi_E_svCall__C
000091b0   ti_sysbios_family_arm_m3_Hwi_E_usageFault__C
00008475   ti_sysbios_family_arm_m3_Hwi_Handle__label__S
20002644   ti_sysbios_family_arm_m3_Hwi_Module_State_0_dispatchTable__A
20002bc8   ti_sysbios_family_arm_m3_Hwi_Module_State_0_excActive__A
20002bcc   ti_sysbios_family_arm_m3_Hwi_Module_State_0_excContext__A
20002bd0   ti_sysbios_family_arm_m3_Hwi_Module_State_0_excStack__A
000092dc   ti_sysbios_family_arm_m3_Hwi_Module__id__C
20002bc0   ti_sysbios_family_arm_m3_Hwi_Module__root__V
0000848d   ti_sysbios_family_arm_m3_Hwi_Module__startupDone__F
0000848d   ti_sysbios_family_arm_m3_Hwi_Module__startupDone__S
20002ea4   ti_sysbios_family_arm_m3_Hwi_Module__state__V
00006691   ti_sysbios_family_arm_m3_Hwi_Module_startup__E
00006691   ti_sysbios_family_arm_m3_Hwi_Module_startup__F
000091b4   ti_sysbios_family_arm_m3_Hwi_NUM_INTERRUPTS__C
20002e44   ti_sysbios_family_arm_m3_Hwi_Object__table__V
000091b8   ti_sysbios_family_arm_m3_Hwi_ccr__C
00007805   ti_sysbios_family_arm_m3_Hwi_disableInterrupt__E
00007151   ti_sysbios_family_arm_m3_Hwi_dispatchC__I
000091bc   ti_sysbios_family_arm_m3_Hwi_dispatchTable__C
0000553d   ti_sysbios_family_arm_m3_Hwi_dispatch__I
000088c1   ti_sysbios_family_arm_m3_Hwi_doSwiRestore__I
000088ff   ti_sysbios_family_arm_m3_Hwi_doTaskRestore__I
00007849   ti_sysbios_family_arm_m3_Hwi_enableInterrupt__E
00004ecd   ti_sysbios_family_arm_m3_Hwi_excBusFault__I
00006535   ti_sysbios_family_arm_m3_Hwi_excDebugMon__I
000035a9   ti_sysbios_family_arm_m3_Hwi_excDumpRegs__I
00005651   ti_sysbios_family_arm_m3_Hwi_excHandlerAsm__I
000091c0   ti_sysbios_family_arm_m3_Hwi_excHandlerFunc__C
0000498d   ti_sysbios_family_arm_m3_Hwi_excHandlerMax__I
000086f1   ti_sysbios_family_arm_m3_Hwi_excHandler__I
000063cd   ti_sysbios_family_arm_m3_Hwi_excHardFault__I
0000913c   ti_sysbios_family_arm_m3_Hwi_excHookFuncs__A
000091c4   ti_sysbios_family_arm_m3_Hwi_excHookFuncs__C
00005189   ti_sysbios_family_arm_m3_Hwi_excMemFault__I
00007ca1   ti_sysbios_family_arm_m3_Hwi_excNmi__I
00007b89   ti_sysbios_family_arm_m3_Hwi_excNoIsr__I
000075d5   ti_sysbios_family_arm_m3_Hwi_excReserved__I
00007a99   ti_sysbios_family_arm_m3_Hwi_excSvCall__I
00005035   ti_sysbios_family_arm_m3_Hwi_excUsageFault__I
00007bc1   ti_sysbios_family_arm_m3_Hwi_getStackInfo__E
00005fa1   ti_sysbios_family_arm_m3_Hwi_initNVIC__E
000080dd   ti_sysbios_family_arm_m3_Hwi_initStacks__E
e000e000   ti_sysbios_family_arm_m3_Hwi_nvic
00005613   ti_sysbios_family_arm_m3_Hwi_pendSV__I
000091c8   ti_sysbios_family_arm_m3_Hwi_priGroup__C
00008b24   ti_sysbios_family_arm_m3_Hwi_priorities__A
000091cc   ti_sysbios_family_arm_m3_Hwi_priorities__C
20000000   ti_sysbios_family_arm_m3_Hwi_ramVectors
00000000   ti_sysbios_family_arm_m3_Hwi_resetVectors
00005637   ti_sysbios_family_arm_m3_Hwi_return
000088c9   ti_sysbios_family_arm_m3_Hwi_startup__E
00008575   ti_sysbios_family_arm_m3_Hwi_switchFromBootStack__E
00008923   ti_sysbios_family_arm_m3_TaskSupport_Module__startupDone__S
00006b55   ti_sysbios_family_arm_m3_TaskSupport_buildTaskStack
0000879d   ti_sysbios_family_arm_m3_TaskSupport_checkStack__E
0000868f   ti_sysbios_family_arm_m3_TaskSupport_glue
00007bf9   ti_sysbios_family_arm_m3_TaskSupport_start__E
00008415   ti_sysbios_family_arm_m3_TaskSupport_swap__E
0000869f   ti_sysbios_family_xxx_Hwi_switchToIsrStack
000087d1   ti_sysbios_family_xxx_Hwi_switchToTaskStack
000084a5   ti_sysbios_gates_GateHwi_Handle__label__S
0000690b   ti_sysbios_gates_GateHwi_Instance_init__F
00008fe8   ti_sysbios_gates_GateHwi_Module__FXNS__C
20002bd4   ti_sysbios_gates_GateHwi_Module__root__V
00009030   ti_sysbios_gates_GateHwi_Object__DESC__C
000090b0   ti_sysbios_gates_GateHwi_Object__PARAMS__C
00007cd5   ti_sysbios_gates_GateHwi_Object__create__S
00008271   ti_sysbios_gates_GateHwi_Object__delete__S
20002bdc   ti_sysbios_gates_GateHwi_Object__table__V
000087f5   ti_sysbios_gates_GateHwi_enter__E
00008905   ti_sysbios_gates_GateHwi_leave__E
00008927   ti_sysbios_gates_GateHwi_query__E
00008927   ti_sysbios_gates_GateHwi_query__F
20002be0   ti_sysbios_gates_GateMutexPri_Module__root__V
000091d0   ti_sysbios_hal_Hwi_E_stackOverflow__C
0000892b   ti_sysbios_hal_Hwi_HwiProxy_Module__startupDone__S
00007805   ti_sysbios_hal_Hwi_HwiProxy_disableInterrupt__E
00007849   ti_sysbios_hal_Hwi_HwiProxy_enableInterrupt__E
00007bc1   ti_sysbios_hal_Hwi_HwiProxy_getStackInfo__E
000088c9   ti_sysbios_hal_Hwi_HwiProxy_startup__E
00008575   ti_sysbios_hal_Hwi_HwiProxy_switchFromBootStack__E
000092e0   ti_sysbios_hal_Hwi_Module__id__C
20002be8   ti_sysbios_hal_Hwi_Module__root__V
00008647   ti_sysbios_hal_Hwi_Module_startup__E
00008647   ti_sysbios_hal_Hwi_Module_startup__F
20002bf0   ti_sysbios_hal_Hwi_Object__table__V
00007d09   ti_sysbios_hal_Hwi_checkStack
00007805   ti_sysbios_hal_Hwi_disableInterrupt__E
00007849   ti_sysbios_hal_Hwi_enableInterrupt__E
00007bc1   ti_sysbios_hal_Hwi_getStackInfo__E
00007fab   ti_sysbios_hal_Hwi_initStack
000088c9   ti_sysbios_hal_Hwi_startup__E
00008575   ti_sysbios_hal_Hwi_switchFromBootStack__E
20002c00   ti_sysbios_hal_Timer_Module__root__V
000084bd   ti_sysbios_hal_Timer_Module__startupDone__F
000084bd   ti_sysbios_hal_Timer_Module__startupDone__S
00008659   ti_sysbios_hal_Timer_Module_startup__E
00008659   ti_sysbios_hal_Timer_Module_startup__F
20002c08   ti_sysbios_hal_Timer_Object__table__V
0000892f   ti_sysbios_hal_Timer_TimerProxy_Module__startupDone__S
00008933   ti_sysbios_hal_Timer_TimerProxy_getPeriod__E
00007999   ti_sysbios_hal_Timer_TimerProxy_startup__E
00007999   ti_sysbios_hal_Timer_startup__E
000091d4   ti_sysbios_knl_Clock_Module_State_clockQ__O
20002c10   ti_sysbios_knl_Clock_Module__root__V
2000300c   ti_sysbios_knl_Clock_Module__state__V
0000817d   ti_sysbios_knl_Clock_Module_startup__E
0000817d   ti_sysbios_knl_Clock_Module_startup__F
00008105   ti_sysbios_knl_Clock_addI__E
00007fd9   ti_sysbios_knl_Clock_doTick__I
0000708b   ti_sysbios_knl_Clock_logTick__E
00006ee1   ti_sysbios_knl_Clock_workFunc__E
000091d8   ti_sysbios_knl_Idle_coreList__A
00009144   ti_sysbios_knl_Idle_coreList__C
000091dc   ti_sysbios_knl_Idle_funcList__A
0000914c   ti_sysbios_knl_Idle_funcList__C
000088d1   ti_sysbios_knl_Idle_loop__E
00007e31   ti_sysbios_knl_Idle_run__E
20002c18   ti_sysbios_knl_Queue_Module__root__V
00008801   ti_sysbios_knl_Queue_Object__get__S
000087ab   ti_sysbios_knl_Queue_empty__E
0000836f   ti_sysbios_knl_Queue_put__E
000091e0   ti_sysbios_knl_Semaphore_A_badContext__C
000091e4   ti_sysbios_knl_Semaphore_A_overflow__C
000091e8   ti_sysbios_knl_Semaphore_A_pendTaskDisabled__C
000091ec   ti_sysbios_knl_Semaphore_Instance_State_pendQ__O
000091f0   ti_sysbios_knl_Semaphore_Module__diagsEnabled__C
000091f4   ti_sysbios_knl_Semaphore_Module__diagsIncluded__C
000091f8   ti_sysbios_knl_Semaphore_Module__diagsMask__C
000092e4   ti_sysbios_knl_Semaphore_Module__id__C
20002c20   ti_sysbios_knl_Semaphore_Module__root__V
20002f3c   ti_sysbios_knl_Semaphore_Object__table__V
000079d9   ti_sysbios_knl_Semaphore_pendTimeout__I
00004755   ti_sysbios_knl_Semaphore_pend__E
00005eb5   ti_sysbios_knl_Semaphore_post__E
000084d5   ti_sysbios_knl_Swi_Handle__label__S
20002cd4   ti_sysbios_knl_Swi_Module_State_0_readyQ__A
20002c28   ti_sysbios_knl_Swi_Module__root__V
20002c30   ti_sysbios_knl_Swi_Module__state__V
000081a1   ti_sysbios_knl_Swi_Module_startup__E
000081a1   ti_sysbios_knl_Swi_Module_startup__F
000091fc   ti_sysbios_knl_Swi_Object__count__C
00008589   ti_sysbios_knl_Swi_Object__get__S
20002fdc   ti_sysbios_knl_Swi_Object__table__V
00008701   ti_sysbios_knl_Swi_disable__E
0000788d   ti_sysbios_knl_Swi_post__E
0000732d   ti_sysbios_knl_Swi_restoreHwi__E
00007ad5   ti_sysbios_knl_Swi_restore__E
000071b1   ti_sysbios_knl_Swi_run__I
000065e5   ti_sysbios_knl_Swi_schedule__I
0000890b   ti_sysbios_knl_Swi_startup__E
00009200   ti_sysbios_knl_Task_A_badTimeout__C
00009204   ti_sysbios_knl_Task_A_sleepTaskDisabled__C
00009208   ti_sysbios_knl_Task_E_spOutOfBounds__C
0000920c   ti_sysbios_knl_Task_E_stackOverflow__C
000084ed   ti_sysbios_knl_Task_Handle__label__S
20002180   ti_sysbios_knl_Task_Instance_State_0_hookEnv__A
20000360   ti_sysbios_knl_Task_Instance_State_0_stack__A
20002184   ti_sysbios_knl_Task_Instance_State_1_hookEnv__A
20000760   ti_sysbios_knl_Task_Instance_State_1_stack__A
20002188   ti_sysbios_knl_Task_Instance_State_2_hookEnv__A
20000b60   ti_sysbios_knl_Task_Instance_State_2_stack__A
2000218c   ti_sysbios_knl_Task_Instance_State_3_hookEnv__A
20000f60   ti_sysbios_knl_Task_Instance_State_3_stack__A
20002190   ti_sysbios_knl_Task_Instance_State_4_hookEnv__A
20001360   ti_sysbios_knl_Task_Instance_State_4_stack__A
20002194   ti_sysbios_knl_Task_Instance_State_5_hookEnv__A
20001760   ti_sysbios_knl_Task_Instance_State_5_stack__A
20002c54   ti_sysbios_knl_Task_Module_State_0_idleTask__A
20002d54   ti_sysbios_knl_Task_Module_State_0_readyQ__A
00009210   ti_sysbios_knl_Task_Module_State_inactiveQ__O
00009214   ti_sysbios_knl_Task_Module__diagsEnabled__C
00009218   ti_sysbios_knl_Task_Module__diagsIncluded__C
0000921c   ti_sysbios_knl_Task_Module__diagsMask__C
000092e8   ti_sysbios_knl_Task_Module__id__C
20002c4c   ti_sysbios_knl_Task_Module__root__V
20002ef8   ti_sysbios_knl_Task_Module__state__V
00006cf5   ti_sysbios_knl_Task_Module_startup__E
00006cf5   ti_sysbios_knl_Task_Module_startup__F
00009220   ti_sysbios_knl_Task_Object__count__C
00008711   ti_sysbios_knl_Task_Object__get__S
200029a4   ti_sysbios_knl_Task_Object__table__V
00008937   ti_sysbios_knl_Task_SupportProxy_Module__startupDone__S
0000879d   ti_sysbios_knl_Task_SupportProxy_checkStack__E
00007bf9   ti_sysbios_knl_Task_SupportProxy_start__E
00008415   ti_sysbios_knl_Task_SupportProxy_swap__E
00009224   ti_sysbios_knl_Task_allBlockedFunc__C
0000761d   ti_sysbios_knl_Task_allBlockedFunction__I
00006481   ti_sysbios_knl_Task_checkStacks__E
00008721   ti_sysbios_knl_Task_disable__E
00008291   ti_sysbios_knl_Task_enter__I
00006a35   ti_sysbios_knl_Task_exit__E
000090c8   ti_sysbios_knl_Task_hooks__A
00009154   ti_sysbios_knl_Task_hooks__C
000092ec   ti_sysbios_knl_Task_initStackFlag__C
00009228   ti_sysbios_knl_Task_numConstructedTasks__C
0000607d   ti_sysbios_knl_Task_postInit__I
00007a19   ti_sysbios_knl_Task_processVitalTaskFlag__I
000081c5   ti_sysbios_knl_Task_restoreHwi__E
00008005   ti_sysbios_knl_Task_restore__E
00006c6d   ti_sysbios_knl_Task_schedule__I
00007f7d   ti_sysbios_knl_Task_sleepTimeout__I
00004d41   ti_sysbios_knl_Task_sleep__E
00006ac5   ti_sysbios_knl_Task_startCore__E
0000893b   ti_sysbios_knl_Task_startup__E
00008421   ti_sysbios_knl_Task_swapReturn
00007495   ti_sysbios_knl_Task_unblockI__E
200021b8   time_string
00008ca8   unshifted
000070f1   writemsg
0000922c   xdc_runtime_Assert_E_assertFailed__C
00007665   xdc_runtime_Assert_raise__I
00009230   xdc_runtime_Core_A_initializedParams__C
00009234   xdc_runtime_Core_Module__diagsEnabled__C
00009238   xdc_runtime_Core_Module__diagsIncluded__C
0000923c   xdc_runtime_Core_Module__diagsMask__C
000092f0   xdc_runtime_Core_Module__id__C
00007e61   xdc_runtime_Core_assignLabel__I
000076ad   xdc_runtime_Core_assignParams__I
000059d9   xdc_runtime_Core_createObject__I
00007025   xdc_runtime_Core_deleteObject__I
00009240   xdc_runtime_Error_E_memory__C
00009244   xdc_runtime_Error_Module__diagsEnabled__C
00009248   xdc_runtime_Error_Module__diagsIncluded__C
0000924c   xdc_runtime_Error_Module__diagsMask__C
000092f4   xdc_runtime_Error_Module__loggerDefined__C
00009250   xdc_runtime_Error_Module__loggerFxn8__C
00009254   xdc_runtime_Error_Module__loggerObj__C
20002c58   xdc_runtime_Error_Module__state__V
0000838d   xdc_runtime_Error_check__E
0000838d   xdc_runtime_Error_check__F
0000893f   xdc_runtime_Error_getSite__E
0000893f   xdc_runtime_Error_getSite__F
0000880d   xdc_runtime_Error_init__E
0000880d   xdc_runtime_Error_init__F
000092f8   xdc_runtime_Error_maxDepth__C
00009324   xdc_runtime_Error_policy__C
00006f4d   xdc_runtime_Error_print__E
00006f4d   xdc_runtime_Error_print__F
00009258   xdc_runtime_Error_raiseHook__C
000052c9   xdc_runtime_Error_raiseX__E
000052c9   xdc_runtime_Error_raiseX__F
20002c5c   xdc_runtime_GateNull_Module__root__V
00008819   xdc_runtime_Gate_enterSystem__E
00008819   xdc_runtime_Gate_enterSystem__F
00008731   xdc_runtime_Gate_leaveSystem__E
00008731   xdc_runtime_Gate_leaveSystem__F
0000925c   xdc_runtime_HeapMin_A_zeroSize__C
00009260   xdc_runtime_HeapMin_E_freeError__C
00008505   xdc_runtime_HeapMin_Handle__label__S
20002198   xdc_runtime_HeapMin_Instance_State_0_buf__A
00006be1   xdc_runtime_HeapMin_Instance_init__F
00008fc0   xdc_runtime_HeapMin_Module__FXNS__C
00009264   xdc_runtime_HeapMin_Module__diagsEnabled__C
00009268   xdc_runtime_HeapMin_Module__diagsIncluded__C
0000926c   xdc_runtime_HeapMin_Module__diagsMask__C
000092fc   xdc_runtime_HeapMin_Module__id__C
20002c64   xdc_runtime_HeapMin_Module__root__V
00009050   xdc_runtime_HeapMin_Object__DESC__C
00009070   xdc_runtime_HeapMin_Object__PARAMS__C
00007d3d   xdc_runtime_HeapMin_Object__create__S
000082b1   xdc_runtime_HeapMin_Object__delete__S
20002c6c   xdc_runtime_HeapMin_Object__table__V
00007b11   xdc_runtime_HeapMin_alloc__E
00007b11   xdc_runtime_HeapMin_alloc__F
00009300   xdc_runtime_HeapMin_freeError__C
00007e91   xdc_runtime_HeapMin_free__E
00007e91   xdc_runtime_HeapMin_free__F
00008825   xdc_runtime_HeapMin_getStats__E
00008825   xdc_runtime_HeapMin_getStats__F
00008943   xdc_runtime_HeapMin_isBlocking__E
00008943   xdc_runtime_HeapMin_isBlocking__F
00009270   xdc_runtime_IFilterLogger_Interface__BASE__C
00009274   xdc_runtime_IGateProvider_Interface__BASE__C
00009278   xdc_runtime_IHeap_Interface__BASE__C
0000927c   xdc_runtime_ILogger_Interface__BASE__C
00009280   xdc_runtime_IModule_Interface__BASE__C
00009284   xdc_runtime_Log_L_error__C
00009288   xdc_runtime_LoggerBuf_E_badLevel__C
0000851d   xdc_runtime_LoggerBuf_Handle__label__S
20002080   xdc_runtime_LoggerBuf_Instance_State_0_entryArr__A
0000859d   xdc_runtime_LoggerBuf_Instance_finalize__F
00007c31   xdc_runtime_LoggerBuf_Instance_init__F
00008947   xdc_runtime_LoggerBuf_Module_GateProxy_enter__E
0000894b   xdc_runtime_LoggerBuf_Module_GateProxy_leave__E
00008927   xdc_runtime_LoggerBuf_Module_GateProxy_query__E
00008f30   xdc_runtime_LoggerBuf_Module__FXNS__C
0000928c   xdc_runtime_LoggerBuf_Module__gateObj__C
00009304   xdc_runtime_LoggerBuf_Module__id__C
20002c7c   xdc_runtime_LoggerBuf_Module__root__V
20002c84   xdc_runtime_LoggerBuf_Module__state__V
0000812d   xdc_runtime_LoggerBuf_Module_startup__E
0000812d   xdc_runtime_LoggerBuf_Module_startup__F
00009090   xdc_runtime_LoggerBuf_Object__DESC__C
0000900c   xdc_runtime_LoggerBuf_Object__PARAMS__C
00009290   xdc_runtime_LoggerBuf_Object__count__C
00007211   xdc_runtime_LoggerBuf_Object__create__S
000082d1   xdc_runtime_LoggerBuf_Object__delete__S
000085b1   xdc_runtime_LoggerBuf_Object__get__S
20003058   xdc_runtime_LoggerBuf_Object__table__V
0000579d   xdc_runtime_LoggerBuf_TimestampProxy_get64__E
0000889d   xdc_runtime_LoggerBuf_disable__E
0000889d   xdc_runtime_LoggerBuf_disable__F
000088a7   xdc_runtime_LoggerBuf_enable__E
000088a7   xdc_runtime_LoggerBuf_enable__F
00009308   xdc_runtime_LoggerBuf_filterByLevel__C
000078d1   xdc_runtime_LoggerBuf_filterOutEvent__I
00006fb9   xdc_runtime_LoggerBuf_getFilterLevel__E
00006fb9   xdc_runtime_LoggerBuf_getFilterLevel__F
000082f1   xdc_runtime_LoggerBuf_reset__E
000082f1   xdc_runtime_LoggerBuf_reset__F
00006d79   xdc_runtime_LoggerBuf_setFilterLevel__E
00006d79   xdc_runtime_LoggerBuf_setFilterLevel__F
00009294   xdc_runtime_LoggerBuf_statusLogger__C
00008741   xdc_runtime_LoggerBuf_write0__E
00008741   xdc_runtime_LoggerBuf_write0__F
0000866b   xdc_runtime_LoggerBuf_write1__E
0000866b   xdc_runtime_LoggerBuf_write1__F
000085c5   xdc_runtime_LoggerBuf_write2__E
000085c5   xdc_runtime_LoggerBuf_write2__F
00006231   xdc_runtime_LoggerBuf_write4__E
00006231   xdc_runtime_LoggerBuf_write4__F
00005671   xdc_runtime_LoggerBuf_write8__E
00005671   xdc_runtime_LoggerBuf_write8__F
00008927   xdc_runtime_Main_Module_GateProxy_query__E
0000894f   xdc_runtime_Memory_HeapProxy_alloc__E
00008953   xdc_runtime_Memory_HeapProxy_free__E
0000930c   xdc_runtime_Memory_Module__id__C
20002c8c   xdc_runtime_Memory_Module__state__V
00006e71   xdc_runtime_Memory_alloc__E
00006e71   xdc_runtime_Memory_alloc__F
00008831   xdc_runtime_Memory_calloc__E
00008831   xdc_runtime_Memory_calloc__F
00009298   xdc_runtime_Memory_defaultHeapInstance__C
00008751   xdc_runtime_Memory_free__E
00008751   xdc_runtime_Memory_free__F
0000883d   xdc_runtime_Memory_getMaxDefaultTypeAlign__E
0000883d   xdc_runtime_Memory_getMaxDefaultTypeAlign__F
000083a9   xdc_runtime_Memory_valloc__E
000083a9   xdc_runtime_Memory_valloc__F
20002c90   xdc_runtime_Registry_Module__state__V
00008311   xdc_runtime_Registry_findById__E
00008311   xdc_runtime_Registry_findById__F
20002c98   xdc_runtime_Startup_Module__state__V
00000001   xdc_runtime_Startup__EXECFXN__C
00000001   xdc_runtime_Startup__RESETFXN__C
0000929c   xdc_runtime_Startup_execImpl__C
000074ed   xdc_runtime_Startup_exec__E
000074ed   xdc_runtime_Startup_exec__F
0000867d   xdc_runtime_Startup_exec__I
00009120   xdc_runtime_Startup_firstFxns__A
0000915c   xdc_runtime_Startup_firstFxns__C
00009164   xdc_runtime_Startup_lastFxns__A
0000916c   xdc_runtime_Startup_lastFxns__C
000092a0   xdc_runtime_Startup_maxPasses__C
000072cf   xdc_runtime_Startup_reset__I
000090e0   xdc_runtime_Startup_sfxnRts__A
000092a4   xdc_runtime_Startup_sfxnRts__C
00008f6c   xdc_runtime_Startup_sfxnTab__A
000092a8   xdc_runtime_Startup_sfxnTab__C
00005bd9   xdc_runtime_Startup_startMods__I
20002100   xdc_runtime_SysMin_Module_State_0_outbuf__A
20002ca0   xdc_runtime_SysMin_Module__state__V
[...]
00007fd9   ti_sysbios_knl_Clock_doTick__I
00008005   ti_sysbios_knl_Task_restore__E
00008031   xdc_runtime_System_rtsExit__I
0000805d   xdc_runtime_Text_cordText__E
0000805d   xdc_runtime_Text_cordText__F
00008089   xdc_runtime_System_putchar__I
000080b5   TimerConfigure
000080dd   ti_sysbios_family_arm_m3_Hwi_initStacks__E
00008105   ti_sysbios_knl_Clock_addI__E
0000812d   xdc_runtime_LoggerBuf_Module_startup__E
0000812d   xdc_runtime_LoggerBuf_Module_startup__F
00008155   xdc_runtime_System_avprintf__F
0000817d   ti_sysbios_knl_Clock_Module_startup__E
0000817d   ti_sysbios_knl_Clock_Module_startup__F
000081a1   ti_sysbios_knl_Swi_Module_startup__E
000081a1   ti_sysbios_knl_Swi_Module_startup__F
000081c5   ti_sysbios_knl_Task_restoreHwi__E
000081e9   xdc_runtime_System_vprintf__F
0000820d   xdc_runtime_SysMin_output__I
00008231   ti_sysbios_BIOS_removeRTSLock__I
00008251   ti_sysbios_BIOS_startFunc__I
00008271   ti_sysbios_gates_GateHwi_Object__delete__S
00008291   ti_sysbios_knl_Task_enter__I
000082b1   xdc_runtime_HeapMin_Object__delete__S
000082d1   xdc_runtime_LoggerBuf_Object__delete__S
000082f1   LoggerBuf_instanceStartup
000082f1   xdc_runtime_LoggerBuf_reset__E
000082f1   xdc_runtime_LoggerBuf_reset__F
00008311   xdc_runtime_Registry_findById__E
00008311   xdc_runtime_Registry_findById__F
00008331   xdc_runtime_SysMin_Module_startup__E
00008331   xdc_runtime_SysMin_Module_startup__F
00008351   ti_sysbios_family_arm_lm4_Timer_write__I
0000836f   ti_sysbios_knl_Queue_put__E
0000838d   xdc_runtime_Error_check__E
0000838d   xdc_runtime_Error_check__F
000083a9   xdc_runtime_Memory_valloc__E
000083a9   xdc_runtime_Memory_valloc__F
000083c5   xdc_runtime_SysMin_exit__E
000083c5   xdc_runtime_SysMin_exit__F
000083c5   xdc_runtime_System_SupportProxy_exit__E
000083e1   xdc_runtime_System_aprintf__E
000083fb   xdc_runtime_System_printf__E
00008415   ti_sysbios_family_arm_m3_TaskSupport_swap__E
00008415   ti_sysbios_knl_Task_SupportProxy_swap__E
00008421   ti_sysbios_knl_Task_swapReturn
0000842d   free
00008445   _args_main
0000845d   ti_sysbios_family_arm_lm4_Timer_Module__startupDone__F
0000845d   ti_sysbios_family_arm_lm4_Timer_Module__startupDone__S
00008475   ti_sysbios_family_arm_m3_Hwi_Handle__label__S
0000848d   ti_sysbios_family_arm_m3_Hwi_Module__startupDone__F
0000848d   ti_sysbios_family_arm_m3_Hwi_Module__startupDone__S
000084a5   ti_sysbios_gates_GateHwi_Handle__label__S
000084bd   ti_sysbios_hal_Timer_Module__startupDone__F
000084bd   ti_sysbios_hal_Timer_Module__startupDone__S
000084d5   ti_sysbios_knl_Swi_Handle__label__S
000084ed   ti_sysbios_knl_Task_Handle__label__S
00008505   xdc_runtime_HeapMin_Handle__label__S
0000851d   xdc_runtime_LoggerBuf_Handle__label__S
00008535   xdc_runtime_Text_ropeText__E
00008535   xdc_runtime_Text_ropeText__F
0000854d   _register_unlock
00008553   _register_lock
0000855b   _nop
00008561   strlen
00008575   ti_sysbios_family_arm_m3_Hwi_switchFromBootStack__E
00008575   ti_sysbios_hal_Hwi_HwiProxy_switchFromBootStack__E
00008575   ti_sysbios_hal_Hwi_switchFromBootStack__E
00008589   ti_sysbios_knl_Swi_Object__get__S
0000859d   xdc_runtime_LoggerBuf_Instance_finalize__F
000085b1   xdc_runtime_LoggerBuf_Object__get__S
000085c5   xdc_runtime_LoggerBuf_write2__E
000085c5   xdc_runtime_LoggerBuf_write2__F
000085d9   xdc_runtime_System_abort__E
000085d9   xdc_runtime_System_abort__F
000085ed   GPIOPinTypeGPIOInput
000085ff   GPIOPinTypeGPIOOutput
00008611   GPIOPinTypeSSI
00008623   TimerLoadSet
00008635   __TI_zero_init
00008647   ti_sysbios_hal_Hwi_Module_startup__E
00008647   ti_sysbios_hal_Hwi_Module_startup__F
00008659   ti_sysbios_hal_Timer_Module_startup__E
00008659   ti_sysbios_hal_Timer_Module_startup__F
0000866b   xdc_runtime_LoggerBuf_write1__E
0000866b   xdc_runtime_LoggerBuf_write1__F
0000867d   xdc_runtime_Startup_exec__I
0000868f   ti_sysbios_family_arm_m3_TaskSupport_glue
0000869f   ti_sysbios_family_xxx_Hwi_switchToIsrStack
000086af   strcpy
000086c1   ti_sysbios_BIOS_setThreadType__E
000086d1   ti_sysbios_BIOS_start__E
000086e1   ti_sysbios_family_arm_lm4_TimestampProvider_rolloverFunc__E
000086f1   ti_sysbios_family_arm_m3_Hwi_excHandler__I
00008701   ti_sysbios_knl_Swi_disable__E
00008711   ti_sysbios_knl_Task_Object__get__S
00008721   ti_sysbios_knl_Task_disable__E
00008731   xdc_runtime_Gate_leaveSystem__E
00008731   xdc_runtime_Gate_leaveSystem__F
00008741   xdc_runtime_LoggerBuf_write0__E
00008741   xdc_runtime_LoggerBuf_write0__F
00008751   xdc_runtime_Memory_free__E
00008751   xdc_runtime_Memory_free__F
00008761   xdc_runtime_SysMin_ready__E
00008761   xdc_runtime_SysMin_ready__F
00008761   xdc_runtime_System_SupportProxy_ready__E
00008771   xdc_runtime_System_vsnprintf__F
00008781   TimerEnable
0000878f   __TI_decompress_none
0000879d   ti_sysbios_family_arm_m3_TaskSupport_checkStack__E
0000879d   ti_sysbios_knl_Task_SupportProxy_checkStack__E
000087ab   ti_sysbios_knl_Queue_empty__E
000087b9   ti_catalog_arm_cortexm4_tiva_ce_Boot_init__I
000087c5   GPIOPinIntEnable
000087d1   ti_sysbios_family_xxx_Hwi_switchToTaskStack
000087dd   ti_sysbios_family_arm_lm4_Timer_masterDisable__I
000087e9   ti_sysbios_family_arm_lm4_TimestampProvider_startTimer__E
000087f5   ti_sysbios_gates_GateHwi_enter__E
00008801   ti_sysbios_knl_Queue_Object__get__S
0000880d   xdc_runtime_Error_init__E
0000880d   xdc_runtime_Error_init__F
00008819   xdc_runtime_Gate_enterSystem__E
00008819   xdc_runtime_Gate_enterSystem__F
00008825   xdc_runtime_HeapMin_getStats__E
00008825   xdc_runtime_HeapMin_getStats__F
00008831   xdc_runtime_Memory_calloc__E
00008831   xdc_runtime_Memory_calloc__F
0000883d   xdc_runtime_Memory_getMaxDefaultTypeAlign__E
0000883d   xdc_runtime_Memory_getMaxDefaultTypeAlign__F
00008849   xdc_runtime_System_exit__E
00008849   xdc_runtime_System_exit__F
00008855   xdc_runtime_System_lastFxn__I
00008861   GPIOPinRead
0000886b   GPIOPinWrite
00008875   SSIDataPut
0000887f   SSIEnable
0000889d   xdc_runtime_LoggerBuf_disable__E
0000889d   xdc_runtime_LoggerBuf_disable__F
000088a7   xdc_runtime_LoggerBuf_enable__E
000088a7   xdc_runtime_LoggerBuf_enable__F
000088b1   SSIBusy
000088b9   TimerIntEnable
000088c1   ti_sysbios_family_arm_m3_Hwi_doSwiRestore__I
000088c9   ti_sysbios_family_arm_m3_Hwi_startup__E
000088c9   ti_sysbios_hal_Hwi_HwiProxy_startup__E
000088c9   ti_sysbios_hal_Hwi_startup__E
000088d1   ti_sysbios_knl_Idle_loop__E
000088d9   xdc_runtime_Text_visitRope__I
000088e1   GPIOPinIntClear
000088e7   __xdc__init
000088ed   __TI_decompress_rle24
000088f3   ti_catalog_arm_cortexm4_tiva_ce_Boot_sysCtlDelayI__I
000088f9   ti_sysbios_family_arm_lm4_TimestampProvider_Module_startup__E
000088f9   ti_sysbios_family_arm_lm4_TimestampProvider_Module_startup__F
000088ff   ti_sysbios_family_arm_m3_Hwi_doTaskRestore__I
00008905   ti_sysbios_gates_GateHwi_leave__E
0000890b   ti_sysbios_knl_Swi_startup__E
00008911   xdc_runtime_System_Module_startup__E
00008911   xdc_runtime_System_Module_startup__F
00008917   TimerIntClear
0000891b   ti_sysbios_family_arm_lm4_Timer_getPeriod__E
0000891f   ti_sysbios_family_arm_lm4_Timer_masterEnable__I
00008923   ti_sysbios_family_arm_m3_TaskSupport_Module__startupDone__S
00008927   ti_sysbios_gates_GateHwi_query__E
00008927   ti_sysbios_gates_GateHwi_query__F
00008927   xdc_runtime_LoggerBuf_Module_GateProxy_query__E
00008927   xdc_runtime_Main_Module_GateProxy_query__E
00008927   xdc_runtime_System_Module_GateProxy_query__E
0000892b   ti_sysbios_hal_Hwi_HwiProxy_Module__startupDone__S
0000892f   ti_sysbios_hal_Timer_TimerProxy_Module__startupDone__S
00008933   ti_sysbios_hal_Timer_TimerProxy_getPeriod__E
00008937   ti_sysbios_knl_Task_SupportProxy_Module__startupDone__S
0000893b   ti_sysbios_knl_Task_startup__E
0000893f   xdc_runtime_Error_getSite__E
0000893f   xdc_runtime_Error_getSite__F
00008943   xdc_runtime_HeapMin_isBlocking__E
00008943   xdc_runtime_HeapMin_isBlocking__F
00008947   xdc_runtime_LoggerBuf_Module_GateProxy_enter__E
0000894b   xdc_runtime_LoggerBuf_Module_GateProxy_leave__E
0000894f   xdc_runtime_Memory_HeapProxy_alloc__E
00008953   xdc_runtime_Memory_HeapProxy_free__E
00008957   xdc_runtime_System_Module_GateProxy_enter__E
0000895b   xdc_runtime_System_Module_GateProxy_leave__E
0000895f   xdc_runtime_System_aprintf_va__F
00008963   xdc_runtime_System_printf_va__F
00008967   xdc_runtime_System_vsnprintf__E
0000896c   MyFont
00008b24   ti_sysbios_family_arm_m3_Hwi_priorities__A
00008bfc   shifted
00008ca8   unshifted
00008f30   xdc_runtime_LoggerBuf_Module__FXNS__C
00008f6c   xdc_runtime_Startup_sfxnTab__A
00008f98   UI
00008f9c   States
00008fa0   Clock
00008fa4   KeySem
00008fa8   Keyboard
00008fac   KeyboardTask
00008fb0   StateSem
00008fb4   Display
00008fb8   ArrowSem
00008fbc   Arrow
00008fc0   xdc_runtime_HeapMin_Module__FXNS__C
00008fe8   ti_sysbios_gates_GateHwi_Module__FXNS__C
0000900c   xdc_runtime_LoggerBuf_Object__PARAMS__C
00009030   ti_sysbios_gates_GateHwi_Object__DESC__C
00009050   xdc_runtime_HeapMin_Object__DESC__C
00009070   xdc_runtime_HeapMin_Object__PARAMS__C
00009090   xdc_runtime_LoggerBuf_Object__DESC__C
000090b0   ti_sysbios_gates_GateHwi_Object__PARAMS__C
000090c8   ti_sysbios_knl_Task_hooks__A
000090e0   xdc_runtime_Startup_sfxnRts__A
000090f8   PageLookup
000090fd   PageLookupRev
00009120   xdc_runtime_Startup_firstFxns__A
00009130   extended
0000913c   ti_sysbios_family_arm_m3_Hwi_excHookFuncs__A
00009144   ti_sysbios_knl_Idle_coreList__C
0000914c   ti_sysbios_knl_Idle_funcList__C
00009154   ti_sysbios_knl_Task_hooks__C
0000915c   xdc_runtime_Startup_firstFxns__C
00009164   xdc_runtime_Startup_lastFxns__A
0000916c   xdc_runtime_Startup_lastFxns__C
00009174   ti_catalog_arm_cortexm4_tiva_ce_Boot_A_mustUseEnhancedClockMode__C
00009178   ti_catalog_arm_cortexm4_tiva_ce_Boot_Module__diagsEnabled__C
0000917c   ti_catalog_arm_cortexm4_tiva_ce_Boot_Module__diagsIncluded__C
00009180   ti_catalog_arm_cortexm4_tiva_ce_Boot_Module__diagsMask__C
00009184   ti_sysbios_BIOS_installedErrorHook__C
00009188   ti_sysbios_family_arm_lm4_Timer_numTimerDevices__C
0000918c   ti_sysbios_family_arm_lm4_Timer_startupNeeded__C
00009190   ti_sysbios_family_arm_m3_Hwi_E_NMI__C
00009194   ti_sysbios_family_arm_m3_Hwi_E_busFault__C
00009198   ti_sysbios_family_arm_m3_Hwi_E_debugMon__C
0000919c   ti_sysbios_family_arm_m3_Hwi_E_hardFault__C
000091a0   ti_sysbios_family_arm_m3_Hwi_E_memFault__C
000091a4   ti_sysbios_family_arm_m3_Hwi_E_noIsr__C
000091a8   ti_sysbios_family_arm_m3_Hwi_E_reserved__C
000091ac   ti_sysbios_family_arm_m3_Hwi_E_svCall__C
000091b0   ti_sysbios_family_arm_m3_Hwi_E_usageFault__C
000091b4   ti_sysbios_family_arm_m3_Hwi_NUM_INTERRUPTS__C
000091b8   ti_sysbios_family_arm_m3_Hwi_ccr__C
000091bc   ti_sysbios_family_arm_m3_Hwi_dispatchTable__C
000091c0   ti_sysbios_family_arm_m3_Hwi_excHandlerFunc__C
000091c4   ti_sysbios_family_arm_m3_Hwi_excHookFuncs__C
000091c8   ti_sysbios_family_arm_m3_Hwi_priGroup__C
000091cc   ti_sysbios_family_arm_m3_Hwi_priorities__C
000091d0   ti_sysbios_hal_Hwi_E_stackOverflow__C
000091d4   ti_sysbios_knl_Clock_Module_State_clockQ__O
000091d8   ti_sysbios_knl_Idle_coreList__A
000091dc   ti_sysbios_knl_Idle_funcList__A
000091e0   ti_sysbios_knl_Semaphore_A_badContext__C
000091e4   ti_sysbios_knl_Semaphore_A_overflow__C
000091e8   ti_sysbios_knl_Semaphore_A_pendTaskDisabled__C
000091ec   ti_sysbios_knl_Semaphore_Instance_State_pendQ__O
000091f0   ti_sysbios_knl_Semaphore_Module__diagsEnabled__C
000091f4   ti_sysbios_knl_Semaphore_Module__diagsIncluded__C
000091f8   ti_sysbios_knl_Semaphore_Module__diagsMask__C
000091fc   ti_sysbios_knl_Swi_Object__count__C
00009200   ti_sysbios_knl_Task_A_badTimeout__C
00009204   ti_sysbios_knl_Task_A_sleepTaskDisabled__C
00009208   ti_sysbios_knl_Task_E_spOutOfBounds__C
0000920c   ti_sysbios_knl_Task_E_stackOverflow__C
00009210   ti_sysbios_knl_Task_Module_State_inactiveQ__O
00009214   ti_sysbios_knl_Task_Module__diagsEnabled__C
00009218   ti_sysbios_knl_Task_Module__diagsIncluded__C
0000921c   ti_sysbios_knl_Task_Module__diagsMask__C
00009220   ti_sysbios_knl_Task_Object__count__C
00009224   ti_sysbios_knl_Task_allBlockedFunc__C
00009228   ti_sysbios_knl_Task_numConstructedTasks__C
0000922c   xdc_runtime_Assert_E_assertFailed__C
00009230   xdc_runtime_Core_A_initializedParams__C
00009234   xdc_runtime_Core_Module__diagsEnabled__C
00009238   xdc_runtime_Core_Module__diagsIncluded__C
0000923c   xdc_runtime_Core_Module__diagsMask__C
00009240   xdc_runtime_Error_E_memory__C
00009244   xdc_runtime_Error_Module__diagsEnabled__C
00009248   xdc_runtime_Error_Module__diagsIncluded__C
0000924c   xdc_runtime_Error_Module__diagsMask__C
00009250   xdc_runtime_Error_Module__loggerFxn8__C
00009254   xdc_runtime_Error_Module__loggerObj__C
00009258   xdc_runtime_Error_raiseHook__C
0000925c   xdc_runtime_HeapMin_A_zeroSize__C
00009260   xdc_runtime_HeapMin_E_freeError__C
00009264   xdc_runtime_HeapMin_Module__diagsEnabled__C
00009268   xdc_runtime_HeapMin_Module__diagsIncluded__C
0000926c   xdc_runtime_HeapMin_Module__diagsMask__C
00009270   xdc_runtime_IFilterLogger_Interface__BASE__C
00009274   xdc_runtime_IGateProvider_Interface__BASE__C
00009278   xdc_runtime_IHeap_Interface__BASE__C
0000927c   xdc_runtime_ILogger_Interface__BASE__C
00009280   xdc_runtime_IModule_Interface__BASE__C
00009284   xdc_runtime_Log_L_error__C
00009288   xdc_runtime_LoggerBuf_E_badLevel__C
0000928c   xdc_runtime_LoggerBuf_Module__gateObj__C
00009290   xdc_runtime_LoggerBuf_Object__count__C
00009294   xdc_runtime_LoggerBuf_statusLogger__C
00009298   xdc_runtime_Memory_defaultHeapInstance__C
0000929c   xdc_runtime_Startup_execImpl__C
000092a0   xdc_runtime_Startup_maxPasses__C
000092a4   xdc_runtime_Startup_sfxnRts__C
000092a8   xdc_runtime_Startup_sfxnTab__C
000092ac   xdc_runtime_SysMin_bufSize__C
000092b0   xdc_runtime_SysMin_outputFunc__C
000092b4   xdc_runtime_System_Module__gateObj__C
000092b8   xdc_runtime_System_extendFxn__C
000092bc   xdc_runtime_System_maxAtexitHandlers__C
000092c0   xdc_runtime_Text_charTab__C
000092c4   xdc_runtime_Text_nameEmpty__C
000092c8   xdc_runtime_Text_nameStatic__C
000092cc   xdc_runtime_Text_nameUnknown__C
000092d0   xdc_runtime_Text_visitRopeFxn__C
000092d4   ti_catalog_arm_cortexm4_tiva_ce_Boot_Module__id__C
000092d8   ti_sysbios_family_arm_lm4_TimestampProvider_useClockTimer__C
000092dc   ti_sysbios_family_arm_m3_Hwi_Module__id__C
000092e0   ti_sysbios_hal_Hwi_Module__id__C
000092e4   ti_sysbios_knl_Semaphore_Module__id__C
000092e8   ti_sysbios_knl_Task_Module__id__C
000092ec   ti_sysbios_knl_Task_initStackFlag__C
000092f0   xdc_runtime_Core_Module__id__C
000092f4   xdc_runtime_Error_Module__loggerDefined__C
000092f8   xdc_runtime_Error_maxDepth__C
000092fc   xdc_runtime_HeapMin_Module__id__C
00009300   xdc_runtime_HeapMin_freeError__C
00009304   xdc_runtime_LoggerBuf_Module__id__C
00009308   xdc_runtime_LoggerBuf_filterByLevel__C
0000930c   xdc_runtime_Memory_Module__id__C
00009310   xdc_runtime_SysMin_flushAtExit__C
00009314   xdc_runtime_Text_charCnt__C
00009318   xdc_runtime_Text_isLoaded__C
0000931c   xdc_runtime_Text_registryModsLastId__C
00009320   xdc_runtime_Text_unnamedModsLastId__C
00009324   xdc_runtime_Error_policy__C
00009b80   __TI_Handler_Table_Base
00009b8c   __TI_Handler_Table_Limit
00009ba0   __TI_CINIT_Base
00009bb8   __TI_CINIT_Limit
20000000   ti_sysbios_family_arm_m3_Hwi_ramVectors
20000360   ti_sysbios_knl_Task_Instance_State_0_stack__A
20000760   ti_sysbios_knl_Task_Instance_State_1_stack__A
20000b60   ti_sysbios_knl_Task_Instance_State_2_stack__A
20000f60   ti_sysbios_knl_Task_Instance_State_3_stack__A
20001360   ti_sysbios_knl_Task_Instance_State_4_stack__A
20001760   ti_sysbios_knl_Task_Instance_State_5_stack__A
20001b60   glcd_buffer
20001f60   __CIOBUF_
20002080   xdc_runtime_LoggerBuf_Instance_State_0_entryArr__A
20002100   xdc_runtime_SysMin_Module_State_0_outbuf__A
20002180   ti_sysbios_knl_Task_Instance_State_0_hookEnv__A
20002184   ti_sysbios_knl_Task_Instance_State_1_hookEnv__A
20002188   ti_sysbios_knl_Task_Instance_State_2_hookEnv__A
2000218c   ti_sysbios_knl_Task_Instance_State_3_hookEnv__A
20002190   ti_sysbios_knl_Task_Instance_State_4_hookEnv__A
20002194   ti_sysbios_knl_Task_Instance_State_5_hookEnv__A
20002198   xdc_runtime_HeapMin_Instance_State_0_buf__A
200021b8   time_string
200021d8   glcd_dirty_pages
200021dc   ItemBlock1
20002644   ti_sysbios_family_arm_m3_Hwi_Module_State_0_dispatchTable__A
200029a4   ti_sysbios_knl_Task_Object__table__V
20002b20   TSK_idle
20002b6c   ti_sysbios_BIOS_Module__state__V
20002b8c   ti_sysbios_family_arm_lm4_Timer_Module__root__V
20002b94   ti_sysbios_family_arm_lm4_Timer_Module_State_0_handles__A
20002bac   ti_sysbios_family_arm_lm4_Timer_Module__state__V
20002bb8   ti_sysbios_family_arm_lm4_TimestampProvider_Module__state__V
20002bc0   ti_sysbios_family_arm_m3_Hwi_Module__root__V
20002bc8   ti_sysbios_family_arm_m3_Hwi_Module_State_0_excActive__A
20002bcc   ti_sysbios_family_arm_m3_Hwi_Module_State_0_excContext__A
20002bd0   ti_sysbios_family_arm_m3_Hwi_Module_State_0_excStack__A
20002bd4   ti_sysbios_gates_GateHwi_Module__root__V
20002bdc   ti_sysbios_gates_GateHwi_Object__table__V
20002be0   ti_sysbios_gates_GateMutexPri_Module__root__V
20002be8   ti_sysbios_hal_Hwi_Module__root__V
20002bf0   ti_sysbios_hal_Hwi_Object__table__V
20002c00   ti_sysbios_hal_Timer_Module__root__V
20002c08   ti_sysbios_hal_Timer_Object__table__V
20002c10   ti_sysbios_knl_Clock_Module__root__V
20002c18   ti_sysbios_knl_Queue_Module__root__V
20002c20   ti_sysbios_knl_Semaphore_Module__root__V
20002c28   ti_sysbios_knl_Swi_Module__root__V
20002c30   ti_sysbios_knl_Swi_Module__state__V
20002c4c   ti_sysbios_knl_Task_Module__root__V
20002c54   ti_sysbios_knl_Task_Module_State_0_idleTask__A
20002c58   xdc_runtime_Error_Module__state__V
20002c5c   xdc_runtime_GateNull_Module__root__V
20002c64   xdc_runtime_HeapMin_Module__root__V
20002c6c   xdc_runtime_HeapMin_Object__table__V
20002c7c   xdc_runtime_LoggerBuf_Module__root__V
20002c84   xdc_runtime_LoggerBuf_Module__state__V
20002c8c   xdc_runtime_Memory_Module__state__V
20002c90   xdc_runtime_Registry_Module__state__V
20002c98   xdc_runtime_Startup_Module__state__V
20002ca0   xdc_runtime_SysMin_Module__state__V
20002cac   xdc_runtime_System_Module_State_0_atexitHandlers__A
20002cbc   xdc_runtime_System_Module__state__V
20002cc8   xdc_runtime_Text_Module__state__V
20002cd0   __xdc__init__addr
20002cd4   ti_sysbios_knl_Swi_Module_State_0_readyQ__A
20002d54   ti_sysbios_knl_Task_Module_State_0_readyQ__A
20002dd4   ti_sysbios_family_arm_lm4_Timer_Object__table__V
20002e44   ti_sysbios_family_arm_m3_Hwi_Object__table__V
20002ea4   ti_sysbios_family_arm_m3_Hwi_Module__state__V
20002ef8   ti_sysbios_knl_Task_Module__state__V
20002f3c   ti_sysbios_knl_Semaphore_Object__table__V
20002f78   ItemLookUp
20002fac   ti_sysbios_family_arm_lm4_Timer_Module_State_0_device__A
20002fdc   ti_sysbios_knl_Swi_Object__table__V
2000300c   ti_sysbios_knl_Clock_Module__state__V
20003034   glcd_flipped
20003038   pagemap
20003058   xdc_runtime_LoggerBuf_Object__table__V
2000307c   ChartoDec
2000308c   StateInfo
2000308f   LastState
20003090   InvInfo
20003098   _lock
2000309c   _unlock
200030a0   _cleanup_ptr
200030a4   _dtors_ptr
200030b4   main_func_sp
200030bc   TimeOfDay
200030c0   __stack
200032c0   __STACK_TOP
200034c0   __STACK_END
e000e000   ti_sysbios_family_arm_m3_Hwi_nvic
ffffffff   __binit__
ffffffff   __c_args__
ffffffff   binit
UNDEFED    SHT$$INIT_ARRAY$$Base
UNDEFED    SHT$$INIT_ARRAY$$Limit

[677 symbols]
