******************************************************************************
                  TI ARM Linker PC v5.0.4                      
******************************************************************************
>> Linked Tue May 28 13:57:20 2013

OUTPUT FILE NAME:   <Grocery.out>
ENTRY POINT SYMBOL: "_c_int00"  address: 00004e1d


MEMORY CONFIGURATION

         name            origin    length      used     unused   attr    fill
----------------------  --------  ---------  --------  --------  ----  --------
  FLASH                 00000000   00040000  000074bb  00038b45  R  X
  SRAM                  20000000   00008000  00002b5f  000054a1  RW X


SEGMENT ALLOCATION MAP

run origin  load origin   length   init length attrs members
----------  ----------- ---------- ----------- ----- -------
00000000    00000000    000074c0   000074c0    r-x
  00000000    00000000    00000360   00000360    r-- .resetVecs
  00000360    00000360    00006042   00006042    r-x .text
  000063a4    000063a4    00000989   00000989    r-- .const
  00006d30    00006d30    00000790   00000790    r-- .cinit
20000000    20000000    000019d0   00000000    rw-
  20000000    20000000    00000360   00000000    rw- .vecs
  20000360    20000360    00001670   00000000    rw- .bss
200019d0    200019d0    00001190   00000d8f    rw-
  200019d0    200019d0    00000d8f   00000d8f    rw- .data
  20002760    20002760    00000400   00000000    rw- .stack


SECTION ALLOCATION MAP

 output                                  attributes/
section   page    origin      length       input sections
--------  ----  ----------  ----------   ----------------
.bootVecs 
*          0    00000000    00000008     DSECT
                  00000000    00000008     boot.aem4f : boot.oem4f (.bootVecs)

.resetVecs 
*          0    00000000    00000360     
                  00000000    00000360     app_pem4f.oem4f (.resetVecs)

xdc.meta   0    00000000    000000d9     COPY SECTION
                  00000000    000000d9     app_pem4f.oem4f (xdc.meta)

xdc.noload 
*          0    00000000    00001230     COPY SECTION
                  00000000    00001230     app_pem4f.oem4f (xdc.noload)

.init_array 
*          0    00000000    00000000     UNINITIALIZED

.text      0    00000360    00006042     
                  00000360    00000708     main.obj (.text)
                  00000a68    00000480     Ps2Keyboard.obj (.text)
                  00000ee8    00000424     sysbios.aem4f : BIOS.obj (.text:ti_sysbios_family_arm_m3_Hwi_excDumpRegs__I)
                  0000130c    000003b0     st7565.obj (.text)
                  000016bc    00000344     ti.targets.arm.rtsarm.aem4f : System.oem4f (.text:xdc_runtime_System_doPrint__I)
                  00001a00    00000314     Graphics_Bmp.obj (.text)
                  00001d14    000002e4     rtsv7M4_T_le_v4SPD16_eabi.lib : trgdrv.obj (.text)
                  00001ff8    00000238     sysbios.aem4f : BIOS.obj (.text:ti_sysbios_knl_Semaphore_pend__E)
                  00002230    000001dc                   : BIOS.obj (.text:ti_sysbios_family_arm_m3_Hwi_excHandlerMax__I)
                  0000240c    000001d8     driverlib-cm4f.lib : sysctl.obj (.text:SysCtlClockGet)
                  000025e4    00000194     buttons.obj (.text)
                  00002778    0000018c     sysbios.aem4f : BIOS.obj (.text:ti_sysbios_knl_Task_sleep__E)
                  00002904    00000168                   : BIOS.obj (.text:ti_sysbios_family_arm_m3_Hwi_excBusFault__I)
                  00002a6c    00000154                   : BIOS.obj (.text:ti_sysbios_family_arm_m3_Hwi_excUsageFault__I)
                  00002bc0    00000140                   : BIOS.obj (.text:ti_sysbios_family_arm_m3_Hwi_excMemFault__I)
                  00002d00    0000013c     ti.targets.arm.rtsarm.aem4f : Error.oem4f (.text:xdc_runtime_Error_raiseX__F)
                  00002e3c    00000138     Boot.aem4f : Boot_sysctl.oem4f (.text:ti_catalog_arm_cortexm4_tiva_ce_Boot_sysCtlClockSetI__I)
                  00002f74    00000134     sysbios.aem4f : m3_Hwi_asm.obj (.text:ti_sysbios_family_arm_m3_Hwi_dispatch__I)
                  000030a8    0000012c     ti.targets.arm.rtsarm.aem4f : LoggerBuf.oem4f (.text:xdc_runtime_LoggerBuf_write8__F)
                  000031d4    00000128     sysbios.aem4f : BIOS.obj (.text:ti_sysbios_family_arm_lm4_TimestampProvider_get64__E)
                  000032fc    00000114                   : BIOS.obj (.text:ti_sysbios_family_arm_lm4_Timer_initDevice__I)
                  00003410    00000104     ti.targets.arm.rtsarm.aem4f : Core-mem.oem4f (.text:xdc_runtime_Core_createObject__I)
                  00003514    000000fc     sysbios.aem4f : BIOS.obj (.text:ti_sysbios_family_arm_lm4_Timer_start__E)
                  00003610    000000f8     ti.targets.arm.rtsarm.aem4f : Startup.oem4f (.text:xdc_runtime_Startup_startMods__I)
                  00003708    000000f8     app_pem4f.oem4f (.text:xdc_runtime_System_printfExtend__I)
                  00003800    000000ec     rtsv7M4_T_le_v4SPD16_eabi.lib : dtor_list.obj (.text)
                  000038ec    000000ec     sysbios.aem4f : BIOS.obj (.text:ti_sysbios_knl_Semaphore_post__E)
                  000039d8    000000dc                   : BIOS.obj (.text:ti_sysbios_family_arm_m3_Hwi_initNVIC__E)
                  00003ab4    000000dc                   : BIOS.obj (.text:ti_sysbios_knl_Task_postInit__I)
                  00003b90    000000d8     Clock.obj (.text)
                  00003c68    000000d4     ti.targets.arm.rtsarm.aem4f : LoggerBuf.oem4f (.text:xdc_runtime_LoggerBuf_write4__F)
                  00003d3c    000000c8     driverlib-cm4f.lib : gpio.obj (.text:GPIOPadConfigSet)
                  00003e04    000000b4     sysbios.aem4f : BIOS.obj (.text:ti_sysbios_family_arm_m3_Hwi_excHardFault__I)
                  00003eb8    000000b4                   : BIOS.obj (.text:ti_sysbios_knl_Task_checkStacks__E)
                  00003f6c    000000b0                   : BIOS.obj (.text:ti_sysbios_family_arm_m3_Hwi_excDebugMon__I)
                  0000401c    000000ac                   : BIOS.obj (.text:ti_sysbios_knl_Swi_schedule__I)
                  000040c8    000000a4                   : BIOS.obj (.text:ti_sysbios_family_arm_m3_Hwi_Module_startup__F)
                  0000416c    000000a0     auto_init.aem4f : auto_init.oem4f (.text)
                  0000420c    0000009c     rtsv7M4_T_le_v4SPD16_eabi.lib : memcpy_t2.obj (.text)
                  000042a8    0000009a     ti.targets.arm.rtsarm.aem4f : Text.oem4f (.text:xdc_runtime_Text_putSite__F)
                  00004342    00000002     sysbios.aem4f : BIOS.obj (.text:ti_sysbios_BIOS_nullFunc__I)
                  00004344    00000094     Boot.aem4f : Boot.oem4f (.text:ti_catalog_arm_cortexm4_tiva_ce_Boot_sysCtlClockSet__E)
                  000043d8    00000094     ti.targets.arm.rtsarm.aem4f : Text.oem4f (.text:xdc_runtime_Text_putMod__F)
                  0000446c    00000090     sysbios.aem4f : BIOS.obj (.text:ti_sysbios_knl_Task_exit__E)
                  000044fc    00000090                   : BIOS.obj (.text:ti_sysbios_knl_Task_startCore__E)
                  0000458c    0000008c                   : m3_TaskSupport_asm.obj (.text:_ti_sysbios_family_arm_m3_TaskSupport_buildTaskStack)
                  00004618    0000008c     ti.targets.arm.rtsarm.aem4f : HeapMin.oem4f (.text:xdc_runtime_HeapMin_Instance_init__F)
                  000046a4    00000088     sysbios.aem4f : BIOS.obj (.text:ti_sysbios_knl_Task_schedule__I)
                  0000472c    00000084                   : BIOS.obj (.text:ti_sysbios_knl_Task_Module_startup__F)
                  000047b0    00000080     ti.targets.arm.rtsarm.aem4f : LoggerBuf.oem4f (.text:xdc_runtime_LoggerBuf_setFilterLevel__F)
                  00004830    00000078     rtsv7M4_T_le_v4SPD16_eabi.lib : memset_t2.obj (.text)
                  000048a8    00000070     ti.targets.arm.rtsarm.aem4f : Memory.oem4f (.text:xdc_runtime_Memory_alloc__F)
                  00004918    0000006c     sysbios.aem4f : BIOS.obj (.text:ti_sysbios_knl_Clock_workFunc__E)
                  00004984    0000006c     ti.targets.arm.rtsarm.aem4f : Error.oem4f (.text:xdc_runtime_Error_print__F)
                  000049f0    0000006c                                 : LoggerBuf.oem4f (.text:xdc_runtime_LoggerBuf_getFilterLevel__F)
                  00004a5c    00000066                                 : Core-mem.oem4f (.text:xdc_runtime_Core_deleteObject__I)
                  00004ac2    00000002     sysbios.aem4f : BIOS.obj (.text:ti_sysbios_gates_GateHwi_Instance_init__F)
                  00004ac4    00000064     driverlib-cm4f.lib : interrupt.obj (.text:IntEnable)
                  00004b28    00000060     rtsv7M4_T_le_v4SPD16_eabi.lib : trgmsg.obj (.text)
                  00004b88    00000060     sysbios.aem4f : BIOS.obj (.text:ti_sysbios_family_arm_m3_Hwi_dispatchC__I)
                  00004be8    00000060                   : BIOS.obj (.text:ti_sysbios_knl_Swi_run__I)
                  00004c48    00000060     app_pem4f.oem4f (.text:xdc_runtime_LoggerBuf_Object__create__S)
                  00004ca8    0000005e     rtsv7M4_T_le_v4SPD16_eabi.lib : copy_decompress_rle.obj (.text)
                  00004d06    00000002     sysbios.aem4f : BIOS.obj (.text:ti_sysbios_knl_Clock_logTick__E)
                  00004d08    0000005c                   : BIOS.obj (.text:ti_sysbios_family_arm_lm4_Timer_Module_startup__F)
                  00004d64    0000005c                   : BIOS.obj (.text:ti_sysbios_knl_Swi_restoreHwi__E)
                  00004dc0    0000005b     ti.targets.arm.rtsarm.aem4f : Text.oem4f (.text:xdc_runtime_Text_putLab__F)
                  00004e1b    00000001     --HOLE-- [fill = 0]
                  00004e1c    00000058     boot.aem4f : boot.oem4f (.text)
                  00004e74    00000058     driverlib-cm4f.lib : sysctl.obj (.text:SysCtlPeripheralEnable)
                  00004ecc    00000058     sysbios.aem4f : BIOS.obj (.text:ti_sysbios_knl_Task_unblockI__E)
                  00004f24    00000050     ti.targets.arm.rtsarm.aem4f : Startup.oem4f (.text:xdc_runtime_Startup_exec__F)
                  00004f74    00000050                                 : System.oem4f (.text:xdc_runtime_System_formatNum__I)
                  00004fc4    00000048     driverlib-cm4f.lib : gpio.obj (.text:GPIOPinConfigure)
                  0000500c    00000048     sysbios.aem4f : BIOS.obj (.text:ti_sysbios_family_arm_m3_Hwi_excReserved__I)
                  00005054    00000048                   : BIOS.obj (.text:ti_sysbios_knl_Task_allBlockedFunction__I)
                  0000509c    00000048     ti.targets.arm.rtsarm.aem4f : Assert.oem4f (.text:xdc_runtime_Assert_raise__I)
                  000050e4    00000048                                 : Core-params.oem4f (.text:xdc_runtime_Core_assignParams__I)
                  0000512c    00000044     driverlib-cm4f.lib : gpio.obj (.text:GPIOIntTypeSet)
                  00005170    00000044                        : ssi.obj (.text:SSIConfigSetExpClk)
                  000051b4    00000044     rtsv7M4_T_le_v4SPD16_eabi.lib : cpy_tbl.obj (.text)
                  000051f8    00000044     sysbios.aem4f : BIOS.obj (.text:ti_sysbios_family_arm_lm4_Timer_isrStub__E)
                  0000523c    00000044                   : BIOS.obj (.text:ti_sysbios_family_arm_m3_Hwi_disableInterrupt__E)
                  00005280    00000044                   : BIOS.obj (.text:ti_sysbios_family_arm_m3_Hwi_enableInterrupt__E)
                  000052c4    00000044                   : BIOS.obj (.text:ti_sysbios_knl_Swi_post__E)
                  00005308    00000044     ti.targets.arm.rtsarm.aem4f : LoggerBuf.oem4f (.text:xdc_runtime_LoggerBuf_filterOutEvent__I)
                  0000534c    00000044                                 : SysMin.oem4f (.text:xdc_runtime_SysMin_flush__F)
                  00005390    00000040     rtsv7M4_T_le_v4SPD16_eabi.lib : exit.obj (.text)
                  000053d0    00000040     sysbios.aem4f : BIOS.obj (.text:ti_sysbios_family_arm_lm4_Timer_startup__E)
                  00005410    00000040                   : BIOS.obj (.text:ti_sysbios_knl_Semaphore_pendTimeout__I)
                  00005450    00000040                   : BIOS.obj (.text:ti_sysbios_knl_Task_processVitalTaskFlag__I)
                  00005490    00000040     ti.targets.arm.rtsarm.aem4f : System.oem4f (.text:xdc_runtime_System_atexit__F)
                  000054d0    0000003c     sysbios.aem4f : BIOS.obj (.text:ti_sysbios_family_arm_m3_Hwi_excSvCall__I)
                  0000550c    0000003c                   : BIOS.obj (.text:ti_sysbios_knl_Swi_restore__E)
                  00005548    0000003c     ti.targets.arm.rtsarm.aem4f : HeapMin.oem4f (.text:xdc_runtime_HeapMin_alloc__F)
                  00005584    0000003c                                 : Text.oem4f (.text:xdc_runtime_Text_xprintf__I)
                  000055c0    00000038     sysbios.aem4f : BIOS.obj (.text:ti_sysbios_family_arm_m3_Hwi_excNoIsr__I)
                  000055f8    00000038                   : BIOS.obj (.text:ti_sysbios_family_arm_m3_Hwi_getStackInfo__E)
                  00005630    00000038                   : BIOS.obj (.text:ti_sysbios_family_arm_m3_TaskSupport_start__E)
                  00005668    00000038     ti.targets.arm.rtsarm.aem4f : LoggerBuf.oem4f (.text:xdc_runtime_LoggerBuf_Instance_init__F)
                  000056a0    00000038                                 : SysMin.oem4f (.text:xdc_runtime_SysMin_putch__F)
                  000056d8    00000034     sysbios.aem4f : BIOS.obj (.text:ti_sysbios_family_arm_m3_Hwi_excNmi__I)
                  0000570c    00000034     app_pem4f.oem4f (.text:ti_sysbios_gates_GateHwi_Object__create__S)
                  00005740    00000034     sysbios.aem4f : BIOS.obj (.text:ti_sysbios_hal_Hwi_checkStack:ti_sysbios_hal_Hwi_checkStack)
                  00005774    00000034     app_pem4f.oem4f (.text:xdc_runtime_HeapMin_Object__create__S)
                  000057a8    00000030     sysbios.aem4f : BIOS.obj (.text:ti_sysbios_BIOS_errorRaiseHook__I)
                  000057d8    00000030     app_pem4f.oem4f (.text:ti_sysbios_BIOS_exitFunc__I)
                  00005808    00000030     sysbios.aem4f : BIOS.obj (.text:ti_sysbios_family_arm_lm4_Timer_enableTimers__I)
                  00005838    00000030                   : BIOS.obj (.text:ti_sysbios_family_arm_lm4_Timer_stop__E)
                  00005868    00000030                   : BIOS.obj (.text:ti_sysbios_knl_Idle_run__E)
                  00005898    00000030     ti.targets.arm.rtsarm.aem4f : Core-label.oem4f (.text:xdc_runtime_Core_assignLabel__I)
                  000058c8    00000030                                 : HeapMin.oem4f (.text:xdc_runtime_HeapMin_free__F)
                  000058f8    00000030                                 : SysMin.oem4f (.text:xdc_runtime_SysMin_abort__F)
                  00005928    0000002f                                 : Text.oem4f (.text:xdc_runtime_Text_printVisFxn__I)
                  00005957    00000001     --HOLE-- [fill = 0]
                  00005958    0000002e     driverlib-cm4f.lib : gpio.obj (.text:GPIODirModeSet)
                  00005986    0000002e     app_pem4f.oem4f (.text:malloc)
                  000059b4    0000002e     sysbios.aem4f : BIOS.obj (.text:ti_sysbios_knl_Task_sleepTimeout__I)
                  000059e2    0000002c                   : BIOS.obj (.text:ti_sysbios_hal_Hwi_initStack:ti_sysbios_hal_Hwi_initStack)
                  00005a0e    00000002     app_pem4f.oem4f (.text:xdc_runtime_Startup_reset__I)
                  00005a10    0000002c     app_pem4f.oem4f (.text:ti_sysbios_knl_Clock_doTick__I)
                  00005a3c    0000002c     sysbios.aem4f : BIOS.obj (.text:ti_sysbios_knl_Task_restore__E)
                  00005a68    0000002c     ti.targets.arm.rtsarm.aem4f : System.oem4f (.text:xdc_runtime_System_rtsExit__I)
                  00005a94    0000002c                                 : Text.oem4f (.text:xdc_runtime_Text_cordText__F)
                  00005ac0    0000002a                                 : System.oem4f (.text:xdc_runtime_System_putchar__I)
                  00005aea    00000002     --HOLE-- [fill = 0]
                  00005aec    00000028     driverlib-cm4f.lib : timer.obj (.text:TimerConfigure)
                  00005b14    00000028     sysbios.aem4f : m3_Hwi_asm_switch.obj (.text:_ti_sysbios_family_arm_m3_Hwi_initStacks__E)
                  00005b3c    00000028                   : BIOS.obj (.text:ti_sysbios_knl_Clock_addI__E)
                  00005b64    00000028     ti.targets.arm.rtsarm.aem4f : LoggerBuf.oem4f (.text:xdc_runtime_LoggerBuf_Module_startup__F)
                  00005b8c    00000026                                 : System.oem4f (.text:xdc_runtime_System_avprintf__F)
                  00005bb2    00000002     --HOLE-- [fill = 0]
                  00005bb4    00000024     sysbios.aem4f : BIOS.obj (.text:ti_sysbios_knl_Clock_Module_startup__F)
                  00005bd8    00000024                   : BIOS.obj (.text:ti_sysbios_knl_Swi_Module_startup__F)
                  00005bfc    00000024                   : BIOS.obj (.text:ti_sysbios_knl_Task_restoreHwi__E)
                  00005c20    00000024     ti.targets.arm.rtsarm.aem4f : System.oem4f (.text:xdc_runtime_System_vprintf__F)
                  00005c44    00000022     app_pem4f.oem4f (.text:xdc_runtime_SysMin_output__I)
                  00005c66    00000002     --HOLE-- [fill = 0]
                  00005c68    00000020     sysbios.aem4f : BIOS.obj (.text:ti_sysbios_BIOS_removeRTSLock__I)
                  00005c88    00000020     app_pem4f.oem4f (.text:ti_sysbios_BIOS_startFunc__I)
                  00005ca8    00000020     app_pem4f.oem4f (.text:ti_sysbios_gates_GateHwi_Object__delete__S)
                  00005cc8    00000020     sysbios.aem4f : BIOS.obj (.text:ti_sysbios_knl_Task_enter__I)
                  00005ce8    00000020     app_pem4f.oem4f (.text:xdc_runtime_HeapMin_Object__delete__S)
                  00005d08    00000020     app_pem4f.oem4f (.text:xdc_runtime_LoggerBuf_Object__delete__S)
                  00005d28    00000020     ti.targets.arm.rtsarm.aem4f : LoggerBuf.oem4f (.text:xdc_runtime_LoggerBuf_reset__F)
                  00005d48    00000020                                 : Registry.oem4f (.text:xdc_runtime_Registry_findById__F)
                  00005d68    00000020                                 : SysMin.oem4f (.text:xdc_runtime_SysMin_Module_startup__F)
                  00005d88    0000001e     sysbios.aem4f : BIOS.obj (.text:ti_sysbios_family_arm_lm4_Timer_write__I)
                  00005da6    0000001c                   : BIOS.obj (.text:ti_sysbios_knl_Queue_put__E)
                  00005dc2    00000002     --HOLE-- [fill = 0]
                  00005dc4    0000001c     ti.targets.arm.rtsarm.aem4f : Error.oem4f (.text:xdc_runtime_Error_check__F)
                  00005de0    0000001c                                 : Memory.oem4f (.text:xdc_runtime_Memory_valloc__F)
                  00005dfc    0000001c                                 : SysMin.oem4f (.text:xdc_runtime_SysMin_exit__F)
                  00005e18    0000001a     app_pem4f.oem4f (.text:xdc_runtime_System_aprintf__E)
                  00005e32    0000001a     app_pem4f.oem4f (.text:xdc_runtime_System_printf__E)
                  00005e4c    00000018     sysbios.aem4f : m3_TaskSupport_asm.obj (.text:_ti_sysbios_family_arm_m3_TaskSupport_swap__E)
                  00005e64    00000018     app_pem4f.oem4f (.text:free)
                  00005e7c    00000018     rtsv7M4_T_le_v4SPD16_eabi.lib : args_main.obj (.text)
                  00005e94    00000018     app_pem4f.oem4f (.text:ti_sysbios_family_arm_lm4_Timer_Module__startupDone__F)
                  00005eac    00000018     app_pem4f.oem4f (.text:ti_sysbios_family_arm_m3_Hwi_Handle__label__S)
                  00005ec4    00000018     app_pem4f.oem4f (.text:ti_sysbios_family_arm_m3_Hwi_Module__startupDone__F)
                  00005edc    00000018     app_pem4f.oem4f (.text:ti_sysbios_gates_GateHwi_Handle__label__S)
                  00005ef4    00000018     app_pem4f.oem4f (.text:ti_sysbios_hal_Timer_Module__startupDone__F)
                  00005f0c    00000018     app_pem4f.oem4f (.text:ti_sysbios_knl_Swi_Handle__label__S)
                  00005f24    00000018     app_pem4f.oem4f (.text:ti_sysbios_knl_Task_Handle__label__S)
                  00005f3c    00000018     app_pem4f.oem4f (.text:xdc_runtime_HeapMin_Handle__label__S)
                  00005f54    00000018     app_pem4f.oem4f (.text:xdc_runtime_LoggerBuf_Handle__label__S)
                  00005f6c    00000018     ti.targets.arm.rtsarm.aem4f : Text.oem4f (.text:xdc_runtime_Text_ropeText__F)
                  00005f84    00000014     rtsv7M4_T_le_v4SPD16_eabi.lib : _lock.obj (.text)
                  00005f98    00000014                                   : strlen.obj (.text)
                  00005fac    00000014     sysbios.aem4f : BIOS.obj (.text:ti_sysbios_family_arm_m3_Hwi_switchFromBootStack__E)
                  00005fc0    00000014     app_pem4f.oem4f (.text:ti_sysbios_knl_Swi_Object__get__S)
                  00005fd4    00000014     ti.targets.arm.rtsarm.aem4f : LoggerBuf.oem4f (.text:xdc_runtime_LoggerBuf_Instance_finalize__F)
                  00005fe8    00000014     app_pem4f.oem4f (.text:xdc_runtime_LoggerBuf_Object__get__S)
                  00005ffc    00000014     ti.targets.arm.rtsarm.aem4f : LoggerBuf.oem4f (.text:xdc_runtime_LoggerBuf_write2__F)
                  00006010    00000014                                 : System.oem4f (.text:xdc_runtime_System_abort__F)
                  00006024    00000012     driverlib-cm4f.lib : gpio.obj (.text:GPIOPinTypeGPIOInput)
                  00006036    00000012                        : gpio.obj (.text:GPIOPinTypeGPIOOutput)
                  00006048    00000012                        : gpio.obj (.text:GPIOPinTypeSSI)
                  0000605a    00000012                        : timer.obj (.text:TimerLoadSet)
                  0000606c    00000012     rtsv7M4_T_le_v4SPD16_eabi.lib : copy_zero_init.obj (.text:decompress:ZI)
                  0000607e    00000012     sysbios.aem4f : BIOS.obj (.text:ti_sysbios_hal_Hwi_Module_startup__F)
                  00006090    00000012                   : BIOS.obj (.text:ti_sysbios_hal_Timer_Module_startup__F)
                  000060a2    00000012     ti.targets.arm.rtsarm.aem4f : LoggerBuf.oem4f (.text:xdc_runtime_LoggerBuf_write1__F)
                  000060b4    00000012     app_pem4f.oem4f (.text:xdc_runtime_Startup_exec__I)
                  000060c6    00000010     sysbios.aem4f : m3_TaskSupport_asm.obj (.text:_ti_sysbios_family_arm_m3_TaskSupport_glue)
                  000060d6    00000010                   : m3_Hwi_asm_switch.obj (.text:_ti_sysbios_family_xxx_Hwi_switchToIsrStack)
                  000060e6    00000010     rtsv7M4_T_le_v4SPD16_eabi.lib : strcpy.obj (.text)
                  000060f6    00000002     --HOLE-- [fill = 0]
                  000060f8    00000010     sysbios.aem4f : BIOS.obj (.text:ti_sysbios_BIOS_setThreadType__E)
                  00006108    00000010                   : BIOS.obj (.text:ti_sysbios_BIOS_start__E)
                  00006118    00000010                   : BIOS.obj (.text:ti_sysbios_family_arm_lm4_TimestampProvider_rolloverFunc__E)
                  00006128    00000010                   : BIOS.obj (.text:ti_sysbios_family_arm_m3_Hwi_excHandler__I)
                  00006138    00000010                   : BIOS.obj (.text:ti_sysbios_knl_Swi_disable__E)
                  00006148    00000010     app_pem4f.oem4f (.text:ti_sysbios_knl_Task_Object__get__S)
                  00006158    00000010     sysbios.aem4f : BIOS.obj (.text:ti_sysbios_knl_Task_disable__E)
                  00006168    00000010     ti.targets.arm.rtsarm.aem4f : Gate.oem4f (.text:xdc_runtime_Gate_leaveSystem__F)
                  00006178    00000010                                 : LoggerBuf.oem4f (.text:xdc_runtime_LoggerBuf_write0__F)
                  00006188    00000010                                 : Memory.oem4f (.text:xdc_runtime_Memory_free__F)
                  00006198    00000010                                 : SysMin.oem4f (.text:xdc_runtime_SysMin_ready__F)
                  000061a8    00000010                                 : System.oem4f (.text:xdc_runtime_System_vsnprintf__F)
                  000061b8    0000000e     driverlib-cm4f.lib : timer.obj (.text:TimerEnable)
                  000061c6    0000000e     rtsv7M4_T_le_v4SPD16_eabi.lib : copy_decompress_none.obj (.text:decompress:none)
                  000061d4    0000000e     sysbios.aem4f : BIOS.obj (.text:ti_sysbios_family_arm_m3_TaskSupport_checkStack__E)
                  000061e2    0000000e                   : BIOS.obj (.text:ti_sysbios_knl_Queue_empty__E)
                  000061f0    0000000c     app_pem4f.oem4f (.text:.bootCodeSection:ti_catalog_arm_cortexm4_tiva_ce_Boot_init__I)
                  000061fc    0000000c     driverlib-cm4f.lib : gpio.obj (.text:GPIOPinIntEnable)
                  00006208    0000000c     sysbios.aem4f : m3_Hwi_asm_switch.obj (.text:_ti_sysbios_family_xxx_Hwi_switchToTaskStack)
                  00006214    0000000c                   : BIOS.obj (.text:ti_sysbios_family_arm_lm4_Timer_masterDisable__I)
                  00006220    0000000c                   : BIOS.obj (.text:ti_sysbios_family_arm_lm4_TimestampProvider_startTimer__E)
                  0000622c    0000000c                   : BIOS.obj (.text:ti_sysbios_gates_GateHwi_enter__E)
                  00006238    0000000c     app_pem4f.oem4f (.text:ti_sysbios_knl_Queue_Object__get__S)
                  00006244    0000000c     ti.targets.arm.rtsarm.aem4f : Error.oem4f (.text:xdc_runtime_Error_init__F)
                  00006250    0000000c                                 : Gate.oem4f (.text:xdc_runtime_Gate_enterSystem__F)
                  0000625c    0000000c                                 : HeapMin.oem4f (.text:xdc_runtime_HeapMin_getStats__F)
                  00006268    0000000c                                 : Memory.oem4f (.text:xdc_runtime_Memory_calloc__F)
                  00006274    0000000c                                 : Memory.oem4f (.text:xdc_runtime_Memory_getMaxDefaultTypeAlign__F)
                  00006280    0000000c                                 : System.oem4f (.text:xdc_runtime_System_exit__F)
                  0000628c    0000000c                                 : System.oem4f (.text:xdc_runtime_System_lastFxn__I)
                  00006298    0000000a     driverlib-cm4f.lib : gpio.obj (.text:GPIOPinRead)
                  000062a2    0000000a                        : gpio.obj (.text:GPIOPinWrite)
                  000062ac    0000000a                        : ssi.obj (.text:SSIDataPut)
                  000062b6    0000000a                        : ssi.obj (.text:SSIEnable)
                  000062c0    0000000a     app_pem4f.oem4f (.text:xdc_runtime_IHeap_alloc)
                  000062ca    0000000a     app_pem4f.oem4f (.text:xdc_runtime_IHeap_free)
                  000062d4    0000000a     ti.targets.arm.rtsarm.aem4f : LoggerBuf.oem4f (.text:xdc_runtime_LoggerBuf_disable__F)
                  000062de    0000000a                                 : LoggerBuf.oem4f (.text:xdc_runtime_LoggerBuf_enable__F)
                  000062e8    00000008     driverlib-cm4f.lib : ssi.obj (.text:SSIBusy)
                  000062f0    00000008                        : timer.obj (.text:TimerIntEnable)
                  000062f8    00000008     sysbios.aem4f : BIOS.obj (.text:ti_sysbios_family_arm_m3_Hwi_doSwiRestore__I)
                  00006300    00000008                   : BIOS.obj (.text:ti_sysbios_family_arm_m3_Hwi_startup__E)
                  00006308    00000008                   : BIOS.obj (.text:ti_sysbios_knl_Idle_loop__E)
                  00006310    00000008     app_pem4f.oem4f (.text:xdc_runtime_Text_visitRope__I)
                  00006318    00000006     driverlib-cm4f.lib : gpio.obj (.text:GPIOPinIntClear)
                  0000631e    00000006     ti.targets.arm.rtsarm.aem4f : xdc_noinit.oem4f (.text:__xdc__init)
                  00006324    00000006     rtsv7M4_T_le_v4SPD16_eabi.lib : copy_decompress_rle.obj (.text:decompress:rle24)
                  0000632a    00000006     Boot.aem4f : Boot_sysctl.oem4f (.text:ti_catalog_arm_cortexm4_tiva_ce_Boot_sysCtlDelayI__I)
                  00006330    00000006     sysbios.aem4f : BIOS.obj (.text:ti_sysbios_family_arm_lm4_TimestampProvider_Module_startup__F)
                  00006336    00000006                   : BIOS.obj (.text:ti_sysbios_family_arm_m3_Hwi_doTaskRestore__I)
                  0000633c    00000006                   : BIOS.obj (.text:ti_sysbios_gates_GateHwi_leave__E)
                  00006342    00000006                   : BIOS.obj (.text:ti_sysbios_knl_Swi_startup__E)
                  00006348    00000006     ti.targets.arm.rtsarm.aem4f : System.oem4f (.text:xdc_runtime_System_Module_startup__F)
                  0000634e    00000004     driverlib-cm4f.lib : timer.obj (.text:TimerIntClear)
                  00006352    00000004     sysbios.aem4f : BIOS.obj (.text:ti_sysbios_family_arm_lm4_Timer_getPeriod__E)
                  00006356    00000004                   : BIOS.obj (.text:ti_sysbios_family_arm_lm4_Timer_masterEnable__I)
                  0000635a    00000004     app_pem4f.oem4f (.text:ti_sysbios_family_arm_m3_TaskSupport_Module__startupDone__S)
                  0000635e    00000004     sysbios.aem4f : BIOS.obj (.text:ti_sysbios_gates_GateHwi_query__F)
                  00006362    00000004     app_pem4f.oem4f (.text:ti_sysbios_hal_Hwi_HwiProxy_Module__startupDone__S)
                  00006366    00000004     app_pem4f.oem4f (.text:ti_sysbios_hal_Timer_TimerProxy_Module__startupDone__S)
                  0000636a    00000004     app_pem4f.oem4f (.text:ti_sysbios_hal_Timer_TimerProxy_getPeriod__E)
                  0000636e    00000004     app_pem4f.oem4f (.text:ti_sysbios_knl_Task_SupportProxy_Module__startupDone__S)
                  00006372    00000004     sysbios.aem4f : BIOS.obj (.text:ti_sysbios_knl_Task_startup__E)
                  00006376    00000004     ti.targets.arm.rtsarm.aem4f : Error.oem4f (.text:xdc_runtime_Error_getSite__F)
                  0000637a    00000004                                 : HeapMin.oem4f (.text:xdc_runtime_HeapMin_isBlocking__F)
                  0000637e    00000004     app_pem4f.oem4f (.text:xdc_runtime_LoggerBuf_Module_GateProxy_enter__E)
                  00006382    00000004     app_pem4f.oem4f (.text:xdc_runtime_LoggerBuf_Module_GateProxy_leave__E)
                  00006386    00000004     app_pem4f.oem4f (.text:xdc_runtime_Memory_HeapProxy_alloc__E)
                  0000638a    00000004     app_pem4f.oem4f (.text:xdc_runtime_Memory_HeapProxy_free__E)
                  0000638e    00000004     app_pem4f.oem4f (.text:xdc_runtime_System_Module_GateProxy_enter__E)
                  00006392    00000004     app_pem4f.oem4f (.text:xdc_runtime_System_Module_GateProxy_leave__E)
                  00006396    00000004     ti.targets.arm.rtsarm.aem4f : System.oem4f (.text:xdc_runtime_System_aprintf_va__F)
                  0000639a    00000004                                 : System.oem4f (.text:xdc_runtime_System_printf_va__F)
                  0000639e    00000004     app_pem4f.oem4f (.text:xdc_runtime_System_vsnprintf__E)

.const     0    000063a4    00000989     
                  000063a4    000001b6     Font.obj (.const:.string:MyFont)
                  0000655a    00000002     --HOLE-- [fill = 0]
                  0000655c    000000d8     app_pem4f.oem4f (.const:ti_sysbios_family_arm_m3_Hwi_priorities__A)
                  00006634    000000ac     scancodes.obj (.const:shifted)
                  000066e0    000000ac     scancodes.obj (.const:unshifted)
                  0000678c    00000078     driverlib-cm4f.lib : gpio.obj (.const:g_pulGPIOBaseAddrs)
                  00006804    00000070                        : interrupt.obj (.const)
                  00006874    0000006c                        : sysctl.obj (.const:g_pulXtals)
                  000068e0    00000048     app_pem4f.oem4f (.const:.string)
                  00006928    00000040     driverlib-cm4f.lib : sysctl.obj (.const)
                  00006968    0000003c     app_pem4f.oem4f (.const:xdc_runtime_LoggerBuf_Module__FXNS__C)
                  000069a4    0000002c     app_pem4f.oem4f (.const:xdc_runtime_Startup_sfxnTab__A)
                  000069d0    00000028     app_pem4f.oem4f (.const:xdc_runtime_HeapMin_Module__FXNS__C)
                  000069f8    00000024     app_pem4f.oem4f (.const:ti_sysbios_gates_GateHwi_Module__FXNS__C)
                  00006a1c    00000024     app_pem4f.oem4f (.const:xdc_runtime_LoggerBuf_Object__PARAMS__C)
                  00006a40    00000020     app_pem4f.oem4f (.const:ti_sysbios_gates_GateHwi_Object__DESC__C)
                  00006a60    00000020     app_pem4f.oem4f (.const:xdc_runtime_HeapMin_Object__DESC__C)
                  00006a80    00000020     app_pem4f.oem4f (.const:xdc_runtime_HeapMin_Object__PARAMS__C)
                  00006aa0    00000020     app_pem4f.oem4f (.const:xdc_runtime_LoggerBuf_Object__DESC__C)
                  00006ac0    00000018     app_pem4f.oem4f (.const)
                  00006ad8    00000018     app_pem4f.oem4f (.const:ti_sysbios_gates_GateHwi_Object__PARAMS__C)
                  00006af0    00000018     app_pem4f.oem4f (.const:ti_sysbios_knl_Task_hooks__A)
                  00006b08    00000016     app_pem4f.oem4f (.const:xdc_runtime_Startup_sfxnRts__A)
                  00006b1e    00000002     --HOLE-- [fill = 0]
                  00006b20    00000011     ti.targets.arm.rtsarm.aem4f : System.oem4f (.const)
                  00006b31    00000003     --HOLE-- [fill = 0]
                  00006b34    00000010     app_pem4f.oem4f (.const:xdc_runtime_Startup_firstFxns__A)
                  00006b44    00000008     app_pem4f.oem4f (.const:ti_sysbios_family_arm_m3_Hwi_excHookFuncs__A)
                  00006b4c    00000008     app_pem4f.oem4f (.const:ti_sysbios_knl_Idle_coreList__C)
                  00006b54    00000008     app_pem4f.oem4f (.const:ti_sysbios_knl_Idle_funcList__C)
                  00006b5c    00000008     app_pem4f.oem4f (.const:ti_sysbios_knl_Task_hooks__C)
                  00006b64    00000008     app_pem4f.oem4f (.const:xdc_runtime_Startup_firstFxns__C)
                  00006b6c    00000008     app_pem4f.oem4f (.const:xdc_runtime_Startup_lastFxns__A)
                  00006b74    00000008     app_pem4f.oem4f (.const:xdc_runtime_Startup_lastFxns__C)
                  00006b7c    00000004     app_pem4f.oem4f (.const:ti_catalog_arm_cortexm4_tiva_ce_Boot_A_mustUseEnhancedClockMode__C)
                  00006b80    00000004     app_pem4f.oem4f (.const:ti_catalog_arm_cortexm4_tiva_ce_Boot_Module__diagsEnabled__C)
                  00006b84    00000004     app_pem4f.oem4f (.const:ti_catalog_arm_cortexm4_tiva_ce_Boot_Module__diagsIncluded__C)
                  00006b88    00000004     app_pem4f.oem4f (.const:ti_catalog_arm_cortexm4_tiva_ce_Boot_Module__diagsMask__C)
                  00006b8c    00000004     app_pem4f.oem4f (.const:ti_sysbios_BIOS_installedErrorHook__C)
                  00006b90    00000004     app_pem4f.oem4f (.const:ti_sysbios_family_arm_lm4_Timer_numTimerDevices__C)
                  00006b94    00000004     app_pem4f.oem4f (.const:ti_sysbios_family_arm_lm4_Timer_startupNeeded__C)
                  00006b98    00000004     app_pem4f.oem4f (.const:ti_sysbios_family_arm_m3_Hwi_E_NMI__C)
                  00006b9c    00000004     app_pem4f.oem4f (.const:ti_sysbios_family_arm_m3_Hwi_E_busFault__C)
                  00006ba0    00000004     app_pem4f.oem4f (.const:ti_sysbios_family_arm_m3_Hwi_E_debugMon__C)
                  00006ba4    00000004     app_pem4f.oem4f (.const:ti_sysbios_family_arm_m3_Hwi_E_hardFault__C)
                  00006ba8    00000004     app_pem4f.oem4f (.const:ti_sysbios_family_arm_m3_Hwi_E_memFault__C)
                  00006bac    00000004     app_pem4f.oem4f (.const:ti_sysbios_family_arm_m3_Hwi_E_noIsr__C)
                  00006bb0    00000004     app_pem4f.oem4f (.const:ti_sysbios_family_arm_m3_Hwi_E_reserved__C)
                  00006bb4    00000004     app_pem4f.oem4f (.const:ti_sysbios_family_arm_m3_Hwi_E_svCall__C)
                  00006bb8    00000004     app_pem4f.oem4f (.const:ti_sysbios_family_arm_m3_Hwi_E_usageFault__C)
                  00006bbc    00000004     app_pem4f.oem4f (.const:ti_sysbios_family_arm_m3_Hwi_NUM_INTERRUPTS__C)
                  00006bc0    00000004     app_pem4f.oem4f (.const:ti_sysbios_family_arm_m3_Hwi_ccr__C)
                  00006bc4    00000004     app_pem4f.oem4f (.const:ti_sysbios_family_arm_m3_Hwi_dispatchTable__C)
                  00006bc8    00000004     app_pem4f.oem4f (.const:ti_sysbios_family_arm_m3_Hwi_excHandlerFunc__C)
                  00006bcc    00000004     app_pem4f.oem4f (.const:ti_sysbios_family_arm_m3_Hwi_excHookFuncs__C)
                  00006bd0    00000004     app_pem4f.oem4f (.const:ti_sysbios_family_arm_m3_Hwi_priGroup__C)
                  00006bd4    00000004     app_pem4f.oem4f (.const:ti_sysbios_family_arm_m3_Hwi_priorities__C)
                  00006bd8    00000004     app_pem4f.oem4f (.const:ti_sysbios_hal_Hwi_E_stackOverflow__C)
                  00006bdc    00000004     app_pem4f.oem4f (.const:ti_sysbios_knl_Clock_Module_State_clockQ__O)
                  00006be0    00000004     app_pem4f.oem4f (.const:ti_sysbios_knl_Idle_coreList__A)
                  00006be4    00000004     app_pem4f.oem4f (.const:ti_sysbios_knl_Idle_funcList__A)
                  00006be8    00000004     app_pem4f.oem4f (.const:ti_sysbios_knl_Semaphore_A_badContext__C)
                  00006bec    00000004     app_pem4f.oem4f (.const:ti_sysbios_knl_Semaphore_A_overflow__C)
                  00006bf0    00000004     app_pem4f.oem4f (.const:ti_sysbios_knl_Semaphore_A_pendTaskDisabled__C)
                  00006bf4    00000004     app_pem4f.oem4f (.const:ti_sysbios_knl_Semaphore_Instance_State_pendQ__O)
                  00006bf8    00000004     app_pem4f.oem4f (.const:ti_sysbios_knl_Semaphore_Module__diagsEnabled__C)
                  00006bfc    00000004     app_pem4f.oem4f (.const:ti_sysbios_knl_Semaphore_Module__diagsIncluded__C)
                  00006c00    00000004     app_pem4f.oem4f (.const:ti_sysbios_knl_Semaphore_Module__diagsMask__C)
                  00006c04    00000004     app_pem4f.oem4f (.const:ti_sysbios_knl_Swi_Object__count__C)
                  00006c08    00000004     app_pem4f.oem4f (.const:ti_sysbios_knl_Task_A_badTimeout__C)
                  00006c0c    00000004     app_pem4f.oem4f (.const:ti_sysbios_knl_Task_A_sleepTaskDisabled__C)
                  00006c10    00000004     app_pem4f.oem4f (.const:ti_sysbios_knl_Task_E_spOutOfBounds__C)
                  00006c14    00000004     app_pem4f.oem4f (.const:ti_sysbios_knl_Task_E_stackOverflow__C)
                  00006c18    00000004     app_pem4f.oem4f (.const:ti_sysbios_knl_Task_Module_State_inactiveQ__O)
                  00006c1c    00000004     app_pem4f.oem4f (.const:ti_sysbios_knl_Task_Module__diagsEnabled__C)
                  00006c20    00000004     app_pem4f.oem4f (.const:ti_sysbios_knl_Task_Module__diagsIncluded__C)
                  00006c24    00000004     app_pem4f.oem4f (.const:ti_sysbios_knl_Task_Module__diagsMask__C)
                  00006c28    00000004     app_pem4f.oem4f (.const:ti_sysbios_knl_Task_Object__count__C)
                  00006c2c    00000004     app_pem4f.oem4f (.const:ti_sysbios_knl_Task_allBlockedFunc__C)
                  00006c30    00000004     app_pem4f.oem4f (.const:ti_sysbios_knl_Task_numConstructedTasks__C)
                  00006c34    00000004     app_pem4f.oem4f (.const:xdc_runtime_Assert_E_assertFailed__C)
                  00006c38    00000004     app_pem4f.oem4f (.const:xdc_runtime_Core_A_initializedParams__C)
                  00006c3c    00000004     app_pem4f.oem4f (.const:xdc_runtime_Core_Module__diagsEnabled__C)
                  00006c40    00000004     app_pem4f.oem4f (.const:xdc_runtime_Core_Module__diagsIncluded__C)
                  00006c44    00000004     app_pem4f.oem4f (.const:xdc_runtime_Core_Module__diagsMask__C)
                  00006c48    00000004     app_pem4f.oem4f (.const:xdc_runtime_Error_E_memory__C)
                  00006c4c    00000004     app_pem4f.oem4f (.const:xdc_runtime_Error_Module__diagsEnabled__C)
                  00006c50    00000004     app_pem4f.oem4f (.const:xdc_runtime_Error_Module__diagsIncluded__C)
                  00006c54    00000004     app_pem4f.oem4f (.const:xdc_runtime_Error_Module__diagsMask__C)
                  00006c58    00000004     app_pem4f.oem4f (.const:xdc_runtime_Error_Module__loggerFxn8__C)
                  00006c5c    00000004     app_pem4f.oem4f (.const:xdc_runtime_Error_Module__loggerObj__C)
                  00006c60    00000004     app_pem4f.oem4f (.const:xdc_runtime_Error_raiseHook__C)
                  00006c64    00000004     app_pem4f.oem4f (.const:xdc_runtime_HeapMin_A_zeroSize__C)
                  00006c68    00000004     app_pem4f.oem4f (.const:xdc_runtime_HeapMin_E_freeError__C)
                  00006c6c    00000004     app_pem4f.oem4f (.const:xdc_runtime_HeapMin_Module__diagsEnabled__C)
                  00006c70    00000004     app_pem4f.oem4f (.const:xdc_runtime_HeapMin_Module__diagsIncluded__C)
                  00006c74    00000004     app_pem4f.oem4f (.const:xdc_runtime_HeapMin_Module__diagsMask__C)
                  00006c78    00000004     app_pem4f.oem4f (.const:xdc_runtime_IFilterLogger_Interface__BASE__C)
                  00006c7c    00000004     app_pem4f.oem4f (.const:xdc_runtime_IGateProvider_Interface__BASE__C)
                  00006c80    00000004     app_pem4f.oem4f (.const:xdc_runtime_IHeap_Interface__BASE__C)
                  00006c84    00000004     app_pem4f.oem4f (.const:xdc_runtime_ILogger_Interface__BASE__C)
                  00006c88    00000004     app_pem4f.oem4f (.const:xdc_runtime_IModule_Interface__BASE__C)
                  00006c8c    00000004     app_pem4f.oem4f (.const:xdc_runtime_Log_L_error__C)
                  00006c90    00000004     app_pem4f.oem4f (.const:xdc_runtime_LoggerBuf_E_badLevel__C)
                  00006c94    00000004     app_pem4f.oem4f (.const:xdc_runtime_LoggerBuf_Module__gateObj__C)
                  00006c98    00000004     app_pem4f.oem4f (.const:xdc_runtime_LoggerBuf_Object__count__C)
                  00006c9c    00000004     app_pem4f.oem4f (.const:xdc_runtime_LoggerBuf_statusLogger__C)
                  00006ca0    00000004     app_pem4f.oem4f (.const:xdc_runtime_Memory_defaultHeapInstance__C)
                  00006ca4    00000004     app_pem4f.oem4f (.const:xdc_runtime_Startup_execImpl__C)
                  00006ca8    00000004     app_pem4f.oem4f (.const:xdc_runtime_Startup_maxPasses__C)
                  00006cac    00000004     app_pem4f.oem4f (.const:xdc_runtime_Startup_sfxnRts__C)
                  00006cb0    00000004     app_pem4f.oem4f (.const:xdc_runtime_Startup_sfxnTab__C)
                  00006cb4    00000004     app_pem4f.oem4f (.const:xdc_runtime_SysMin_bufSize__C)
                  00006cb8    00000004     app_pem4f.oem4f (.const:xdc_runtime_SysMin_outputFunc__C)
                  00006cbc    00000004     app_pem4f.oem4f (.const:xdc_runtime_System_Module__gateObj__C)
                  00006cc0    00000004     app_pem4f.oem4f (.const:xdc_runtime_System_extendFxn__C)
                  00006cc4    00000004     app_pem4f.oem4f (.const:xdc_runtime_System_maxAtexitHandlers__C)
                  00006cc8    00000004     app_pem4f.oem4f (.const:xdc_runtime_Text_charTab__C)
                  00006ccc    00000004     app_pem4f.oem4f (.const:xdc_runtime_Text_nameEmpty__C)
                  00006cd0    00000004     app_pem4f.oem4f (.const:xdc_runtime_Text_nameStatic__C)
                  00006cd4    00000004     app_pem4f.oem4f (.const:xdc_runtime_Text_nameUnknown__C)
                  00006cd8    00000004     app_pem4f.oem4f (.const:xdc_runtime_Text_visitRopeFxn__C)
                  00006cdc    00000002     app_pem4f.oem4f (.const:ti_catalog_arm_cortexm4_tiva_ce_Boot_Module__id__C)
                  00006cde    00000002     --HOLE-- [fill = 0]
                  00006ce0    00000002     app_pem4f.oem4f (.const:ti_sysbios_family_arm_lm4_TimestampProvider_useClockTimer__C)
                  00006ce2    00000002     --HOLE-- [fill = 0]
                  00006ce4    00000002     app_pem4f.oem4f (.const:ti_sysbios_family_arm_m3_Hwi_Module__id__C)
                  00006ce6    00000002     --HOLE-- [fill = 0]
                  00006ce8    00000002     app_pem4f.oem4f (.const:ti_sysbios_hal_Hwi_Module__id__C)
                  00006cea    00000002     --HOLE-- [fill = 0]
                  00006cec    00000002     app_pem4f.oem4f (.const:ti_sysbios_knl_Semaphore_Module__id__C)
                  00006cee    00000002     --HOLE-- [fill = 0]
                  00006cf0    00000002     app_pem4f.oem4f (.const:ti_sysbios_knl_Task_Module__id__C)
                  00006cf2    00000002     --HOLE-- [fill = 0]
                  00006cf4    00000002     app_pem4f.oem4f (.const:ti_sysbios_knl_Task_initStackFlag__C)
                  00006cf6    00000002     --HOLE-- [fill = 0]
                  00006cf8    00000002     app_pem4f.oem4f (.const:xdc_runtime_Core_Module__id__C)
                  00006cfa    00000002     --HOLE-- [fill = 0]
                  00006cfc    00000002     app_pem4f.oem4f (.const:xdc_runtime_Error_Module__loggerDefined__C)
                  00006cfe    00000002     --HOLE-- [fill = 0]
                  00006d00    00000002     app_pem4f.oem4f (.const:xdc_runtime_Error_maxDepth__C)
                  00006d02    00000002     --HOLE-- [fill = 0]
                  00006d04    00000002     app_pem4f.oem4f (.const:xdc_runtime_HeapMin_Module__id__C)
                  00006d06    00000002     --HOLE-- [fill = 0]
                  00006d08    00000002     app_pem4f.oem4f (.const:xdc_runtime_HeapMin_freeError__C)
                  00006d0a    00000002     --HOLE-- [fill = 0]
                  00006d0c    00000002     app_pem4f.oem4f (.const:xdc_runtime_LoggerBuf_Module__id__C)
                  00006d0e    00000002     --HOLE-- [fill = 0]
                  00006d10    00000002     app_pem4f.oem4f (.const:xdc_runtime_LoggerBuf_filterByLevel__C)
                  00006d12    00000002     --HOLE-- [fill = 0]
                  00006d14    00000002     app_pem4f.oem4f (.const:xdc_runtime_Memory_Module__id__C)
                  00006d16    00000002     --HOLE-- [fill = 0]
                  00006d18    00000002     app_pem4f.oem4f (.const:xdc_runtime_SysMin_flushAtExit__C)
                  00006d1a    00000002     --HOLE-- [fill = 0]
                  00006d1c    00000002     app_pem4f.oem4f (.const:xdc_runtime_Text_charCnt__C)
                  00006d1e    00000002     --HOLE-- [fill = 0]
                  00006d20    00000002     app_pem4f.oem4f (.const:xdc_runtime_Text_isLoaded__C)
                  00006d22    00000002     --HOLE-- [fill = 0]
                  00006d24    00000002     app_pem4f.oem4f (.const:xdc_runtime_Text_registryModsLastId__C)
                  00006d26    00000002     --HOLE-- [fill = 0]
                  00006d28    00000002     app_pem4f.oem4f (.const:xdc_runtime_Text_unnamedModsLastId__C)
                  00006d2a    00000002     --HOLE-- [fill = 0]
                  00006d2c    00000001     app_pem4f.oem4f (.const:xdc_runtime_Error_policy__C)

.cinit     0    00006d30    00000790     
                  00006d30    0000075a     (.cinit..data.load) [load image, compression = rle]
                  0000748a    00000002     --HOLE-- [fill = 0]
                  0000748c    0000000c     (__TI_handler_table)
                  00007498    00000008     (.cinit..bss.load) [load image, compression = zero_init]
                  000074a0    00000008     (.cinit..vecs.load) [load image, compression = zero_init]
                  000074a8    00000018     (__TI_cinit_table)

.vecs      0    20000000    00000360     UNINITIALIZED
                  20000000    00000360     app_pem4f.oem4f (.vecs)

.bss       0    20000360    00001670     UNINITIALIZED
                  20000360    00001000     app_pem4f.oem4f (.bss:taskStackSection)
                  20001360    00000400     st7565.obj (.bss:glcd_buffer)
                  20001760    00000120     rtsv7M4_T_le_v4SPD16_eabi.lib : trgmsg.obj (.bss:__CIOBUF_)
                  20001880    00000080     app_pem4f.oem4f (.bss:xdc_runtime_LoggerBuf_Instance_State_0_entryArr__A)
                  20001900    00000080     app_pem4f.oem4f (.bss:xdc_runtime_SysMin_Module_State_0_outbuf__A)
                  20001980    00000030     app_pem4f.oem4f (.bss)
                  200019b0    0000000c     Graphics_Bmp.obj (.bss)
                  200019bc    0000000b     Ps2Keyboard.obj (.bss)
                  200019c7    00000008     rtsv7M4_T_le_v4SPD16_eabi.lib : trgdrv.obj (.bss)
                  200019cf    00000001     st7565.obj (.bss)

.data      0    200019d0    00000d8f     
                  200019d0    000003e8     Items.obj (.data:ItemBlock1)
                  20001db8    00000360     app_pem4f.oem4f (.data:ti_sysbios_family_arm_m3_Hwi_Module_State_0_dispatchTable__A)
                  20002118    0000017c     app_pem4f.oem4f (.data)
                  20002294    00000130     app_pem4f.oem4f (.data:ti_sysbios_knl_Task_Object__table__V)
                  200023c4    00000080     app_pem4f.oem4f (.data:ti_sysbios_knl_Swi_Module_State_0_readyQ__A)
                  20002444    00000080     app_pem4f.oem4f (.data:ti_sysbios_knl_Task_Module_State_0_readyQ__A)
                  200024c4    00000070     app_pem4f.oem4f (.data:ti_sysbios_family_arm_lm4_Timer_Object__table__V)
                  20002534    00000060     app_pem4f.oem4f (.data:ti_sysbios_family_arm_m3_Hwi_Object__table__V)
                  20002594    00000054     app_pem4f.oem4f (.data:ti_sysbios_family_arm_m3_Hwi_Module__state__V)
                  200025e8    00000044     app_pem4f.oem4f (.data:ti_sysbios_knl_Task_Module__state__V)
                  2000262c    00000032     Items.obj (.data:ItemLookUp)
                  2000265e    00000002     --HOLE--
                  20002660    00000030     app_pem4f.oem4f (.data:ti_sysbios_family_arm_lm4_Timer_Module_State_0_device__A)
                  20002690    00000030     app_pem4f.oem4f (.data:ti_sysbios_knl_Swi_Object__table__V)
                  200026c0    00000028     app_pem4f.oem4f (.data:ti_sysbios_knl_Clock_Module__state__V)
                  200026e8    00000024     st7565.obj (.data)
                  2000270c    00000024     app_pem4f.oem4f (.data:xdc_runtime_LoggerBuf_Object__table__V)
                  20002730    00000008     rtsv7M4_T_le_v4SPD16_eabi.lib : _lock.obj (.data)
                  20002738    00000008                                   : exit.obj (.data)
                  20002740    00000006     buttons.obj (.data)
                  20002746    00000002     --HOLE--
                  20002748    00000005     Ps2Keyboard.obj (.data)
                  2000274d    00000003     --HOLE--
                  20002750    00000004     main.obj (.data)
                  20002754    00000004     rtsv7M4_T_le_v4SPD16_eabi.lib : dtor_list.obj (.data)
                  20002758    00000004                                   : stkdepth_vars.obj (.data)
                  2000275c    00000003     Clock.obj (.data)

.stack     0    20002760    00000400     UNINITIALIZED
                  20002760    00000400     --HOLE--


LINKER GENERATED COPY TABLES

__TI_cinit_table @ 000074a8 records: 3, size/record: 8, table size: 24
	.data: load addr=00006d30, load size=0000075a bytes, run addr=200019d0, run size=00000d8f bytes, compression=rle
	.bss: load addr=00007498, load size=00000008 bytes, run addr=20000360, run size=00001670 bytes, compression=zero_init
	.vecs: load addr=000074a0, load size=00000008 bytes, run addr=20000000, run size=00000360 bytes, compression=zero_init


LINKER GENERATED HANDLER TABLE

__TI_handler_table @ 0000748c records: 3, size/record: 4, table size: 12
	index: 0, handler: __TI_zero_init
	index: 1, handler: __TI_decompress_rle24
	index: 2, handler: __TI_decompress_none


GLOBAL SYMBOLS: SORTED ALPHABETICALLY BY Name 

address    name
--------   ----
00006ac4   ButTask
000026c7   ButtonTask
0000268f   ButtonsInit
000025e5   ButtonsPoll
00005391   C$$EXIT
00004b53   C$$IO$$
00006ac8   Clock
00003b91   ClockInit
00000a69   FSSIntHandler
00005959   GPIODirModeSet
0000512d   GPIOIntTypeSet
00003d3d   GPIOPadConfigSet
00004fc5   GPIOPinConfigure
00006319   GPIOPinIntClear
000061fd   GPIOPinIntEnable
00006299   GPIOPinRead
00006025   GPIOPinTypeGPIOInput
00006037   GPIOPinTypeGPIOOutput
00006049   GPIOPinTypeSSI
000062a3   GPIOPinWrite
00001bf1   GlcdDispTime
00001fab   HOSTclock
00001f71   HOSTclose
00001f33   HOSTgetenv
00001ed7   HOSTlseek
00001e87   HOSTopen
00001e39   HOSTread
00001dd9   HOSTrename
00001d9d   HOSTtime
00001d63   HOSTunlink
00001d15   HOSTwrite
00004ac5   IntEnable
200019d0   ItemBlock1
2000262c   ItemLookUp
00000e59   KeyPend
00006acc   KeySem
00000e99   KeyTask
00006ad0   Keyboard
00000b0b   KeyboardInit
00006ad4   KeyboardTask
20002753   LastState
00005d29   LoggerBuf_instanceStartup
000063a4   MyFont
UNDEFED    SHT$$INIT_ARRAY$$Base
UNDEFED    SHT$$INIT_ARRAY$$Limit
000062e9   SSIBusy
00005171   SSIConfigSetExpClk
000062ad   SSIDataPut
000062b7   SSIEnable
20002750   StateInfo
0000240d   SysCtlClockGet
00004e75   SysCtlPeripheralEnable
20002378   TSK_idle
00003c21   TimeGet
20002740   TimeOfDay
00003c37   TimeSet
00003bd1   Timer0IntHandler
00005aed   TimerConfigure
000061b9   TimerEnable
0000634f   TimerIntClear
000062f1   TimerIntEnable
0000605b   TimerLoadSet
00006ac0   UI
00000361   UiTask
00000000   __ASM__
20001760   __CIOBUF_
00000052   __ISA__
00000065   __PLAT__
20002b60   __STACK_END
00000400   __STACK_SIZE
20002960   __STACK_TOP
0000008b   __TARG__
000074a8   __TI_CINIT_Base
000074c0   __TI_CINIT_Limit
0000748c   __TI_Handler_Table_Base
00007498   __TI_Handler_Table_Limit
00000001   __TI_args_main
0000416d   __TI_auto_init
000061c7   __TI_decompress_none
00006325   __TI_decompress_rle24
00000000   __TI_static_base__
0000606d   __TI_zero_init
000000b1   __TRDR__
00003857   __aeabi_atexit
00004831   __aeabi_memclr
00004831   __aeabi_memclr4
00004831   __aeabi_memclr8
0000420d   __aeabi_memcpy
0000420d   __aeabi_memcpy4
0000420d   __aeabi_memcpy8
00004833   __aeabi_memset
00004833   __aeabi_memset4
00004833   __aeabi_memset8
ffffffff   __binit__
ffffffff   __c_args__
00003845   __cxa_atexit
00003801   __cxa_finalize
0000383f   __cxa_ia64_exit
20002760   __stack
0000631f   __xdc__init
20002290   __xdc__init__addr
00005e7d   _args_main
00004e1d   _c_int00
20002738   _cleanup_ptr
2000273c   _dtors_ptr
20002730   _lock
00005f93   _nop
00005f8b   _register_lock
00005f85   _register_unlock
20002734   _unlock
00005395   abort
00003849   atexit
ffffffff   binit
000051b5   copy_in
00001ab5   draw_char_bmp
00001a01   draw_text_bmp
0000539d   exit
00005e65   free
000013c3   glcd_blank
20001360   glcd_buffer
000015d1   glcd_command
00001665   glcd_contrast
00001591   glcd_data
200019cf   glcd_dirty_pages
00001611   glcd_flip_screen
200026e8   glcd_flipped
000014bd   glcd_init
00001645   glcd_inverse_screen
0000130d   glcd_pixel
0000143d   glcd_refresh
000009d7   main
20002758   main_func_sp
00005987   malloc
0000420d   memcpy
00004839   memset
200026ec   pagemap
00004b57   readmsg
00006634   shifted
000060e7   strcpy
00005f99   strlen
00006b7c   ti_catalog_arm_cortexm4_tiva_ce_Boot_A_mustUseEnhancedClockMode__C
00006b80   ti_catalog_arm_cortexm4_tiva_ce_Boot_Module__diagsEnabled__C
00006b84   ti_catalog_arm_cortexm4_tiva_ce_Boot_Module__diagsIncluded__C
00006b88   ti_catalog_arm_cortexm4_tiva_ce_Boot_Module__diagsMask__C
00006cdc   ti_catalog_arm_cortexm4_tiva_ce_Boot_Module__id__C
000061f1   ti_catalog_arm_cortexm4_tiva_ce_Boot_init__I
00002e3d   ti_catalog_arm_cortexm4_tiva_ce_Boot_sysCtlClockSetI__I
00004345   ti_catalog_arm_cortexm4_tiva_ce_Boot_sysCtlClockSet__E
0000632b   ti_catalog_arm_cortexm4_tiva_ce_Boot_sysCtlDelayI__I
20002118   ti_sysbios_BIOS_Module__state__V
000057a9   ti_sysbios_BIOS_errorRaiseHook__I
000057d9   ti_sysbios_BIOS_exitFunc__I
00006b8c   ti_sysbios_BIOS_installedErrorHook__C
00004343   ti_sysbios_BIOS_nullFunc__I
00005c69   ti_sysbios_BIOS_removeRTSLock__I
000060f9   ti_sysbios_BIOS_setThreadType__E
00005c89   ti_sysbios_BIOS_startFunc__I
00006109   ti_sysbios_BIOS_start__E
20002660   ti_sysbios_family_arm_lm4_Timer_Module_State_0_device__A
20002140   ti_sysbios_family_arm_lm4_Timer_Module_State_0_handles__A
20002138   ti_sysbios_family_arm_lm4_Timer_Module__root__V
00005e95   ti_sysbios_family_arm_lm4_Timer_Module__startupDone__F
00005e95   ti_sysbios_family_arm_lm4_Timer_Module__startupDone__S
20002158   ti_sysbios_family_arm_lm4_Timer_Module__state__V
00004d09   ti_sysbios_family_arm_lm4_Timer_Module_startup__E
00004d09   ti_sysbios_family_arm_lm4_Timer_Module_startup__F
200024c4   ti_sysbios_family_arm_lm4_Timer_Object__table__V
00005809   ti_sysbios_family_arm_lm4_Timer_enableTimers__I
00006353   ti_sysbios_family_arm_lm4_Timer_getPeriod__E
000032fd   ti_sysbios_family_arm_lm4_Timer_initDevice__I
000051f9   ti_sysbios_family_arm_lm4_Timer_isrStub__E
00006215   ti_sysbios_family_arm_lm4_Timer_masterDisable__I
00006357   ti_sysbios_family_arm_lm4_Timer_masterEnable__I
00006b90   ti_sysbios_family_arm_lm4_Timer_numTimerDevices__C
00003515   ti_sysbios_family_arm_lm4_Timer_start__E
00006b94   ti_sysbios_family_arm_lm4_Timer_startupNeeded__C
000053d1   ti_sysbios_family_arm_lm4_Timer_startup__E
00005839   ti_sysbios_family_arm_lm4_Timer_stop__E
00005d89   ti_sysbios_family_arm_lm4_Timer_write__I
20002164   ti_sysbios_family_arm_lm4_TimestampProvider_Module__state__V
00006331   ti_sysbios_family_arm_lm4_TimestampProvider_Module_startup__E
00006331   ti_sysbios_family_arm_lm4_TimestampProvider_Module_startup__F
000031d5   ti_sysbios_family_arm_lm4_TimestampProvider_get64__E
00006119   ti_sysbios_family_arm_lm4_TimestampProvider_rolloverFunc__E
00006221   ti_sysbios_family_arm_lm4_TimestampProvider_startTimer__E
00006ce0   ti_sysbios_family_arm_lm4_TimestampProvider_useClockTimer__C
00006b98   ti_sysbios_family_arm_m3_Hwi_E_NMI__C
00006b9c   ti_sysbios_family_arm_m3_Hwi_E_busFault__C
00006ba0   ti_sysbios_family_arm_m3_Hwi_E_debugMon__C
00006ba4   ti_sysbios_family_arm_m3_Hwi_E_hardFault__C
00006ba8   ti_sysbios_family_arm_m3_Hwi_E_memFault__C
00006bac   ti_sysbios_family_arm_m3_Hwi_E_noIsr__C
00006bb0   ti_sysbios_family_arm_m3_Hwi_E_reserved__C
00006bb4   ti_sysbios_family_arm_m3_Hwi_E_svCall__C
00006bb8   ti_sysbios_family_arm_m3_Hwi_E_usageFault__C
00005ead   ti_sysbios_family_arm_m3_Hwi_Handle__label__S
20001db8   ti_sysbios_family_arm_m3_Hwi_Module_State_0_dispatchTable__A
20002174   ti_sysbios_family_arm_m3_Hwi_Module_State_0_excActive__A
20002178   ti_sysbios_family_arm_m3_Hwi_Module_State_0_excContext__A
2000217c   ti_sysbios_family_arm_m3_Hwi_Module_State_0_excStack__A
00006ce4   ti_sysbios_family_arm_m3_Hwi_Module__id__C
2000216c   ti_sysbios_family_arm_m3_Hwi_Module__root__V
00005ec5   ti_sysbios_family_arm_m3_Hwi_Module__startupDone__F
00005ec5   ti_sysbios_family_arm_m3_Hwi_Module__startupDone__S
20002594   ti_sysbios_family_arm_m3_Hwi_Module__state__V
000040c9   ti_sysbios_family_arm_m3_Hwi_Module_startup__E
000040c9   ti_sysbios_family_arm_m3_Hwi_Module_startup__F
00006bbc   ti_sysbios_family_arm_m3_Hwi_NUM_INTERRUPTS__C
20002534   ti_sysbios_family_arm_m3_Hwi_Object__table__V
00006bc0   ti_sysbios_family_arm_m3_Hwi_ccr__C
0000523d   ti_sysbios_family_arm_m3_Hwi_disableInterrupt__E
00004b89   ti_sysbios_family_arm_m3_Hwi_dispatchC__I
00006bc4   ti_sysbios_family_arm_m3_Hwi_dispatchTable__C
00002f75   ti_sysbios_family_arm_m3_Hwi_dispatch__I
000062f9   ti_sysbios_family_arm_m3_Hwi_doSwiRestore__I
00006337   ti_sysbios_family_arm_m3_Hwi_doTaskRestore__I
00005281   ti_sysbios_family_arm_m3_Hwi_enableInterrupt__E
00002905   ti_sysbios_family_arm_m3_Hwi_excBusFault__I
00003f6d   ti_sysbios_family_arm_m3_Hwi_excDebugMon__I
00000ee9   ti_sysbios_family_arm_m3_Hwi_excDumpRegs__I
00003089   ti_sysbios_family_arm_m3_Hwi_excHandlerAsm__I
00006bc8   ti_sysbios_family_arm_m3_Hwi_excHandlerFunc__C
00002231   ti_sysbios_family_arm_m3_Hwi_excHandlerMax__I
00006129   ti_sysbios_family_arm_m3_Hwi_excHandler__I
00003e05   ti_sysbios_family_arm_m3_Hwi_excHardFault__I
00006b44   ti_sysbios_family_arm_m3_Hwi_excHookFuncs__A
00006bcc   ti_sysbios_family_arm_m3_Hwi_excHookFuncs__C
00002bc1   ti_sysbios_family_arm_m3_Hwi_excMemFault__I
000056d9   ti_sysbios_family_arm_m3_Hwi_excNmi__I
000055c1   ti_sysbios_family_arm_m3_Hwi_excNoIsr__I
0000500d   ti_sysbios_family_arm_m3_Hwi_excReserved__I
000054d1   ti_sysbios_family_arm_m3_Hwi_excSvCall__I
00002a6d   ti_sysbios_family_arm_m3_Hwi_excUsageFault__I
000055f9   ti_sysbios_family_arm_m3_Hwi_getStackInfo__E
000039d9   ti_sysbios_family_arm_m3_Hwi_initNVIC__E
00005b15   ti_sysbios_family_arm_m3_Hwi_initStacks__E
e000e000   ti_sysbios_family_arm_m3_Hwi_nvic
0000304b   ti_sysbios_family_arm_m3_Hwi_pendSV__I
00006bd0   ti_sysbios_family_arm_m3_Hwi_priGroup__C
0000655c   ti_sysbios_family_arm_m3_Hwi_priorities__A
00006bd4   ti_sysbios_family_arm_m3_Hwi_priorities__C
20000000   ti_sysbios_family_arm_m3_Hwi_ramVectors
00000000   ti_sysbios_family_arm_m3_Hwi_resetVectors
0000306f   ti_sysbios_family_arm_m3_Hwi_return
00006301   ti_sysbios_family_arm_m3_Hwi_startup__E
00005fad   ti_sysbios_family_arm_m3_Hwi_switchFromBootStack__E
0000635b   ti_sysbios_family_arm_m3_TaskSupport_Module__startupDone__S
0000458d   ti_sysbios_family_arm_m3_TaskSupport_buildTaskStack
000061d5   ti_sysbios_family_arm_m3_TaskSupport_checkStack__E
000060c7   ti_sysbios_family_arm_m3_TaskSupport_glue
00005631   ti_sysbios_family_arm_m3_TaskSupport_start__E
00005e4d   ti_sysbios_family_arm_m3_TaskSupport_swap__E
000060d7   ti_sysbios_family_xxx_Hwi_switchToIsrStack
00006209   ti_sysbios_family_xxx_Hwi_switchToTaskStack
00005edd   ti_sysbios_gates_GateHwi_Handle__label__S
00004ac3   ti_sysbios_gates_GateHwi_Instance_init__F
000069f8   ti_sysbios_gates_GateHwi_Module__FXNS__C
20002180   ti_sysbios_gates_GateHwi_Module__root__V
00006a40   ti_sysbios_gates_GateHwi_Object__DESC__C
00006ad8   ti_sysbios_gates_GateHwi_Object__PARAMS__C
0000570d   ti_sysbios_gates_GateHwi_Object__create__S
00005ca9   ti_sysbios_gates_GateHwi_Object__delete__S
20002188   ti_sysbios_gates_GateHwi_Object__table__V
0000622d   ti_sysbios_gates_GateHwi_enter__E
0000633d   ti_sysbios_gates_GateHwi_leave__E
0000635f   ti_sysbios_gates_GateHwi_query__E
0000635f   ti_sysbios_gates_GateHwi_query__F
2000218c   ti_sysbios_gates_GateMutexPri_Module__root__V
00006bd8   ti_sysbios_hal_Hwi_E_stackOverflow__C
00006363   ti_sysbios_hal_Hwi_HwiProxy_Module__startupDone__S
0000523d   ti_sysbios_hal_Hwi_HwiProxy_disableInterrupt__E
00005281   ti_sysbios_hal_Hwi_HwiProxy_enableInterrupt__E
000055f9   ti_sysbios_hal_Hwi_HwiProxy_getStackInfo__E
00006301   ti_sysbios_hal_Hwi_HwiProxy_startup__E
00005fad   ti_sysbios_hal_Hwi_HwiProxy_switchFromBootStack__E
00006ce8   ti_sysbios_hal_Hwi_Module__id__C
20002194   ti_sysbios_hal_Hwi_Module__root__V
0000607f   ti_sysbios_hal_Hwi_Module_startup__E
0000607f   ti_sysbios_hal_Hwi_Module_startup__F
2000219c   ti_sysbios_hal_Hwi_Object__table__V
00005741   ti_sysbios_hal_Hwi_checkStack
0000523d   ti_sysbios_hal_Hwi_disableInterrupt__E
00005281   ti_sysbios_hal_Hwi_enableInterrupt__E
000055f9   ti_sysbios_hal_Hwi_getStackInfo__E
000059e3   ti_sysbios_hal_Hwi_initStack
00006301   ti_sysbios_hal_Hwi_startup__E
00005fad   ti_sysbios_hal_Hwi_switchFromBootStack__E
200021ac   ti_sysbios_hal_Timer_Module__root__V
00005ef5   ti_sysbios_hal_Timer_Module__startupDone__F
00005ef5   ti_sysbios_hal_Timer_Module__startupDone__S
00006091   ti_sysbios_hal_Timer_Module_startup__E
00006091   ti_sysbios_hal_Timer_Module_startup__F
200021b4   ti_sysbios_hal_Timer_Object__table__V
00006367   ti_sysbios_hal_Timer_TimerProxy_Module__startupDone__S
0000636b   ti_sysbios_hal_Timer_TimerProxy_getPeriod__E
000053d1   ti_sysbios_hal_Timer_TimerProxy_startup__E
000053d1   ti_sysbios_hal_Timer_startup__E
00006bdc   ti_sysbios_knl_Clock_Module_State_clockQ__O
200021bc   ti_sysbios_knl_Clock_Module__root__V
200026c0   ti_sysbios_knl_Clock_Module__state__V
00005bb5   ti_sysbios_knl_Clock_Module_startup__E
00005bb5   ti_sysbios_knl_Clock_Module_startup__F
00005b3d   ti_sysbios_knl_Clock_addI__E
00005a11   ti_sysbios_knl_Clock_doTick__I
00004d07   ti_sysbios_knl_Clock_logTick__E
00004919   ti_sysbios_knl_Clock_workFunc__E
00006be0   ti_sysbios_knl_Idle_coreList__A
00006b4c   ti_sysbios_knl_Idle_coreList__C
00006be4   ti_sysbios_knl_Idle_funcList__A
00006b54   ti_sysbios_knl_Idle_funcList__C
00006309   ti_sysbios_knl_Idle_loop__E
00005869   ti_sysbios_knl_Idle_run__E
200021c4   ti_sysbios_knl_Queue_Module__root__V
00006239   ti_sysbios_knl_Queue_Object__get__S
000061e3   ti_sysbios_knl_Queue_empty__E
00005da7   ti_sysbios_knl_Queue_put__E
00006be8   ti_sysbios_knl_Semaphore_A_badContext__C
00006bec   ti_sysbios_knl_Semaphore_A_overflow__C
00006bf0   ti_sysbios_knl_Semaphore_A_pendTaskDisabled__C
00006bf4   ti_sysbios_knl_Semaphore_Instance_State_pendQ__O
00006bf8   ti_sysbios_knl_Semaphore_Module__diagsEnabled__C
00006bfc   ti_sysbios_knl_Semaphore_Module__diagsIncluded__C
00006c00   ti_sysbios_knl_Semaphore_Module__diagsMask__C
00006cec   ti_sysbios_knl_Semaphore_Module__id__C
200021cc   ti_sysbios_knl_Semaphore_Module__root__V
200021d4   ti_sysbios_knl_Semaphore_Object__table__V
00005411   ti_sysbios_knl_Semaphore_pendTimeout__I
00001ff9   ti_sysbios_knl_Semaphore_pend__E
000038ed   ti_sysbios_knl_Semaphore_post__E
00005f0d   ti_sysbios_knl_Swi_Handle__label__S
200023c4   ti_sysbios_knl_Swi_Module_State_0_readyQ__A
200021e8   ti_sysbios_knl_Swi_Module__root__V
200021f0   ti_sysbios_knl_Swi_Module__state__V
00005bd9   ti_sysbios_knl_Swi_Module_startup__E
00005bd9   ti_sysbios_knl_Swi_Module_startup__F
00006c04   ti_sysbios_knl_Swi_Object__count__C
00005fc1   ti_sysbios_knl_Swi_Object__get__S
20002690   ti_sysbios_knl_Swi_Object__table__V
00006139   ti_sysbios_knl_Swi_disable__E
000052c5   ti_sysbios_knl_Swi_post__E
00004d65   ti_sysbios_knl_Swi_restoreHwi__E
0000550d   ti_sysbios_knl_Swi_restore__E
00004be9   ti_sysbios_knl_Swi_run__I
0000401d   ti_sysbios_knl_Swi_schedule__I
00006343   ti_sysbios_knl_Swi_startup__E
00006c08   ti_sysbios_knl_Task_A_badTimeout__C
00006c0c   ti_sysbios_knl_Task_A_sleepTaskDisabled__C
00006c10   ti_sysbios_knl_Task_E_spOutOfBounds__C
00006c14   ti_sysbios_knl_Task_E_stackOverflow__C
00005f25   ti_sysbios_knl_Task_Handle__label__S
20001980   ti_sysbios_knl_Task_Instance_State_0_hookEnv__A
20000360   ti_sysbios_knl_Task_Instance_State_0_stack__A
20001984   ti_sysbios_knl_Task_Instance_State_1_hookEnv__A
20000760   ti_sysbios_knl_Task_Instance_State_1_stack__A
20001988   ti_sysbios_knl_Task_Instance_State_2_hookEnv__A
20000b60   ti_sysbios_knl_Task_Instance_State_2_stack__A
2000198c   ti_sysbios_knl_Task_Instance_State_3_hookEnv__A
20000f60   ti_sysbios_knl_Task_Instance_State_3_stack__A
20002214   ti_sysbios_knl_Task_Module_State_0_idleTask__A
20002444   ti_sysbios_knl_Task_Module_State_0_readyQ__A
00006c18   ti_sysbios_knl_Task_Module_State_inactiveQ__O
00006c1c   ti_sysbios_knl_Task_Module__diagsEnabled__C
00006c20   ti_sysbios_knl_Task_Module__diagsIncluded__C
00006c24   ti_sysbios_knl_Task_Module__diagsMask__C
00006cf0   ti_sysbios_knl_Task_Module__id__C
2000220c   ti_sysbios_knl_Task_Module__root__V
200025e8   ti_sysbios_knl_Task_Module__state__V
0000472d   ti_sysbios_knl_Task_Module_startup__E
0000472d   ti_sysbios_knl_Task_Module_startup__F
00006c28   ti_sysbios_knl_Task_Object__count__C
00006149   ti_sysbios_knl_Task_Object__get__S
20002294   ti_sysbios_knl_Task_Object__table__V
0000636f   ti_sysbios_knl_Task_SupportProxy_Module__startupDone__S
000061d5   ti_sysbios_knl_Task_SupportProxy_checkStack__E
00005631   ti_sysbios_knl_Task_SupportProxy_start__E
00005e4d   ti_sysbios_knl_Task_SupportProxy_swap__E
00006c2c   ti_sysbios_knl_Task_allBlockedFunc__C
00005055   ti_sysbios_knl_Task_allBlockedFunction__I
00003eb9   ti_sysbios_knl_Task_checkStacks__E
00006159   ti_sysbios_knl_Task_disable__E
00005cc9   ti_sysbios_knl_Task_enter__I
0000446d   ti_sysbios_knl_Task_exit__E
00006af0   ti_sysbios_knl_Task_hooks__A
00006b5c   ti_sysbios_knl_Task_hooks__C
00006cf4   ti_sysbios_knl_Task_initStackFlag__C
00006c30   ti_sysbios_knl_Task_numConstructedTasks__C
00003ab5   ti_sysbios_knl_Task_postInit__I
00005451   ti_sysbios_knl_Task_processVitalTaskFlag__I
00005bfd   ti_sysbios_knl_Task_restoreHwi__E
00005a3d   ti_sysbios_knl_Task_restore__E
000046a5   ti_sysbios_knl_Task_schedule__I
000059b5   ti_sysbios_knl_Task_sleepTimeout__I
00002779   ti_sysbios_knl_Task_sleep__E
000044fd   ti_sysbios_knl_Task_startCore__E
00006373   ti_sysbios_knl_Task_startup__E
00005e59   ti_sysbios_knl_Task_swapReturn
00004ecd   ti_sysbios_knl_Task_unblockI__E
200019b0   time_string
000066e0   unshifted
00004b29   writemsg
00006c34   xdc_runtime_Assert_E_assertFailed__C
0000509d   xdc_runtime_Assert_raise__I
00006c38   xdc_runtime_Core_A_initializedParams__C
00006c3c   xdc_runtime_Core_Module__diagsEnabled__C
00006c40   xdc_runtime_Core_Module__diagsIncluded__C
00006c44   xdc_runtime_Core_Module__diagsMask__C
00006cf8   xdc_runtime_Core_Module__id__C
00005899   xdc_runtime_Core_assignLabel__I
000050e5   xdc_runtime_Core_assignParams__I
00003411   xdc_runtime_Core_createObject__I
00004a5d   xdc_runtime_Core_deleteObject__I
00006c48   xdc_runtime_Error_E_memory__C
00006c4c   xdc_runtime_Error_Module__diagsEnabled__C
00006c50   xdc_runtime_Error_Module__diagsIncluded__C
00006c54   xdc_runtime_Error_Module__diagsMask__C
00006cfc   xdc_runtime_Error_Module__loggerDefined__C
00006c58   xdc_runtime_Error_Module__loggerFxn8__C
00006c5c   xdc_runtime_Error_Module__loggerObj__C
20002218   xdc_runtime_Error_Module__state__V
00005dc5   xdc_runtime_Error_check__E
00005dc5   xdc_runtime_Error_check__F
00006377   xdc_runtime_Error_getSite__E
00006377   xdc_runtime_Error_getSite__F
00006245   xdc_runtime_Error_init__E
00006245   xdc_runtime_Error_init__F
00006d00   xdc_runtime_Error_maxDepth__C
00006d2c   xdc_runtime_Error_policy__C
00004985   xdc_runtime_Error_print__E
00004985   xdc_runtime_Error_print__F
00006c60   xdc_runtime_Error_raiseHook__C
00002d01   xdc_runtime_Error_raiseX__E
00002d01   xdc_runtime_Error_raiseX__F
2000221c   xdc_runtime_GateNull_Module__root__V
00006251   xdc_runtime_Gate_enterSystem__E
00006251   xdc_runtime_Gate_enterSystem__F
00006169   xdc_runtime_Gate_leaveSystem__E
00006169   xdc_runtime_Gate_leaveSystem__F
00006c64   xdc_runtime_HeapMin_A_zeroSize__C
00006c68   xdc_runtime_HeapMin_E_freeError__C
00005f3d   xdc_runtime_HeapMin_Handle__label__S
20001990   xdc_runtime_HeapMin_Instance_State_0_buf__A
00004619   xdc_runtime_HeapMin_Instance_init__F
000069d0   xdc_runtime_HeapMin_Module__FXNS__C
00006c6c   xdc_runtime_HeapMin_Module__diagsEnabled__C
00006c70   xdc_runtime_HeapMin_Module__diagsIncluded__C
00006c74   xdc_runtime_HeapMin_Module__diagsMask__C
00006d04   xdc_runtime_HeapMin_Module__id__C
20002224   xdc_runtime_HeapMin_Module__root__V
00006a60   xdc_runtime_HeapMin_Object__DESC__C
00006a80   xdc_runtime_HeapMin_Object__PARAMS__C
00005775   xdc_runtime_HeapMin_Object__create__S
00005ce9   xdc_runtime_HeapMin_Object__delete__S
2000222c   xdc_runtime_HeapMin_Object__table__V
00005549   xdc_runtime_HeapMin_alloc__E
00005549   xdc_runtime_HeapMin_alloc__F
00006d08   xdc_runtime_HeapMin_freeError__C
000058c9   xdc_runtime_HeapMin_free__E
000058c9   xdc_runtime_HeapMin_free__F
0000625d   xdc_runtime_HeapMin_getStats__E
0000625d   xdc_runtime_HeapMin_getStats__F
0000637b   xdc_runtime_HeapMin_isBlocking__E
0000637b   xdc_runtime_HeapMin_isBlocking__F
00006c78   xdc_runtime_IFilterLogger_Interface__BASE__C
00006c7c   xdc_runtime_IGateProvider_Interface__BASE__C
00006c80   xdc_runtime_IHeap_Interface__BASE__C
00006c84   xdc_runtime_ILogger_Interface__BASE__C
00006c88   xdc_runtime_IModule_Interface__BASE__C
00006c8c   xdc_runtime_Log_L_error__C
00006c90   xdc_runtime_LoggerBuf_E_badLevel__C
00005f55   xdc_runtime_LoggerBuf_Handle__label__S
20001880   xdc_runtime_LoggerBuf_Instance_State_0_entryArr__A
00005fd5   xdc_runtime_LoggerBuf_Instance_finalize__F
00005669   xdc_runtime_LoggerBuf_Instance_init__F
0000637f   xdc_runtime_LoggerBuf_Module_GateProxy_enter__E
00006383   xdc_runtime_LoggerBuf_Module_GateProxy_leave__E
0000635f   xdc_runtime_LoggerBuf_Module_GateProxy_query__E
00006968   xdc_runtime_LoggerBuf_Module__FXNS__C
00006c94   xdc_runtime_LoggerBuf_Module__gateObj__C
00006d0c   xdc_runtime_LoggerBuf_Module__id__C
2000223c   xdc_runtime_LoggerBuf_Module__root__V
20002244   xdc_runtime_LoggerBuf_Module__state__V
00005b65   xdc_runtime_LoggerBuf_Module_startup__E
00005b65   xdc_runtime_LoggerBuf_Module_startup__F
00006aa0   xdc_runtime_LoggerBuf_Object__DESC__C
00006a1c   xdc_runtime_LoggerBuf_Object__PARAMS__C
00006c98   xdc_runtime_LoggerBuf_Object__count__C
00004c49   xdc_runtime_LoggerBuf_Object__create__S
00005d09   xdc_runtime_LoggerBuf_Object__delete__S
00005fe9   xdc_runtime_LoggerBuf_Object__get__S
2000270c   xdc_runtime_LoggerBuf_Object__table__V
000031d5   xdc_runtime_LoggerBuf_TimestampProxy_get64__E
000062d5   xdc_runtime_LoggerBuf_disable__E
000062d5   xdc_runtime_LoggerBuf_disable__F
000062df   xdc_runtime_LoggerBuf_enable__E
000062df   xdc_runtime_LoggerBuf_enable__F
00006d10   xdc_runtime_LoggerBuf_filterByLevel__C
00005309   xdc_runtime_LoggerBuf_filterOutEvent__I
000049f1   xdc_runtime_LoggerBuf_getFilterLevel__E
000049f1   xdc_runtime_LoggerBuf_getFilterLevel__F
00005d29   xdc_runtime_LoggerBuf_reset__E
00005d29   xdc_runtime_LoggerBuf_reset__F
000047b1   xdc_runtime_LoggerBuf_setFilterLevel__E
000047b1   xdc_runtime_LoggerBuf_setFilterLevel__F
00006c9c   xdc_runtime_LoggerBuf_statusLogger__C
00006179   xdc_runtime_LoggerBuf_write0__E
00006179   xdc_runtime_LoggerBuf_write0__F
000060a3   xdc_runtime_LoggerBuf_write1__E
000060a3   xdc_runtime_LoggerBuf_write1__F
00005ffd   xdc_runtime_LoggerBuf_write2__E
00005ffd   xdc_runtime_LoggerBuf_write2__F
00003c69   xdc_runtime_LoggerBuf_write4__E
00003c69   xdc_runtime_LoggerBuf_write4__F
000030a9   xdc_runtime_LoggerBuf_write8__E
000030a9   xdc_runtime_LoggerBuf_write8__F
0000635f   xdc_runtime_Main_Module_GateProxy_query__E
00006387   xdc_runtime_Memory_HeapProxy_alloc__E
0000638b   xdc_runtime_Memory_HeapProxy_free__E
00006d14   xdc_runtime_Memory_Module__id__C
2000224c   xdc_runtime_Memory_Module__state__V
000048a9   xdc_runtime_Memory_alloc__E
000048a9   xdc_runtime_Memory_alloc__F
00006269   xdc_runtime_Memory_calloc__E
00006269   xdc_runtime_Memory_calloc__F
00006ca0   xdc_runtime_Memory_defaultHeapInstance__C
00006189   xdc_runtime_Memory_free__E
00006189   xdc_runtime_Memory_free__F
00006275   xdc_runtime_Memory_getMaxDefaultTypeAlign__E
00006275   xdc_runtime_Memory_getMaxDefaultTypeAlign__F
00005de1   xdc_runtime_Memory_valloc__E
00005de1   xdc_runtime_Memory_valloc__F
20002250   xdc_runtime_Registry_Module__state__V
00005d49   xdc_runtime_Registry_findById__E
00005d49   xdc_runtime_Registry_findById__F
20002258   xdc_runtime_Startup_Module__state__V
00000001   xdc_runtime_Startup__EXECFXN__C
00000001   xdc_runtime_Startup__RESETFXN__C
00006ca4   xdc_runtime_Startup_execImpl__C
00004f25   xdc_runtime_Startup_exec__E
00004f25   xdc_runtime_Startup_exec__F
000060b5   xdc_runtime_Startup_exec__I
00006b34   xdc_runtime_Startup_firstFxns__A
00006b64   xdc_runtime_Startup_firstFxns__C
00006b6c   xdc_runtime_Startup_lastFxns__A
00006b74   xdc_runtime_Startup_lastFxns__C
00006ca8   xdc_runtime_Startup_maxPasses__C
00005a0f   xdc_runtime_Startup_reset__I
00006b08   xdc_runtime_Startup_sfxnRts__A
00006cac   xdc_runtime_Startup_sfxnRts__C
000069a4   xdc_runtime_Startup_sfxnTab__A
00006cb0   xdc_runtime_Startup_sfxnTab__C
00003611   xdc_runtime_Startup_startMods__I
20001900   xdc_runtime_SysMin_Module_State_0_outbuf__A
20002260   xdc_runtime_SysMin_Module__state__V
00005d69   xdc_runtime_SysMin_Module_startup__E
00005d69   xdc_runtime_SysMin_Module_startup__F
000058f9   xdc_runtime_SysMin_abort__E
000058f9   xdc_runtime_SysMin_abort__F
00006cb4   xdc_runtime_SysMin_bufSize__C
00005dfd   xdc_runtime_SysMin_exit__E
00005dfd   xdc_runtime_SysMin_exit__F
00006d18   xdc_runtime_SysMin_flushAtExit__C
0000534d   xdc_runtime_SysMin_flush__E
0000534d   xdc_runtime_SysMin_flush__F
00006cb8   xdc_runtime_SysMin_outputFunc__C
00005c45   xdc_runtime_SysMin_output__I
000056a1   xdc_runtime_SysMin_putch__E
000056a1   xdc_runtime_SysMin_putch__F
00006199   xdc_runtime_SysMin_ready__E
00006199   xdc_runtime_SysMin_ready__F
0000638f   xdc_runtime_System_Module_GateProxy_enter__E
00006393   xdc_runtime_System_Module_GateProxy_leave__E
0000635f   xdc_runtime_System_Module_GateProxy_query__E
2000226c   xdc_runtime_System_Module_State_0_atexitHandlers__A
00006cbc   xdc_runtime_System_Module__gateObj__C
2000227c   xdc_runtime_System_Module__state__V
00006349   xdc_runtime_System_Module_startup__E
00006349   xdc_runtime_System_Module_startup__F
000058f9   xdc_runtime_System_SupportProxy_abort__E
00005dfd   xdc_runtime_System_SupportProxy_exit__E
0000534d   xdc_runtime_System_SupportProxy_flush__E
000056a1   xdc_runtime_System_SupportProxy_putch__E
00006199   xdc_runtime_System_SupportProxy_ready__E
00006011   xdc_runtime_System_abort__E
00006011   xdc_runtime_System_abort__F
00005e19   xdc_runtime_System_aprintf__E
00006397   xdc_runtime_System_aprintf_va__F
00005491   xdc_runtime_System_atexit__E
00005491   xdc_runtime_System_atexit__F
00005b8d   xdc_runtime_System_avprintf__F
000016bd   xdc_runtime_System_doPrint__I
00006281   xdc_runtime_System_exit__E
00006281   xdc_runtime_System_exit__F
00006cc0   xdc_runtime_System_extendFxn__C
0000534d   xdc_runtime_System_flush__E
0000534d   xdc_runtime_System_flush__F
00004f75   xdc_runtime_System_formatNum__I
0000628d   xdc_runtime_System_lastFxn__I
00006cc4   xdc_runtime_System_maxAtexitHandlers__C
00003709   xdc_runtime_System_printfExtend__I
00005e33   xdc_runtime_System_printf__E
0000639b   xdc_runtime_System_printf_va__F
[...]
000058c9   xdc_runtime_HeapMin_free__E
000058c9   xdc_runtime_HeapMin_free__F
000058f9   xdc_runtime_SysMin_abort__E
000058f9   xdc_runtime_SysMin_abort__F
000058f9   xdc_runtime_System_SupportProxy_abort__E
00005929   xdc_runtime_Text_printVisFxn__I
00005959   GPIODirModeSet
00005987   malloc
000059b5   ti_sysbios_knl_Task_sleepTimeout__I
000059e3   ti_sysbios_hal_Hwi_initStack
00005a0f   xdc_runtime_Startup_reset__I
00005a11   ti_sysbios_knl_Clock_doTick__I
00005a3d   ti_sysbios_knl_Task_restore__E
00005a69   xdc_runtime_System_rtsExit__I
00005a95   xdc_runtime_Text_cordText__E
00005a95   xdc_runtime_Text_cordText__F
00005ac1   xdc_runtime_System_putchar__I
00005aed   TimerConfigure
00005b15   ti_sysbios_family_arm_m3_Hwi_initStacks__E
00005b3d   ti_sysbios_knl_Clock_addI__E
00005b65   xdc_runtime_LoggerBuf_Module_startup__E
00005b65   xdc_runtime_LoggerBuf_Module_startup__F
00005b8d   xdc_runtime_System_avprintf__F
00005bb5   ti_sysbios_knl_Clock_Module_startup__E
00005bb5   ti_sysbios_knl_Clock_Module_startup__F
00005bd9   ti_sysbios_knl_Swi_Module_startup__E
00005bd9   ti_sysbios_knl_Swi_Module_startup__F
00005bfd   ti_sysbios_knl_Task_restoreHwi__E
00005c21   xdc_runtime_System_vprintf__F
00005c45   xdc_runtime_SysMin_output__I
00005c69   ti_sysbios_BIOS_removeRTSLock__I
00005c89   ti_sysbios_BIOS_startFunc__I
00005ca9   ti_sysbios_gates_GateHwi_Object__delete__S
00005cc9   ti_sysbios_knl_Task_enter__I
00005ce9   xdc_runtime_HeapMin_Object__delete__S
00005d09   xdc_runtime_LoggerBuf_Object__delete__S
00005d29   LoggerBuf_instanceStartup
00005d29   xdc_runtime_LoggerBuf_reset__E
00005d29   xdc_runtime_LoggerBuf_reset__F
00005d49   xdc_runtime_Registry_findById__E
00005d49   xdc_runtime_Registry_findById__F
00005d69   xdc_runtime_SysMin_Module_startup__E
00005d69   xdc_runtime_SysMin_Module_startup__F
00005d89   ti_sysbios_family_arm_lm4_Timer_write__I
00005da7   ti_sysbios_knl_Queue_put__E
00005dc5   xdc_runtime_Error_check__E
00005dc5   xdc_runtime_Error_check__F
00005de1   xdc_runtime_Memory_valloc__E
00005de1   xdc_runtime_Memory_valloc__F
00005dfd   xdc_runtime_SysMin_exit__E
00005dfd   xdc_runtime_SysMin_exit__F
00005dfd   xdc_runtime_System_SupportProxy_exit__E
00005e19   xdc_runtime_System_aprintf__E
00005e33   xdc_runtime_System_printf__E
00005e4d   ti_sysbios_family_arm_m3_TaskSupport_swap__E
00005e4d   ti_sysbios_knl_Task_SupportProxy_swap__E
00005e59   ti_sysbios_knl_Task_swapReturn
00005e65   free
00005e7d   _args_main
00005e95   ti_sysbios_family_arm_lm4_Timer_Module__startupDone__F
00005e95   ti_sysbios_family_arm_lm4_Timer_Module__startupDone__S
00005ead   ti_sysbios_family_arm_m3_Hwi_Handle__label__S
00005ec5   ti_sysbios_family_arm_m3_Hwi_Module__startupDone__F
00005ec5   ti_sysbios_family_arm_m3_Hwi_Module__startupDone__S
00005edd   ti_sysbios_gates_GateHwi_Handle__label__S
00005ef5   ti_sysbios_hal_Timer_Module__startupDone__F
00005ef5   ti_sysbios_hal_Timer_Module__startupDone__S
00005f0d   ti_sysbios_knl_Swi_Handle__label__S
00005f25   ti_sysbios_knl_Task_Handle__label__S
00005f3d   xdc_runtime_HeapMin_Handle__label__S
00005f55   xdc_runtime_LoggerBuf_Handle__label__S
00005f6d   xdc_runtime_Text_ropeText__E
00005f6d   xdc_runtime_Text_ropeText__F
00005f85   _register_unlock
00005f8b   _register_lock
00005f93   _nop
00005f99   strlen
00005fad   ti_sysbios_family_arm_m3_Hwi_switchFromBootStack__E
00005fad   ti_sysbios_hal_Hwi_HwiProxy_switchFromBootStack__E
00005fad   ti_sysbios_hal_Hwi_switchFromBootStack__E
00005fc1   ti_sysbios_knl_Swi_Object__get__S
00005fd5   xdc_runtime_LoggerBuf_Instance_finalize__F
00005fe9   xdc_runtime_LoggerBuf_Object__get__S
00005ffd   xdc_runtime_LoggerBuf_write2__E
00005ffd   xdc_runtime_LoggerBuf_write2__F
00006011   xdc_runtime_System_abort__E
00006011   xdc_runtime_System_abort__F
00006025   GPIOPinTypeGPIOInput
00006037   GPIOPinTypeGPIOOutput
00006049   GPIOPinTypeSSI
0000605b   TimerLoadSet
0000606d   __TI_zero_init
0000607f   ti_sysbios_hal_Hwi_Module_startup__E
0000607f   ti_sysbios_hal_Hwi_Module_startup__F
00006091   ti_sysbios_hal_Timer_Module_startup__E
00006091   ti_sysbios_hal_Timer_Module_startup__F
000060a3   xdc_runtime_LoggerBuf_write1__E
000060a3   xdc_runtime_LoggerBuf_write1__F
000060b5   xdc_runtime_Startup_exec__I
000060c7   ti_sysbios_family_arm_m3_TaskSupport_glue
000060d7   ti_sysbios_family_xxx_Hwi_switchToIsrStack
000060e7   strcpy
000060f9   ti_sysbios_BIOS_setThreadType__E
00006109   ti_sysbios_BIOS_start__E
00006119   ti_sysbios_family_arm_lm4_TimestampProvider_rolloverFunc__E
00006129   ti_sysbios_family_arm_m3_Hwi_excHandler__I
00006139   ti_sysbios_knl_Swi_disable__E
00006149   ti_sysbios_knl_Task_Object__get__S
00006159   ti_sysbios_knl_Task_disable__E
00006169   xdc_runtime_Gate_leaveSystem__E
00006169   xdc_runtime_Gate_leaveSystem__F
00006179   xdc_runtime_LoggerBuf_write0__E
00006179   xdc_runtime_LoggerBuf_write0__F
00006189   xdc_runtime_Memory_free__E
00006189   xdc_runtime_Memory_free__F
00006199   xdc_runtime_SysMin_ready__E
00006199   xdc_runtime_SysMin_ready__F
00006199   xdc_runtime_System_SupportProxy_ready__E
000061a9   xdc_runtime_System_vsnprintf__F
000061b9   TimerEnable
000061c7   __TI_decompress_none
000061d5   ti_sysbios_family_arm_m3_TaskSupport_checkStack__E
000061d5   ti_sysbios_knl_Task_SupportProxy_checkStack__E
000061e3   ti_sysbios_knl_Queue_empty__E
000061f1   ti_catalog_arm_cortexm4_tiva_ce_Boot_init__I
000061fd   GPIOPinIntEnable
00006209   ti_sysbios_family_xxx_Hwi_switchToTaskStack
00006215   ti_sysbios_family_arm_lm4_Timer_masterDisable__I
00006221   ti_sysbios_family_arm_lm4_TimestampProvider_startTimer__E
0000622d   ti_sysbios_gates_GateHwi_enter__E
00006239   ti_sysbios_knl_Queue_Object__get__S
00006245   xdc_runtime_Error_init__E
00006245   xdc_runtime_Error_init__F
00006251   xdc_runtime_Gate_enterSystem__E
00006251   xdc_runtime_Gate_enterSystem__F
0000625d   xdc_runtime_HeapMin_getStats__E
0000625d   xdc_runtime_HeapMin_getStats__F
00006269   xdc_runtime_Memory_calloc__E
00006269   xdc_runtime_Memory_calloc__F
00006275   xdc_runtime_Memory_getMaxDefaultTypeAlign__E
00006275   xdc_runtime_Memory_getMaxDefaultTypeAlign__F
00006281   xdc_runtime_System_exit__E
00006281   xdc_runtime_System_exit__F
0000628d   xdc_runtime_System_lastFxn__I
00006299   GPIOPinRead
000062a3   GPIOPinWrite
000062ad   SSIDataPut
000062b7   SSIEnable
000062d5   xdc_runtime_LoggerBuf_disable__E
000062d5   xdc_runtime_LoggerBuf_disable__F
000062df   xdc_runtime_LoggerBuf_enable__E
000062df   xdc_runtime_LoggerBuf_enable__F
000062e9   SSIBusy
000062f1   TimerIntEnable
000062f9   ti_sysbios_family_arm_m3_Hwi_doSwiRestore__I
00006301   ti_sysbios_family_arm_m3_Hwi_startup__E
00006301   ti_sysbios_hal_Hwi_HwiProxy_startup__E
00006301   ti_sysbios_hal_Hwi_startup__E
00006309   ti_sysbios_knl_Idle_loop__E
00006311   xdc_runtime_Text_visitRope__I
00006319   GPIOPinIntClear
0000631f   __xdc__init
00006325   __TI_decompress_rle24
0000632b   ti_catalog_arm_cortexm4_tiva_ce_Boot_sysCtlDelayI__I
00006331   ti_sysbios_family_arm_lm4_TimestampProvider_Module_startup__E
00006331   ti_sysbios_family_arm_lm4_TimestampProvider_Module_startup__F
00006337   ti_sysbios_family_arm_m3_Hwi_doTaskRestore__I
0000633d   ti_sysbios_gates_GateHwi_leave__E
00006343   ti_sysbios_knl_Swi_startup__E
00006349   xdc_runtime_System_Module_startup__E
00006349   xdc_runtime_System_Module_startup__F
0000634f   TimerIntClear
00006353   ti_sysbios_family_arm_lm4_Timer_getPeriod__E
00006357   ti_sysbios_family_arm_lm4_Timer_masterEnable__I
0000635b   ti_sysbios_family_arm_m3_TaskSupport_Module__startupDone__S
0000635f   ti_sysbios_gates_GateHwi_query__E
0000635f   ti_sysbios_gates_GateHwi_query__F
0000635f   xdc_runtime_LoggerBuf_Module_GateProxy_query__E
0000635f   xdc_runtime_Main_Module_GateProxy_query__E
0000635f   xdc_runtime_System_Module_GateProxy_query__E
00006363   ti_sysbios_hal_Hwi_HwiProxy_Module__startupDone__S
00006367   ti_sysbios_hal_Timer_TimerProxy_Module__startupDone__S
0000636b   ti_sysbios_hal_Timer_TimerProxy_getPeriod__E
0000636f   ti_sysbios_knl_Task_SupportProxy_Module__startupDone__S
00006373   ti_sysbios_knl_Task_startup__E
00006377   xdc_runtime_Error_getSite__E
00006377   xdc_runtime_Error_getSite__F
0000637b   xdc_runtime_HeapMin_isBlocking__E
0000637b   xdc_runtime_HeapMin_isBlocking__F
0000637f   xdc_runtime_LoggerBuf_Module_GateProxy_enter__E
00006383   xdc_runtime_LoggerBuf_Module_GateProxy_leave__E
00006387   xdc_runtime_Memory_HeapProxy_alloc__E
0000638b   xdc_runtime_Memory_HeapProxy_free__E
0000638f   xdc_runtime_System_Module_GateProxy_enter__E
00006393   xdc_runtime_System_Module_GateProxy_leave__E
00006397   xdc_runtime_System_aprintf_va__F
0000639b   xdc_runtime_System_printf_va__F
0000639f   xdc_runtime_System_vsnprintf__E
000063a4   MyFont
0000655c   ti_sysbios_family_arm_m3_Hwi_priorities__A
00006634   shifted
000066e0   unshifted
00006968   xdc_runtime_LoggerBuf_Module__FXNS__C
000069a4   xdc_runtime_Startup_sfxnTab__A
000069d0   xdc_runtime_HeapMin_Module__FXNS__C
000069f8   ti_sysbios_gates_GateHwi_Module__FXNS__C
00006a1c   xdc_runtime_LoggerBuf_Object__PARAMS__C
00006a40   ti_sysbios_gates_GateHwi_Object__DESC__C
00006a60   xdc_runtime_HeapMin_Object__DESC__C
00006a80   xdc_runtime_HeapMin_Object__PARAMS__C
00006aa0   xdc_runtime_LoggerBuf_Object__DESC__C
00006ac0   UI
00006ac4   ButTask
00006ac8   Clock
00006acc   KeySem
00006ad0   Keyboard
00006ad4   KeyboardTask
00006ad8   ti_sysbios_gates_GateHwi_Object__PARAMS__C
00006af0   ti_sysbios_knl_Task_hooks__A
00006b08   xdc_runtime_Startup_sfxnRts__A
00006b34   xdc_runtime_Startup_firstFxns__A
00006b44   ti_sysbios_family_arm_m3_Hwi_excHookFuncs__A
00006b4c   ti_sysbios_knl_Idle_coreList__C
00006b54   ti_sysbios_knl_Idle_funcList__C
00006b5c   ti_sysbios_knl_Task_hooks__C
00006b64   xdc_runtime_Startup_firstFxns__C
00006b6c   xdc_runtime_Startup_lastFxns__A
00006b74   xdc_runtime_Startup_lastFxns__C
00006b7c   ti_catalog_arm_cortexm4_tiva_ce_Boot_A_mustUseEnhancedClockMode__C
00006b80   ti_catalog_arm_cortexm4_tiva_ce_Boot_Module__diagsEnabled__C
00006b84   ti_catalog_arm_cortexm4_tiva_ce_Boot_Module__diagsIncluded__C
00006b88   ti_catalog_arm_cortexm4_tiva_ce_Boot_Module__diagsMask__C
00006b8c   ti_sysbios_BIOS_installedErrorHook__C
00006b90   ti_sysbios_family_arm_lm4_Timer_numTimerDevices__C
00006b94   ti_sysbios_family_arm_lm4_Timer_startupNeeded__C
00006b98   ti_sysbios_family_arm_m3_Hwi_E_NMI__C
00006b9c   ti_sysbios_family_arm_m3_Hwi_E_busFault__C
00006ba0   ti_sysbios_family_arm_m3_Hwi_E_debugMon__C
00006ba4   ti_sysbios_family_arm_m3_Hwi_E_hardFault__C
00006ba8   ti_sysbios_family_arm_m3_Hwi_E_memFault__C
00006bac   ti_sysbios_family_arm_m3_Hwi_E_noIsr__C
00006bb0   ti_sysbios_family_arm_m3_Hwi_E_reserved__C
00006bb4   ti_sysbios_family_arm_m3_Hwi_E_svCall__C
00006bb8   ti_sysbios_family_arm_m3_Hwi_E_usageFault__C
00006bbc   ti_sysbios_family_arm_m3_Hwi_NUM_INTERRUPTS__C
00006bc0   ti_sysbios_family_arm_m3_Hwi_ccr__C
00006bc4   ti_sysbios_family_arm_m3_Hwi_dispatchTable__C
00006bc8   ti_sysbios_family_arm_m3_Hwi_excHandlerFunc__C
00006bcc   ti_sysbios_family_arm_m3_Hwi_excHookFuncs__C
00006bd0   ti_sysbios_family_arm_m3_Hwi_priGroup__C
00006bd4   ti_sysbios_family_arm_m3_Hwi_priorities__C
00006bd8   ti_sysbios_hal_Hwi_E_stackOverflow__C
00006bdc   ti_sysbios_knl_Clock_Module_State_clockQ__O
00006be0   ti_sysbios_knl_Idle_coreList__A
00006be4   ti_sysbios_knl_Idle_funcList__A
00006be8   ti_sysbios_knl_Semaphore_A_badContext__C
00006bec   ti_sysbios_knl_Semaphore_A_overflow__C
00006bf0   ti_sysbios_knl_Semaphore_A_pendTaskDisabled__C
00006bf4   ti_sysbios_knl_Semaphore_Instance_State_pendQ__O
00006bf8   ti_sysbios_knl_Semaphore_Module__diagsEnabled__C
00006bfc   ti_sysbios_knl_Semaphore_Module__diagsIncluded__C
00006c00   ti_sysbios_knl_Semaphore_Module__diagsMask__C
00006c04   ti_sysbios_knl_Swi_Object__count__C
00006c08   ti_sysbios_knl_Task_A_badTimeout__C
00006c0c   ti_sysbios_knl_Task_A_sleepTaskDisabled__C
00006c10   ti_sysbios_knl_Task_E_spOutOfBounds__C
00006c14   ti_sysbios_knl_Task_E_stackOverflow__C
00006c18   ti_sysbios_knl_Task_Module_State_inactiveQ__O
00006c1c   ti_sysbios_knl_Task_Module__diagsEnabled__C
00006c20   ti_sysbios_knl_Task_Module__diagsIncluded__C
00006c24   ti_sysbios_knl_Task_Module__diagsMask__C
00006c28   ti_sysbios_knl_Task_Object__count__C
00006c2c   ti_sysbios_knl_Task_allBlockedFunc__C
00006c30   ti_sysbios_knl_Task_numConstructedTasks__C
00006c34   xdc_runtime_Assert_E_assertFailed__C
00006c38   xdc_runtime_Core_A_initializedParams__C
00006c3c   xdc_runtime_Core_Module__diagsEnabled__C
00006c40   xdc_runtime_Core_Module__diagsIncluded__C
00006c44   xdc_runtime_Core_Module__diagsMask__C
00006c48   xdc_runtime_Error_E_memory__C
00006c4c   xdc_runtime_Error_Module__diagsEnabled__C
00006c50   xdc_runtime_Error_Module__diagsIncluded__C
00006c54   xdc_runtime_Error_Module__diagsMask__C
00006c58   xdc_runtime_Error_Module__loggerFxn8__C
00006c5c   xdc_runtime_Error_Module__loggerObj__C
00006c60   xdc_runtime_Error_raiseHook__C
00006c64   xdc_runtime_HeapMin_A_zeroSize__C
00006c68   xdc_runtime_HeapMin_E_freeError__C
00006c6c   xdc_runtime_HeapMin_Module__diagsEnabled__C
00006c70   xdc_runtime_HeapMin_Module__diagsIncluded__C
00006c74   xdc_runtime_HeapMin_Module__diagsMask__C
00006c78   xdc_runtime_IFilterLogger_Interface__BASE__C
00006c7c   xdc_runtime_IGateProvider_Interface__BASE__C
00006c80   xdc_runtime_IHeap_Interface__BASE__C
00006c84   xdc_runtime_ILogger_Interface__BASE__C
00006c88   xdc_runtime_IModule_Interface__BASE__C
00006c8c   xdc_runtime_Log_L_error__C
00006c90   xdc_runtime_LoggerBuf_E_badLevel__C
00006c94   xdc_runtime_LoggerBuf_Module__gateObj__C
00006c98   xdc_runtime_LoggerBuf_Object__count__C
00006c9c   xdc_runtime_LoggerBuf_statusLogger__C
00006ca0   xdc_runtime_Memory_defaultHeapInstance__C
00006ca4   xdc_runtime_Startup_execImpl__C
00006ca8   xdc_runtime_Startup_maxPasses__C
00006cac   xdc_runtime_Startup_sfxnRts__C
00006cb0   xdc_runtime_Startup_sfxnTab__C
00006cb4   xdc_runtime_SysMin_bufSize__C
00006cb8   xdc_runtime_SysMin_outputFunc__C
00006cbc   xdc_runtime_System_Module__gateObj__C
00006cc0   xdc_runtime_System_extendFxn__C
00006cc4   xdc_runtime_System_maxAtexitHandlers__C
00006cc8   xdc_runtime_Text_charTab__C
00006ccc   xdc_runtime_Text_nameEmpty__C
00006cd0   xdc_runtime_Text_nameStatic__C
00006cd4   xdc_runtime_Text_nameUnknown__C
00006cd8   xdc_runtime_Text_visitRopeFxn__C
00006cdc   ti_catalog_arm_cortexm4_tiva_ce_Boot_Module__id__C
00006ce0   ti_sysbios_family_arm_lm4_TimestampProvider_useClockTimer__C
00006ce4   ti_sysbios_family_arm_m3_Hwi_Module__id__C
00006ce8   ti_sysbios_hal_Hwi_Module__id__C
00006cec   ti_sysbios_knl_Semaphore_Module__id__C
00006cf0   ti_sysbios_knl_Task_Module__id__C
00006cf4   ti_sysbios_knl_Task_initStackFlag__C
00006cf8   xdc_runtime_Core_Module__id__C
00006cfc   xdc_runtime_Error_Module__loggerDefined__C
00006d00   xdc_runtime_Error_maxDepth__C
00006d04   xdc_runtime_HeapMin_Module__id__C
00006d08   xdc_runtime_HeapMin_freeError__C
00006d0c   xdc_runtime_LoggerBuf_Module__id__C
00006d10   xdc_runtime_LoggerBuf_filterByLevel__C
00006d14   xdc_runtime_Memory_Module__id__C
00006d18   xdc_runtime_SysMin_flushAtExit__C
00006d1c   xdc_runtime_Text_charCnt__C
00006d20   xdc_runtime_Text_isLoaded__C
00006d24   xdc_runtime_Text_registryModsLastId__C
00006d28   xdc_runtime_Text_unnamedModsLastId__C
00006d2c   xdc_runtime_Error_policy__C
0000748c   __TI_Handler_Table_Base
00007498   __TI_Handler_Table_Limit
000074a8   __TI_CINIT_Base
000074c0   __TI_CINIT_Limit
20000000   ti_sysbios_family_arm_m3_Hwi_ramVectors
20000360   ti_sysbios_knl_Task_Instance_State_0_stack__A
20000760   ti_sysbios_knl_Task_Instance_State_1_stack__A
20000b60   ti_sysbios_knl_Task_Instance_State_2_stack__A
20000f60   ti_sysbios_knl_Task_Instance_State_3_stack__A
20001360   glcd_buffer
20001760   __CIOBUF_
20001880   xdc_runtime_LoggerBuf_Instance_State_0_entryArr__A
20001900   xdc_runtime_SysMin_Module_State_0_outbuf__A
20001980   ti_sysbios_knl_Task_Instance_State_0_hookEnv__A
20001984   ti_sysbios_knl_Task_Instance_State_1_hookEnv__A
20001988   ti_sysbios_knl_Task_Instance_State_2_hookEnv__A
2000198c   ti_sysbios_knl_Task_Instance_State_3_hookEnv__A
20001990   xdc_runtime_HeapMin_Instance_State_0_buf__A
200019b0   time_string
200019cf   glcd_dirty_pages
200019d0   ItemBlock1
20001db8   ti_sysbios_family_arm_m3_Hwi_Module_State_0_dispatchTable__A
20002118   ti_sysbios_BIOS_Module__state__V
20002138   ti_sysbios_family_arm_lm4_Timer_Module__root__V
20002140   ti_sysbios_family_arm_lm4_Timer_Module_State_0_handles__A
20002158   ti_sysbios_family_arm_lm4_Timer_Module__state__V
20002164   ti_sysbios_family_arm_lm4_TimestampProvider_Module__state__V
2000216c   ti_sysbios_family_arm_m3_Hwi_Module__root__V
20002174   ti_sysbios_family_arm_m3_Hwi_Module_State_0_excActive__A
20002178   ti_sysbios_family_arm_m3_Hwi_Module_State_0_excContext__A
2000217c   ti_sysbios_family_arm_m3_Hwi_Module_State_0_excStack__A
20002180   ti_sysbios_gates_GateHwi_Module__root__V
20002188   ti_sysbios_gates_GateHwi_Object__table__V
2000218c   ti_sysbios_gates_GateMutexPri_Module__root__V
20002194   ti_sysbios_hal_Hwi_Module__root__V
2000219c   ti_sysbios_hal_Hwi_Object__table__V
200021ac   ti_sysbios_hal_Timer_Module__root__V
200021b4   ti_sysbios_hal_Timer_Object__table__V
200021bc   ti_sysbios_knl_Clock_Module__root__V
200021c4   ti_sysbios_knl_Queue_Module__root__V
200021cc   ti_sysbios_knl_Semaphore_Module__root__V
200021d4   ti_sysbios_knl_Semaphore_Object__table__V
200021e8   ti_sysbios_knl_Swi_Module__root__V
200021f0   ti_sysbios_knl_Swi_Module__state__V
2000220c   ti_sysbios_knl_Task_Module__root__V
20002214   ti_sysbios_knl_Task_Module_State_0_idleTask__A
20002218   xdc_runtime_Error_Module__state__V
2000221c   xdc_runtime_GateNull_Module__root__V
20002224   xdc_runtime_HeapMin_Module__root__V
2000222c   xdc_runtime_HeapMin_Object__table__V
2000223c   xdc_runtime_LoggerBuf_Module__root__V
20002244   xdc_runtime_LoggerBuf_Module__state__V
2000224c   xdc_runtime_Memory_Module__state__V
20002250   xdc_runtime_Registry_Module__state__V
20002258   xdc_runtime_Startup_Module__state__V
20002260   xdc_runtime_SysMin_Module__state__V
2000226c   xdc_runtime_System_Module_State_0_atexitHandlers__A
2000227c   xdc_runtime_System_Module__state__V
20002288   xdc_runtime_Text_Module__state__V
20002290   __xdc__init__addr
20002294   ti_sysbios_knl_Task_Object__table__V
20002378   TSK_idle
200023c4   ti_sysbios_knl_Swi_Module_State_0_readyQ__A
20002444   ti_sysbios_knl_Task_Module_State_0_readyQ__A
200024c4   ti_sysbios_family_arm_lm4_Timer_Object__table__V
20002534   ti_sysbios_family_arm_m3_Hwi_Object__table__V
20002594   ti_sysbios_family_arm_m3_Hwi_Module__state__V
200025e8   ti_sysbios_knl_Task_Module__state__V
2000262c   ItemLookUp
20002660   ti_sysbios_family_arm_lm4_Timer_Module_State_0_device__A
20002690   ti_sysbios_knl_Swi_Object__table__V
200026c0   ti_sysbios_knl_Clock_Module__state__V
200026e8   glcd_flipped
200026ec   pagemap
2000270c   xdc_runtime_LoggerBuf_Object__table__V
20002730   _lock
20002734   _unlock
20002738   _cleanup_ptr
2000273c   _dtors_ptr
20002740   TimeOfDay
20002750   StateInfo
20002753   LastState
20002758   main_func_sp
20002760   __stack
20002960   __STACK_TOP
20002b60   __STACK_END
e000e000   ti_sysbios_family_arm_m3_Hwi_nvic
ffffffff   __binit__
ffffffff   __c_args__
ffffffff   binit
UNDEFED    SHT$$INIT_ARRAY$$Base
UNDEFED    SHT$$INIT_ARRAY$$Limit

[631 symbols]
