******************************************************************************
                  TI ARM Linker PC v5.0.4                      
******************************************************************************
>> Linked Mon May 27 13:48:06 2013

OUTPUT FILE NAME:   <Grocery.out>
ENTRY POINT SYMBOL: "_c_int00"  address: 00004a45


MEMORY CONFIGURATION

         name            origin    length      used     unused   attr    fill
----------------------  --------  ---------  --------  --------  ----  --------
  FLASH                 00000000   00040000  00006e47  000391b9  R  X
  SRAM                  20000000   00008000  00002bd7  00005429  RW X


SEGMENT ALLOCATION MAP

run origin  load origin   length   init length attrs members
----------  ----------- ---------- ----------- ----- -------
00000000    00000000    00006e50   00006e50    r-x
  00000000    00000000    00000360   00000360    r-- .resetVecs
  00000360    00000360    00005c6a   00005c6a    r-x .text
  00005fcc    00005fcc    00000995   00000995    r-- .const
  00006968    00006968    000004e8   000004e8    r-- .cinit
20000000    20000000    00001ddc   00000000    rw-
  20000000    20000000    00000360   00000000    rw- .vecs
  20000360    20000360    00001a7c   00000000    rw- .bss
20001ddc    20001ddc    00000dfc   000009fb    rw-
  20001ddc    20001ddc    000009fb   000009fb    rw- .data
  200027d8    200027d8    00000400   00000000    rw- .stack


SECTION ALLOCATION MAP

 output                                  attributes/
section   page    origin      length       input sections
--------  ----  ----------  ----------   ----------------
.bootVecs 
*          0    00000000    00000008     DSECT
                  00000000    00000008     boot.aem4f : boot.oem4f (.bootVecs)

.resetVecs 
*          0    00000000    00000360     
                  00000000    00000360     app_pem4f.oem4f (.resetVecs)

xdc.meta   0    00000000    000000d9     COPY SECTION
                  00000000    000000d9     app_pem4f.oem4f (xdc.meta)

xdc.noload 
*          0    00000000    00001242     COPY SECTION
                  00000000    00001242     app_pem4f.oem4f (xdc.noload)

.init_array 
*          0    00000000    00000000     UNINITIALIZED

.text      0    00000360    00005c6a     
                  00000360    00000520     Ps2Keyboard.obj (.text)
                  00000880    00000424     sysbios.aem4f : BIOS.obj (.text:ti_sysbios_family_arm_m3_Hwi_excDumpRegs__I)
                  00000ca4    0000041c     st7565.obj (.text)
                  000010c0    00000344     ti.targets.arm.rtsarm.aem4f : System.oem4f (.text:xdc_runtime_System_doPrint__I)
                  00001404    00000314     Graphics_Bmp.obj (.text)
                  00001718    000002e4     rtsv7M4_T_le_v4SPD16_eabi.lib : trgdrv.obj (.text)
                  000019fc    00000238     sysbios.aem4f : BIOS.obj (.text:ti_sysbios_knl_Semaphore_pend__E)
                  00001c34    00000214     main.obj (.text)
                  00001e48    000001dc     sysbios.aem4f : BIOS.obj (.text:ti_sysbios_family_arm_m3_Hwi_excHandlerMax__I)
                  00002024    000001d8     driverlib-cm4f.lib : sysctl.obj (.text:SysCtlClockGet)
                  000021fc    000001a4     buttons.obj (.text)
                  000023a0    0000018c     sysbios.aem4f : BIOS.obj (.text:ti_sysbios_knl_Task_sleep__E)
                  0000252c    00000168                   : BIOS.obj (.text:ti_sysbios_family_arm_m3_Hwi_excBusFault__I)
                  00002694    00000154                   : BIOS.obj (.text:ti_sysbios_family_arm_m3_Hwi_excUsageFault__I)
                  000027e8    00000140                   : BIOS.obj (.text:ti_sysbios_family_arm_m3_Hwi_excMemFault__I)
                  00002928    0000013c     ti.targets.arm.rtsarm.aem4f : Error.oem4f (.text:xdc_runtime_Error_raiseX__F)
                  00002a64    00000138     Boot.aem4f : Boot_sysctl.oem4f (.text:ti_catalog_arm_cortexm4_tiva_ce_Boot_sysCtlClockSetI__I)
                  00002b9c    00000134     sysbios.aem4f : m3_Hwi_asm.obj (.text:ti_sysbios_family_arm_m3_Hwi_dispatch__I)
                  00002cd0    0000012c     ti.targets.arm.rtsarm.aem4f : LoggerBuf.oem4f (.text:xdc_runtime_LoggerBuf_write8__F)
                  00002dfc    00000128     sysbios.aem4f : BIOS.obj (.text:ti_sysbios_family_arm_lm4_TimestampProvider_get64__E)
                  00002f24    00000114                   : BIOS.obj (.text:ti_sysbios_family_arm_lm4_Timer_initDevice__I)
                  00003038    00000104     ti.targets.arm.rtsarm.aem4f : Core-mem.oem4f (.text:xdc_runtime_Core_createObject__I)
                  0000313c    000000fc     sysbios.aem4f : BIOS.obj (.text:ti_sysbios_family_arm_lm4_Timer_start__E)
                  00003238    000000f8     ti.targets.arm.rtsarm.aem4f : Startup.oem4f (.text:xdc_runtime_Startup_startMods__I)
                  00003330    000000f8     app_pem4f.oem4f (.text:xdc_runtime_System_printfExtend__I)
                  00003428    000000ec     rtsv7M4_T_le_v4SPD16_eabi.lib : dtor_list.obj (.text)
                  00003514    000000ec     sysbios.aem4f : BIOS.obj (.text:ti_sysbios_knl_Semaphore_post__E)
                  00003600    000000dc                   : BIOS.obj (.text:ti_sysbios_family_arm_m3_Hwi_initNVIC__E)
                  000036dc    000000dc                   : BIOS.obj (.text:ti_sysbios_knl_Task_postInit__I)
                  000037b8    000000d8     Clock.obj (.text)
                  00003890    000000d4     ti.targets.arm.rtsarm.aem4f : LoggerBuf.oem4f (.text:xdc_runtime_LoggerBuf_write4__F)
                  00003964    000000c8     driverlib-cm4f.lib : gpio.obj (.text:GPIOPadConfigSet)
                  00003a2c    000000b4     sysbios.aem4f : BIOS.obj (.text:ti_sysbios_family_arm_m3_Hwi_excHardFault__I)
                  00003ae0    000000b4                   : BIOS.obj (.text:ti_sysbios_knl_Task_checkStacks__E)
                  00003b94    000000b0                   : BIOS.obj (.text:ti_sysbios_family_arm_m3_Hwi_excDebugMon__I)
                  00003c44    000000ac                   : BIOS.obj (.text:ti_sysbios_knl_Swi_schedule__I)
                  00003cf0    000000a4                   : BIOS.obj (.text:ti_sysbios_family_arm_m3_Hwi_Module_startup__F)
                  00003d94    000000a0     auto_init.aem4f : auto_init.oem4f (.text)
                  00003e34    0000009c     rtsv7M4_T_le_v4SPD16_eabi.lib : memcpy_t2.obj (.text)
                  00003ed0    0000009a     ti.targets.arm.rtsarm.aem4f : Text.oem4f (.text:xdc_runtime_Text_putSite__F)
                  00003f6a    00000002     sysbios.aem4f : BIOS.obj (.text:ti_sysbios_BIOS_nullFunc__I)
                  00003f6c    00000094     Boot.aem4f : Boot.oem4f (.text:ti_catalog_arm_cortexm4_tiva_ce_Boot_sysCtlClockSet__E)
                  00004000    00000094     ti.targets.arm.rtsarm.aem4f : Text.oem4f (.text:xdc_runtime_Text_putMod__F)
                  00004094    00000090     sysbios.aem4f : BIOS.obj (.text:ti_sysbios_knl_Task_exit__E)
                  00004124    00000090                   : BIOS.obj (.text:ti_sysbios_knl_Task_startCore__E)
                  000041b4    0000008c                   : m3_TaskSupport_asm.obj (.text:_ti_sysbios_family_arm_m3_TaskSupport_buildTaskStack)
                  00004240    0000008c     ti.targets.arm.rtsarm.aem4f : HeapMin.oem4f (.text:xdc_runtime_HeapMin_Instance_init__F)
                  000042cc    00000088     sysbios.aem4f : BIOS.obj (.text:ti_sysbios_knl_Task_schedule__I)
                  00004354    00000084                   : BIOS.obj (.text:ti_sysbios_knl_Task_Module_startup__F)
                  000043d8    00000080     ti.targets.arm.rtsarm.aem4f : LoggerBuf.oem4f (.text:xdc_runtime_LoggerBuf_setFilterLevel__F)
                  00004458    00000078     rtsv7M4_T_le_v4SPD16_eabi.lib : memset_t2.obj (.text)
                  000044d0    00000070     ti.targets.arm.rtsarm.aem4f : Memory.oem4f (.text:xdc_runtime_Memory_alloc__F)
                  00004540    0000006c     sysbios.aem4f : BIOS.obj (.text:ti_sysbios_knl_Clock_workFunc__E)
                  000045ac    0000006c     ti.targets.arm.rtsarm.aem4f : Error.oem4f (.text:xdc_runtime_Error_print__F)
                  00004618    0000006c                                 : LoggerBuf.oem4f (.text:xdc_runtime_LoggerBuf_getFilterLevel__F)
                  00004684    00000066                                 : Core-mem.oem4f (.text:xdc_runtime_Core_deleteObject__I)
                  000046ea    00000002     sysbios.aem4f : BIOS.obj (.text:ti_sysbios_gates_GateHwi_Instance_init__F)
                  000046ec    00000064     driverlib-cm4f.lib : interrupt.obj (.text:IntEnable)
                  00004750    00000060     rtsv7M4_T_le_v4SPD16_eabi.lib : trgmsg.obj (.text)
                  000047b0    00000060     sysbios.aem4f : BIOS.obj (.text:ti_sysbios_family_arm_m3_Hwi_dispatchC__I)
                  00004810    00000060                   : BIOS.obj (.text:ti_sysbios_knl_Swi_run__I)
                  00004870    00000060     app_pem4f.oem4f (.text:xdc_runtime_LoggerBuf_Object__create__S)
                  000048d0    0000005e     rtsv7M4_T_le_v4SPD16_eabi.lib : copy_decompress_rle.obj (.text)
                  0000492e    00000002     sysbios.aem4f : BIOS.obj (.text:ti_sysbios_knl_Clock_logTick__E)
                  00004930    0000005c                   : BIOS.obj (.text:ti_sysbios_family_arm_lm4_Timer_Module_startup__F)
                  0000498c    0000005c                   : BIOS.obj (.text:ti_sysbios_knl_Swi_restoreHwi__E)
                  000049e8    0000005b     ti.targets.arm.rtsarm.aem4f : Text.oem4f (.text:xdc_runtime_Text_putLab__F)
                  00004a43    00000001     --HOLE-- [fill = 0]
                  00004a44    00000058     boot.aem4f : boot.oem4f (.text)
                  00004a9c    00000058     driverlib-cm4f.lib : sysctl.obj (.text:SysCtlPeripheralEnable)
                  00004af4    00000058     sysbios.aem4f : BIOS.obj (.text:ti_sysbios_knl_Task_unblockI__E)
                  00004b4c    00000050     ti.targets.arm.rtsarm.aem4f : Startup.oem4f (.text:xdc_runtime_Startup_exec__F)
                  00004b9c    00000050                                 : System.oem4f (.text:xdc_runtime_System_formatNum__I)
                  00004bec    00000048     driverlib-cm4f.lib : gpio.obj (.text:GPIOPinConfigure)
                  00004c34    00000048     sysbios.aem4f : BIOS.obj (.text:ti_sysbios_family_arm_m3_Hwi_excReserved__I)
                  00004c7c    00000048                   : BIOS.obj (.text:ti_sysbios_knl_Task_allBlockedFunction__I)
                  00004cc4    00000048     ti.targets.arm.rtsarm.aem4f : Assert.oem4f (.text:xdc_runtime_Assert_raise__I)
                  00004d0c    00000048                                 : Core-params.oem4f (.text:xdc_runtime_Core_assignParams__I)
                  00004d54    00000044     driverlib-cm4f.lib : gpio.obj (.text:GPIOIntTypeSet)
                  00004d98    00000044                        : ssi.obj (.text:SSIConfigSetExpClk)
                  00004ddc    00000044     rtsv7M4_T_le_v4SPD16_eabi.lib : cpy_tbl.obj (.text)
                  00004e20    00000044     sysbios.aem4f : BIOS.obj (.text:ti_sysbios_family_arm_lm4_Timer_isrStub__E)
                  00004e64    00000044                   : BIOS.obj (.text:ti_sysbios_family_arm_m3_Hwi_disableInterrupt__E)
                  00004ea8    00000044                   : BIOS.obj (.text:ti_sysbios_family_arm_m3_Hwi_enableInterrupt__E)
                  00004eec    00000044                   : BIOS.obj (.text:ti_sysbios_knl_Swi_post__E)
                  00004f30    00000044     ti.targets.arm.rtsarm.aem4f : LoggerBuf.oem4f (.text:xdc_runtime_LoggerBuf_filterOutEvent__I)
                  00004f74    00000044                                 : SysMin.oem4f (.text:xdc_runtime_SysMin_flush__F)
                  00004fb8    00000040     rtsv7M4_T_le_v4SPD16_eabi.lib : exit.obj (.text)
                  00004ff8    00000040     sysbios.aem4f : BIOS.obj (.text:ti_sysbios_family_arm_lm4_Timer_startup__E)
                  00005038    00000040                   : BIOS.obj (.text:ti_sysbios_knl_Semaphore_pendTimeout__I)
                  00005078    00000040                   : BIOS.obj (.text:ti_sysbios_knl_Task_processVitalTaskFlag__I)
                  000050b8    00000040     ti.targets.arm.rtsarm.aem4f : System.oem4f (.text:xdc_runtime_System_atexit__F)
                  000050f8    0000003c     sysbios.aem4f : BIOS.obj (.text:ti_sysbios_family_arm_m3_Hwi_excSvCall__I)
                  00005134    0000003c                   : BIOS.obj (.text:ti_sysbios_knl_Swi_restore__E)
                  00005170    0000003c     ti.targets.arm.rtsarm.aem4f : HeapMin.oem4f (.text:xdc_runtime_HeapMin_alloc__F)
                  000051ac    0000003c                                 : Text.oem4f (.text:xdc_runtime_Text_xprintf__I)
                  000051e8    00000038     sysbios.aem4f : BIOS.obj (.text:ti_sysbios_family_arm_m3_Hwi_excNoIsr__I)
                  00005220    00000038                   : BIOS.obj (.text:ti_sysbios_family_arm_m3_Hwi_getStackInfo__E)
                  00005258    00000038                   : BIOS.obj (.text:ti_sysbios_family_arm_m3_TaskSupport_start__E)
                  00005290    00000038     ti.targets.arm.rtsarm.aem4f : LoggerBuf.oem4f (.text:xdc_runtime_LoggerBuf_Instance_init__F)
                  000052c8    00000038                                 : SysMin.oem4f (.text:xdc_runtime_SysMin_putch__F)
                  00005300    00000034     sysbios.aem4f : BIOS.obj (.text:ti_sysbios_family_arm_m3_Hwi_excNmi__I)
                  00005334    00000034     app_pem4f.oem4f (.text:ti_sysbios_gates_GateHwi_Object__create__S)
                  00005368    00000034     sysbios.aem4f : BIOS.obj (.text:ti_sysbios_hal_Hwi_checkStack:ti_sysbios_hal_Hwi_checkStack)
                  0000539c    00000034     app_pem4f.oem4f (.text:xdc_runtime_HeapMin_Object__create__S)
                  000053d0    00000030     sysbios.aem4f : BIOS.obj (.text:ti_sysbios_BIOS_errorRaiseHook__I)
                  00005400    00000030     app_pem4f.oem4f (.text:ti_sysbios_BIOS_exitFunc__I)
                  00005430    00000030     sysbios.aem4f : BIOS.obj (.text:ti_sysbios_family_arm_lm4_Timer_enableTimers__I)
                  00005460    00000030                   : BIOS.obj (.text:ti_sysbios_family_arm_lm4_Timer_stop__E)
                  00005490    00000030                   : BIOS.obj (.text:ti_sysbios_knl_Idle_run__E)
                  000054c0    00000030     ti.targets.arm.rtsarm.aem4f : Core-label.oem4f (.text:xdc_runtime_Core_assignLabel__I)
                  000054f0    00000030                                 : HeapMin.oem4f (.text:xdc_runtime_HeapMin_free__F)
                  00005520    00000030                                 : SysMin.oem4f (.text:xdc_runtime_SysMin_abort__F)
                  00005550    0000002f                                 : Text.oem4f (.text:xdc_runtime_Text_printVisFxn__I)
                  0000557f    00000001     --HOLE-- [fill = 0]
                  00005580    0000002e     driverlib-cm4f.lib : gpio.obj (.text:GPIODirModeSet)
                  000055ae    0000002e     app_pem4f.oem4f (.text:malloc)
                  000055dc    0000002e     sysbios.aem4f : BIOS.obj (.text:ti_sysbios_knl_Task_sleepTimeout__I)
                  0000560a    0000002c                   : BIOS.obj (.text:ti_sysbios_hal_Hwi_initStack:ti_sysbios_hal_Hwi_initStack)
                  00005636    00000002     app_pem4f.oem4f (.text:xdc_runtime_Startup_reset__I)
                  00005638    0000002c     app_pem4f.oem4f (.text:ti_sysbios_knl_Clock_doTick__I)
                  00005664    0000002c     sysbios.aem4f : BIOS.obj (.text:ti_sysbios_knl_Task_restore__E)
                  00005690    0000002c     ti.targets.arm.rtsarm.aem4f : System.oem4f (.text:xdc_runtime_System_rtsExit__I)
                  000056bc    0000002c                                 : Text.oem4f (.text:xdc_runtime_Text_cordText__F)
                  000056e8    0000002a                                 : System.oem4f (.text:xdc_runtime_System_putchar__I)
                  00005712    00000002     --HOLE-- [fill = 0]
                  00005714    00000028     driverlib-cm4f.lib : timer.obj (.text:TimerConfigure)
                  0000573c    00000028     sysbios.aem4f : m3_Hwi_asm_switch.obj (.text:_ti_sysbios_family_arm_m3_Hwi_initStacks__E)
                  00005764    00000028                   : BIOS.obj (.text:ti_sysbios_knl_Clock_addI__E)
                  0000578c    00000028     ti.targets.arm.rtsarm.aem4f : LoggerBuf.oem4f (.text:xdc_runtime_LoggerBuf_Module_startup__F)
                  000057b4    00000026                                 : System.oem4f (.text:xdc_runtime_System_avprintf__F)
                  000057da    00000002     --HOLE-- [fill = 0]
                  000057dc    00000024     sysbios.aem4f : BIOS.obj (.text:ti_sysbios_knl_Clock_Module_startup__F)
                  00005800    00000024                   : BIOS.obj (.text:ti_sysbios_knl_Swi_Module_startup__F)
                  00005824    00000024                   : BIOS.obj (.text:ti_sysbios_knl_Task_restoreHwi__E)
                  00005848    00000024     ti.targets.arm.rtsarm.aem4f : System.oem4f (.text:xdc_runtime_System_vprintf__F)
                  0000586c    00000022     app_pem4f.oem4f (.text:xdc_runtime_SysMin_output__I)
                  0000588e    00000002     --HOLE-- [fill = 0]
                  00005890    00000020     sysbios.aem4f : BIOS.obj (.text:ti_sysbios_BIOS_removeRTSLock__I)
                  000058b0    00000020     app_pem4f.oem4f (.text:ti_sysbios_BIOS_startFunc__I)
                  000058d0    00000020     app_pem4f.oem4f (.text:ti_sysbios_gates_GateHwi_Object__delete__S)
                  000058f0    00000020     sysbios.aem4f : BIOS.obj (.text:ti_sysbios_knl_Task_enter__I)
                  00005910    00000020     app_pem4f.oem4f (.text:xdc_runtime_HeapMin_Object__delete__S)
                  00005930    00000020     app_pem4f.oem4f (.text:xdc_runtime_LoggerBuf_Object__delete__S)
                  00005950    00000020     ti.targets.arm.rtsarm.aem4f : LoggerBuf.oem4f (.text:xdc_runtime_LoggerBuf_reset__F)
                  00005970    00000020                                 : Registry.oem4f (.text:xdc_runtime_Registry_findById__F)
                  00005990    00000020                                 : SysMin.oem4f (.text:xdc_runtime_SysMin_Module_startup__F)
                  000059b0    0000001e     sysbios.aem4f : BIOS.obj (.text:ti_sysbios_family_arm_lm4_Timer_write__I)
                  000059ce    0000001c                   : BIOS.obj (.text:ti_sysbios_knl_Queue_put__E)
                  000059ea    00000002     --HOLE-- [fill = 0]
                  000059ec    0000001c     ti.targets.arm.rtsarm.aem4f : Error.oem4f (.text:xdc_runtime_Error_check__F)
                  00005a08    0000001c                                 : Memory.oem4f (.text:xdc_runtime_Memory_valloc__F)
                  00005a24    0000001c                                 : SysMin.oem4f (.text:xdc_runtime_SysMin_exit__F)
                  00005a40    0000001a     app_pem4f.oem4f (.text:xdc_runtime_System_aprintf__E)
                  00005a5a    0000001a     app_pem4f.oem4f (.text:xdc_runtime_System_printf__E)
                  00005a74    00000018     sysbios.aem4f : m3_TaskSupport_asm.obj (.text:_ti_sysbios_family_arm_m3_TaskSupport_swap__E)
                  00005a8c    00000018     app_pem4f.oem4f (.text:free)
                  00005aa4    00000018     rtsv7M4_T_le_v4SPD16_eabi.lib : args_main.obj (.text)
                  00005abc    00000018     app_pem4f.oem4f (.text:ti_sysbios_family_arm_lm4_Timer_Module__startupDone__F)
                  00005ad4    00000018     app_pem4f.oem4f (.text:ti_sysbios_family_arm_m3_Hwi_Handle__label__S)
                  00005aec    00000018     app_pem4f.oem4f (.text:ti_sysbios_family_arm_m3_Hwi_Module__startupDone__F)
                  00005b04    00000018     app_pem4f.oem4f (.text:ti_sysbios_gates_GateHwi_Handle__label__S)
                  00005b1c    00000018     app_pem4f.oem4f (.text:ti_sysbios_hal_Timer_Module__startupDone__F)
                  00005b34    00000018     app_pem4f.oem4f (.text:ti_sysbios_knl_Swi_Handle__label__S)
                  00005b4c    00000018     app_pem4f.oem4f (.text:ti_sysbios_knl_Task_Handle__label__S)
                  00005b64    00000018     app_pem4f.oem4f (.text:xdc_runtime_HeapMin_Handle__label__S)
                  00005b7c    00000018     app_pem4f.oem4f (.text:xdc_runtime_LoggerBuf_Handle__label__S)
                  00005b94    00000018     ti.targets.arm.rtsarm.aem4f : Text.oem4f (.text:xdc_runtime_Text_ropeText__F)
                  00005bac    00000014     rtsv7M4_T_le_v4SPD16_eabi.lib : _lock.obj (.text)
                  00005bc0    00000014                                   : strlen.obj (.text)
                  00005bd4    00000014     sysbios.aem4f : BIOS.obj (.text:ti_sysbios_family_arm_m3_Hwi_switchFromBootStack__E)
                  00005be8    00000014     app_pem4f.oem4f (.text:ti_sysbios_knl_Swi_Object__get__S)
                  00005bfc    00000014     ti.targets.arm.rtsarm.aem4f : LoggerBuf.oem4f (.text:xdc_runtime_LoggerBuf_Instance_finalize__F)
                  00005c10    00000014     app_pem4f.oem4f (.text:xdc_runtime_LoggerBuf_Object__get__S)
                  00005c24    00000014     ti.targets.arm.rtsarm.aem4f : LoggerBuf.oem4f (.text:xdc_runtime_LoggerBuf_write2__F)
                  00005c38    00000014                                 : System.oem4f (.text:xdc_runtime_System_abort__F)
                  00005c4c    00000012     driverlib-cm4f.lib : gpio.obj (.text:GPIOPinTypeGPIOInput)
                  00005c5e    00000012                        : gpio.obj (.text:GPIOPinTypeGPIOOutput)
                  00005c70    00000012                        : gpio.obj (.text:GPIOPinTypeSSI)
                  00005c82    00000012                        : timer.obj (.text:TimerLoadSet)
                  00005c94    00000012     rtsv7M4_T_le_v4SPD16_eabi.lib : copy_zero_init.obj (.text:decompress:ZI)
                  00005ca6    00000012     sysbios.aem4f : BIOS.obj (.text:ti_sysbios_hal_Hwi_Module_startup__F)
                  00005cb8    00000012                   : BIOS.obj (.text:ti_sysbios_hal_Timer_Module_startup__F)
                  00005cca    00000012     ti.targets.arm.rtsarm.aem4f : LoggerBuf.oem4f (.text:xdc_runtime_LoggerBuf_write1__F)
                  00005cdc    00000012     app_pem4f.oem4f (.text:xdc_runtime_Startup_exec__I)
                  00005cee    00000010     sysbios.aem4f : m3_TaskSupport_asm.obj (.text:_ti_sysbios_family_arm_m3_TaskSupport_glue)
                  00005cfe    00000010                   : m3_Hwi_asm_switch.obj (.text:_ti_sysbios_family_xxx_Hwi_switchToIsrStack)
                  00005d0e    00000010     rtsv7M4_T_le_v4SPD16_eabi.lib : strcpy.obj (.text)
                  00005d1e    00000002     --HOLE-- [fill = 0]
                  00005d20    00000010     sysbios.aem4f : BIOS.obj (.text:ti_sysbios_BIOS_setThreadType__E)
                  00005d30    00000010                   : BIOS.obj (.text:ti_sysbios_BIOS_start__E)
                  00005d40    00000010                   : BIOS.obj (.text:ti_sysbios_family_arm_lm4_TimestampProvider_rolloverFunc__E)
                  00005d50    00000010                   : BIOS.obj (.text:ti_sysbios_family_arm_m3_Hwi_excHandler__I)
                  00005d60    00000010                   : BIOS.obj (.text:ti_sysbios_knl_Swi_disable__E)
                  00005d70    00000010     app_pem4f.oem4f (.text:ti_sysbios_knl_Task_Object__get__S)
                  00005d80    00000010     sysbios.aem4f : BIOS.obj (.text:ti_sysbios_knl_Task_disable__E)
                  00005d90    00000010     ti.targets.arm.rtsarm.aem4f : Gate.oem4f (.text:xdc_runtime_Gate_leaveSystem__F)
                  00005da0    00000010                                 : LoggerBuf.oem4f (.text:xdc_runtime_LoggerBuf_write0__F)
                  00005db0    00000010                                 : Memory.oem4f (.text:xdc_runtime_Memory_free__F)
                  00005dc0    00000010                                 : SysMin.oem4f (.text:xdc_runtime_SysMin_ready__F)
                  00005dd0    00000010                                 : System.oem4f (.text:xdc_runtime_System_vsnprintf__F)
                  00005de0    0000000e     driverlib-cm4f.lib : timer.obj (.text:TimerEnable)
                  00005dee    0000000e     rtsv7M4_T_le_v4SPD16_eabi.lib : copy_decompress_none.obj (.text:decompress:none)
                  00005dfc    0000000e     sysbios.aem4f : BIOS.obj (.text:ti_sysbios_family_arm_m3_TaskSupport_checkStack__E)
                  00005e0a    0000000e                   : BIOS.obj (.text:ti_sysbios_knl_Queue_empty__E)
                  00005e18    0000000c     app_pem4f.oem4f (.text:.bootCodeSection:ti_catalog_arm_cortexm4_tiva_ce_Boot_init__I)
                  00005e24    0000000c     driverlib-cm4f.lib : gpio.obj (.text:GPIOPinIntEnable)
                  00005e30    0000000c     sysbios.aem4f : m3_Hwi_asm_switch.obj (.text:_ti_sysbios_family_xxx_Hwi_switchToTaskStack)
                  00005e3c    0000000c                   : BIOS.obj (.text:ti_sysbios_family_arm_lm4_Timer_masterDisable__I)
                  00005e48    0000000c                   : BIOS.obj (.text:ti_sysbios_family_arm_lm4_TimestampProvider_startTimer__E)
                  00005e54    0000000c                   : BIOS.obj (.text:ti_sysbios_gates_GateHwi_enter__E)
                  00005e60    0000000c     app_pem4f.oem4f (.text:ti_sysbios_knl_Queue_Object__get__S)
                  00005e6c    0000000c     ti.targets.arm.rtsarm.aem4f : Error.oem4f (.text:xdc_runtime_Error_init__F)
                  00005e78    0000000c                                 : Gate.oem4f (.text:xdc_runtime_Gate_enterSystem__F)
                  00005e84    0000000c                                 : HeapMin.oem4f (.text:xdc_runtime_HeapMin_getStats__F)
                  00005e90    0000000c                                 : Memory.oem4f (.text:xdc_runtime_Memory_calloc__F)
                  00005e9c    0000000c                                 : Memory.oem4f (.text:xdc_runtime_Memory_getMaxDefaultTypeAlign__F)
                  00005ea8    0000000c                                 : System.oem4f (.text:xdc_runtime_System_exit__F)
                  00005eb4    0000000c                                 : System.oem4f (.text:xdc_runtime_System_lastFxn__I)
                  00005ec0    0000000a     driverlib-cm4f.lib : gpio.obj (.text:GPIOPinRead)
                  00005eca    0000000a                        : gpio.obj (.text:GPIOPinWrite)
                  00005ed4    0000000a                        : ssi.obj (.text:SSIDataPut)
                  00005ede    0000000a                        : ssi.obj (.text:SSIEnable)
                  00005ee8    0000000a     app_pem4f.oem4f (.text:xdc_runtime_IHeap_alloc)
                  00005ef2    0000000a     app_pem4f.oem4f (.text:xdc_runtime_IHeap_free)
                  00005efc    0000000a     ti.targets.arm.rtsarm.aem4f : LoggerBuf.oem4f (.text:xdc_runtime_LoggerBuf_disable__F)
                  00005f06    0000000a                                 : LoggerBuf.oem4f (.text:xdc_runtime_LoggerBuf_enable__F)
                  00005f10    00000008     driverlib-cm4f.lib : ssi.obj (.text:SSIBusy)
                  00005f18    00000008                        : timer.obj (.text:TimerIntEnable)
                  00005f20    00000008     sysbios.aem4f : BIOS.obj (.text:ti_sysbios_family_arm_m3_Hwi_doSwiRestore__I)
                  00005f28    00000008                   : BIOS.obj (.text:ti_sysbios_family_arm_m3_Hwi_startup__E)
                  00005f30    00000008                   : BIOS.obj (.text:ti_sysbios_knl_Idle_loop__E)
                  00005f38    00000008     app_pem4f.oem4f (.text:xdc_runtime_Text_visitRope__I)
                  00005f40    00000006     driverlib-cm4f.lib : gpio.obj (.text:GPIOPinIntClear)
                  00005f46    00000006     ti.targets.arm.rtsarm.aem4f : xdc_noinit.oem4f (.text:__xdc__init)
                  00005f4c    00000006     rtsv7M4_T_le_v4SPD16_eabi.lib : copy_decompress_rle.obj (.text:decompress:rle24)
                  00005f52    00000006     Boot.aem4f : Boot_sysctl.oem4f (.text:ti_catalog_arm_cortexm4_tiva_ce_Boot_sysCtlDelayI__I)
                  00005f58    00000006     sysbios.aem4f : BIOS.obj (.text:ti_sysbios_family_arm_lm4_TimestampProvider_Module_startup__F)
                  00005f5e    00000006                   : BIOS.obj (.text:ti_sysbios_family_arm_m3_Hwi_doTaskRestore__I)
                  00005f64    00000006                   : BIOS.obj (.text:ti_sysbios_gates_GateHwi_leave__E)
                  00005f6a    00000006                   : BIOS.obj (.text:ti_sysbios_knl_Swi_startup__E)
                  00005f70    00000006     ti.targets.arm.rtsarm.aem4f : System.oem4f (.text:xdc_runtime_System_Module_startup__F)
                  00005f76    00000004     driverlib-cm4f.lib : timer.obj (.text:TimerIntClear)
                  00005f7a    00000004     sysbios.aem4f : BIOS.obj (.text:ti_sysbios_family_arm_lm4_Timer_getPeriod__E)
                  00005f7e    00000004                   : BIOS.obj (.text:ti_sysbios_family_arm_lm4_Timer_masterEnable__I)
                  00005f82    00000004     app_pem4f.oem4f (.text:ti_sysbios_family_arm_m3_TaskSupport_Module__startupDone__S)
                  00005f86    00000004     sysbios.aem4f : BIOS.obj (.text:ti_sysbios_gates_GateHwi_query__F)
                  00005f8a    00000004     app_pem4f.oem4f (.text:ti_sysbios_hal_Hwi_HwiProxy_Module__startupDone__S)
                  00005f8e    00000004     app_pem4f.oem4f (.text:ti_sysbios_hal_Timer_TimerProxy_Module__startupDone__S)
                  00005f92    00000004     app_pem4f.oem4f (.text:ti_sysbios_hal_Timer_TimerProxy_getPeriod__E)
                  00005f96    00000004     app_pem4f.oem4f (.text:ti_sysbios_knl_Task_SupportProxy_Module__startupDone__S)
                  00005f9a    00000004     sysbios.aem4f : BIOS.obj (.text:ti_sysbios_knl_Task_startup__E)
                  00005f9e    00000004     ti.targets.arm.rtsarm.aem4f : Error.oem4f (.text:xdc_runtime_Error_getSite__F)
                  00005fa2    00000004                                 : HeapMin.oem4f (.text:xdc_runtime_HeapMin_isBlocking__F)
                  00005fa6    00000004     app_pem4f.oem4f (.text:xdc_runtime_LoggerBuf_Module_GateProxy_enter__E)
                  00005faa    00000004     app_pem4f.oem4f (.text:xdc_runtime_LoggerBuf_Module_GateProxy_leave__E)
                  00005fae    00000004     app_pem4f.oem4f (.text:xdc_runtime_Memory_HeapProxy_alloc__E)
                  00005fb2    00000004     app_pem4f.oem4f (.text:xdc_runtime_Memory_HeapProxy_free__E)
                  00005fb6    00000004     app_pem4f.oem4f (.text:xdc_runtime_System_Module_GateProxy_enter__E)
                  00005fba    00000004     app_pem4f.oem4f (.text:xdc_runtime_System_Module_GateProxy_leave__E)
                  00005fbe    00000004     ti.targets.arm.rtsarm.aem4f : System.oem4f (.text:xdc_runtime_System_aprintf_va__F)
                  00005fc2    00000004                                 : System.oem4f (.text:xdc_runtime_System_printf_va__F)
                  00005fc6    00000004     app_pem4f.oem4f (.text:xdc_runtime_System_vsnprintf__E)

.const     0    00005fcc    00000995     
                  00005fcc    000001b6     Font.obj (.const:.string:MyFont)
                  00006182    00000002     --HOLE-- [fill = 0]
                  00006184    000000d8     app_pem4f.oem4f (.const:ti_sysbios_family_arm_m3_Hwi_priorities__A)
                  0000625c    000000ac     scancodes.obj (.const:shifted)
                  00006308    000000ac     scancodes.obj (.const:unshifted)
                  000063b4    00000078     driverlib-cm4f.lib : gpio.obj (.const:g_pulGPIOBaseAddrs)
                  0000642c    00000070                        : interrupt.obj (.const)
                  0000649c    0000006c                        : sysctl.obj (.const:g_pulXtals)
                  00006508    00000048     app_pem4f.oem4f (.const:.string)
                  00006550    00000040     driverlib-cm4f.lib : sysctl.obj (.const)
                  00006590    0000003c     app_pem4f.oem4f (.const:xdc_runtime_LoggerBuf_Module__FXNS__C)
                  000065cc    0000002c     app_pem4f.oem4f (.const:xdc_runtime_Startup_sfxnTab__A)
                  000065f8    00000028     app_pem4f.oem4f (.const:xdc_runtime_HeapMin_Module__FXNS__C)
                  00006620    00000024     app_pem4f.oem4f (.const)
                  00006644    00000024     app_pem4f.oem4f (.const:ti_sysbios_gates_GateHwi_Module__FXNS__C)
                  00006668    00000024     app_pem4f.oem4f (.const:xdc_runtime_LoggerBuf_Object__PARAMS__C)
                  0000668c    00000020     app_pem4f.oem4f (.const:ti_sysbios_gates_GateHwi_Object__DESC__C)
                  000066ac    00000020     app_pem4f.oem4f (.const:xdc_runtime_HeapMin_Object__DESC__C)
                  000066cc    00000020     app_pem4f.oem4f (.const:xdc_runtime_HeapMin_Object__PARAMS__C)
                  000066ec    00000020     app_pem4f.oem4f (.const:xdc_runtime_LoggerBuf_Object__DESC__C)
                  0000670c    00000018     app_pem4f.oem4f (.const:ti_sysbios_gates_GateHwi_Object__PARAMS__C)
                  00006724    00000018     app_pem4f.oem4f (.const:ti_sysbios_knl_Task_hooks__A)
                  0000673c    00000016     app_pem4f.oem4f (.const:xdc_runtime_Startup_sfxnRts__A)
                  00006752    00000002     --HOLE-- [fill = 0]
                  00006754    00000011     ti.targets.arm.rtsarm.aem4f : System.oem4f (.const)
                  00006765    00000003     --HOLE-- [fill = 0]
                  00006768    00000010     app_pem4f.oem4f (.const:xdc_runtime_Startup_firstFxns__A)
                  00006778    00000008     app_pem4f.oem4f (.const:ti_sysbios_family_arm_m3_Hwi_excHookFuncs__A)
                  00006780    00000008     app_pem4f.oem4f (.const:ti_sysbios_knl_Idle_coreList__C)
                  00006788    00000008     app_pem4f.oem4f (.const:ti_sysbios_knl_Idle_funcList__C)
                  00006790    00000008     app_pem4f.oem4f (.const:ti_sysbios_knl_Task_hooks__C)
                  00006798    00000008     app_pem4f.oem4f (.const:xdc_runtime_Startup_firstFxns__C)
                  000067a0    00000008     app_pem4f.oem4f (.const:xdc_runtime_Startup_lastFxns__A)
                  000067a8    00000008     app_pem4f.oem4f (.const:xdc_runtime_Startup_lastFxns__C)
                  000067b0    00000004     app_pem4f.oem4f (.const:ti_catalog_arm_cortexm4_tiva_ce_Boot_A_mustUseEnhancedClockMode__C)
                  000067b4    00000004     app_pem4f.oem4f (.const:ti_catalog_arm_cortexm4_tiva_ce_Boot_Module__diagsEnabled__C)
                  000067b8    00000004     app_pem4f.oem4f (.const:ti_catalog_arm_cortexm4_tiva_ce_Boot_Module__diagsIncluded__C)
                  000067bc    00000004     app_pem4f.oem4f (.const:ti_catalog_arm_cortexm4_tiva_ce_Boot_Module__diagsMask__C)
                  000067c0    00000004     app_pem4f.oem4f (.const:ti_sysbios_BIOS_installedErrorHook__C)
                  000067c4    00000004     app_pem4f.oem4f (.const:ti_sysbios_family_arm_lm4_Timer_numTimerDevices__C)
                  000067c8    00000004     app_pem4f.oem4f (.const:ti_sysbios_family_arm_lm4_Timer_startupNeeded__C)
                  000067cc    00000004     app_pem4f.oem4f (.const:ti_sysbios_family_arm_m3_Hwi_E_NMI__C)
                  000067d0    00000004     app_pem4f.oem4f (.const:ti_sysbios_family_arm_m3_Hwi_E_busFault__C)
                  000067d4    00000004     app_pem4f.oem4f (.const:ti_sysbios_family_arm_m3_Hwi_E_debugMon__C)
                  000067d8    00000004     app_pem4f.oem4f (.const:ti_sysbios_family_arm_m3_Hwi_E_hardFault__C)
                  000067dc    00000004     app_pem4f.oem4f (.const:ti_sysbios_family_arm_m3_Hwi_E_memFault__C)
                  000067e0    00000004     app_pem4f.oem4f (.const:ti_sysbios_family_arm_m3_Hwi_E_noIsr__C)
                  000067e4    00000004     app_pem4f.oem4f (.const:ti_sysbios_family_arm_m3_Hwi_E_reserved__C)
                  000067e8    00000004     app_pem4f.oem4f (.const:ti_sysbios_family_arm_m3_Hwi_E_svCall__C)
                  000067ec    00000004     app_pem4f.oem4f (.const:ti_sysbios_family_arm_m3_Hwi_E_usageFault__C)
                  000067f0    00000004     app_pem4f.oem4f (.const:ti_sysbios_family_arm_m3_Hwi_NUM_INTERRUPTS__C)
                  000067f4    00000004     app_pem4f.oem4f (.const:ti_sysbios_family_arm_m3_Hwi_ccr__C)
                  000067f8    00000004     app_pem4f.oem4f (.const:ti_sysbios_family_arm_m3_Hwi_dispatchTable__C)
                  000067fc    00000004     app_pem4f.oem4f (.const:ti_sysbios_family_arm_m3_Hwi_excHandlerFunc__C)
                  00006800    00000004     app_pem4f.oem4f (.const:ti_sysbios_family_arm_m3_Hwi_excHookFuncs__C)
                  00006804    00000004     app_pem4f.oem4f (.const:ti_sysbios_family_arm_m3_Hwi_priGroup__C)
                  00006808    00000004     app_pem4f.oem4f (.const:ti_sysbios_family_arm_m3_Hwi_priorities__C)
                  0000680c    00000004     app_pem4f.oem4f (.const:ti_sysbios_hal_Hwi_E_stackOverflow__C)
                  00006810    00000004     app_pem4f.oem4f (.const:ti_sysbios_knl_Clock_Module_State_clockQ__O)
                  00006814    00000004     app_pem4f.oem4f (.const:ti_sysbios_knl_Idle_coreList__A)
                  00006818    00000004     app_pem4f.oem4f (.const:ti_sysbios_knl_Idle_funcList__A)
                  0000681c    00000004     app_pem4f.oem4f (.const:ti_sysbios_knl_Semaphore_A_badContext__C)
                  00006820    00000004     app_pem4f.oem4f (.const:ti_sysbios_knl_Semaphore_A_overflow__C)
                  00006824    00000004     app_pem4f.oem4f (.const:ti_sysbios_knl_Semaphore_A_pendTaskDisabled__C)
                  00006828    00000004     app_pem4f.oem4f (.const:ti_sysbios_knl_Semaphore_Instance_State_pendQ__O)
                  0000682c    00000004     app_pem4f.oem4f (.const:ti_sysbios_knl_Semaphore_Module__diagsEnabled__C)
                  00006830    00000004     app_pem4f.oem4f (.const:ti_sysbios_knl_Semaphore_Module__diagsIncluded__C)
                  00006834    00000004     app_pem4f.oem4f (.const:ti_sysbios_knl_Semaphore_Module__diagsMask__C)
                  00006838    00000004     app_pem4f.oem4f (.const:ti_sysbios_knl_Swi_Object__count__C)
                  0000683c    00000004     app_pem4f.oem4f (.const:ti_sysbios_knl_Task_A_badTimeout__C)
                  00006840    00000004     app_pem4f.oem4f (.const:ti_sysbios_knl_Task_A_sleepTaskDisabled__C)
                  00006844    00000004     app_pem4f.oem4f (.const:ti_sysbios_knl_Task_E_spOutOfBounds__C)
                  00006848    00000004     app_pem4f.oem4f (.const:ti_sysbios_knl_Task_E_stackOverflow__C)
                  0000684c    00000004     app_pem4f.oem4f (.const:ti_sysbios_knl_Task_Module_State_inactiveQ__O)
                  00006850    00000004     app_pem4f.oem4f (.const:ti_sysbios_knl_Task_Module__diagsEnabled__C)
                  00006854    00000004     app_pem4f.oem4f (.const:ti_sysbios_knl_Task_Module__diagsIncluded__C)
                  00006858    00000004     app_pem4f.oem4f (.const:ti_sysbios_knl_Task_Module__diagsMask__C)
                  0000685c    00000004     app_pem4f.oem4f (.const:ti_sysbios_knl_Task_Object__count__C)
                  00006860    00000004     app_pem4f.oem4f (.const:ti_sysbios_knl_Task_allBlockedFunc__C)
                  00006864    00000004     app_pem4f.oem4f (.const:ti_sysbios_knl_Task_numConstructedTasks__C)
                  00006868    00000004     app_pem4f.oem4f (.const:xdc_runtime_Assert_E_assertFailed__C)
                  0000686c    00000004     app_pem4f.oem4f (.const:xdc_runtime_Core_A_initializedParams__C)
                  00006870    00000004     app_pem4f.oem4f (.const:xdc_runtime_Core_Module__diagsEnabled__C)
                  00006874    00000004     app_pem4f.oem4f (.const:xdc_runtime_Core_Module__diagsIncluded__C)
                  00006878    00000004     app_pem4f.oem4f (.const:xdc_runtime_Core_Module__diagsMask__C)
                  0000687c    00000004     app_pem4f.oem4f (.const:xdc_runtime_Error_E_memory__C)
                  00006880    00000004     app_pem4f.oem4f (.const:xdc_runtime_Error_Module__diagsEnabled__C)
                  00006884    00000004     app_pem4f.oem4f (.const:xdc_runtime_Error_Module__diagsIncluded__C)
                  00006888    00000004     app_pem4f.oem4f (.const:xdc_runtime_Error_Module__diagsMask__C)
                  0000688c    00000004     app_pem4f.oem4f (.const:xdc_runtime_Error_Module__loggerFxn8__C)
                  00006890    00000004     app_pem4f.oem4f (.const:xdc_runtime_Error_Module__loggerObj__C)
                  00006894    00000004     app_pem4f.oem4f (.const:xdc_runtime_Error_raiseHook__C)
                  00006898    00000004     app_pem4f.oem4f (.const:xdc_runtime_HeapMin_A_zeroSize__C)
                  0000689c    00000004     app_pem4f.oem4f (.const:xdc_runtime_HeapMin_E_freeError__C)
                  000068a0    00000004     app_pem4f.oem4f (.const:xdc_runtime_HeapMin_Module__diagsEnabled__C)
                  000068a4    00000004     app_pem4f.oem4f (.const:xdc_runtime_HeapMin_Module__diagsIncluded__C)
                  000068a8    00000004     app_pem4f.oem4f (.const:xdc_runtime_HeapMin_Module__diagsMask__C)
                  000068ac    00000004     app_pem4f.oem4f (.const:xdc_runtime_IFilterLogger_Interface__BASE__C)
                  000068b0    00000004     app_pem4f.oem4f (.const:xdc_runtime_IGateProvider_Interface__BASE__C)
                  000068b4    00000004     app_pem4f.oem4f (.const:xdc_runtime_IHeap_Interface__BASE__C)
                  000068b8    00000004     app_pem4f.oem4f (.const:xdc_runtime_ILogger_Interface__BASE__C)
                  000068bc    00000004     app_pem4f.oem4f (.const:xdc_runtime_IModule_Interface__BASE__C)
                  000068c0    00000004     app_pem4f.oem4f (.const:xdc_runtime_Log_L_error__C)
                  000068c4    00000004     app_pem4f.oem4f (.const:xdc_runtime_LoggerBuf_E_badLevel__C)
                  000068c8    00000004     app_pem4f.oem4f (.const:xdc_runtime_LoggerBuf_Module__gateObj__C)
                  000068cc    00000004     app_pem4f.oem4f (.const:xdc_runtime_LoggerBuf_Object__count__C)
                  000068d0    00000004     app_pem4f.oem4f (.const:xdc_runtime_LoggerBuf_statusLogger__C)
                  000068d4    00000004     app_pem4f.oem4f (.const:xdc_runtime_Memory_defaultHeapInstance__C)
                  000068d8    00000004     app_pem4f.oem4f (.const:xdc_runtime_Startup_execImpl__C)
                  000068dc    00000004     app_pem4f.oem4f (.const:xdc_runtime_Startup_maxPasses__C)
                  000068e0    00000004     app_pem4f.oem4f (.const:xdc_runtime_Startup_sfxnRts__C)
                  000068e4    00000004     app_pem4f.oem4f (.const:xdc_runtime_Startup_sfxnTab__C)
                  000068e8    00000004     app_pem4f.oem4f (.const:xdc_runtime_SysMin_bufSize__C)
                  000068ec    00000004     app_pem4f.oem4f (.const:xdc_runtime_SysMin_outputFunc__C)
                  000068f0    00000004     app_pem4f.oem4f (.const:xdc_runtime_System_Module__gateObj__C)
                  000068f4    00000004     app_pem4f.oem4f (.const:xdc_runtime_System_extendFxn__C)
                  000068f8    00000004     app_pem4f.oem4f (.const:xdc_runtime_System_maxAtexitHandlers__C)
                  000068fc    00000004     app_pem4f.oem4f (.const:xdc_runtime_Text_charTab__C)
                  00006900    00000004     app_pem4f.oem4f (.const:xdc_runtime_Text_nameEmpty__C)
                  00006904    00000004     app_pem4f.oem4f (.const:xdc_runtime_Text_nameStatic__C)
                  00006908    00000004     app_pem4f.oem4f (.const:xdc_runtime_Text_nameUnknown__C)
                  0000690c    00000004     app_pem4f.oem4f (.const:xdc_runtime_Text_visitRopeFxn__C)
                  00006910    00000002     app_pem4f.oem4f (.const:ti_catalog_arm_cortexm4_tiva_ce_Boot_Module__id__C)
                  00006912    00000002     --HOLE-- [fill = 0]
                  00006914    00000002     app_pem4f.oem4f (.const:ti_sysbios_family_arm_lm4_TimestampProvider_useClockTimer__C)
                  00006916    00000002     --HOLE-- [fill = 0]
                  00006918    00000002     app_pem4f.oem4f (.const:ti_sysbios_family_arm_m3_Hwi_Module__id__C)
                  0000691a    00000002     --HOLE-- [fill = 0]
                  0000691c    00000002     app_pem4f.oem4f (.const:ti_sysbios_hal_Hwi_Module__id__C)
                  0000691e    00000002     --HOLE-- [fill = 0]
                  00006920    00000002     app_pem4f.oem4f (.const:ti_sysbios_knl_Semaphore_Module__id__C)
                  00006922    00000002     --HOLE-- [fill = 0]
                  00006924    00000002     app_pem4f.oem4f (.const:ti_sysbios_knl_Task_Module__id__C)
                  00006926    00000002     --HOLE-- [fill = 0]
                  00006928    00000002     app_pem4f.oem4f (.const:ti_sysbios_knl_Task_initStackFlag__C)
                  0000692a    00000002     --HOLE-- [fill = 0]
                  0000692c    00000002     app_pem4f.oem4f (.const:xdc_runtime_Core_Module__id__C)
                  0000692e    00000002     --HOLE-- [fill = 0]
                  00006930    00000002     app_pem4f.oem4f (.const:xdc_runtime_Error_Module__loggerDefined__C)
                  00006932    00000002     --HOLE-- [fill = 0]
                  00006934    00000002     app_pem4f.oem4f (.const:xdc_runtime_Error_maxDepth__C)
                  00006936    00000002     --HOLE-- [fill = 0]
                  00006938    00000002     app_pem4f.oem4f (.const:xdc_runtime_HeapMin_Module__id__C)
                  0000693a    00000002     --HOLE-- [fill = 0]
                  0000693c    00000002     app_pem4f.oem4f (.const:xdc_runtime_HeapMin_freeError__C)
                  0000693e    00000002     --HOLE-- [fill = 0]
                  00006940    00000002     app_pem4f.oem4f (.const:xdc_runtime_LoggerBuf_Module__id__C)
                  00006942    00000002     --HOLE-- [fill = 0]
                  00006944    00000002     app_pem4f.oem4f (.const:xdc_runtime_LoggerBuf_filterByLevel__C)
                  00006946    00000002     --HOLE-- [fill = 0]
                  00006948    00000002     app_pem4f.oem4f (.const:xdc_runtime_Memory_Module__id__C)
                  0000694a    00000002     --HOLE-- [fill = 0]
                  0000694c    00000002     app_pem4f.oem4f (.const:xdc_runtime_SysMin_flushAtExit__C)
                  0000694e    00000002     --HOLE-- [fill = 0]
                  00006950    00000002     app_pem4f.oem4f (.const:xdc_runtime_Text_charCnt__C)
                  00006952    00000002     --HOLE-- [fill = 0]
                  00006954    00000002     app_pem4f.oem4f (.const:xdc_runtime_Text_isLoaded__C)
                  00006956    00000002     --HOLE-- [fill = 0]
                  00006958    00000002     app_pem4f.oem4f (.const:xdc_runtime_Text_registryModsLastId__C)
                  0000695a    00000002     --HOLE-- [fill = 0]
                  0000695c    00000002     app_pem4f.oem4f (.const:xdc_runtime_Text_unnamedModsLastId__C)
                  0000695e    00000002     --HOLE-- [fill = 0]
                  00006960    00000001     app_pem4f.oem4f (.const:xdc_runtime_Error_policy__C)

.cinit     0    00006968    000004e8     
                  00006968    000004ad     (.cinit..data.load) [load image, compression = rle]
                  00006e15    00000003     --HOLE-- [fill = 0]
                  00006e18    0000000c     (__TI_handler_table)
                  00006e24    00000004     --HOLE-- [fill = 0]
                  00006e28    00000008     (.cinit..bss.load) [load image, compression = zero_init]
                  00006e30    00000008     (.cinit..vecs.load) [load image, compression = zero_init]
                  00006e38    00000018     (__TI_cinit_table)

.vecs      0    20000000    00000360     UNINITIALIZED
                  20000000    00000360     app_pem4f.oem4f (.vecs)

.bss       0    20000360    00001a7c     UNINITIALIZED
                  20000360    00001400     app_pem4f.oem4f (.bss:taskStackSection)
                  20001760    00000400     st7565.obj (.bss:glcd_buffer)
                  20001b60    00000120     rtsv7M4_T_le_v4SPD16_eabi.lib : trgmsg.obj (.bss:__CIOBUF_)
                  20001c80    00000080     app_pem4f.oem4f (.bss:xdc_runtime_LoggerBuf_Instance_State_0_entryArr__A)
                  20001d00    00000080     app_pem4f.oem4f (.bss:xdc_runtime_SysMin_Module_State_0_outbuf__A)
                  20001d80    00000038     app_pem4f.oem4f (.bss)
                  20001db8    0000000f     Ps2Keyboard.obj (.bss)
                  20001dc7    0000000c     Graphics_Bmp.obj (.bss)
                  20001dd3    00000008     rtsv7M4_T_le_v4SPD16_eabi.lib : trgdrv.obj (.bss)
                  20001ddb    00000001     st7565.obj (.bss)

.data      0    20001ddc    000009fb     
                  20001ddc    00000360     app_pem4f.oem4f (.data:ti_sysbios_family_arm_m3_Hwi_Module_State_0_dispatchTable__A)
                  2000213c    0000017c     app_pem4f.oem4f (.data:ti_sysbios_knl_Task_Object__table__V)
                  200022b8    00000170     app_pem4f.oem4f (.data)
                  20002428    00000080     app_pem4f.oem4f (.data:ti_sysbios_knl_Swi_Module_State_0_readyQ__A)
                  200024a8    00000080     app_pem4f.oem4f (.data:ti_sysbios_knl_Task_Module_State_0_readyQ__A)
                  20002528    00000078     app_pem4f.oem4f (.data:ti_sysbios_family_arm_m3_Hwi_Object__table__V)
                  200025a0    00000070     app_pem4f.oem4f (.data:ti_sysbios_family_arm_lm4_Timer_Object__table__V)
                  20002610    00000054     app_pem4f.oem4f (.data:ti_sysbios_family_arm_m3_Hwi_Module__state__V)
                  20002664    00000044     app_pem4f.oem4f (.data:ti_sysbios_knl_Task_Module__state__V)
                  200026a8    00000030     app_pem4f.oem4f (.data:ti_sysbios_family_arm_lm4_Timer_Module_State_0_device__A)
                  200026d8    00000030     app_pem4f.oem4f (.data:ti_sysbios_knl_Swi_Object__table__V)
                  20002708    00000028     app_pem4f.oem4f (.data:ti_sysbios_knl_Clock_Module__state__V)
                  20002730    00000028     app_pem4f.oem4f (.data:ti_sysbios_knl_Semaphore_Object__table__V)
                  20002758    00000024     st7565.obj (.data)
                  2000277c    00000024     app_pem4f.oem4f (.data:xdc_runtime_LoggerBuf_Object__table__V)
                  200027a0    0000000d     Ps2Keyboard.obj (.data)
                  200027ad    00000003     --HOLE--
                  200027b0    00000008     rtsv7M4_T_le_v4SPD16_eabi.lib : _lock.obj (.data)
                  200027b8    00000008                                   : exit.obj (.data)
                  200027c0    00000006     buttons.obj (.data)
                  200027c6    00000002     --HOLE--
                  200027c8    00000004     rtsv7M4_T_le_v4SPD16_eabi.lib : dtor_list.obj (.data)
                  200027cc    00000004                                   : stkdepth_vars.obj (.data)
                  200027d0    00000003     Clock.obj (.data)
                  200027d3    00000001     --HOLE--
                  200027d4    00000003     main.obj (.data)

.stack     0    200027d8    00000400     UNINITIALIZED
                  200027d8    00000400     --HOLE--


LINKER GENERATED COPY TABLES

__TI_cinit_table @ 00006e38 records: 3, size/record: 8, table size: 24
	.data: load addr=00006968, load size=000004ad bytes, run addr=20001ddc, run size=000009fb bytes, compression=rle
	.bss: load addr=00006e28, load size=00000008 bytes, run addr=20000360, run size=00001a7c bytes, compression=zero_init
	.vecs: load addr=00006e30, load size=00000008 bytes, run addr=20000000, run size=00000360 bytes, compression=zero_init


LINKER GENERATED HANDLER TABLE

__TI_handler_table @ 00006e18 records: 3, size/record: 4, table size: 12
	index: 0, handler: __TI_zero_init
	index: 1, handler: __TI_decompress_rle24
	index: 2, handler: __TI_decompress_none


GLOBAL SYMBOLS: SORTED ALPHABETICALLY BY Name 

address    name
--------   ----
0000662c   ButTask
000021fd   ButtonISR
00002303   ButtonTask
000022b5   ButtonsInit
0000220b   ButtonsPoll
000007c1   Byte_Reverse
00004fb9   C$$EXIT
0000477b   C$$IO$$
00006630   Clock
000037b9   ClockInit
200027a4   Data
00006640   DataSem
00000445   Decode
00000361   FSSIntHandler
00005581   GPIODirModeSet
00004d55   GPIOIntTypeSet
00003965   GPIOPadConfigSet
00004bed   GPIOPinConfigure
00005f41   GPIOPinIntClear
00005e25   GPIOPinIntEnable
00005ec1   GPIOPinRead
00005c4d   GPIOPinTypeGPIOInput
00005c5f   GPIOPinTypeGPIOOutput
00005c71   GPIOPinTypeSSI
00005ecb   GPIOPinWrite
000006f9   GetKey
000015f5   GlcdDispTime
000019af   HOSTclock
00001975   HOSTclose
00001937   HOSTgetenv
000018db   HOSTlseek
0000188b   HOSTopen
0000183d   HOSTread
000017dd   HOSTrename
000017a1   HOSTtime
00001767   HOSTunlink
00001719   HOSTwrite
000046ed   IntEnable
20001dbc   KeyBuf
200027a8   KeyBuffer
20001dc0   KeyIn
20001dc1   KeyOut
00000749   KeyPend
20001dc2   KeyRead
00000839   KeyScan
00006634   KeySem
00000789   KeyTask
00000403   KeyboardInit
0000663c   KeyboardTask
200027d6   LastState
00005951   LoggerBuf_instanceStartup
00005fcc   MyFont
000006b5   PutKeyBuf
UNDEFED    SHT$$INIT_ARRAY$$Base
UNDEFED    SHT$$INIT_ARRAY$$Limit
00005f11   SSIBusy
00004d99   SSIConfigSetExpClk
00005ed5   SSIDataPut
00005edf   SSIEnable
200027d4   StateInfo
00002025   SysCtlClockGet
00004a9d   SysCtlPeripheralEnable
2000226c   TSK_idle
00003849   TimeGet
200027c0   TimeOfDay
0000385f   TimeSet
000037f9   Timer0IntHandler
00005715   TimerConfigure
00005de1   TimerEnable
00005f77   TimerIntClear
00005f19   TimerIntEnable
00005c83   TimerLoadSet
00006628   UI
00001c57   UiTask
00000000   __ASM__
20001b60   __CIOBUF_
00000052   __ISA__
00000065   __PLAT__
20002bd8   __STACK_END
00000400   __STACK_SIZE
200029d8   __STACK_TOP
0000008b   __TARG__
00006e38   __TI_CINIT_Base
00006e50   __TI_CINIT_Limit
00006e18   __TI_Handler_Table_Base
00006e24   __TI_Handler_Table_Limit
00000001   __TI_args_main
00003d95   __TI_auto_init
00005def   __TI_decompress_none
00005f4d   __TI_decompress_rle24
00000000   __TI_static_base__
00005c95   __TI_zero_init
000000b1   __TRDR__
0000347f   __aeabi_atexit
00004459   __aeabi_memclr
00004459   __aeabi_memclr4
00004459   __aeabi_memclr8
00003e35   __aeabi_memcpy
00003e35   __aeabi_memcpy4
00003e35   __aeabi_memcpy8
0000445b   __aeabi_memset
0000445b   __aeabi_memset4
0000445b   __aeabi_memset8
ffffffff   __binit__
ffffffff   __c_args__
0000346d   __cxa_atexit
00003429   __cxa_finalize
00003467   __cxa_ia64_exit
200027d8   __stack
00005f47   __xdc__init
20002424   __xdc__init__addr
00005aa5   _args_main
00004a45   _c_int00
200027b8   _cleanup_ptr
200027bc   _dtors_ptr
200027b0   _lock
00005bbb   _nop
00005bb3   _register_lock
00005bad   _register_unlock
200027b4   _unlock
00004fbd   abort
00003471   atexit
ffffffff   binit
200027a9   bitcount
20001dc3   clkstat
00004ddd   copy_in
20001dc6   data
20001dc4   datstat
000014b9   draw_char_bmp
00001405   draw_text_bmp
00004fc5   exit
00005a8d   free
00000d5b   glcd_blank
20001760   glcd_buffer
00000f69   glcd_command
00001063   glcd_contrast
00000f29   glcd_data
20001ddb   glcd_dirty_pages
00000fa9   glcd_flip_screen
20002758   glcd_flipped
00000e55   glcd_init
00000fdd   glcd_inverse_screen
00000ca5   glcd_pixel
00000dd5   glcd_refresh
00000ffd   glcd_test_card
00006624   hwi0
00006638   hwi2
00001dc5   main
200027cc   main_func_sp
000055af   malloc
00003e35   memcpy
00004461   memset
2000275c   pagemap
20001dc5   paritystat
0000477f   readmsg
0000625c   shifted
00005d0f   strcpy
00005bc1   strlen
00001c35   taskFxn
200027a0   temp_count
20001db8   temp_count_string
00006620   testTask
000067b0   ti_catalog_arm_cortexm4_tiva_ce_Boot_A_mustUseEnhancedClockMode__C
000067b4   ti_catalog_arm_cortexm4_tiva_ce_Boot_Module__diagsEnabled__C
000067b8   ti_catalog_arm_cortexm4_tiva_ce_Boot_Module__diagsIncluded__C
000067bc   ti_catalog_arm_cortexm4_tiva_ce_Boot_Module__diagsMask__C
00006910   ti_catalog_arm_cortexm4_tiva_ce_Boot_Module__id__C
00005e19   ti_catalog_arm_cortexm4_tiva_ce_Boot_init__I
00002a65   ti_catalog_arm_cortexm4_tiva_ce_Boot_sysCtlClockSetI__I
00003f6d   ti_catalog_arm_cortexm4_tiva_ce_Boot_sysCtlClockSet__E
00005f53   ti_catalog_arm_cortexm4_tiva_ce_Boot_sysCtlDelayI__I
200022b8   ti_sysbios_BIOS_Module__state__V
000053d1   ti_sysbios_BIOS_errorRaiseHook__I
00005401   ti_sysbios_BIOS_exitFunc__I
000067c0   ti_sysbios_BIOS_installedErrorHook__C
00003f6b   ti_sysbios_BIOS_nullFunc__I
00005891   ti_sysbios_BIOS_removeRTSLock__I
00005d21   ti_sysbios_BIOS_setThreadType__E
000058b1   ti_sysbios_BIOS_startFunc__I
00005d31   ti_sysbios_BIOS_start__E
200026a8   ti_sysbios_family_arm_lm4_Timer_Module_State_0_device__A
200022e0   ti_sysbios_family_arm_lm4_Timer_Module_State_0_handles__A
200022d8   ti_sysbios_family_arm_lm4_Timer_Module__root__V
00005abd   ti_sysbios_family_arm_lm4_Timer_Module__startupDone__F
00005abd   ti_sysbios_family_arm_lm4_Timer_Module__startupDone__S
200022f8   ti_sysbios_family_arm_lm4_Timer_Module__state__V
00004931   ti_sysbios_family_arm_lm4_Timer_Module_startup__E
00004931   ti_sysbios_family_arm_lm4_Timer_Module_startup__F
200025a0   ti_sysbios_family_arm_lm4_Timer_Object__table__V
00005431   ti_sysbios_family_arm_lm4_Timer_enableTimers__I
00005f7b   ti_sysbios_family_arm_lm4_Timer_getPeriod__E
00002f25   ti_sysbios_family_arm_lm4_Timer_initDevice__I
00004e21   ti_sysbios_family_arm_lm4_Timer_isrStub__E
00005e3d   ti_sysbios_family_arm_lm4_Timer_masterDisable__I
00005f7f   ti_sysbios_family_arm_lm4_Timer_masterEnable__I
000067c4   ti_sysbios_family_arm_lm4_Timer_numTimerDevices__C
0000313d   ti_sysbios_family_arm_lm4_Timer_start__E
000067c8   ti_sysbios_family_arm_lm4_Timer_startupNeeded__C
00004ff9   ti_sysbios_family_arm_lm4_Timer_startup__E
00005461   ti_sysbios_family_arm_lm4_Timer_stop__E
000059b1   ti_sysbios_family_arm_lm4_Timer_write__I
20002304   ti_sysbios_family_arm_lm4_TimestampProvider_Module__state__V
00005f59   ti_sysbios_family_arm_lm4_TimestampProvider_Module_startup__E
00005f59   ti_sysbios_family_arm_lm4_TimestampProvider_Module_startup__F
00002dfd   ti_sysbios_family_arm_lm4_TimestampProvider_get64__E
00005d41   ti_sysbios_family_arm_lm4_TimestampProvider_rolloverFunc__E
00005e49   ti_sysbios_family_arm_lm4_TimestampProvider_startTimer__E
00006914   ti_sysbios_family_arm_lm4_TimestampProvider_useClockTimer__C
000067cc   ti_sysbios_family_arm_m3_Hwi_E_NMI__C
000067d0   ti_sysbios_family_arm_m3_Hwi_E_busFault__C
000067d4   ti_sysbios_family_arm_m3_Hwi_E_debugMon__C
000067d8   ti_sysbios_family_arm_m3_Hwi_E_hardFault__C
000067dc   ti_sysbios_family_arm_m3_Hwi_E_memFault__C
000067e0   ti_sysbios_family_arm_m3_Hwi_E_noIsr__C
000067e4   ti_sysbios_family_arm_m3_Hwi_E_reserved__C
000067e8   ti_sysbios_family_arm_m3_Hwi_E_svCall__C
000067ec   ti_sysbios_family_arm_m3_Hwi_E_usageFault__C
00005ad5   ti_sysbios_family_arm_m3_Hwi_Handle__label__S
20001ddc   ti_sysbios_family_arm_m3_Hwi_Module_State_0_dispatchTable__A
20002314   ti_sysbios_family_arm_m3_Hwi_Module_State_0_excActive__A
20002318   ti_sysbios_family_arm_m3_Hwi_Module_State_0_excContext__A
2000231c   ti_sysbios_family_arm_m3_Hwi_Module_State_0_excStack__A
00006918   ti_sysbios_family_arm_m3_Hwi_Module__id__C
2000230c   ti_sysbios_family_arm_m3_Hwi_Module__root__V
00005aed   ti_sysbios_family_arm_m3_Hwi_Module__startupDone__F
00005aed   ti_sysbios_family_arm_m3_Hwi_Module__startupDone__S
20002610   ti_sysbios_family_arm_m3_Hwi_Module__state__V
00003cf1   ti_sysbios_family_arm_m3_Hwi_Module_startup__E
00003cf1   ti_sysbios_family_arm_m3_Hwi_Module_startup__F
000067f0   ti_sysbios_family_arm_m3_Hwi_NUM_INTERRUPTS__C
20002528   ti_sysbios_family_arm_m3_Hwi_Object__table__V
000067f4   ti_sysbios_family_arm_m3_Hwi_ccr__C
00004e65   ti_sysbios_family_arm_m3_Hwi_disableInterrupt__E
000047b1   ti_sysbios_family_arm_m3_Hwi_dispatchC__I
000067f8   ti_sysbios_family_arm_m3_Hwi_dispatchTable__C
00002b9d   ti_sysbios_family_arm_m3_Hwi_dispatch__I
00005f21   ti_sysbios_family_arm_m3_Hwi_doSwiRestore__I
00005f5f   ti_sysbios_family_arm_m3_Hwi_doTaskRestore__I
00004ea9   ti_sysbios_family_arm_m3_Hwi_enableInterrupt__E
0000252d   ti_sysbios_family_arm_m3_Hwi_excBusFault__I
00003b95   ti_sysbios_family_arm_m3_Hwi_excDebugMon__I
00000881   ti_sysbios_family_arm_m3_Hwi_excDumpRegs__I
00002cb1   ti_sysbios_family_arm_m3_Hwi_excHandlerAsm__I
000067fc   ti_sysbios_family_arm_m3_Hwi_excHandlerFunc__C
00001e49   ti_sysbios_family_arm_m3_Hwi_excHandlerMax__I
00005d51   ti_sysbios_family_arm_m3_Hwi_excHandler__I
00003a2d   ti_sysbios_family_arm_m3_Hwi_excHardFault__I
00006778   ti_sysbios_family_arm_m3_Hwi_excHookFuncs__A
00006800   ti_sysbios_family_arm_m3_Hwi_excHookFuncs__C
000027e9   ti_sysbios_family_arm_m3_Hwi_excMemFault__I
00005301   ti_sysbios_family_arm_m3_Hwi_excNmi__I
000051e9   ti_sysbios_family_arm_m3_Hwi_excNoIsr__I
00004c35   ti_sysbios_family_arm_m3_Hwi_excReserved__I
000050f9   ti_sysbios_family_arm_m3_Hwi_excSvCall__I
00002695   ti_sysbios_family_arm_m3_Hwi_excUsageFault__I
00005221   ti_sysbios_family_arm_m3_Hwi_getStackInfo__E
00003601   ti_sysbios_family_arm_m3_Hwi_initNVIC__E
0000573d   ti_sysbios_family_arm_m3_Hwi_initStacks__E
e000e000   ti_sysbios_family_arm_m3_Hwi_nvic
00002c73   ti_sysbios_family_arm_m3_Hwi_pendSV__I
00006804   ti_sysbios_family_arm_m3_Hwi_priGroup__C
00006184   ti_sysbios_family_arm_m3_Hwi_priorities__A
00006808   ti_sysbios_family_arm_m3_Hwi_priorities__C
20000000   ti_sysbios_family_arm_m3_Hwi_ramVectors
00000000   ti_sysbios_family_arm_m3_Hwi_resetVectors
00002c97   ti_sysbios_family_arm_m3_Hwi_return
00005f29   ti_sysbios_family_arm_m3_Hwi_startup__E
00005bd5   ti_sysbios_family_arm_m3_Hwi_switchFromBootStack__E
00005f83   ti_sysbios_family_arm_m3_TaskSupport_Module__startupDone__S
000041b5   ti_sysbios_family_arm_m3_TaskSupport_buildTaskStack
00005dfd   ti_sysbios_family_arm_m3_TaskSupport_checkStack__E
00005cef   ti_sysbios_family_arm_m3_TaskSupport_glue
00005259   ti_sysbios_family_arm_m3_TaskSupport_start__E
00005a75   ti_sysbios_family_arm_m3_TaskSupport_swap__E
00005cff   ti_sysbios_family_xxx_Hwi_switchToIsrStack
00005e31   ti_sysbios_family_xxx_Hwi_switchToTaskStack
00005b05   ti_sysbios_gates_GateHwi_Handle__label__S
000046eb   ti_sysbios_gates_GateHwi_Instance_init__F
00006644   ti_sysbios_gates_GateHwi_Module__FXNS__C
20002320   ti_sysbios_gates_GateHwi_Module__root__V
0000668c   ti_sysbios_gates_GateHwi_Object__DESC__C
0000670c   ti_sysbios_gates_GateHwi_Object__PARAMS__C
00005335   ti_sysbios_gates_GateHwi_Object__create__S
000058d1   ti_sysbios_gates_GateHwi_Object__delete__S
20002328   ti_sysbios_gates_GateHwi_Object__table__V
00005e55   ti_sysbios_gates_GateHwi_enter__E
00005f65   ti_sysbios_gates_GateHwi_leave__E
00005f87   ti_sysbios_gates_GateHwi_query__E
00005f87   ti_sysbios_gates_GateHwi_query__F
2000232c   ti_sysbios_gates_GateMutexPri_Module__root__V
0000680c   ti_sysbios_hal_Hwi_E_stackOverflow__C
00005f8b   ti_sysbios_hal_Hwi_HwiProxy_Module__startupDone__S
00004e65   ti_sysbios_hal_Hwi_HwiProxy_disableInterrupt__E
00004ea9   ti_sysbios_hal_Hwi_HwiProxy_enableInterrupt__E
00005221   ti_sysbios_hal_Hwi_HwiProxy_getStackInfo__E
00005f29   ti_sysbios_hal_Hwi_HwiProxy_startup__E
00005bd5   ti_sysbios_hal_Hwi_HwiProxy_switchFromBootStack__E
0000691c   ti_sysbios_hal_Hwi_Module__id__C
20002334   ti_sysbios_hal_Hwi_Module__root__V
00005ca7   ti_sysbios_hal_Hwi_Module_startup__E
00005ca7   ti_sysbios_hal_Hwi_Module_startup__F
2000233c   ti_sysbios_hal_Hwi_Object__table__V
00005369   ti_sysbios_hal_Hwi_checkStack
00004e65   ti_sysbios_hal_Hwi_disableInterrupt__E
00004ea9   ti_sysbios_hal_Hwi_enableInterrupt__E
00005221   ti_sysbios_hal_Hwi_getStackInfo__E
0000560b   ti_sysbios_hal_Hwi_initStack
00005f29   ti_sysbios_hal_Hwi_startup__E
00005bd5   ti_sysbios_hal_Hwi_switchFromBootStack__E
20002354   ti_sysbios_hal_Timer_Module__root__V
00005b1d   ti_sysbios_hal_Timer_Module__startupDone__F
00005b1d   ti_sysbios_hal_Timer_Module__startupDone__S
00005cb9   ti_sysbios_hal_Timer_Module_startup__E
00005cb9   ti_sysbios_hal_Timer_Module_startup__F
2000235c   ti_sysbios_hal_Timer_Object__table__V
00005f8f   ti_sysbios_hal_Timer_TimerProxy_Module__startupDone__S
00005f93   ti_sysbios_hal_Timer_TimerProxy_getPeriod__E
00004ff9   ti_sysbios_hal_Timer_TimerProxy_startup__E
00004ff9   ti_sysbios_hal_Timer_startup__E
00006810   ti_sysbios_knl_Clock_Module_State_clockQ__O
20002364   ti_sysbios_knl_Clock_Module__root__V
20002708   ti_sysbios_knl_Clock_Module__state__V
000057dd   ti_sysbios_knl_Clock_Module_startup__E
000057dd   ti_sysbios_knl_Clock_Module_startup__F
00005765   ti_sysbios_knl_Clock_addI__E
00005639   ti_sysbios_knl_Clock_doTick__I
0000492f   ti_sysbios_knl_Clock_logTick__E
00004541   ti_sysbios_knl_Clock_workFunc__E
00006814   ti_sysbios_knl_Idle_coreList__A
00006780   ti_sysbios_knl_Idle_coreList__C
00006818   ti_sysbios_knl_Idle_funcList__A
00006788   ti_sysbios_knl_Idle_funcList__C
00005f31   ti_sysbios_knl_Idle_loop__E
00005491   ti_sysbios_knl_Idle_run__E
2000236c   ti_sysbios_knl_Queue_Module__root__V
00005e61   ti_sysbios_knl_Queue_Object__get__S
00005e0b   ti_sysbios_knl_Queue_empty__E
000059cf   ti_sysbios_knl_Queue_put__E
0000681c   ti_sysbios_knl_Semaphore_A_badContext__C
00006820   ti_sysbios_knl_Semaphore_A_overflow__C
00006824   ti_sysbios_knl_Semaphore_A_pendTaskDisabled__C
00006828   ti_sysbios_knl_Semaphore_Instance_State_pendQ__O
0000682c   ti_sysbios_knl_Semaphore_Module__diagsEnabled__C
00006830   ti_sysbios_knl_Semaphore_Module__diagsIncluded__C
00006834   ti_sysbios_knl_Semaphore_Module__diagsMask__C
00006920   ti_sysbios_knl_Semaphore_Module__id__C
20002374   ti_sysbios_knl_Semaphore_Module__root__V
20002730   ti_sysbios_knl_Semaphore_Object__table__V
00005039   ti_sysbios_knl_Semaphore_pendTimeout__I
000019fd   ti_sysbios_knl_Semaphore_pend__E
00003515   ti_sysbios_knl_Semaphore_post__E
00005b35   ti_sysbios_knl_Swi_Handle__label__S
20002428   ti_sysbios_knl_Swi_Module_State_0_readyQ__A
2000237c   ti_sysbios_knl_Swi_Module__root__V
20002384   ti_sysbios_knl_Swi_Module__state__V
00005801   ti_sysbios_knl_Swi_Module_startup__E
00005801   ti_sysbios_knl_Swi_Module_startup__F
00006838   ti_sysbios_knl_Swi_Object__count__C
00005be9   ti_sysbios_knl_Swi_Object__get__S
200026d8   ti_sysbios_knl_Swi_Object__table__V
00005d61   ti_sysbios_knl_Swi_disable__E
00004eed   ti_sysbios_knl_Swi_post__E
0000498d   ti_sysbios_knl_Swi_restoreHwi__E
00005135   ti_sysbios_knl_Swi_restore__E
00004811   ti_sysbios_knl_Swi_run__I
00003c45   ti_sysbios_knl_Swi_schedule__I
00005f6b   ti_sysbios_knl_Swi_startup__E
0000683c   ti_sysbios_knl_Task_A_badTimeout__C
00006840   ti_sysbios_knl_Task_A_sleepTaskDisabled__C
00006844   ti_sysbios_knl_Task_E_spOutOfBounds__C
00006848   ti_sysbios_knl_Task_E_stackOverflow__C
00005b4d   ti_sysbios_knl_Task_Handle__label__S
20001d80   ti_sysbios_knl_Task_Instance_State_0_hookEnv__A
20000360   ti_sysbios_knl_Task_Instance_State_0_stack__A
20001d84   ti_sysbios_knl_Task_Instance_State_1_hookEnv__A
20000760   ti_sysbios_knl_Task_Instance_State_1_stack__A
20001d88   ti_sysbios_knl_Task_Instance_State_2_hookEnv__A
20000b60   ti_sysbios_knl_Task_Instance_State_2_stack__A
20001d8c   ti_sysbios_knl_Task_Instance_State_3_hookEnv__A
20000f60   ti_sysbios_knl_Task_Instance_State_3_stack__A
20001d90   ti_sysbios_knl_Task_Instance_State_4_hookEnv__A
20001360   ti_sysbios_knl_Task_Instance_State_4_stack__A
200023a8   ti_sysbios_knl_Task_Module_State_0_idleTask__A
200024a8   ti_sysbios_knl_Task_Module_State_0_readyQ__A
0000684c   ti_sysbios_knl_Task_Module_State_inactiveQ__O
00006850   ti_sysbios_knl_Task_Module__diagsEnabled__C
00006854   ti_sysbios_knl_Task_Module__diagsIncluded__C
00006858   ti_sysbios_knl_Task_Module__diagsMask__C
00006924   ti_sysbios_knl_Task_Module__id__C
200023a0   ti_sysbios_knl_Task_Module__root__V
20002664   ti_sysbios_knl_Task_Module__state__V
00004355   ti_sysbios_knl_Task_Module_startup__E
00004355   ti_sysbios_knl_Task_Module_startup__F
0000685c   ti_sysbios_knl_Task_Object__count__C
00005d71   ti_sysbios_knl_Task_Object__get__S
2000213c   ti_sysbios_knl_Task_Object__table__V
00005f97   ti_sysbios_knl_Task_SupportProxy_Module__startupDone__S
00005dfd   ti_sysbios_knl_Task_SupportProxy_checkStack__E
00005259   ti_sysbios_knl_Task_SupportProxy_start__E
00005a75   ti_sysbios_knl_Task_SupportProxy_swap__E
00006860   ti_sysbios_knl_Task_allBlockedFunc__C
00004c7d   ti_sysbios_knl_Task_allBlockedFunction__I
00003ae1   ti_sysbios_knl_Task_checkStacks__E
00005d81   ti_sysbios_knl_Task_disable__E
000058f1   ti_sysbios_knl_Task_enter__I
00004095   ti_sysbios_knl_Task_exit__E
00006724   ti_sysbios_knl_Task_hooks__A
00006790   ti_sysbios_knl_Task_hooks__C
00006928   ti_sysbios_knl_Task_initStackFlag__C
00006864   ti_sysbios_knl_Task_numConstructedTasks__C
000036dd   ti_sysbios_knl_Task_postInit__I
00005079   ti_sysbios_knl_Task_processVitalTaskFlag__I
00005825   ti_sysbios_knl_Task_restoreHwi__E
00005665   ti_sysbios_knl_Task_restore__E
000042cd   ti_sysbios_knl_Task_schedule__I
000055dd   ti_sysbios_knl_Task_sleepTimeout__I
000023a1   ti_sysbios_knl_Task_sleep__E
00004125   ti_sysbios_knl_Task_startCore__E
00005f9b   ti_sysbios_knl_Task_startup__E
00005a81   ti_sysbios_knl_Task_swapReturn
00004af5   ti_sysbios_knl_Task_unblockI__E
20001dc7   time_string
00006308   unshifted
00004751   writemsg
00006868   xdc_runtime_Assert_E_assertFailed__C
00004cc5   xdc_runtime_Assert_raise__I
0000686c   xdc_runtime_Core_A_initializedParams__C
00006870   xdc_runtime_Core_Module__diagsEnabled__C
00006874   xdc_runtime_Core_Module__diagsIncluded__C
00006878   xdc_runtime_Core_Module__diagsMask__C
0000692c   xdc_runtime_Core_Module__id__C
000054c1   xdc_runtime_Core_assignLabel__I
00004d0d   xdc_runtime_Core_assignParams__I
00003039   xdc_runtime_Core_createObject__I
00004685   xdc_runtime_Core_deleteObject__I
0000687c   xdc_runtime_Error_E_memory__C
00006880   xdc_runtime_Error_Module__diagsEnabled__C
00006884   xdc_runtime_Error_Module__diagsIncluded__C
00006888   xdc_runtime_Error_Module__diagsMask__C
00006930   xdc_runtime_Error_Module__loggerDefined__C
0000688c   xdc_runtime_Error_Module__loggerFxn8__C
00006890   xdc_runtime_Error_Module__loggerObj__C
200023ac   xdc_runtime_Error_Module__state__V
000059ed   xdc_runtime_Error_check__E
000059ed   xdc_runtime_Error_check__F
00005f9f   xdc_runtime_Error_getSite__E
00005f9f   xdc_runtime_Error_getSite__F
00005e6d   xdc_runtime_Error_init__E
00005e6d   xdc_runtime_Error_init__F
00006934   xdc_runtime_Error_maxDepth__C
00006960   xdc_runtime_Error_policy__C
000045ad   xdc_runtime_Error_print__E
000045ad   xdc_runtime_Error_print__F
00006894   xdc_runtime_Error_raiseHook__C
00002929   xdc_runtime_Error_raiseX__E
00002929   xdc_runtime_Error_raiseX__F
200023b0   xdc_runtime_GateNull_Module__root__V
00005e79   xdc_runtime_Gate_enterSystem__E
00005e79   xdc_runtime_Gate_enterSystem__F
00005d91   xdc_runtime_Gate_leaveSystem__E
00005d91   xdc_runtime_Gate_leaveSystem__F
00006898   xdc_runtime_HeapMin_A_zeroSize__C
0000689c   xdc_runtime_HeapMin_E_freeError__C
00005b65   xdc_runtime_HeapMin_Handle__label__S
20001d98   xdc_runtime_HeapMin_Instance_State_0_buf__A
00004241   xdc_runtime_HeapMin_Instance_init__F
000065f8   xdc_runtime_HeapMin_Module__FXNS__C
000068a0   xdc_runtime_HeapMin_Module__diagsEnabled__C
000068a4   xdc_runtime_HeapMin_Module__diagsIncluded__C
000068a8   xdc_runtime_HeapMin_Module__diagsMask__C
00006938   xdc_runtime_HeapMin_Module__id__C
200023b8   xdc_runtime_HeapMin_Module__root__V
000066ac   xdc_runtime_HeapMin_Object__DESC__C
000066cc   xdc_runtime_HeapMin_Object__PARAMS__C
0000539d   xdc_runtime_HeapMin_Object__create__S
00005911   xdc_runtime_HeapMin_Object__delete__S
200023c0   xdc_runtime_HeapMin_Object__table__V
00005171   xdc_runtime_HeapMin_alloc__E
00005171   xdc_runtime_HeapMin_alloc__F
0000693c   xdc_runtime_HeapMin_freeError__C
000054f1   xdc_runtime_HeapMin_free__E
000054f1   xdc_runtime_HeapMin_free__F
00005e85   xdc_runtime_HeapMin_getStats__E
00005e85   xdc_runtime_HeapMin_getStats__F
00005fa3   xdc_runtime_HeapMin_isBlocking__E
00005fa3   xdc_runtime_HeapMin_isBlocking__F
000068ac   xdc_runtime_IFilterLogger_Interface__BASE__C
000068b0   xdc_runtime_IGateProvider_Interface__BASE__C
000068b4   xdc_runtime_IHeap_Interface__BASE__C
000068b8   xdc_runtime_ILogger_Interface__BASE__C
000068bc   xdc_runtime_IModule_Interface__BASE__C
000068c0   xdc_runtime_Log_L_error__C
000068c4   xdc_runtime_LoggerBuf_E_badLevel__C
00005b7d   xdc_runtime_LoggerBuf_Handle__label__S
20001c80   xdc_runtime_LoggerBuf_Instance_State_0_entryArr__A
00005bfd   xdc_runtime_LoggerBuf_Instance_finalize__F
00005291   xdc_runtime_LoggerBuf_Instance_init__F
00005fa7   xdc_runtime_LoggerBuf_Module_GateProxy_enter__E
00005fab   xdc_runtime_LoggerBuf_Module_GateProxy_leave__E
00005f87   xdc_runtime_LoggerBuf_Module_GateProxy_query__E
00006590   xdc_runtime_LoggerBuf_Module__FXNS__C
000068c8   xdc_runtime_LoggerBuf_Module__gateObj__C
00006940   xdc_runtime_LoggerBuf_Module__id__C
200023d0   xdc_runtime_LoggerBuf_Module__root__V
200023d8   xdc_runtime_LoggerBuf_Module__state__V
0000578d   xdc_runtime_LoggerBuf_Module_startup__E
0000578d   xdc_runtime_LoggerBuf_Module_startup__F
000066ec   xdc_runtime_LoggerBuf_Object__DESC__C
00006668   xdc_runtime_LoggerBuf_Object__PARAMS__C
000068cc   xdc_runtime_LoggerBuf_Object__count__C
00004871   xdc_runtime_LoggerBuf_Object__create__S
00005931   xdc_runtime_LoggerBuf_Object__delete__S
00005c11   xdc_runtime_LoggerBuf_Object__get__S
2000277c   xdc_runtime_LoggerBuf_Object__table__V
00002dfd   xdc_runtime_LoggerBuf_TimestampProxy_get64__E
00005efd   xdc_runtime_LoggerBuf_disable__E
00005efd   xdc_runtime_LoggerBuf_disable__F
00005f07   xdc_runtime_LoggerBuf_enable__E
00005f07   xdc_runtime_LoggerBuf_enable__F
00006944   xdc_runtime_LoggerBuf_filterByLevel__C
00004f31   xdc_runtime_LoggerBuf_filterOutEvent__I
00004619   xdc_runtime_LoggerBuf_getFilterLevel__E
00004619   xdc_runtime_LoggerBuf_getFilterLevel__F
00005951   xdc_runtime_LoggerBuf_reset__E
00005951   xdc_runtime_LoggerBuf_reset__F
000043d9   xdc_runtime_LoggerBuf_setFilterLevel__E
000043d9   xdc_runtime_LoggerBuf_setFilterLevel__F
000068d0   xdc_runtime_LoggerBuf_statusLogger__C
00005da1   xdc_runtime_LoggerBuf_write0__E
00005da1   xdc_runtime_LoggerBuf_write0__F
00005ccb   xdc_runtime_LoggerBuf_write1__E
00005ccb   xdc_runtime_LoggerBuf_write1__F
00005c25   xdc_runtime_LoggerBuf_write2__E
00005c25   xdc_runtime_LoggerBuf_write2__F
00003891   xdc_runtime_LoggerBuf_write4__E
00003891   xdc_runtime_LoggerBuf_write4__F
00002cd1   xdc_runtime_LoggerBuf_write8__E
00002cd1   xdc_runtime_LoggerBuf_write8__F
00005f87   xdc_runtime_Main_Module_GateProxy_query__E
00005faf   xdc_runtime_Memory_HeapProxy_alloc__E
00005fb3   xdc_runtime_Memory_HeapProxy_free__E
00006948   xdc_runtime_Memory_Module__id__C
200023e0   xdc_runtime_Memory_Module__state__V
000044d1   xdc_runtime_Memory_alloc__E
000044d1   xdc_runtime_Memory_alloc__F
00005e91   xdc_runtime_Memory_calloc__E
00005e91   xdc_runtime_Memory_calloc__F
000068d4   xdc_runtime_Memory_defaultHeapInstance__C
00005db1   xdc_runtime_Memory_free__E
00005db1   xdc_runtime_Memory_free__F
00005e9d   xdc_runtime_Memory_getMaxDefaultTypeAlign__E
00005e9d   xdc_runtime_Memory_getMaxDefaultTypeAlign__F
00005a09   xdc_runtime_Memory_valloc__E
00005a09   xdc_runtime_Memory_valloc__F
200023e4   xdc_runtime_Registry_Module__state__V
00005971   xdc_runtime_Registry_findById__E
00005971   xdc_runtime_Registry_findById__F
200023ec   xdc_runtime_Startup_Module__state__V
00000001   xdc_runtime_Startup__EXECFXN__C
00000001   xdc_runtime_Startup__RESETFXN__C
000068d8   xdc_runtime_Startup_execImpl__C
00004b4d   xdc_runtime_Startup_exec__E
00004b4d   xdc_runtime_Startup_exec__F
00005cdd   xdc_runtime_Startup_exec__I
00006768   xdc_runtime_Startup_firstFxns__A
00006798   xdc_runtime_Startup_firstFxns__C
000067a0   xdc_runtime_Startup_lastFxns__A
000067a8   xdc_runtime_Startup_lastFxns__C
000068dc   xdc_runtime_Startup_maxPasses__C
00005637   xdc_runtime_Startup_reset__I
0000673c   xdc_runtime_Startup_sfxnRts__A
000068e0   xdc_runtime_Startup_sfxnRts__C
000065cc   xdc_runtime_Startup_sfxnTab__A
000068e4   xdc_runtime_Startup_sfxnTab__C
00003239   xdc_runtime_Startup_startMods__I
20001d00   xdc_runtime_SysMin_Module_State_0_outbuf__A
200023f4   xdc_runtime_SysMin_Module__state__V
00005991   xdc_runtime_SysMin_Module_startup__E
00005991   xdc_runtime_SysMin_Module_startup__F
00005521   xdc_runtime_SysMin_abort__E
00005521   xdc_runtime_SysMin_abort__F
000068e8   xdc_runtime_SysMin_bufSize__C
00005a25   xdc_runtime_SysMin_exit__E
00005a25   xdc_runtime_SysMin_exit__F
0000694c   xdc_runtime_SysMin_flushAtExit__C
00004f75   xdc_runtime_SysMin_flush__E
00004f75   xdc_runtime_SysMin_flush__F
000068ec   xdc_runtime_SysMin_outputFunc__C
0000586d   xdc_runtime_SysMin_output__I
000052c9   xdc_runtime_SysMin_putch__E
000052c9   xdc_runtime_SysMin_putch__F
00005dc1   xdc_runtime_SysMin_ready__E
00005dc1   xdc_runtime_SysMin_ready__F
00005fb7   xdc_runtime_System_Module_GateProxy_enter__E
00005fbb   xdc_runtime_System_Module_GateProxy_leave__E
00005f87   xdc_runtime_System_Module_GateProxy_query__E
20002400   xdc_runtime_System_Module_State_0_atexitHandlers__A
000068f0   xdc_runtime_System_Module__gateObj__C
20002410   xdc_runtime_System_Module__state__V
00005f71   xdc_runtime_System_Module_startup__E
00005f71   xdc_runtime_System_Module_startup__F
00005521   xdc_runtime_System_SupportProxy_abort__E
00005a25   xdc_runtime_System_SupportProxy_exit__E
00004f75   xdc_runtime_System_SupportProxy_flush__E
000052c9   xdc_runtime_System_SupportProxy_putch__E
00005dc1   xdc_runtime_System_SupportProxy_ready__E
00005c39   xdc_runtime_System_abort__E
00005c39   xdc_runtime_System_abort__F
00005a41   xdc_runtime_System_aprintf__E
00005fbf   xdc_runtime_System_aprintf_va__F
000050b9   xdc_runtime_System_atexit__E
[...]
00005637   xdc_runtime_Startup_reset__I
00005639   ti_sysbios_knl_Clock_doTick__I
00005665   ti_sysbios_knl_Task_restore__E
00005691   xdc_runtime_System_rtsExit__I
000056bd   xdc_runtime_Text_cordText__E
000056bd   xdc_runtime_Text_cordText__F
000056e9   xdc_runtime_System_putchar__I
00005715   TimerConfigure
0000573d   ti_sysbios_family_arm_m3_Hwi_initStacks__E
00005765   ti_sysbios_knl_Clock_addI__E
0000578d   xdc_runtime_LoggerBuf_Module_startup__E
0000578d   xdc_runtime_LoggerBuf_Module_startup__F
000057b5   xdc_runtime_System_avprintf__F
000057dd   ti_sysbios_knl_Clock_Module_startup__E
000057dd   ti_sysbios_knl_Clock_Module_startup__F
00005801   ti_sysbios_knl_Swi_Module_startup__E
00005801   ti_sysbios_knl_Swi_Module_startup__F
00005825   ti_sysbios_knl_Task_restoreHwi__E
00005849   xdc_runtime_System_vprintf__F
0000586d   xdc_runtime_SysMin_output__I
00005891   ti_sysbios_BIOS_removeRTSLock__I
000058b1   ti_sysbios_BIOS_startFunc__I
000058d1   ti_sysbios_gates_GateHwi_Object__delete__S
000058f1   ti_sysbios_knl_Task_enter__I
00005911   xdc_runtime_HeapMin_Object__delete__S
00005931   xdc_runtime_LoggerBuf_Object__delete__S
00005951   LoggerBuf_instanceStartup
00005951   xdc_runtime_LoggerBuf_reset__E
00005951   xdc_runtime_LoggerBuf_reset__F
00005971   xdc_runtime_Registry_findById__E
00005971   xdc_runtime_Registry_findById__F
00005991   xdc_runtime_SysMin_Module_startup__E
00005991   xdc_runtime_SysMin_Module_startup__F
000059b1   ti_sysbios_family_arm_lm4_Timer_write__I
000059cf   ti_sysbios_knl_Queue_put__E
000059ed   xdc_runtime_Error_check__E
000059ed   xdc_runtime_Error_check__F
00005a09   xdc_runtime_Memory_valloc__E
00005a09   xdc_runtime_Memory_valloc__F
00005a25   xdc_runtime_SysMin_exit__E
00005a25   xdc_runtime_SysMin_exit__F
00005a25   xdc_runtime_System_SupportProxy_exit__E
00005a41   xdc_runtime_System_aprintf__E
00005a5b   xdc_runtime_System_printf__E
00005a75   ti_sysbios_family_arm_m3_TaskSupport_swap__E
00005a75   ti_sysbios_knl_Task_SupportProxy_swap__E
00005a81   ti_sysbios_knl_Task_swapReturn
00005a8d   free
00005aa5   _args_main
00005abd   ti_sysbios_family_arm_lm4_Timer_Module__startupDone__F
00005abd   ti_sysbios_family_arm_lm4_Timer_Module__startupDone__S
00005ad5   ti_sysbios_family_arm_m3_Hwi_Handle__label__S
00005aed   ti_sysbios_family_arm_m3_Hwi_Module__startupDone__F
00005aed   ti_sysbios_family_arm_m3_Hwi_Module__startupDone__S
00005b05   ti_sysbios_gates_GateHwi_Handle__label__S
00005b1d   ti_sysbios_hal_Timer_Module__startupDone__F
00005b1d   ti_sysbios_hal_Timer_Module__startupDone__S
00005b35   ti_sysbios_knl_Swi_Handle__label__S
00005b4d   ti_sysbios_knl_Task_Handle__label__S
00005b65   xdc_runtime_HeapMin_Handle__label__S
00005b7d   xdc_runtime_LoggerBuf_Handle__label__S
00005b95   xdc_runtime_Text_ropeText__E
00005b95   xdc_runtime_Text_ropeText__F
00005bad   _register_unlock
00005bb3   _register_lock
00005bbb   _nop
00005bc1   strlen
00005bd5   ti_sysbios_family_arm_m3_Hwi_switchFromBootStack__E
00005bd5   ti_sysbios_hal_Hwi_HwiProxy_switchFromBootStack__E
00005bd5   ti_sysbios_hal_Hwi_switchFromBootStack__E
00005be9   ti_sysbios_knl_Swi_Object__get__S
00005bfd   xdc_runtime_LoggerBuf_Instance_finalize__F
00005c11   xdc_runtime_LoggerBuf_Object__get__S
00005c25   xdc_runtime_LoggerBuf_write2__E
00005c25   xdc_runtime_LoggerBuf_write2__F
00005c39   xdc_runtime_System_abort__E
00005c39   xdc_runtime_System_abort__F
00005c4d   GPIOPinTypeGPIOInput
00005c5f   GPIOPinTypeGPIOOutput
00005c71   GPIOPinTypeSSI
00005c83   TimerLoadSet
00005c95   __TI_zero_init
00005ca7   ti_sysbios_hal_Hwi_Module_startup__E
00005ca7   ti_sysbios_hal_Hwi_Module_startup__F
00005cb9   ti_sysbios_hal_Timer_Module_startup__E
00005cb9   ti_sysbios_hal_Timer_Module_startup__F
00005ccb   xdc_runtime_LoggerBuf_write1__E
00005ccb   xdc_runtime_LoggerBuf_write1__F
00005cdd   xdc_runtime_Startup_exec__I
00005cef   ti_sysbios_family_arm_m3_TaskSupport_glue
00005cff   ti_sysbios_family_xxx_Hwi_switchToIsrStack
00005d0f   strcpy
00005d21   ti_sysbios_BIOS_setThreadType__E
00005d31   ti_sysbios_BIOS_start__E
00005d41   ti_sysbios_family_arm_lm4_TimestampProvider_rolloverFunc__E
00005d51   ti_sysbios_family_arm_m3_Hwi_excHandler__I
00005d61   ti_sysbios_knl_Swi_disable__E
00005d71   ti_sysbios_knl_Task_Object__get__S
00005d81   ti_sysbios_knl_Task_disable__E
00005d91   xdc_runtime_Gate_leaveSystem__E
00005d91   xdc_runtime_Gate_leaveSystem__F
00005da1   xdc_runtime_LoggerBuf_write0__E
00005da1   xdc_runtime_LoggerBuf_write0__F
00005db1   xdc_runtime_Memory_free__E
00005db1   xdc_runtime_Memory_free__F
00005dc1   xdc_runtime_SysMin_ready__E
00005dc1   xdc_runtime_SysMin_ready__F
00005dc1   xdc_runtime_System_SupportProxy_ready__E
00005dd1   xdc_runtime_System_vsnprintf__F
00005de1   TimerEnable
00005def   __TI_decompress_none
00005dfd   ti_sysbios_family_arm_m3_TaskSupport_checkStack__E
00005dfd   ti_sysbios_knl_Task_SupportProxy_checkStack__E
00005e0b   ti_sysbios_knl_Queue_empty__E
00005e19   ti_catalog_arm_cortexm4_tiva_ce_Boot_init__I
00005e25   GPIOPinIntEnable
00005e31   ti_sysbios_family_xxx_Hwi_switchToTaskStack
00005e3d   ti_sysbios_family_arm_lm4_Timer_masterDisable__I
00005e49   ti_sysbios_family_arm_lm4_TimestampProvider_startTimer__E
00005e55   ti_sysbios_gates_GateHwi_enter__E
00005e61   ti_sysbios_knl_Queue_Object__get__S
00005e6d   xdc_runtime_Error_init__E
00005e6d   xdc_runtime_Error_init__F
00005e79   xdc_runtime_Gate_enterSystem__E
00005e79   xdc_runtime_Gate_enterSystem__F
00005e85   xdc_runtime_HeapMin_getStats__E
00005e85   xdc_runtime_HeapMin_getStats__F
00005e91   xdc_runtime_Memory_calloc__E
00005e91   xdc_runtime_Memory_calloc__F
00005e9d   xdc_runtime_Memory_getMaxDefaultTypeAlign__E
00005e9d   xdc_runtime_Memory_getMaxDefaultTypeAlign__F
00005ea9   xdc_runtime_System_exit__E
00005ea9   xdc_runtime_System_exit__F
00005eb5   xdc_runtime_System_lastFxn__I
00005ec1   GPIOPinRead
00005ecb   GPIOPinWrite
00005ed5   SSIDataPut
00005edf   SSIEnable
00005efd   xdc_runtime_LoggerBuf_disable__E
00005efd   xdc_runtime_LoggerBuf_disable__F
00005f07   xdc_runtime_LoggerBuf_enable__E
00005f07   xdc_runtime_LoggerBuf_enable__F
00005f11   SSIBusy
00005f19   TimerIntEnable
00005f21   ti_sysbios_family_arm_m3_Hwi_doSwiRestore__I
00005f29   ti_sysbios_family_arm_m3_Hwi_startup__E
00005f29   ti_sysbios_hal_Hwi_HwiProxy_startup__E
00005f29   ti_sysbios_hal_Hwi_startup__E
00005f31   ti_sysbios_knl_Idle_loop__E
00005f39   xdc_runtime_Text_visitRope__I
00005f41   GPIOPinIntClear
00005f47   __xdc__init
00005f4d   __TI_decompress_rle24
00005f53   ti_catalog_arm_cortexm4_tiva_ce_Boot_sysCtlDelayI__I
00005f59   ti_sysbios_family_arm_lm4_TimestampProvider_Module_startup__E
00005f59   ti_sysbios_family_arm_lm4_TimestampProvider_Module_startup__F
00005f5f   ti_sysbios_family_arm_m3_Hwi_doTaskRestore__I
00005f65   ti_sysbios_gates_GateHwi_leave__E
00005f6b   ti_sysbios_knl_Swi_startup__E
00005f71   xdc_runtime_System_Module_startup__E
00005f71   xdc_runtime_System_Module_startup__F
00005f77   TimerIntClear
00005f7b   ti_sysbios_family_arm_lm4_Timer_getPeriod__E
00005f7f   ti_sysbios_family_arm_lm4_Timer_masterEnable__I
00005f83   ti_sysbios_family_arm_m3_TaskSupport_Module__startupDone__S
00005f87   ti_sysbios_gates_GateHwi_query__E
00005f87   ti_sysbios_gates_GateHwi_query__F
00005f87   xdc_runtime_LoggerBuf_Module_GateProxy_query__E
00005f87   xdc_runtime_Main_Module_GateProxy_query__E
00005f87   xdc_runtime_System_Module_GateProxy_query__E
00005f8b   ti_sysbios_hal_Hwi_HwiProxy_Module__startupDone__S
00005f8f   ti_sysbios_hal_Timer_TimerProxy_Module__startupDone__S
00005f93   ti_sysbios_hal_Timer_TimerProxy_getPeriod__E
00005f97   ti_sysbios_knl_Task_SupportProxy_Module__startupDone__S
00005f9b   ti_sysbios_knl_Task_startup__E
00005f9f   xdc_runtime_Error_getSite__E
00005f9f   xdc_runtime_Error_getSite__F
00005fa3   xdc_runtime_HeapMin_isBlocking__E
00005fa3   xdc_runtime_HeapMin_isBlocking__F
00005fa7   xdc_runtime_LoggerBuf_Module_GateProxy_enter__E
00005fab   xdc_runtime_LoggerBuf_Module_GateProxy_leave__E
00005faf   xdc_runtime_Memory_HeapProxy_alloc__E
00005fb3   xdc_runtime_Memory_HeapProxy_free__E
00005fb7   xdc_runtime_System_Module_GateProxy_enter__E
00005fbb   xdc_runtime_System_Module_GateProxy_leave__E
00005fbf   xdc_runtime_System_aprintf_va__F
00005fc3   xdc_runtime_System_printf_va__F
00005fc7   xdc_runtime_System_vsnprintf__E
00005fcc   MyFont
00006184   ti_sysbios_family_arm_m3_Hwi_priorities__A
0000625c   shifted
00006308   unshifted
00006590   xdc_runtime_LoggerBuf_Module__FXNS__C
000065cc   xdc_runtime_Startup_sfxnTab__A
000065f8   xdc_runtime_HeapMin_Module__FXNS__C
00006620   testTask
00006624   hwi0
00006628   UI
0000662c   ButTask
00006630   Clock
00006634   KeySem
00006638   hwi2
0000663c   KeyboardTask
00006640   DataSem
00006644   ti_sysbios_gates_GateHwi_Module__FXNS__C
00006668   xdc_runtime_LoggerBuf_Object__PARAMS__C
0000668c   ti_sysbios_gates_GateHwi_Object__DESC__C
000066ac   xdc_runtime_HeapMin_Object__DESC__C
000066cc   xdc_runtime_HeapMin_Object__PARAMS__C
000066ec   xdc_runtime_LoggerBuf_Object__DESC__C
0000670c   ti_sysbios_gates_GateHwi_Object__PARAMS__C
00006724   ti_sysbios_knl_Task_hooks__A
0000673c   xdc_runtime_Startup_sfxnRts__A
00006768   xdc_runtime_Startup_firstFxns__A
00006778   ti_sysbios_family_arm_m3_Hwi_excHookFuncs__A
00006780   ti_sysbios_knl_Idle_coreList__C
00006788   ti_sysbios_knl_Idle_funcList__C
00006790   ti_sysbios_knl_Task_hooks__C
00006798   xdc_runtime_Startup_firstFxns__C
000067a0   xdc_runtime_Startup_lastFxns__A
000067a8   xdc_runtime_Startup_lastFxns__C
000067b0   ti_catalog_arm_cortexm4_tiva_ce_Boot_A_mustUseEnhancedClockMode__C
000067b4   ti_catalog_arm_cortexm4_tiva_ce_Boot_Module__diagsEnabled__C
000067b8   ti_catalog_arm_cortexm4_tiva_ce_Boot_Module__diagsIncluded__C
000067bc   ti_catalog_arm_cortexm4_tiva_ce_Boot_Module__diagsMask__C
000067c0   ti_sysbios_BIOS_installedErrorHook__C
000067c4   ti_sysbios_family_arm_lm4_Timer_numTimerDevices__C
000067c8   ti_sysbios_family_arm_lm4_Timer_startupNeeded__C
000067cc   ti_sysbios_family_arm_m3_Hwi_E_NMI__C
000067d0   ti_sysbios_family_arm_m3_Hwi_E_busFault__C
000067d4   ti_sysbios_family_arm_m3_Hwi_E_debugMon__C
000067d8   ti_sysbios_family_arm_m3_Hwi_E_hardFault__C
000067dc   ti_sysbios_family_arm_m3_Hwi_E_memFault__C
000067e0   ti_sysbios_family_arm_m3_Hwi_E_noIsr__C
000067e4   ti_sysbios_family_arm_m3_Hwi_E_reserved__C
000067e8   ti_sysbios_family_arm_m3_Hwi_E_svCall__C
000067ec   ti_sysbios_family_arm_m3_Hwi_E_usageFault__C
000067f0   ti_sysbios_family_arm_m3_Hwi_NUM_INTERRUPTS__C
000067f4   ti_sysbios_family_arm_m3_Hwi_ccr__C
000067f8   ti_sysbios_family_arm_m3_Hwi_dispatchTable__C
000067fc   ti_sysbios_family_arm_m3_Hwi_excHandlerFunc__C
00006800   ti_sysbios_family_arm_m3_Hwi_excHookFuncs__C
00006804   ti_sysbios_family_arm_m3_Hwi_priGroup__C
00006808   ti_sysbios_family_arm_m3_Hwi_priorities__C
0000680c   ti_sysbios_hal_Hwi_E_stackOverflow__C
00006810   ti_sysbios_knl_Clock_Module_State_clockQ__O
00006814   ti_sysbios_knl_Idle_coreList__A
00006818   ti_sysbios_knl_Idle_funcList__A
0000681c   ti_sysbios_knl_Semaphore_A_badContext__C
00006820   ti_sysbios_knl_Semaphore_A_overflow__C
00006824   ti_sysbios_knl_Semaphore_A_pendTaskDisabled__C
00006828   ti_sysbios_knl_Semaphore_Instance_State_pendQ__O
0000682c   ti_sysbios_knl_Semaphore_Module__diagsEnabled__C
00006830   ti_sysbios_knl_Semaphore_Module__diagsIncluded__C
00006834   ti_sysbios_knl_Semaphore_Module__diagsMask__C
00006838   ti_sysbios_knl_Swi_Object__count__C
0000683c   ti_sysbios_knl_Task_A_badTimeout__C
00006840   ti_sysbios_knl_Task_A_sleepTaskDisabled__C
00006844   ti_sysbios_knl_Task_E_spOutOfBounds__C
00006848   ti_sysbios_knl_Task_E_stackOverflow__C
0000684c   ti_sysbios_knl_Task_Module_State_inactiveQ__O
00006850   ti_sysbios_knl_Task_Module__diagsEnabled__C
00006854   ti_sysbios_knl_Task_Module__diagsIncluded__C
00006858   ti_sysbios_knl_Task_Module__diagsMask__C
0000685c   ti_sysbios_knl_Task_Object__count__C
00006860   ti_sysbios_knl_Task_allBlockedFunc__C
00006864   ti_sysbios_knl_Task_numConstructedTasks__C
00006868   xdc_runtime_Assert_E_assertFailed__C
0000686c   xdc_runtime_Core_A_initializedParams__C
00006870   xdc_runtime_Core_Module__diagsEnabled__C
00006874   xdc_runtime_Core_Module__diagsIncluded__C
00006878   xdc_runtime_Core_Module__diagsMask__C
0000687c   xdc_runtime_Error_E_memory__C
00006880   xdc_runtime_Error_Module__diagsEnabled__C
00006884   xdc_runtime_Error_Module__diagsIncluded__C
00006888   xdc_runtime_Error_Module__diagsMask__C
0000688c   xdc_runtime_Error_Module__loggerFxn8__C
00006890   xdc_runtime_Error_Module__loggerObj__C
00006894   xdc_runtime_Error_raiseHook__C
00006898   xdc_runtime_HeapMin_A_zeroSize__C
0000689c   xdc_runtime_HeapMin_E_freeError__C
000068a0   xdc_runtime_HeapMin_Module__diagsEnabled__C
000068a4   xdc_runtime_HeapMin_Module__diagsIncluded__C
000068a8   xdc_runtime_HeapMin_Module__diagsMask__C
000068ac   xdc_runtime_IFilterLogger_Interface__BASE__C
000068b0   xdc_runtime_IGateProvider_Interface__BASE__C
000068b4   xdc_runtime_IHeap_Interface__BASE__C
000068b8   xdc_runtime_ILogger_Interface__BASE__C
000068bc   xdc_runtime_IModule_Interface__BASE__C
000068c0   xdc_runtime_Log_L_error__C
000068c4   xdc_runtime_LoggerBuf_E_badLevel__C
000068c8   xdc_runtime_LoggerBuf_Module__gateObj__C
000068cc   xdc_runtime_LoggerBuf_Object__count__C
000068d0   xdc_runtime_LoggerBuf_statusLogger__C
000068d4   xdc_runtime_Memory_defaultHeapInstance__C
000068d8   xdc_runtime_Startup_execImpl__C
000068dc   xdc_runtime_Startup_maxPasses__C
000068e0   xdc_runtime_Startup_sfxnRts__C
000068e4   xdc_runtime_Startup_sfxnTab__C
000068e8   xdc_runtime_SysMin_bufSize__C
000068ec   xdc_runtime_SysMin_outputFunc__C
000068f0   xdc_runtime_System_Module__gateObj__C
000068f4   xdc_runtime_System_extendFxn__C
000068f8   xdc_runtime_System_maxAtexitHandlers__C
000068fc   xdc_runtime_Text_charTab__C
00006900   xdc_runtime_Text_nameEmpty__C
00006904   xdc_runtime_Text_nameStatic__C
00006908   xdc_runtime_Text_nameUnknown__C
0000690c   xdc_runtime_Text_visitRopeFxn__C
00006910   ti_catalog_arm_cortexm4_tiva_ce_Boot_Module__id__C
00006914   ti_sysbios_family_arm_lm4_TimestampProvider_useClockTimer__C
00006918   ti_sysbios_family_arm_m3_Hwi_Module__id__C
0000691c   ti_sysbios_hal_Hwi_Module__id__C
00006920   ti_sysbios_knl_Semaphore_Module__id__C
00006924   ti_sysbios_knl_Task_Module__id__C
00006928   ti_sysbios_knl_Task_initStackFlag__C
0000692c   xdc_runtime_Core_Module__id__C
00006930   xdc_runtime_Error_Module__loggerDefined__C
00006934   xdc_runtime_Error_maxDepth__C
00006938   xdc_runtime_HeapMin_Module__id__C
0000693c   xdc_runtime_HeapMin_freeError__C
00006940   xdc_runtime_LoggerBuf_Module__id__C
00006944   xdc_runtime_LoggerBuf_filterByLevel__C
00006948   xdc_runtime_Memory_Module__id__C
0000694c   xdc_runtime_SysMin_flushAtExit__C
00006950   xdc_runtime_Text_charCnt__C
00006954   xdc_runtime_Text_isLoaded__C
00006958   xdc_runtime_Text_registryModsLastId__C
0000695c   xdc_runtime_Text_unnamedModsLastId__C
00006960   xdc_runtime_Error_policy__C
00006e18   __TI_Handler_Table_Base
00006e24   __TI_Handler_Table_Limit
00006e38   __TI_CINIT_Base
00006e50   __TI_CINIT_Limit
20000000   ti_sysbios_family_arm_m3_Hwi_ramVectors
20000360   ti_sysbios_knl_Task_Instance_State_0_stack__A
20000760   ti_sysbios_knl_Task_Instance_State_1_stack__A
20000b60   ti_sysbios_knl_Task_Instance_State_2_stack__A
20000f60   ti_sysbios_knl_Task_Instance_State_3_stack__A
20001360   ti_sysbios_knl_Task_Instance_State_4_stack__A
20001760   glcd_buffer
20001b60   __CIOBUF_
20001c80   xdc_runtime_LoggerBuf_Instance_State_0_entryArr__A
20001d00   xdc_runtime_SysMin_Module_State_0_outbuf__A
20001d80   ti_sysbios_knl_Task_Instance_State_0_hookEnv__A
20001d84   ti_sysbios_knl_Task_Instance_State_1_hookEnv__A
20001d88   ti_sysbios_knl_Task_Instance_State_2_hookEnv__A
20001d8c   ti_sysbios_knl_Task_Instance_State_3_hookEnv__A
20001d90   ti_sysbios_knl_Task_Instance_State_4_hookEnv__A
20001d98   xdc_runtime_HeapMin_Instance_State_0_buf__A
20001db8   temp_count_string
20001dbc   KeyBuf
20001dc0   KeyIn
20001dc1   KeyOut
20001dc2   KeyRead
20001dc3   clkstat
20001dc4   datstat
20001dc5   paritystat
20001dc6   data
20001dc7   time_string
20001ddb   glcd_dirty_pages
20001ddc   ti_sysbios_family_arm_m3_Hwi_Module_State_0_dispatchTable__A
2000213c   ti_sysbios_knl_Task_Object__table__V
2000226c   TSK_idle
200022b8   ti_sysbios_BIOS_Module__state__V
200022d8   ti_sysbios_family_arm_lm4_Timer_Module__root__V
200022e0   ti_sysbios_family_arm_lm4_Timer_Module_State_0_handles__A
200022f8   ti_sysbios_family_arm_lm4_Timer_Module__state__V
20002304   ti_sysbios_family_arm_lm4_TimestampProvider_Module__state__V
2000230c   ti_sysbios_family_arm_m3_Hwi_Module__root__V
20002314   ti_sysbios_family_arm_m3_Hwi_Module_State_0_excActive__A
20002318   ti_sysbios_family_arm_m3_Hwi_Module_State_0_excContext__A
2000231c   ti_sysbios_family_arm_m3_Hwi_Module_State_0_excStack__A
20002320   ti_sysbios_gates_GateHwi_Module__root__V
20002328   ti_sysbios_gates_GateHwi_Object__table__V
2000232c   ti_sysbios_gates_GateMutexPri_Module__root__V
20002334   ti_sysbios_hal_Hwi_Module__root__V
2000233c   ti_sysbios_hal_Hwi_Object__table__V
20002354   ti_sysbios_hal_Timer_Module__root__V
2000235c   ti_sysbios_hal_Timer_Object__table__V
20002364   ti_sysbios_knl_Clock_Module__root__V
2000236c   ti_sysbios_knl_Queue_Module__root__V
20002374   ti_sysbios_knl_Semaphore_Module__root__V
2000237c   ti_sysbios_knl_Swi_Module__root__V
20002384   ti_sysbios_knl_Swi_Module__state__V
200023a0   ti_sysbios_knl_Task_Module__root__V
200023a8   ti_sysbios_knl_Task_Module_State_0_idleTask__A
200023ac   xdc_runtime_Error_Module__state__V
200023b0   xdc_runtime_GateNull_Module__root__V
200023b8   xdc_runtime_HeapMin_Module__root__V
200023c0   xdc_runtime_HeapMin_Object__table__V
200023d0   xdc_runtime_LoggerBuf_Module__root__V
200023d8   xdc_runtime_LoggerBuf_Module__state__V
200023e0   xdc_runtime_Memory_Module__state__V
200023e4   xdc_runtime_Registry_Module__state__V
200023ec   xdc_runtime_Startup_Module__state__V
200023f4   xdc_runtime_SysMin_Module__state__V
20002400   xdc_runtime_System_Module_State_0_atexitHandlers__A
20002410   xdc_runtime_System_Module__state__V
2000241c   xdc_runtime_Text_Module__state__V
20002424   __xdc__init__addr
20002428   ti_sysbios_knl_Swi_Module_State_0_readyQ__A
200024a8   ti_sysbios_knl_Task_Module_State_0_readyQ__A
20002528   ti_sysbios_family_arm_m3_Hwi_Object__table__V
200025a0   ti_sysbios_family_arm_lm4_Timer_Object__table__V
20002610   ti_sysbios_family_arm_m3_Hwi_Module__state__V
20002664   ti_sysbios_knl_Task_Module__state__V
200026a8   ti_sysbios_family_arm_lm4_Timer_Module_State_0_device__A
200026d8   ti_sysbios_knl_Swi_Object__table__V
20002708   ti_sysbios_knl_Clock_Module__state__V
20002730   ti_sysbios_knl_Semaphore_Object__table__V
20002758   glcd_flipped
2000275c   pagemap
2000277c   xdc_runtime_LoggerBuf_Object__table__V
200027a0   temp_count
200027a4   Data
200027a8   KeyBuffer
200027a9   bitcount
200027b0   _lock
200027b4   _unlock
200027b8   _cleanup_ptr
200027bc   _dtors_ptr
200027c0   TimeOfDay
200027cc   main_func_sp
200027d4   StateInfo
200027d6   LastState
200027d8   __stack
200029d8   __STACK_TOP
20002bd8   __STACK_END
e000e000   ti_sysbios_family_arm_m3_Hwi_nvic
ffffffff   __binit__
ffffffff   __c_args__
ffffffff   binit
UNDEFED    SHT$$INIT_ARRAY$$Base
UNDEFED    SHT$$INIT_ARRAY$$Limit

[655 symbols]
